2025-09-15 15:15:29,572 [INFO] Activator:176 - 


2025-09-15 15:15:29,583 [INFO] Activator:177 - !SESSION log4j initialized
2025-09-15 15:15:36,191 [INFO] LogOutputStream:77 - [STDOUT_REDIRECT] 
2025-09-15 15:15:37,350 [INFO] ApplicationProperties:184 - Using Application install path: C:\ST\STM32CubeIDE_1.17.0\STM32CubeIDE\plugins\com.st.stm32cube.common.mx_6.13.0.202411220809
2025-09-15 15:15:37,379 [INFO] DbMcusXml:78 - Set database path to: C:\ST\STM32CubeIDE_1.17.0\STM32CubeIDE\plugins\com.st.stm32cube.common.mx_6.13.0.202411220809\\db\/mcu/
2025-09-15 15:15:37,379 [INFO] ApiDb:274 - Set plugin database path to: C:\ST\STM32CubeIDE_1.17.0\STM32CubeIDE\plugins\com.st.stm32cube.common.mx_6.13.0.202411220809\\db\/plugins/boardmanager/
2025-09-15 15:15:37,381 [WARN] ApiDb:259 - Overriding images path with different value:  => C:\ST\STM32CubeIDE_1.17.0\STM32CubeIDE\plugins\com.st.stm32cube.common.mx_6.13.0.202411220809\\db\/plugins/mcufinder/images/
2025-09-15 15:15:37,400 [INFO] ApiDb:250 - Set database path to: C:\Users\thepd\.stmcufinder\plugins\mcufinder//mcu/
2025-09-15 15:15:37,402 [INFO] DbMcusAds:125 - Set database path to: C:\Users\thepd\.stmcufinder\plugins\mcufinder//mcu/
2025-09-15 15:15:37,405 [INFO] CrossReferenceDbSqlite:203 - Set database path to: C:\Users\thepd\.stmcufinder\plugins\mcufinder//mcu/cs/
2025-09-15 15:15:37,570 [INFO] RulesReader:64 - Compatibility file has been processed (297 Rules)
2025-09-15 15:15:37,693 [INFO] DbMcusXml:78 - Set database path to: C:\ST\STM32CubeIDE_1.17.0\STM32CubeIDE\plugins\com.st.stm32cube.common.mx_6.13.0.202411220809\\db\/mcu/
2025-09-15 15:15:37,693 [INFO] ApiDb:274 - Set plugin database path to: C:\ST\STM32CubeIDE_1.17.0\STM32CubeIDE\plugins\com.st.stm32cube.common.mx_6.13.0.202411220809\\db\/plugins/boardmanager/
2025-09-15 15:15:37,693 [INFO] ApiDb:261 - Set plugin images path to: C:\ST\STM32CubeIDE_1.17.0\STM32CubeIDE\plugins\com.st.stm32cube.common.mx_6.13.0.202411220809\\db\/plugins/mcufinder/images/
2025-09-15 15:15:37,694 [WARN] DbFile:41 - Overriding database path with different value: C:\Users\thepd\.stmcufinder\plugins\mcufinder/ => C:\Users\thepd\.stmcufinder\plugins\mcufinder
2025-09-15 15:15:37,694 [INFO] ApiDb:250 - Set database path to: C:\Users\thepd\.stmcufinder\plugins\mcufinder//mcu/
2025-09-15 15:15:37,694 [WARN] DbFile:41 - Overriding database path with different value: C:\Users\thepd\.stmcufinder\plugins\mcufinder/ => C:\Users\thepd\.stmcufinder\plugins\mcufinder
2025-09-15 15:15:37,694 [INFO] DbMcusAds:125 - Set database path to: C:\Users\thepd\.stmcufinder\plugins\mcufinder//mcu/
2025-09-15 15:15:37,694 [WARN] DbFile:41 - Overriding database path with different value: C:\Users\thepd\.stmcufinder\plugins\mcufinder/ => C:\Users\thepd\.stmcufinder\plugins\mcufinder
2025-09-15 15:15:37,694 [WARN] DbFile:41 - Overriding database path with different value: C:\Users\thepd\.stmcufinder\plugins\mcufinder/ => C:\Users\thepd\.stmcufinder\plugins\mcufinder
2025-09-15 15:15:37,695 [INFO] CrossReferenceDbSqlite:203 - Set database path to: C:\Users\thepd\.stmcufinder\plugins\mcufinder//mcu/cs/
2025-09-15 15:15:37,811 [INFO] MainPanel:272 - HeapMemory: 268435456
2025-09-15 15:15:37,968 [INFO] DbMcusXml:78 - Set database path to: C:\ST\STM32CubeIDE_1.17.0\STM32CubeIDE\plugins\com.st.stm32cube.common.mx_6.13.0.202411220809\\db\/mcu/
2025-09-15 15:15:37,968 [INFO] ApiDb:274 - Set plugin database path to: C:\ST\STM32CubeIDE_1.17.0\STM32CubeIDE\plugins\com.st.stm32cube.common.mx_6.13.0.202411220809\\db\/plugins/boardmanager/
2025-09-15 15:15:37,968 [INFO] ApiDb:261 - Set plugin images path to: C:\ST\STM32CubeIDE_1.17.0\STM32CubeIDE\plugins\com.st.stm32cube.common.mx_6.13.0.202411220809\\db\/plugins/mcufinder/images/
2025-09-15 15:15:37,968 [WARN] DbFile:41 - Overriding database path with different value: C:\Users\thepd\.stmcufinder\plugins\mcufinder/ => C:\Users\thepd\.stmcufinder\plugins\mcufinder
2025-09-15 15:15:37,968 [INFO] ApiDb:250 - Set database path to: C:\Users\thepd\.stmcufinder\plugins\mcufinder//mcu/
2025-09-15 15:15:37,968 [WARN] DbFile:41 - Overriding database path with different value: C:\Users\thepd\.stmcufinder\plugins\mcufinder/ => C:\Users\thepd\.stmcufinder\plugins\mcufinder
2025-09-15 15:15:37,969 [INFO] DbMcusAds:125 - Set database path to: C:\Users\thepd\.stmcufinder\plugins\mcufinder//mcu/
2025-09-15 15:15:37,969 [WARN] DbFile:41 - Overriding database path with different value: C:\Users\thepd\.stmcufinder\plugins\mcufinder/ => C:\Users\thepd\.stmcufinder\plugins\mcufinder
2025-09-15 15:15:37,969 [WARN] DbFile:41 - Overriding database path with different value: C:\Users\thepd\.stmcufinder\plugins\mcufinder/ => C:\Users\thepd\.stmcufinder\plugins\mcufinder
2025-09-15 15:15:37,969 [INFO] CrossReferenceDbSqlite:203 - Set database path to: C:\Users\thepd\.stmcufinder\plugins\mcufinder//mcu/cs/
2025-09-15 15:15:38,001 [INFO] ApplicationProperties:184 - Using Application install path: C:\ST\STM32CubeIDE_1.17.0\STM32CubeIDE\plugins\com.st.stm32cube.common.mx_6.13.0.202411220809
2025-09-15 15:15:38,002 [INFO] PluginManage:196 - Search for loadable plugins [exclusion list=, ]
2025-09-15 15:15:38,006 [INFO] PluginManage:310 - Check plugin analytics
2025-09-15 15:15:38,303 [INFO] AnalyticsPlugin:253 - Accepted Software Licenses: STM32CubeMX.6.4.0,STM32CubeMX.6.14.0
2025-09-15 15:15:38,304 [INFO] AnalyticsPlugin:255 - Accepted CMSIS Pack Licenses: 
2025-09-15 15:15:38,304 [INFO] AnalyticsPlugin:257 - Accepted Firmware Licenses: FW.G4.1.6.0,FW.G4.1.5.0,FW.F4.1.28.0
2025-09-15 15:15:38,308 [INFO] PluginManage:359 - Loaded plugin analytics (category:tool,tabindex:-1)
2025-09-15 15:15:38,308 [INFO] PluginManage:310 - Check plugin cadmodel
2025-09-15 15:15:38,316 [INFO] CADModel:105 - Init CAD model plugin
2025-09-15 15:15:38,317 [INFO] PluginManage:359 - Loaded plugin cadmodel (category:power,tabindex:5)
2025-09-15 15:15:38,317 [INFO] PluginManage:310 - Check plugin clock
2025-09-15 15:15:38,334 [INFO] PluginManage:359 - Loaded plugin clock (category:base,tabindex:2)
2025-09-15 15:15:38,334 [INFO] PluginManage:310 - Check plugin ddr
2025-09-15 15:15:38,338 [INFO] PluginManage:359 - Loaded plugin ddr (category:tool,tabindex:6)
2025-09-15 15:15:38,339 [INFO] PluginManage:310 - Check plugin filemanager
2025-09-15 15:15:38,546 [INFO] PluginManage:359 - Loaded plugin filemanager (category:base,tabindex:10)
2025-09-15 15:15:38,547 [INFO] PluginManage:310 - Check plugin ipmanager
2025-09-15 15:15:38,577 [INFO] PluginManage:359 - Loaded plugin ipmanager (category:base,tabindex:5)
2025-09-15 15:15:38,577 [INFO] PluginManage:310 - Check plugin lpbam
2025-09-15 15:15:38,589 [INFO] PluginManage:359 - Loaded plugin lpbam (category:base,tabindex:0)
2025-09-15 15:15:38,590 [INFO] PluginManage:310 - Check plugin memorymap
2025-09-15 15:15:38,620 [INFO] PluginManage:359 - Loaded plugin memorymap (category:base,tabindex:4)
2025-09-15 15:15:38,620 [INFO] PluginManage:310 - Check plugin pinoutandconfiguration
2025-09-15 15:15:38,636 [INFO] PluginManage:359 - Loaded plugin pinoutandconfiguration (category:base,tabindex:1)
2025-09-15 15:15:38,636 [INFO] PluginManage:310 - Check plugin pinoutconfig
2025-09-15 15:15:38,771 [WARN] SupportedApi:132 - Cannot load RTOS API schema: s4s-elt-must-match.1: The content of 'definitions' must match (annotation?, (simpleType | complexType)?, (unique | key | keyref)*)). A problem was found starting at: attribute.
2025-09-15 15:15:38,982 [INFO] PluginManage:359 - Loaded plugin pinoutconfig (category:base,tabindex:0)
2025-09-15 15:15:38,982 [INFO] PluginManage:310 - Check plugin power
2025-09-15 15:15:38,998 [INFO] PluginManage:359 - Loaded plugin power (category:power,tabindex:4)
2025-09-15 15:15:38,998 [INFO] PluginManage:310 - Check plugin projectmanager
2025-09-15 15:15:39,021 [INFO] PluginManage:359 - Loaded plugin projectmanager (category:projectmanager,tabindex:4)
2025-09-15 15:15:39,021 [INFO] PluginManage:310 - Check plugin rif
2025-09-15 15:15:39,034 [INFO] PluginManage:359 - Loaded plugin rif (category:base,tabindex:3)
2025-09-15 15:15:39,034 [INFO] PluginManage:310 - Check plugin thirdparty
2025-09-15 15:15:39,262 [WARN] IntegrityCheckThread:84 - waiting for thirdparty lock release [integrity check]
2025-09-15 15:15:39,263 [INFO] IntegrityCheckThread:86 - entering critical section [integrity check]
2025-09-15 15:15:39,263 [INFO] PluginManage:359 - Loaded plugin thirdparty (category:base,tabindex:-1)
2025-09-15 15:15:39,263 [INFO] PluginManage:310 - Check plugin tools
2025-09-15 15:15:39,263 [INFO] ThirdPartyUpdaterWithRetryManager:70 - Updater plugin not ready yet. [1/15]
2025-09-15 15:15:39,268 [INFO] PluginManage:359 - Loaded plugin tools (category:base,tabindex:7)
2025-09-15 15:15:39,269 [INFO] PluginManage:310 - Check plugin tutovideos
2025-09-15 15:15:39,554 [INFO] PluginManage:359 - Loaded plugin tutovideos (category:base,tabindex:-1)
2025-09-15 15:15:39,554 [INFO] PluginManage:310 - Check plugin updater
2025-09-15 15:15:39,584 [INFO] PluginManage:359 - Loaded plugin updater (category:base,tabindex:12)
2025-09-15 15:15:39,584 [INFO] PluginManage:310 - Check plugin userauth
2025-09-15 15:15:39,591 [INFO] UserAuth:118 - Init User Auth plugin
2025-09-15 15:15:39,592 [INFO] PluginManage:359 - Loaded plugin userauth (category:base,tabindex:14)
2025-09-15 15:15:39,593 [INFO] PluginManage:283 - PluginManage : Loaded plugins [18]
2025-09-15 15:15:39,889 [INFO] PinOutPanel:1589 - setPackage(No Configuration,No Configuration)
2025-09-15 15:15:40,016 [INFO] CADModel:165 - CPN selected for project level
2025-09-15 15:15:40,016 [INFO] CADModel:114 - Register for checkConnection events
2025-09-15 15:15:40,047 [INFO] IPUIPlugin:80 - create IPUIPlugin
2025-09-15 15:15:40,047 [INFO] PluginManager:220 - loadIPPluginJar : add adc
2025-09-15 15:15:40,054 [INFO] IPUIPlugin:80 - create IPUIPlugin
2025-09-15 15:15:40,054 [INFO] PluginManager:220 - loadIPPluginJar : add aes
2025-09-15 15:15:40,059 [INFO] IPUIPlugin:80 - create IPUIPlugin
2025-09-15 15:15:40,059 [INFO] PluginManager:220 - loadIPPluginJar : add can
2025-09-15 15:15:40,063 [INFO] IPUIPlugin:80 - create IPUIPlugin
2025-09-15 15:15:40,063 [INFO] PluginManager:220 - loadIPPluginJar : add comp
2025-09-15 15:15:40,068 [INFO] IPUIPlugin:80 - create IPUIPlugin
2025-09-15 15:15:40,068 [INFO] PluginManager:220 - loadIPPluginJar : add cryp
2025-09-15 15:15:40,074 [INFO] IPUIPlugin:80 - create IPUIPlugin
2025-09-15 15:15:40,074 [INFO] PluginManager:220 - loadIPPluginJar : add ddr_ctrl_phy
2025-09-15 15:15:40,079 [INFO] IPUIPlugin:80 - create IPUIPlugin
2025-09-15 15:15:40,079 [INFO] PluginManager:220 - loadIPPluginJar : add dfsdm
2025-09-15 15:15:40,088 [INFO] IPUIPlugin:80 - create IPUIPlugin
2025-09-15 15:15:40,089 [INFO] PluginManager:220 - loadIPPluginJar : add dma
2025-09-15 15:15:40,096 [INFO] IPUIPlugin:80 - create IPUIPlugin
2025-09-15 15:15:40,097 [INFO] PluginManager:220 - loadIPPluginJar : add dma3
2025-09-15 15:15:40,102 [INFO] IPUIPlugin:80 - create IPUIPlugin
2025-09-15 15:15:40,102 [INFO] PluginManager:220 - loadIPPluginJar : add extmemmanager
2025-09-15 15:15:40,106 [INFO] IPUIPlugin:80 - create IPUIPlugin
2025-09-15 15:15:40,106 [INFO] PluginManager:220 - loadIPPluginJar : add fatfs
2025-09-15 15:15:40,113 [INFO] IPUIPlugin:80 - create IPUIPlugin
2025-09-15 15:15:40,113 [INFO] PluginManager:220 - loadIPPluginJar : add fmc
2025-09-15 15:15:40,123 [INFO] IPUIPlugin:80 - create IPUIPlugin
2025-09-15 15:15:40,123 [INFO] PluginManager:220 - loadIPPluginJar : add freertos
2025-09-15 15:15:40,125 [INFO] IPUIPlugin:80 - create IPUIPlugin
2025-09-15 15:15:40,125 [INFO] PluginManager:220 - loadIPPluginJar : add genericplugin
2025-09-15 15:15:40,131 [INFO] IPUIPlugin:80 - create IPUIPlugin
2025-09-15 15:15:40,131 [INFO] PluginManager:220 - loadIPPluginJar : add gfxmmu
2025-09-15 15:15:40,139 [INFO] IPUIPlugin:80 - create IPUIPlugin
2025-09-15 15:15:40,139 [INFO] PluginManager:220 - loadIPPluginJar : add gic
2025-09-15 15:15:40,146 [INFO] IPUIPlugin:80 - create IPUIPlugin
2025-09-15 15:15:40,146 [INFO] PluginManager:220 - loadIPPluginJar : add gpio
2025-09-15 15:15:40,152 [INFO] IPUIPlugin:80 - create IPUIPlugin
2025-09-15 15:15:40,152 [INFO] PluginManager:220 - loadIPPluginJar : add gtzc
2025-09-15 15:15:40,156 [INFO] IPUIPlugin:80 - create IPUIPlugin
2025-09-15 15:15:40,156 [INFO] PluginManager:220 - loadIPPluginJar : add hash
2025-09-15 15:15:40,160 [INFO] IPUIPlugin:80 - create IPUIPlugin
2025-09-15 15:15:40,160 [INFO] PluginManager:220 - loadIPPluginJar : add i2c
2025-09-15 15:15:40,163 [INFO] IPUIPlugin:80 - create IPUIPlugin
2025-09-15 15:15:40,164 [INFO] PluginManager:220 - loadIPPluginJar : add i2s
2025-09-15 15:15:40,167 [INFO] IPUIPlugin:80 - create IPUIPlugin
2025-09-15 15:15:40,168 [INFO] PluginManager:220 - loadIPPluginJar : add i3c
2025-09-15 15:15:40,174 [INFO] IPUIPlugin:80 - create IPUIPlugin
2025-09-15 15:15:40,174 [INFO] PluginManager:220 - loadIPPluginJar : add ipddr
2025-09-15 15:15:40,185 [INFO] IPUIPlugin:80 - create IPUIPlugin
2025-09-15 15:15:40,186 [INFO] PluginManager:220 - loadIPPluginJar : add linkedlist
2025-09-15 15:15:40,192 [INFO] IPUIPlugin:80 - create IPUIPlugin
2025-09-15 15:15:40,192 [INFO] PluginManager:220 - loadIPPluginJar : add lorawan
2025-09-15 15:15:40,195 [INFO] IPUIPlugin:80 - create IPUIPlugin
2025-09-15 15:15:40,195 [INFO] PluginManager:220 - loadIPPluginJar : add ltdc
2025-09-15 15:15:40,204 [INFO] IPUIPlugin:80 - create IPUIPlugin
2025-09-15 15:15:40,204 [INFO] PluginManager:220 - loadIPPluginJar : add mdma
2025-09-15 15:15:40,211 [INFO] IPUIPlugin:80 - create IPUIPlugin
2025-09-15 15:15:40,211 [INFO] PluginManager:220 - loadIPPluginJar : add nvic
2025-09-15 15:15:40,218 [INFO] IPUIPlugin:80 - create IPUIPlugin
2025-09-15 15:15:40,218 [INFO] PluginManager:220 - loadIPPluginJar : add opamp
2025-09-15 15:15:40,223 [INFO] IPUIPlugin:80 - create IPUIPlugin
2025-09-15 15:15:40,223 [INFO] PluginManager:220 - loadIPPluginJar : add openamp
2025-09-15 15:15:40,229 [INFO] IPUIPlugin:80 - create IPUIPlugin
2025-09-15 15:15:40,230 [INFO] PluginManager:220 - loadIPPluginJar : add pdm2pcm
2025-09-15 15:15:40,239 [INFO] IPUIPlugin:80 - create IPUIPlugin
2025-09-15 15:15:40,242 [INFO] PluginManager:220 - loadIPPluginJar : add plateformsettings
2025-09-15 15:15:40,245 [INFO] IPUIPlugin:80 - create IPUIPlugin
2025-09-15 15:15:40,245 [INFO] PluginManager:220 - loadIPPluginJar : add quadspi
2025-09-15 15:15:40,248 [INFO] IPUIPlugin:80 - create IPUIPlugin
2025-09-15 15:15:40,250 [INFO] PluginManager:220 - loadIPPluginJar : add radio
2025-09-15 15:15:40,258 [INFO] IPUIPlugin:80 - create IPUIPlugin
2025-09-15 15:15:40,258 [INFO] PluginManager:220 - loadIPPluginJar : add resmgrutility
2025-09-15 15:15:40,266 [INFO] IPUIPlugin:80 - create IPUIPlugin
2025-09-15 15:15:40,266 [INFO] PluginManager:220 - loadIPPluginJar : add sai
2025-09-15 15:15:40,270 [INFO] IPUIPlugin:80 - create IPUIPlugin
2025-09-15 15:15:40,270 [INFO] PluginManager:220 - loadIPPluginJar : add spi
2025-09-15 15:15:40,280 [INFO] IPUIPlugin:80 - create IPUIPlugin
2025-09-15 15:15:40,280 [INFO] PluginManager:220 - loadIPPluginJar : add stm32_wpan
2025-09-15 15:15:40,283 [INFO] IPUIPlugin:80 - create IPUIPlugin
2025-09-15 15:15:40,283 [INFO] PluginManager:220 - loadIPPluginJar : add tim
2025-09-15 15:15:40,287 [INFO] IPUIPlugin:80 - create IPUIPlugin
2025-09-15 15:15:40,288 [INFO] PluginManager:220 - loadIPPluginJar : add touchsensing
2025-09-15 15:15:40,292 [INFO] IPUIPlugin:80 - create IPUIPlugin
2025-09-15 15:15:40,292 [INFO] PluginManager:220 - loadIPPluginJar : add tracer_emb
2025-09-15 15:15:40,295 [INFO] IPUIPlugin:80 - create IPUIPlugin
2025-09-15 15:15:40,296 [INFO] PluginManager:220 - loadIPPluginJar : add ts
2025-09-15 15:15:40,299 [INFO] IPUIPlugin:80 - create IPUIPlugin
2025-09-15 15:15:40,299 [INFO] PluginManager:220 - loadIPPluginJar : add tsc
2025-09-15 15:15:40,302 [INFO] IPUIPlugin:80 - create IPUIPlugin
2025-09-15 15:15:40,303 [INFO] PluginManager:220 - loadIPPluginJar : add ucpd
2025-09-15 15:15:40,308 [INFO] IPUIPlugin:80 - create IPUIPlugin
2025-09-15 15:15:40,308 [INFO] PluginManager:220 - loadIPPluginJar : add usart
2025-09-15 15:15:40,314 [INFO] IPUIPlugin:80 - create IPUIPlugin
2025-09-15 15:15:40,314 [INFO] PluginManager:220 - loadIPPluginJar : add usbx
2025-09-15 15:15:40,459 [FATAL] Updater:351 - Updater called before beeing initialized
2025-09-15 15:15:40,493 [INFO] RulesReader:64 - Compatibility file has been processed (297 Rules)
2025-09-15 15:15:40,504 [INFO] RulesReader:64 - Compatibility file has been processed (297 Rules)
2025-09-15 15:15:40,519 [INFO] CADModel:165 - CPN selected for project level
2025-09-15 15:15:40,519 [INFO] CADModel:114 - Register for checkConnection events
2025-09-15 15:15:40,519 [FATAL] Updater:351 - Updater called before beeing initialized
2025-09-15 15:15:40,519 [ERROR] CADModel:125 - Updater not yet initialized, retry later 
2025-09-15 15:15:40,732 [FATAL] Updater:351 - Updater called before beeing initialized
2025-09-15 15:15:40,735 [INFO] CADModel:165 - CPN selected for project level
2025-09-15 15:15:40,735 [INFO] CADModel:114 - Register for checkConnection events
2025-09-15 15:15:40,736 [FATAL] Updater:351 - Updater called before beeing initialized
2025-09-15 15:15:40,736 [ERROR] CADModel:125 - Updater not yet initialized, retry later 
2025-09-15 15:15:40,741 [FATAL] Updater:351 - Updater called before beeing initialized
2025-09-15 15:15:40,914 [FATAL] Updater:351 - Updater called before beeing initialized
2025-09-15 15:15:40,920 [INFO] DbMcusAds:53 - JSON generation date=Thu Mar 06 15:54:21 CET 2025 (1741272861825)
2025-09-15 15:15:40,920 [FATAL] Updater:351 - Updater called before beeing initialized
2025-09-15 15:15:40,972 [WARN] DetailPanel:346 - Failed to get advertising image, set to default
2025-09-15 15:15:41,233 [FATAL] Updater:351 - Updater called before beeing initialized
2025-09-15 15:15:41,236 [FATAL] Updater:351 - Updater called before beeing initialized
2025-09-15 15:15:41,236 [FATAL] Updater:351 - Updater called before beeing initialized
2025-09-15 15:15:41,236 [WARN] DetailPanel:346 - Failed to get advertising image, set to default
2025-09-15 15:15:41,238 [FATAL] Updater:351 - Updater called before beeing initialized
2025-09-15 15:15:41,307 [ERROR] Updater:1198 - MainUpdater not yet initialized. External WinMGr cannot be set.
2025-09-15 15:15:41,311 [INFO] Updater:1134 - Updater Version found : 6.13.0
2025-09-15 15:15:41,337 [INFO] ApplicationProperties:184 - Using Application install path: C:\ST\STM32CubeIDE_1.17.0\STM32CubeIDE\plugins\com.st.stm32cube.common.mx_6.13.0.202411220809
2025-09-15 15:15:41,779 [INFO] MainUpdater:2872 - connection check result : 10
2025-09-15 15:15:41,780 [INFO] MainUpdater:289 - Updater Check For Update Now.
2025-09-15 15:15:41,781 [INFO] MicroXplorer:498 - Change Database Version : DB.6.0.130
2025-09-15 15:15:41,789 [INFO] McuFinderGlobals:63 - Set McuFinder mode to 2 (CubeIDE integrated)
2025-09-15 15:15:41,791 [INFO] UserAuth:486 - Internet connection configuration mode: 1
2025-09-15 15:15:41,821 [INFO] JxBrowserEngine:152 - Initiate JxBrowser Engine with user profile folder
2025-09-15 15:15:42,009 [INFO] CheckServerUpdateThread:120 - End of CheckServer Thread
2025-09-15 15:15:42,777 [WARN] PackLoader:240 - Cannot read IP mode file for STMicroelectronics.FP-SNS-MOTENVWB1.1.4.0
2025-09-15 15:15:42,789 [WARN] PackLoader:240 - Cannot read IP mode file for STMicroelectronics.FP-ATR-ASTRA1.2.0.2
2025-09-15 15:15:42,795 [WARN] PackLoader:240 - Cannot read IP mode file for STMicroelectronics.FP-ATR-ASTRA1.2.0.1
2025-09-15 15:15:42,809 [WARN] PackLoader:240 - Cannot read IP mode file for STMicroelectronics.X-CUBE-SMBUS.2.1.0
2025-09-15 15:15:42,822 [WARN] PackLoader:240 - Cannot read IP mode file for STMicroelectronics.X-CUBE-WB05N.1.1.0
2025-09-15 15:15:42,831 [WARN] PackLoader:240 - Cannot read IP mode file for STMicroelectronics.X-CUBE-ST60.1.0.0
2025-09-15 15:15:42,872 [WARN] PackLoader:240 - Cannot read IP mode file for STMicroelectronics.X-CUBE-AZRTOS-F7.1.1.0
2025-09-15 15:15:42,884 [WARN] PackLoader:240 - Cannot read IP mode file for STMicroelectronics.FP-SNS-FLIGHT1.5.0.2
2025-09-15 15:15:42,919 [WARN] PackLoader:240 - Cannot read IP mode file for Infineon.AIROC-Wi-Fi-Bluetooth-STM32.1.7.0
2025-09-15 15:15:42,975 [WARN] PackLoader:240 - Cannot read IP mode file for STMicroelectronics.X-CUBE-AZRTOS-H7.3.4.0
2025-09-15 15:15:42,992 [WARN] PackLoader:240 - Cannot read IP mode file for STMicroelectronics.X-CUBE-DISPLAY.3.0.0
2025-09-15 15:15:43,005 [WARN] PackLoader:240 - Cannot read IP mode file for STMicroelectronics.X-CUBE-BLE1.7.0.0
2025-09-15 15:15:43,016 [WARN] PackLoader:240 - Cannot read IP mode file for STMicroelectronics.X-CUBE-NFC10.1.0.0
2025-09-15 15:15:43,031 [WARN] PackLoader:240 - Cannot read IP mode file for STMicroelectronics.X-CUBE-BLEMGR.4.0.0
2025-09-15 15:15:43,043 [WARN] PackLoader:240 - Cannot read IP mode file for emotas.I-CUBE-CANOPEN.1.3.0
2025-09-15 15:15:43,049 [WARN] PackLoader:240 - Cannot read IP mode file for STMicroelectronics.X-CUBE-AI.10.0.0
2025-09-15 15:15:43,055 [ERROR] Engine:466 - C:\Users\thepd\.stm32cubemx\thirdparties\pdsc\STMicroelectronics.FP-SNS-STBOX1.2.1.0.pdsc: PDSC version is not supported
2025-09-15 15:15:43,061 [WARN] PackLoader:240 - Cannot read IP mode file for STMicroelectronics.FP-SNS-SMARTAG2.1.2.0
2025-09-15 15:15:43,067 [WARN] PackLoader:240 - Cannot read IP mode file for STMicroelectronics.FP-SNS-FLIGHT1.5.1.0
2025-09-15 15:15:43,136 [WARN] PackLoader:240 - Cannot read IP mode file for STMicroelectronics.X-CUBE-MEMS1.11.1.0
2025-09-15 15:15:43,454 [INFO] WebApp:168 - Instantiating new browser for Auth
2025-09-15 15:15:43,659 [INFO] LogOutputStream:77 - [STDOUT_REDIRECT] 1 : Invalid condition id : UX_CORESTACK_Condition cause : null
2025-09-15 15:15:43,660 [INFO] LogOutputStream:77 - [STDOUT_REDIRECT] 1 : Invalid condition id : UX_CORESTACK_Condition cause : null
2025-09-15 15:15:43,662 [INFO] LogOutputStream:77 - [STDOUT_REDIRECT] 1 : Invalid condition id : UX_CORESTACK_Condition cause : null
2025-09-15 15:15:43,666 [INFO] LogOutputStream:77 - [STDOUT_REDIRECT] 1 : Invalid condition id : UX_CORESTACK_Condition cause : null
2025-09-15 15:15:43,668 [INFO] LogOutputStream:77 - [STDOUT_REDIRECT] 1 : Invalid condition id : UX_CORESTACK_Condition cause : null
2025-09-15 15:15:43,673 [WARN] PackLoader:240 - Cannot read IP mode file for STMicroelectronics.X-CUBE-AZRTOS-WL.2.0.0
2025-09-15 15:15:43,684 [WARN] PackLoader:240 - Cannot read IP mode file for STMicroelectronics.FP-SNS-MOTENV1.5.0.0
2025-09-15 15:15:43,695 [WARN] PackLoader:240 - Cannot read IP mode file for wolfSSL.I-CUBE-wolfMQTT.1.19.0
2025-09-15 15:15:43,710 [WARN] PackLoader:240 - Cannot read IP mode file for WES.I-CUBE-Cesium.1.3.0
2025-09-15 15:15:43,733 [WARN] PackLoader:240 - Cannot read IP mode file for STMicroelectronics.X-CUBE-BLE2.3.3.0
2025-09-15 15:15:43,746 [WARN] PackLoader:240 - Cannot read IP mode file for STMicroelectronics.X-CUBE-NFC9.1.0.0
2025-09-15 15:15:43,763 [WARN] PackLoader:240 - Cannot read IP mode file for STMicroelectronics.X-CUBE-BLE1.7.1.0
2025-09-15 15:15:43,779 [WARN] PackLoader:240 - Cannot read IP mode file for STMicroelectronics.X-CUBE-EEPRMA1.5.2.0
2025-09-15 15:15:43,786 [WARN] PackLoader:240 - Cannot read IP mode file for STMicroelectronics.X-CUBE-AI.10.1.0
2025-09-15 15:15:43,868 [WARN] PackLoader:240 - Cannot read IP mode file for STMicroelectronics.X-CUBE-MEMS1.11.2.0
2025-09-15 15:15:43,996 [WARN] PackLoader:240 - Cannot read IP mode file for STMicroelectronics.X-CUBE-AZRTOS-G0.1.1.0
2025-09-15 15:15:44,007 [WARN] PackLoader:240 - Cannot read IP mode file for STMicroelectronics.X-CUBE-SAFEA1.1.2.2
2025-09-15 15:15:44,016 [WARN] PackLoader:240 - Cannot read IP mode file for STMicroelectronics.X-CUBE-NFC4.3.0.0
2025-09-15 15:15:44,031 [WARN] PackLoader:240 - Cannot read IP mode file for EmbeddedOffice.I-CUBE-FS-RTOS.1.0.1
2025-09-15 15:15:44,039 [WARN] PackLoader:240 - Cannot read IP mode file for STMicroelectronics.X-CUBE-WB05N.2.0.0
2025-09-15 15:15:44,048 [WARN] PackLoader:240 - Cannot read IP mode file for STMicroelectronics.X-CUBE-TCPP.4.2.0
2025-09-15 15:15:44,059 [WARN] PackLoader:240 - Cannot read IP mode file for RealThread.X-CUBE-RT-Thread_Nano.4.1.1
2025-09-15 15:15:44,066 [WARN] PackLoader:240 - Cannot read IP mode file for STMicroelectronics.FP-ATR-SIGFOX1.3.2.0
2025-09-15 15:15:44,075 [WARN] ConditionMgr:438 - getConditionDescription Invalid condition id : Cortex-A Device cause : null
2025-09-15 15:15:44,119 [WARN] ConditionMgr:1044 - genDependencies : Invalid condition id : Cortex-A Device cause : null
2025-09-15 15:15:44,119 [WARN] ConditionMgr:1044 - genDependencies : Invalid condition id : Cortex-A Device cause : null
2025-09-15 15:15:44,119 [WARN] ConditionMgr:1044 - genDependencies : Invalid condition id : Cortex-A Device cause : null
2025-09-15 15:15:44,132 [WARN] PackLoader:240 - Cannot read IP mode file for STMicroelectronics.X-CUBE-EEPRMA1.5.1.0
2025-09-15 15:15:44,142 [WARN] PackLoader:240 - Cannot read IP mode file for wolfSSL.I-CUBE-wolfSSL.5.7.6
2025-09-15 15:15:44,150 [WARN] PackLoader:240 - Cannot read IP mode file for ITTIA_DB.I-CUBE-ITTIADB.8.9.0
2025-09-15 15:15:44,161 [WARN] PackLoader:240 - Cannot read IP mode file for STMicroelectronics.X-CUBE-ST67W61.1.0.0
2025-09-15 15:15:44,168 [WARN] PackLoader:240 - Cannot read IP mode file for STMicroelectronics.X-CUBE-AI.10.2.0
2025-09-15 15:15:44,200 [WARN] PackLoader:240 - Cannot read IP mode file for SEGGER.I-CUBE-embOS.1.3.1
2025-09-15 15:15:44,255 [WARN] PackLoader:240 - Cannot read IP mode file for STMicroelectronics.X-CUBE-ALGOBUILD.1.4.0
2025-09-15 15:15:44,305 [WARN] PackLoader:240 - Cannot read IP mode file for STMicroelectronics.X-CUBE-MEMS1.11.3.0
2025-09-15 15:15:44,454 [WARN] PackLoader:240 - Cannot read IP mode file for STMicroelectronics.X-CUBE-PM33A1.1.0.0
2025-09-15 15:15:44,473 [WARN] PackLoader:240 - Cannot read IP mode file for STMicroelectronics.X-CUBE-AZRTOS-F4.1.1.0
2025-09-15 15:15:44,482 [WARN] PackLoader:240 - Cannot read IP mode file for Avnet-IotConnect.X-CUBE-IoTC-DA16k-PMOD.1.0.0
2025-09-15 15:15:44,487 [WARN] PackLoader:240 - Cannot read IP mode file for STMicroelectronics.X-CUBE-ISPU.2.1.0
2025-09-15 15:15:44,502 [WARN] PackLoader:240 - Cannot read IP mode file for STMicroelectronics.X-CUBE-NFC12.1.0.0
2025-09-15 15:15:44,524 [WARN] PackLoader:240 - Cannot read IP mode file for STMicroelectronics.X-CUBE-AZRTOS-L5.2.0.0
2025-09-15 15:15:44,540 [WARN] PackLoader:240 - Cannot read IP mode file for STMicroelectronics.X-CUBE-NFC6.3.1.0
2025-09-15 15:15:44,550 [WARN] PackLoader:240 - Cannot read IP mode file for STMicroelectronics.X-CUBE-DPower.1.2.0
2025-09-15 15:15:44,558 [WARN] PackLoader:240 - Cannot read IP mode file for STMicroelectronics.X-CUBE-FREERTOS.1.3.1
2025-09-15 15:15:44,563 [WARN] PackLoader:240 - Cannot read IP mode file for STMicroelectronics.X-CUBE-FREERTOS.1.3.0
2025-09-15 15:15:44,577 [WARN] PackLoader:240 - Cannot read IP mode file for STMicroelectronics.X-CUBE-NFC7.1.0.1
2025-09-15 15:15:44,589 [WARN] PackLoader:240 - Cannot read IP mode file for STMicroelectronics.FP-SNS-STAIOTCFT.1.0.0
2025-09-15 15:15:44,595 [WARN] PackLoader:240 - Cannot read IP mode file for STMicroelectronics.X-CUBE-DPower.1.3.0
2025-09-15 15:15:44,618 [WARN] ConditionMgr:438 - getConditionDescription Invalid condition id : LAN8742 Phy interface Condition cause : null
2025-09-15 15:15:44,619 [WARN] PackLoader:240 - Cannot read IP mode file for STMicroelectronics.X-CUBE-AZRTOS-L4.2.0.0
2025-09-15 15:15:44,620 [WARN] ConditionMgr:1044 - genDependencies : Invalid condition id : LAN8742 Phy interface Condition cause : null
2025-09-15 15:15:44,621 [WARN] ConditionMgr:1044 - genDependencies : Invalid condition id : LAN8742 Phy interface Condition cause : null
2025-09-15 15:15:44,621 [WARN] ConditionMgr:1044 - genDependencies : Invalid condition id : LAN8742 Phy interface Condition cause : null
2025-09-15 15:15:44,652 [WARN] PackLoader:240 - Cannot read IP mode file for STMicroelectronics.X-CUBE-SFXS2LP1.4.0.0
2025-09-15 15:15:44,677 [WARN] PackLoader:240 - Cannot read IP mode file for STMicroelectronics.X-CUBE-AZRTOS-H7.3.3.0
2025-09-15 15:15:44,693 [WARN] PackLoader:240 - Cannot read IP mode file for STMicroelectronics.X-CUBE-BLEMGR.4.1.0
2025-09-15 15:15:44,712 [WARN] ConditionMgr:438 - getConditionDescription Invalid condition id : UX DEVICE CLASS RTOS Condition cause : null
2025-09-15 15:15:44,712 [WARN] ConditionMgr:438 - getConditionDescription Invalid condition id : UX DEVICE CLASS RTOS Condition cause : null
2025-09-15 15:15:44,715 [WARN] PackLoader:240 - Cannot read IP mode file for STMicroelectronics.X-CUBE-AZRTOS-WB.2.0.0
2025-09-15 15:15:44,715 [WARN] ConditionMgr:1044 - genDependencies : Invalid condition id : UX DEVICE CLASS RTOS Condition cause : null
2025-09-15 15:15:44,715 [WARN] ConditionMgr:1044 - genDependencies : Invalid condition id : UX DEVICE CLASS RTOS Condition cause : null
2025-09-15 15:15:44,716 [WARN] ConditionMgr:1044 - genDependencies : Invalid condition id : UX DEVICE CLASS RTOS Condition cause : null
2025-09-15 15:15:44,716 [WARN] ConditionMgr:1044 - genDependencies : Invalid condition id : UX DEVICE CLASS RTOS Condition cause : null
2025-09-15 15:15:44,717 [WARN] ConditionMgr:1044 - genDependencies : Invalid condition id : UX DEVICE CLASS RTOS Condition cause : null
2025-09-15 15:15:44,725 [WARN] PackLoader:240 - Cannot read IP mode file for STMicroelectronics.X-CUBE-GNSS1.7.0.1
2025-09-15 15:15:44,732 [WARN] PackLoader:240 - Cannot read IP mode file for STMicroelectronics.X-CUBE-TOUCHGFX.4.25.0
2025-09-15 15:15:44,741 [WARN] PackLoader:240 - Cannot read IP mode file for STMicroelectronics.FP-SNS-STBOX1.2.0.0
2025-09-15 15:15:44,755 [WARN] PackLoader:240 - Cannot read IP mode file for STMicroelectronics.X-CUBE-SUBG2.5.0.0
2025-09-15 15:15:44,781 [WARN] PackLoader:240 - Cannot read IP mode file for STMicroelectronics.X-CUBE-AZRTOS-H7RS.1.1.0
2025-09-15 15:15:44,791 [WARN] PackLoader:240 - Cannot read IP mode file for Cesanta.I-CUBE-Mongoose.7.13.0
2025-09-15 15:15:44,806 [WARN] PackLoader:240 - Cannot read IP mode file for STMicroelectronics.X-CUBE-AZRTOS-G4.2.0.0
2025-09-15 15:15:44,814 [WARN] PackLoader:240 - Cannot read IP mode file for STMicroelectronics.X-CUBE-NFC7.2.0.0
2025-09-15 15:15:44,830 [WARN] PackLoader:240 - Cannot read IP mode file for STMicroelectronics.X-CUBE-IPS.3.1.0
2025-09-15 15:15:44,842 [WARN] PackLoader:240 - Cannot read IP mode file for STMicroelectronics.X-CUBE-ALS.1.0.2
2025-09-15 15:15:44,847 [WARN] PackLoader:240 - Cannot read IP mode file for STMicroelectronics.X-CUBE-TOUCHGFX.4.24.2
2025-09-15 15:15:44,857 [WARN] PackLoader:240 - Cannot read IP mode file for STMicroelectronics.X-CUBE-STSE01.1.0.0
2025-09-15 15:15:44,868 [WARN] PackLoader:240 - Cannot read IP mode file for wolfSSL.I-CUBE-wolfTPM.3.4.0
2025-09-15 15:15:44,876 [WARN] PackLoader:240 - Cannot read IP mode file for portGmbH.I-Cube-SoM-uGOAL.1.1.0
2025-09-15 15:15:44,894 [WARN] PackLoader:240 - Cannot read IP mode file for STMicroelectronics.X-CUBE-AZRTOS-H7RS.1.0.0
2025-09-15 15:15:44,910 [WARN] PackLoader:240 - Cannot read IP mode file for STMicroelectronics.X-CUBE-TOF1.3.4.2
2025-09-15 15:15:44,930 [WARN] PackLoader:240 - Cannot read IP mode file for STMicroelectronics.X-CUBE-TOF1.3.4.3
2025-09-15 15:15:44,945 [WARN] PackLoader:240 - Cannot read IP mode file for wolfSSL.I-CUBE-wolfSSH.1.4.17
2025-09-15 15:15:44,946 [INFO] ThirdParty:978 - Integrity check success = true
2025-09-15 15:15:44,947 [INFO] IntegrityCheckThread:100 - exiting critical section [integrity check]
2025-09-15 15:15:44,947 [INFO] IntegrityCheckThread:103 - End integrity checks thread
2025-09-15 15:15:45,249 [INFO] WebApp:449 - Apply proxy settings
2025-09-15 15:15:45,250 [INFO] WebApp:534 - Chromium requires no authentication
2025-09-15 15:15:45,277 [INFO] WebApp:477 - Direct internet connection detected
2025-09-15 15:15:45,347 [INFO] WebApp:880 - Register for checkConnection events
2025-09-15 15:15:45,347 [INFO] WebApp:449 - Apply proxy settings
2025-09-15 15:15:45,347 [INFO] WebApp:534 - Chromium requires no authentication
2025-09-15 15:15:45,348 [INFO] WebApp:477 - Direct internet connection detected
2025-09-15 15:15:45,593 [INFO] WebApp:187 - Connection restablished
2025-09-15 15:15:45,712 [INFO] WebApp:221 - Starting web application
2025-09-15 15:15:45,712 [INFO] WebApp:579 - Web application path used C:\ST\STM32CubeIDE_1.17.0\STM32CubeIDE\plugins\com.st.stm32cube.common.mx_6.13.0.202411220809\db\plugins\mcufinder\reactClient1\index.html
2025-09-15 15:15:45,875 [INFO] UserAuth:486 - Internet connection configuration mode: 1
2025-09-15 15:16:38,162 [INFO] WebApp:190 - Connection lost
2025-09-15 15:16:38,338 [INFO] WebApp:187 - Connection restablished
2025-09-15 17:04:09,471 [INFO] WebApp:190 - Connection lost
2025-09-15 17:31:58,598 [INFO] WebApp:187 - Connection restablished
2025-09-15 17:32:01,668 [INFO] WebApp:190 - Connection lost
2025-09-15 17:32:01,819 [INFO] WebApp:187 - Connection restablished
