2025-08-21 18:23:55,022 [INFO] Activator:176 - 


2025-08-21 18:23:55,035 [INFO] Activator:177 - !SESSION log4j initialized
2025-08-21 18:24:05,655 [INFO] LogOutputStream:77 - [STDOUT_REDIRECT] 
2025-08-21 18:24:11,652 [INFO] ApplicationProperties:184 - Using Application install path: C:\ST\STM32CubeIDE_1.17.0\STM32CubeIDE\plugins\com.st.stm32cube.common.mx_6.13.0.202411220809
2025-08-21 18:24:11,706 [INFO] DbMcusXml:78 - Set database path to: C:\ST\STM32CubeIDE_1.17.0\STM32CubeIDE\plugins\com.st.stm32cube.common.mx_6.13.0.202411220809\\db\/mcu/
2025-08-21 18:24:11,707 [INFO] ApiDb:274 - Set plugin database path to: C:\ST\STM32CubeIDE_1.17.0\STM32CubeIDE\plugins\com.st.stm32cube.common.mx_6.13.0.202411220809\\db\/plugins/boardmanager/
2025-08-21 18:24:11,708 [WARN] ApiDb:259 - Overriding images path with different value:  => C:\ST\STM32CubeIDE_1.17.0\STM32CubeIDE\plugins\com.st.stm32cube.common.mx_6.13.0.202411220809\\db\/plugins/mcufinder/images/
2025-08-21 18:24:11,759 [INFO] ApiDb:250 - Set database path to: C:\Users\thepd\.stmcufinder\plugins\mcufinder//mcu/
2025-08-21 18:24:11,763 [INFO] DbMcusAds:125 - Set database path to: C:\Users\thepd\.stmcufinder\plugins\mcufinder//mcu/
2025-08-21 18:24:11,772 [INFO] CrossReferenceDbSqlite:203 - Set database path to: C:\Users\thepd\.stmcufinder\plugins\mcufinder//mcu/cs/
2025-08-21 18:24:12,209 [INFO] RulesReader:64 - Compatibility file has been processed (297 Rules)
2025-08-21 18:24:12,543 [INFO] DbMcusXml:78 - Set database path to: C:\ST\STM32CubeIDE_1.17.0\STM32CubeIDE\plugins\com.st.stm32cube.common.mx_6.13.0.202411220809\\db\/mcu/
2025-08-21 18:24:12,543 [INFO] ApiDb:274 - Set plugin database path to: C:\ST\STM32CubeIDE_1.17.0\STM32CubeIDE\plugins\com.st.stm32cube.common.mx_6.13.0.202411220809\\db\/plugins/boardmanager/
2025-08-21 18:24:12,544 [INFO] ApiDb:261 - Set plugin images path to: C:\ST\STM32CubeIDE_1.17.0\STM32CubeIDE\plugins\com.st.stm32cube.common.mx_6.13.0.202411220809\\db\/plugins/mcufinder/images/
2025-08-21 18:24:12,545 [WARN] DbFile:41 - Overriding database path with different value: C:\Users\thepd\.stmcufinder\plugins\mcufinder/ => C:\Users\thepd\.stmcufinder\plugins\mcufinder
2025-08-21 18:24:12,546 [INFO] ApiDb:250 - Set database path to: C:\Users\thepd\.stmcufinder\plugins\mcufinder//mcu/
2025-08-21 18:24:12,546 [WARN] DbFile:41 - Overriding database path with different value: C:\Users\thepd\.stmcufinder\plugins\mcufinder/ => C:\Users\thepd\.stmcufinder\plugins\mcufinder
2025-08-21 18:24:12,546 [INFO] DbMcusAds:125 - Set database path to: C:\Users\thepd\.stmcufinder\plugins\mcufinder//mcu/
2025-08-21 18:24:12,547 [WARN] DbFile:41 - Overriding database path with different value: C:\Users\thepd\.stmcufinder\plugins\mcufinder/ => C:\Users\thepd\.stmcufinder\plugins\mcufinder
2025-08-21 18:24:12,547 [WARN] DbFile:41 - Overriding database path with different value: C:\Users\thepd\.stmcufinder\plugins\mcufinder/ => C:\Users\thepd\.stmcufinder\plugins\mcufinder
2025-08-21 18:24:12,548 [INFO] CrossReferenceDbSqlite:203 - Set database path to: C:\Users\thepd\.stmcufinder\plugins\mcufinder//mcu/cs/
2025-08-21 18:24:12,822 [INFO] MainPanel:272 - HeapMemory: 268435456
2025-08-21 18:24:13,215 [INFO] DbMcusXml:78 - Set database path to: C:\ST\STM32CubeIDE_1.17.0\STM32CubeIDE\plugins\com.st.stm32cube.common.mx_6.13.0.202411220809\\db\/mcu/
2025-08-21 18:24:13,215 [INFO] ApiDb:274 - Set plugin database path to: C:\ST\STM32CubeIDE_1.17.0\STM32CubeIDE\plugins\com.st.stm32cube.common.mx_6.13.0.202411220809\\db\/plugins/boardmanager/
2025-08-21 18:24:13,216 [INFO] ApiDb:261 - Set plugin images path to: C:\ST\STM32CubeIDE_1.17.0\STM32CubeIDE\plugins\com.st.stm32cube.common.mx_6.13.0.202411220809\\db\/plugins/mcufinder/images/
2025-08-21 18:24:13,217 [WARN] DbFile:41 - Overriding database path with different value: C:\Users\thepd\.stmcufinder\plugins\mcufinder/ => C:\Users\thepd\.stmcufinder\plugins\mcufinder
2025-08-21 18:24:13,217 [INFO] ApiDb:250 - Set database path to: C:\Users\thepd\.stmcufinder\plugins\mcufinder//mcu/
2025-08-21 18:24:13,218 [WARN] DbFile:41 - Overriding database path with different value: C:\Users\thepd\.stmcufinder\plugins\mcufinder/ => C:\Users\thepd\.stmcufinder\plugins\mcufinder
2025-08-21 18:24:13,219 [INFO] DbMcusAds:125 - Set database path to: C:\Users\thepd\.stmcufinder\plugins\mcufinder//mcu/
2025-08-21 18:24:13,219 [WARN] DbFile:41 - Overriding database path with different value: C:\Users\thepd\.stmcufinder\plugins\mcufinder/ => C:\Users\thepd\.stmcufinder\plugins\mcufinder
2025-08-21 18:24:13,220 [WARN] DbFile:41 - Overriding database path with different value: C:\Users\thepd\.stmcufinder\plugins\mcufinder/ => C:\Users\thepd\.stmcufinder\plugins\mcufinder
2025-08-21 18:24:13,220 [INFO] CrossReferenceDbSqlite:203 - Set database path to: C:\Users\thepd\.stmcufinder\plugins\mcufinder//mcu/cs/
2025-08-21 18:24:13,283 [INFO] ApplicationProperties:184 - Using Application install path: C:\ST\STM32CubeIDE_1.17.0\STM32CubeIDE\plugins\com.st.stm32cube.common.mx_6.13.0.202411220809
2025-08-21 18:24:13,288 [INFO] PluginManage:196 - Search for loadable plugins [exclusion list=, ]
2025-08-21 18:24:13,293 [INFO] PluginManage:310 - Check plugin analytics
2025-08-21 18:24:14,108 [INFO] AnalyticsPlugin:253 - Accepted Software Licenses: STM32CubeMX.6.4.0,STM32CubeMX.6.14.0
2025-08-21 18:24:14,108 [INFO] AnalyticsPlugin:255 - Accepted CMSIS Pack Licenses: 
2025-08-21 18:24:14,110 [INFO] AnalyticsPlugin:257 - Accepted Firmware Licenses: FW.G4.1.6.0,FW.G4.1.5.0,FW.F4.1.28.0
2025-08-21 18:24:14,121 [INFO] PluginManage:359 - Loaded plugin analytics (category:tool,tabindex:-1)
2025-08-21 18:24:14,122 [INFO] PluginManage:310 - Check plugin cadmodel
2025-08-21 18:24:14,193 [INFO] CADModel:105 - Init CAD model plugin
2025-08-21 18:24:14,195 [INFO] PluginManage:359 - Loaded plugin cadmodel (category:power,tabindex:5)
2025-08-21 18:24:14,196 [INFO] PluginManage:310 - Check plugin clock
2025-08-21 18:24:14,289 [INFO] PluginManage:359 - Loaded plugin clock (category:base,tabindex:2)
2025-08-21 18:24:14,289 [INFO] PluginManage:310 - Check plugin ddr
2025-08-21 18:24:14,301 [INFO] PluginManage:359 - Loaded plugin ddr (category:tool,tabindex:6)
2025-08-21 18:24:14,302 [INFO] PluginManage:310 - Check plugin filemanager
2025-08-21 18:24:14,903 [INFO] PluginManage:359 - Loaded plugin filemanager (category:base,tabindex:10)
2025-08-21 18:24:14,904 [INFO] PluginManage:310 - Check plugin ipmanager
2025-08-21 18:24:14,939 [INFO] PluginManage:359 - Loaded plugin ipmanager (category:base,tabindex:5)
2025-08-21 18:24:14,939 [INFO] PluginManage:310 - Check plugin lpbam
2025-08-21 18:24:15,002 [INFO] PluginManage:359 - Loaded plugin lpbam (category:base,tabindex:0)
2025-08-21 18:24:15,003 [INFO] PluginManage:310 - Check plugin memorymap
2025-08-21 18:24:15,082 [INFO] PluginManage:359 - Loaded plugin memorymap (category:base,tabindex:4)
2025-08-21 18:24:15,082 [INFO] PluginManage:310 - Check plugin pinoutandconfiguration
2025-08-21 18:24:15,131 [INFO] PluginManage:359 - Loaded plugin pinoutandconfiguration (category:base,tabindex:1)
2025-08-21 18:24:15,131 [INFO] PluginManage:310 - Check plugin pinoutconfig
2025-08-21 18:24:15,531 [WARN] SupportedApi:132 - Cannot load RTOS API schema: s4s-elt-must-match.1: The content of 'definitions' must match (annotation?, (simpleType | complexType)?, (unique | key | keyref)*)). A problem was found starting at: attribute.
2025-08-21 18:24:16,071 [INFO] PluginManage:359 - Loaded plugin pinoutconfig (category:base,tabindex:0)
2025-08-21 18:24:16,071 [INFO] PluginManage:310 - Check plugin power
2025-08-21 18:24:16,121 [INFO] PluginManage:359 - Loaded plugin power (category:power,tabindex:4)
2025-08-21 18:24:16,122 [INFO] PluginManage:310 - Check plugin projectmanager
2025-08-21 18:24:16,180 [INFO] PluginManage:359 - Loaded plugin projectmanager (category:projectmanager,tabindex:4)
2025-08-21 18:24:16,180 [INFO] PluginManage:310 - Check plugin rif
2025-08-21 18:24:16,245 [INFO] PluginManage:359 - Loaded plugin rif (category:base,tabindex:3)
2025-08-21 18:24:16,246 [INFO] PluginManage:310 - Check plugin thirdparty
2025-08-21 18:24:17,232 [WARN] IntegrityCheckThread:84 - waiting for thirdparty lock release [integrity check]
2025-08-21 18:24:17,232 [INFO] IntegrityCheckThread:86 - entering critical section [integrity check]
2025-08-21 18:24:17,232 [INFO] PluginManage:359 - Loaded plugin thirdparty (category:base,tabindex:-1)
2025-08-21 18:24:17,233 [INFO] PluginManage:310 - Check plugin tools
2025-08-21 18:24:17,234 [INFO] ThirdPartyUpdaterWithRetryManager:70 - Updater plugin not ready yet. [1/15]
2025-08-21 18:24:17,366 [INFO] PluginManage:359 - Loaded plugin tools (category:base,tabindex:7)
2025-08-21 18:24:17,366 [INFO] PluginManage:310 - Check plugin tutovideos
2025-08-21 18:24:18,066 [INFO] PluginManage:359 - Loaded plugin tutovideos (category:base,tabindex:-1)
2025-08-21 18:24:18,066 [INFO] PluginManage:310 - Check plugin updater
2025-08-21 18:24:18,145 [INFO] PluginManage:359 - Loaded plugin updater (category:base,tabindex:12)
2025-08-21 18:24:18,146 [INFO] PluginManage:310 - Check plugin userauth
2025-08-21 18:24:18,164 [INFO] UserAuth:118 - Init User Auth plugin
2025-08-21 18:24:18,168 [INFO] PluginManage:359 - Loaded plugin userauth (category:base,tabindex:14)
2025-08-21 18:24:18,169 [INFO] PluginManage:283 - PluginManage : Loaded plugins [18]
2025-08-21 18:24:18,979 [INFO] PinOutPanel:1589 - setPackage(No Configuration,No Configuration)
2025-08-21 18:24:19,315 [INFO] CADModel:165 - CPN selected for project level
2025-08-21 18:24:19,315 [INFO] CADModel:114 - Register for checkConnection events
2025-08-21 18:24:19,441 [INFO] IPUIPlugin:80 - create IPUIPlugin
2025-08-21 18:24:19,442 [INFO] PluginManager:220 - loadIPPluginJar : add adc
2025-08-21 18:24:19,605 [INFO] IPUIPlugin:80 - create IPUIPlugin
2025-08-21 18:24:19,606 [INFO] PluginManager:220 - loadIPPluginJar : add aes
2025-08-21 18:24:19,772 [INFO] IPUIPlugin:80 - create IPUIPlugin
2025-08-21 18:24:19,773 [INFO] PluginManager:220 - loadIPPluginJar : add can
2025-08-21 18:24:19,885 [INFO] IPUIPlugin:80 - create IPUIPlugin
2025-08-21 18:24:19,885 [INFO] PluginManager:220 - loadIPPluginJar : add comp
2025-08-21 18:24:20,008 [INFO] IPUIPlugin:80 - create IPUIPlugin
2025-08-21 18:24:20,008 [INFO] PluginManager:220 - loadIPPluginJar : add cryp
2025-08-21 18:24:20,056 [INFO] IPUIPlugin:80 - create IPUIPlugin
2025-08-21 18:24:20,057 [INFO] PluginManager:220 - loadIPPluginJar : add ddr_ctrl_phy
2025-08-21 18:24:20,137 [INFO] IPUIPlugin:80 - create IPUIPlugin
2025-08-21 18:24:20,138 [INFO] PluginManager:220 - loadIPPluginJar : add dfsdm
2025-08-21 18:24:20,190 [INFO] IPUIPlugin:80 - create IPUIPlugin
2025-08-21 18:24:20,191 [INFO] PluginManager:220 - loadIPPluginJar : add dma
2025-08-21 18:24:20,244 [INFO] ThirdPartyUpdaterWithRetryManager:70 - Updater plugin not ready yet. [2/15]
2025-08-21 18:24:20,365 [INFO] IPUIPlugin:80 - create IPUIPlugin
2025-08-21 18:24:20,366 [INFO] PluginManager:220 - loadIPPluginJar : add dma3
2025-08-21 18:24:20,545 [INFO] IPUIPlugin:80 - create IPUIPlugin
2025-08-21 18:24:20,546 [INFO] PluginManager:220 - loadIPPluginJar : add extmemmanager
2025-08-21 18:24:20,616 [INFO] IPUIPlugin:80 - create IPUIPlugin
2025-08-21 18:24:20,617 [INFO] PluginManager:220 - loadIPPluginJar : add fatfs
2025-08-21 18:24:20,818 [INFO] IPUIPlugin:80 - create IPUIPlugin
2025-08-21 18:24:20,819 [INFO] PluginManager:220 - loadIPPluginJar : add fmc
2025-08-21 18:24:20,877 [INFO] IPUIPlugin:80 - create IPUIPlugin
2025-08-21 18:24:20,878 [INFO] PluginManager:220 - loadIPPluginJar : add freertos
2025-08-21 18:24:20,926 [INFO] IPUIPlugin:80 - create IPUIPlugin
2025-08-21 18:24:20,927 [INFO] PluginManager:220 - loadIPPluginJar : add genericplugin
2025-08-21 18:24:21,270 [INFO] IPUIPlugin:80 - create IPUIPlugin
2025-08-21 18:24:21,271 [INFO] PluginManager:220 - loadIPPluginJar : add gfxmmu
2025-08-21 18:24:21,836 [INFO] IPUIPlugin:80 - create IPUIPlugin
2025-08-21 18:24:21,836 [INFO] PluginManager:220 - loadIPPluginJar : add gic
2025-08-21 18:24:21,875 [INFO] IPUIPlugin:80 - create IPUIPlugin
2025-08-21 18:24:21,875 [INFO] PluginManager:220 - loadIPPluginJar : add gpio
2025-08-21 18:24:22,263 [INFO] IPUIPlugin:80 - create IPUIPlugin
2025-08-21 18:24:22,264 [INFO] PluginManager:220 - loadIPPluginJar : add gtzc
2025-08-21 18:24:22,406 [INFO] IPUIPlugin:80 - create IPUIPlugin
2025-08-21 18:24:22,407 [INFO] PluginManager:220 - loadIPPluginJar : add hash
2025-08-21 18:24:22,594 [INFO] IPUIPlugin:80 - create IPUIPlugin
2025-08-21 18:24:22,594 [INFO] PluginManager:220 - loadIPPluginJar : add i2c
2025-08-21 18:24:22,762 [INFO] IPUIPlugin:80 - create IPUIPlugin
2025-08-21 18:24:22,763 [INFO] PluginManager:220 - loadIPPluginJar : add i2s
2025-08-21 18:24:22,952 [INFO] IPUIPlugin:80 - create IPUIPlugin
2025-08-21 18:24:22,952 [INFO] PluginManager:220 - loadIPPluginJar : add i3c
2025-08-21 18:24:23,254 [INFO] ThirdPartyUpdaterWithRetryManager:70 - Updater plugin not ready yet. [3/15]
2025-08-21 18:24:23,368 [INFO] IPUIPlugin:80 - create IPUIPlugin
2025-08-21 18:24:23,369 [INFO] PluginManager:220 - loadIPPluginJar : add ipddr
2025-08-21 18:24:23,782 [INFO] IPUIPlugin:80 - create IPUIPlugin
2025-08-21 18:24:23,782 [INFO] PluginManager:220 - loadIPPluginJar : add linkedlist
2025-08-21 18:24:23,935 [INFO] IPUIPlugin:80 - create IPUIPlugin
2025-08-21 18:24:23,936 [INFO] PluginManager:220 - loadIPPluginJar : add lorawan
2025-08-21 18:24:24,101 [INFO] IPUIPlugin:80 - create IPUIPlugin
2025-08-21 18:24:24,101 [INFO] PluginManager:220 - loadIPPluginJar : add ltdc
2025-08-21 18:24:24,163 [INFO] IPUIPlugin:80 - create IPUIPlugin
2025-08-21 18:24:24,164 [INFO] PluginManager:220 - loadIPPluginJar : add mdma
2025-08-21 18:24:24,206 [INFO] IPUIPlugin:80 - create IPUIPlugin
2025-08-21 18:24:24,206 [INFO] PluginManager:220 - loadIPPluginJar : add nvic
2025-08-21 18:24:24,367 [INFO] IPUIPlugin:80 - create IPUIPlugin
2025-08-21 18:24:24,368 [INFO] PluginManager:220 - loadIPPluginJar : add opamp
2025-08-21 18:24:24,639 [INFO] IPUIPlugin:80 - create IPUIPlugin
2025-08-21 18:24:24,640 [INFO] PluginManager:220 - loadIPPluginJar : add openamp
2025-08-21 18:24:24,830 [INFO] IPUIPlugin:80 - create IPUIPlugin
2025-08-21 18:24:24,830 [INFO] PluginManager:220 - loadIPPluginJar : add pdm2pcm
2025-08-21 18:24:24,886 [INFO] IPUIPlugin:80 - create IPUIPlugin
2025-08-21 18:24:24,896 [INFO] PluginManager:220 - loadIPPluginJar : add plateformsettings
2025-08-21 18:24:24,996 [INFO] IPUIPlugin:80 - create IPUIPlugin
2025-08-21 18:24:24,996 [INFO] PluginManager:220 - loadIPPluginJar : add quadspi
2025-08-21 18:24:25,097 [INFO] IPUIPlugin:80 - create IPUIPlugin
2025-08-21 18:24:25,099 [INFO] PluginManager:220 - loadIPPluginJar : add radio
2025-08-21 18:24:25,146 [INFO] IPUIPlugin:80 - create IPUIPlugin
2025-08-21 18:24:25,147 [INFO] PluginManager:220 - loadIPPluginJar : add resmgrutility
2025-08-21 18:24:25,339 [INFO] IPUIPlugin:80 - create IPUIPlugin
2025-08-21 18:24:25,339 [INFO] PluginManager:220 - loadIPPluginJar : add sai
2025-08-21 18:24:25,494 [INFO] IPUIPlugin:80 - create IPUIPlugin
2025-08-21 18:24:25,494 [INFO] PluginManager:220 - loadIPPluginJar : add spi
2025-08-21 18:24:25,775 [INFO] IPUIPlugin:80 - create IPUIPlugin
2025-08-21 18:24:25,776 [INFO] PluginManager:220 - loadIPPluginJar : add stm32_wpan
2025-08-21 18:24:25,873 [INFO] IPUIPlugin:80 - create IPUIPlugin
2025-08-21 18:24:25,873 [INFO] PluginManager:220 - loadIPPluginJar : add tim
2025-08-21 18:24:26,133 [INFO] IPUIPlugin:80 - create IPUIPlugin
2025-08-21 18:24:26,133 [INFO] PluginManager:220 - loadIPPluginJar : add touchsensing
2025-08-21 18:24:26,180 [INFO] IPUIPlugin:80 - create IPUIPlugin
2025-08-21 18:24:26,180 [INFO] PluginManager:220 - loadIPPluginJar : add tracer_emb
2025-08-21 18:24:26,262 [INFO] ThirdPartyUpdaterWithRetryManager:70 - Updater plugin not ready yet. [4/15]
2025-08-21 18:24:26,277 [INFO] IPUIPlugin:80 - create IPUIPlugin
2025-08-21 18:24:26,278 [INFO] PluginManager:220 - loadIPPluginJar : add ts
2025-08-21 18:24:26,370 [INFO] IPUIPlugin:80 - create IPUIPlugin
2025-08-21 18:24:26,370 [INFO] PluginManager:220 - loadIPPluginJar : add tsc
2025-08-21 18:24:26,464 [INFO] IPUIPlugin:80 - create IPUIPlugin
2025-08-21 18:24:26,465 [INFO] PluginManager:220 - loadIPPluginJar : add ucpd
2025-08-21 18:24:26,622 [INFO] IPUIPlugin:80 - create IPUIPlugin
2025-08-21 18:24:26,622 [INFO] PluginManager:220 - loadIPPluginJar : add usart
2025-08-21 18:24:26,821 [INFO] IPUIPlugin:80 - create IPUIPlugin
2025-08-21 18:24:26,822 [INFO] PluginManager:220 - loadIPPluginJar : add usbx
2025-08-21 18:24:27,115 [FATAL] Updater:351 - Updater called before beeing initialized
2025-08-21 18:24:27,220 [INFO] RulesReader:64 - Compatibility file has been processed (297 Rules)
2025-08-21 18:24:27,232 [INFO] RulesReader:64 - Compatibility file has been processed (297 Rules)
2025-08-21 18:24:27,247 [INFO] CADModel:165 - CPN selected for project level
2025-08-21 18:24:27,247 [INFO] CADModel:114 - Register for checkConnection events
2025-08-21 18:24:27,247 [FATAL] Updater:351 - Updater called before beeing initialized
2025-08-21 18:24:27,247 [ERROR] CADModel:125 - Updater not yet initialized, retry later 
2025-08-21 18:24:27,570 [FATAL] Updater:351 - Updater called before beeing initialized
2025-08-21 18:24:27,574 [INFO] CADModel:165 - CPN selected for project level
2025-08-21 18:24:27,574 [INFO] CADModel:114 - Register for checkConnection events
2025-08-21 18:24:27,574 [FATAL] Updater:351 - Updater called before beeing initialized
2025-08-21 18:24:27,574 [ERROR] CADModel:125 - Updater not yet initialized, retry later 
2025-08-21 18:24:27,580 [FATAL] Updater:351 - Updater called before beeing initialized
2025-08-21 18:24:27,774 [FATAL] Updater:351 - Updater called before beeing initialized
2025-08-21 18:24:27,793 [INFO] DbMcusAds:53 - JSON generation date=Thu Mar 06 15:54:21 GMT+01:00 2025 (1741272861825)
2025-08-21 18:24:27,793 [FATAL] Updater:351 - Updater called before beeing initialized
2025-08-21 18:24:27,888 [WARN] DetailPanel:346 - Failed to get advertising image, set to default
2025-08-21 18:24:28,232 [FATAL] Updater:351 - Updater called before beeing initialized
2025-08-21 18:24:28,235 [FATAL] Updater:351 - Updater called before beeing initialized
2025-08-21 18:24:28,235 [FATAL] Updater:351 - Updater called before beeing initialized
2025-08-21 18:24:28,235 [WARN] DetailPanel:346 - Failed to get advertising image, set to default
2025-08-21 18:24:28,236 [FATAL] Updater:351 - Updater called before beeing initialized
2025-08-21 18:24:28,332 [ERROR] Updater:1198 - MainUpdater not yet initialized. External WinMGr cannot be set.
2025-08-21 18:24:28,351 [INFO] Updater:1134 - Updater Version found : 6.13.0
2025-08-21 18:24:28,393 [INFO] ApplicationProperties:184 - Using Application install path: C:\ST\STM32CubeIDE_1.17.0\STM32CubeIDE\plugins\com.st.stm32cube.common.mx_6.13.0.202411220809
2025-08-21 18:24:29,043 [INFO] MainUpdater:2872 - connection check result : 10
2025-08-21 18:24:29,043 [INFO] MainUpdater:3566 - Updater definition file requires update
2025-08-21 18:24:29,046 [INFO] MainUpdater:289 - Updater Check For Update Now.
2025-08-21 18:24:29,046 [INFO] MicroXplorer:498 - Change Database Version : DB.6.0.130
2025-08-21 18:24:29,090 [INFO] McuFinderGlobals:63 - Set McuFinder mode to 2 (CubeIDE integrated)
2025-08-21 18:24:29,102 [INFO] UserAuth:486 - Internet connection configuration mode: 1
2025-08-21 18:24:29,144 [INFO] JxBrowserEngine:152 - Initiate JxBrowser Engine with user profile folder
2025-08-21 18:24:29,150 [INFO] ServerAccessManage:473 - Download File updaters.zip
2025-08-21 18:24:29,275 [WARN] MainUpdater:1193 - Updater busy. Cannot search thirdparties
2025-08-21 18:24:29,275 [INFO] ThirdPartyUpdaterWithRetryManager:96 - Updater plugin is busy. [1/15]
2025-08-21 18:24:29,328 [INFO] FileExtend:240 - Unzip File : updaters.zip
2025-08-21 18:24:29,328 [INFO] FileExtend:255 - Standard Zip Deflate
2025-08-21 18:24:30,678 [INFO] ServerAccessManage:473 - Download File PacksControlFlags.xml
2025-08-21 18:24:30,981 [INFO] ServerAccessManage:473 - Download File cubemx.pidx
2025-08-21 18:24:31,583 [INFO] ServerAccessManage:473 - Download File STMicroelectronics.FP-SNS-STBOX1.pdsc
2025-08-21 18:24:32,141 [INFO] WebApp:168 - Instantiating new browser for Auth
2025-08-21 18:24:32,262 [INFO] ServerAccessManage:473 - Download File STMicroelectronics.X-CUBE-AI.pdsc
2025-08-21 18:24:32,278 [WARN] MainUpdater:1193 - Updater busy. Cannot search thirdparties
2025-08-21 18:24:32,279 [INFO] ThirdPartyUpdaterWithRetryManager:96 - Updater plugin is busy. [2/15]
2025-08-21 18:24:33,600 [INFO] WebApp:449 - Apply proxy settings
2025-08-21 18:24:33,601 [INFO] WebApp:534 - Chromium requires no authentication
2025-08-21 18:24:33,621 [INFO] WebApp:477 - Direct internet connection detected
2025-08-21 18:24:33,689 [INFO] WebApp:880 - Register for checkConnection events
2025-08-21 18:24:33,689 [INFO] WebApp:449 - Apply proxy settings
2025-08-21 18:24:33,690 [INFO] WebApp:534 - Chromium requires no authentication
2025-08-21 18:24:33,691 [INFO] WebApp:477 - Direct internet connection detected
2025-08-21 18:24:33,693 [INFO] ServerAccessManage:473 - Download File STMicroelectronics.X-CUBE-BLEMGR.pdsc
2025-08-21 18:24:33,883 [INFO] WebApp:187 - Connection restablished
2025-08-21 18:24:34,087 [ERROR] ServerAccessManage:1089 - Problem, file not found on Server
2025-08-21 18:24:34,109 [INFO] WebApp:221 - Starting web application
2025-08-21 18:24:34,109 [INFO] WebApp:579 - Web application path used C:\ST\STM32CubeIDE_1.17.0\STM32CubeIDE\plugins\com.st.stm32cube.common.mx_6.13.0.202411220809\db\plugins\mcufinder\reactClient1\index.html
2025-08-21 18:24:34,456 [INFO] UserAuth:486 - Internet connection configuration mode: 1
2025-08-21 18:24:34,909 [INFO] ServerAccessManage:473 - Download File STMicroelectronics.X-CUBE-EEPRMA1.pdsc
2025-08-21 18:24:35,280 [WARN] MainUpdater:1193 - Updater busy. Cannot search thirdparties
2025-08-21 18:24:35,280 [INFO] ThirdPartyUpdaterWithRetryManager:96 - Updater plugin is busy. [3/15]
2025-08-21 18:24:35,398 [ERROR] ServerAccessManage:1089 - Problem, file not found on Server
2025-08-21 18:24:35,685 [ERROR] ServerAccessManage:1089 - Problem, file not found on Server
2025-08-21 18:24:36,426 [INFO] ServerAccessManage:473 - Download File STMicroelectronics.X-CUBE-NFC12.pdsc
2025-08-21 18:24:37,185 [INFO] ServerAccessManage:473 - Download File STMicroelectronics.X-CUBE-AZRTOS-H7.pdsc
2025-08-21 18:24:38,281 [WARN] MainUpdater:1193 - Updater busy. Cannot search thirdparties
2025-08-21 18:24:38,281 [INFO] ThirdPartyUpdaterWithRetryManager:96 - Updater plugin is busy. [4/15]
2025-08-21 18:24:38,935 [WARN] PopulateThirdPartyThread:106 - Error when creating pack: C:/Users/thepd/.stm32cubemx/thirdparties/pdsc/STMicroelectronics.FP-SNS-STBOX1.pdsc
2025-08-21 18:24:39,005 [WARN] PackLoader:240 - Cannot read IP mode file for STMicroelectronics.X-CUBE-AI.10.2.0
2025-08-21 18:24:39,032 [WARN] PackLoader:240 - Cannot read IP mode file for STMicroelectronics.X-CUBE-BLEMGR.4.1.0
2025-08-21 18:24:39,063 [WARN] PackLoader:240 - Cannot read IP mode file for STMicroelectronics.X-CUBE-EEPRMA1.5.2.0
2025-08-21 18:24:39,083 [WARN] PackLoader:240 - Cannot read IP mode file for STMicroelectronics.X-CUBE-NFC12.1.0.0
2025-08-21 18:24:39,126 [WARN] PackLoader:240 - Cannot read IP mode file for STMicroelectronics.X-CUBE-AZRTOS-H7.3.4.0
2025-08-21 18:24:39,133 [INFO] PopulateThirdPartyThread:66 - Ending populate Thread
2025-08-21 18:24:39,135 [INFO] ThirdParty:1030 - CMSIS Pack Vendor :STMicroelectronics X-CUBE-BLEMGR 4.1.0
2025-08-21 18:24:39,135 [INFO] ThirdParty:1030 - CMSIS Pack Vendor :STMicroelectronics X-CUBE-EEPRMA1 5.2.0
2025-08-21 18:24:39,135 [INFO] ThirdParty:1030 - CMSIS Pack Vendor :STMicroelectronics X-CUBE-AZRTOS-H7 3.4.0
2025-08-21 18:24:39,135 [INFO] ThirdParty:1030 - CMSIS Pack Vendor :STMicroelectronics X-CUBE-AI 10.2.0
2025-08-21 18:24:39,135 [INFO] ThirdParty:1030 - CMSIS Pack Vendor :STMicroelectronics X-CUBE-NFC12 1.0.0
2025-08-21 18:24:39,135 [INFO] LoadServerUpdatesThread:375 - End of LoadServerUpdate Thread
2025-08-21 18:24:39,150 [INFO] CheckServerUpdateThread:120 - End of CheckServer Thread
2025-08-21 18:24:41,812 [WARN] PackLoader:240 - Cannot read IP mode file for STMicroelectronics.FP-SNS-MOTENVWB1.1.4.0
2025-08-21 18:24:41,821 [WARN] PackLoader:240 - Cannot read IP mode file for STMicroelectronics.FP-ATR-ASTRA1.2.0.2
2025-08-21 18:24:41,860 [WARN] PackLoader:240 - Cannot read IP mode file for STMicroelectronics.FP-ATR-ASTRA1.2.0.1
2025-08-21 18:24:41,900 [WARN] PackLoader:240 - Cannot read IP mode file for STMicroelectronics.X-CUBE-SMBUS.2.1.0
2025-08-21 18:24:41,930 [WARN] PackLoader:240 - Cannot read IP mode file for STMicroelectronics.X-CUBE-WB05N.1.1.0
2025-08-21 18:24:41,966 [WARN] PackLoader:240 - Cannot read IP mode file for STMicroelectronics.X-CUBE-ST60.1.0.0
2025-08-21 18:24:42,061 [WARN] PackLoader:240 - Cannot read IP mode file for STMicroelectronics.X-CUBE-AZRTOS-F7.1.1.0
2025-08-21 18:24:42,119 [WARN] PackLoader:240 - Cannot read IP mode file for STMicroelectronics.FP-SNS-FLIGHT1.5.0.2
2025-08-21 18:24:42,236 [WARN] PackLoader:240 - Cannot read IP mode file for Infineon.AIROC-Wi-Fi-Bluetooth-STM32.1.7.0
2025-08-21 18:24:42,276 [WARN] PackLoader:240 - Cannot read IP mode file for STMicroelectronics.X-CUBE-AZRTOS-H7.3.4.0
2025-08-21 18:24:42,318 [WARN] PackLoader:240 - Cannot read IP mode file for STMicroelectronics.X-CUBE-DISPLAY.3.0.0
2025-08-21 18:24:42,363 [WARN] PackLoader:240 - Cannot read IP mode file for STMicroelectronics.X-CUBE-BLE1.7.0.0
2025-08-21 18:24:42,387 [WARN] PackLoader:240 - Cannot read IP mode file for STMicroelectronics.X-CUBE-NFC10.1.0.0
2025-08-21 18:24:42,423 [WARN] PackLoader:240 - Cannot read IP mode file for STMicroelectronics.X-CUBE-BLEMGR.4.0.0
2025-08-21 18:24:42,451 [WARN] PackLoader:240 - Cannot read IP mode file for emotas.I-CUBE-CANOPEN.1.3.0
2025-08-21 18:24:42,489 [WARN] PackLoader:240 - Cannot read IP mode file for STMicroelectronics.X-CUBE-AI.10.0.0
2025-08-21 18:24:42,493 [ERROR] Engine:466 - C:\Users\thepd\.stm32cubemx\thirdparties\pdsc\STMicroelectronics.FP-SNS-STBOX1.2.1.0.pdsc: PDSC version is not supported
2025-08-21 18:24:42,534 [WARN] PackLoader:240 - Cannot read IP mode file for STMicroelectronics.FP-SNS-SMARTAG2.1.2.0
2025-08-21 18:24:42,542 [WARN] PackLoader:240 - Cannot read IP mode file for STMicroelectronics.FP-SNS-FLIGHT1.5.1.0
2025-08-21 18:24:42,618 [WARN] PackLoader:240 - Cannot read IP mode file for STMicroelectronics.X-CUBE-MEMS1.11.1.0
2025-08-21 18:24:43,065 [INFO] LogOutputStream:77 - [STDOUT_REDIRECT] 1 : Invalid condition id : UX_CORESTACK_Condition cause : null
2025-08-21 18:24:43,066 [INFO] LogOutputStream:77 - [STDOUT_REDIRECT] 1 : Invalid condition id : UX_CORESTACK_Condition cause : null
2025-08-21 18:24:43,067 [INFO] LogOutputStream:77 - [STDOUT_REDIRECT] 1 : Invalid condition id : UX_CORESTACK_Condition cause : null
2025-08-21 18:24:43,068 [INFO] LogOutputStream:77 - [STDOUT_REDIRECT] 1 : Invalid condition id : UX_CORESTACK_Condition cause : null
2025-08-21 18:24:43,069 [INFO] LogOutputStream:77 - [STDOUT_REDIRECT] 1 : Invalid condition id : UX_CORESTACK_Condition cause : null
2025-08-21 18:24:43,071 [WARN] PackLoader:240 - Cannot read IP mode file for STMicroelectronics.X-CUBE-AZRTOS-WL.2.0.0
2025-08-21 18:24:43,090 [WARN] PackLoader:240 - Cannot read IP mode file for STMicroelectronics.FP-SNS-MOTENV1.5.0.0
2025-08-21 18:24:43,097 [WARN] PackLoader:240 - Cannot read IP mode file for wolfSSL.I-CUBE-wolfMQTT.1.19.0
2025-08-21 18:24:43,118 [WARN] PackLoader:240 - Cannot read IP mode file for WES.I-CUBE-Cesium.1.3.0
2025-08-21 18:24:43,139 [WARN] PackLoader:240 - Cannot read IP mode file for STMicroelectronics.X-CUBE-BLE2.3.3.0
2025-08-21 18:24:43,159 [WARN] PackLoader:240 - Cannot read IP mode file for STMicroelectronics.X-CUBE-NFC9.1.0.0
2025-08-21 18:24:43,176 [WARN] PackLoader:240 - Cannot read IP mode file for STMicroelectronics.X-CUBE-BLE1.7.1.0
2025-08-21 18:24:43,182 [WARN] PackLoader:240 - Cannot read IP mode file for STMicroelectronics.X-CUBE-EEPRMA1.5.2.0
2025-08-21 18:24:43,203 [WARN] PackLoader:240 - Cannot read IP mode file for STMicroelectronics.X-CUBE-AI.10.1.0
2025-08-21 18:24:43,275 [WARN] PackLoader:240 - Cannot read IP mode file for STMicroelectronics.X-CUBE-MEMS1.11.2.0
2025-08-21 18:24:43,442 [WARN] PackLoader:240 - Cannot read IP mode file for STMicroelectronics.X-CUBE-AZRTOS-G0.1.1.0
2025-08-21 18:24:43,481 [WARN] PackLoader:240 - Cannot read IP mode file for STMicroelectronics.X-CUBE-SAFEA1.1.2.2
2025-08-21 18:24:43,513 [WARN] PackLoader:240 - Cannot read IP mode file for STMicroelectronics.X-CUBE-NFC4.3.0.0
2025-08-21 18:24:43,541 [WARN] PackLoader:240 - Cannot read IP mode file for EmbeddedOffice.I-CUBE-FS-RTOS.1.0.1
2025-08-21 18:24:43,564 [WARN] PackLoader:240 - Cannot read IP mode file for STMicroelectronics.X-CUBE-WB05N.2.0.0
2025-08-21 18:24:43,590 [WARN] PackLoader:240 - Cannot read IP mode file for STMicroelectronics.X-CUBE-TCPP.4.2.0
2025-08-21 18:24:43,613 [WARN] PackLoader:240 - Cannot read IP mode file for RealThread.X-CUBE-RT-Thread_Nano.4.1.1
2025-08-21 18:24:43,620 [WARN] PackLoader:240 - Cannot read IP mode file for STMicroelectronics.FP-ATR-SIGFOX1.3.2.0
2025-08-21 18:24:43,628 [WARN] ConditionMgr:438 - getConditionDescription Invalid condition id : Cortex-A Device cause : null
2025-08-21 18:24:43,666 [WARN] ConditionMgr:1044 - genDependencies : Invalid condition id : Cortex-A Device cause : null
2025-08-21 18:24:43,666 [WARN] ConditionMgr:1044 - genDependencies : Invalid condition id : Cortex-A Device cause : null
2025-08-21 18:24:43,666 [WARN] ConditionMgr:1044 - genDependencies : Invalid condition id : Cortex-A Device cause : null
2025-08-21 18:24:43,693 [WARN] PackLoader:240 - Cannot read IP mode file for STMicroelectronics.X-CUBE-EEPRMA1.5.1.0
2025-08-21 18:24:43,713 [WARN] PackLoader:240 - Cannot read IP mode file for wolfSSL.I-CUBE-wolfSSL.5.7.6
2025-08-21 18:24:43,742 [WARN] PackLoader:240 - Cannot read IP mode file for ITTIA_DB.I-CUBE-ITTIADB.8.9.0
2025-08-21 18:24:43,769 [WARN] PackLoader:240 - Cannot read IP mode file for STMicroelectronics.X-CUBE-ST67W61.1.0.0
2025-08-21 18:24:43,776 [WARN] PackLoader:240 - Cannot read IP mode file for STMicroelectronics.X-CUBE-AI.10.2.0
2025-08-21 18:24:43,825 [WARN] PackLoader:240 - Cannot read IP mode file for SEGGER.I-CUBE-embOS.1.3.1
2025-08-21 18:24:43,909 [WARN] PackLoader:240 - Cannot read IP mode file for STMicroelectronics.X-CUBE-ALGOBUILD.1.4.0
2025-08-21 18:24:43,976 [WARN] PackLoader:240 - Cannot read IP mode file for STMicroelectronics.X-CUBE-MEMS1.11.3.0
2025-08-21 18:24:44,133 [WARN] PackLoader:240 - Cannot read IP mode file for STMicroelectronics.X-CUBE-PM33A1.1.0.0
2025-08-21 18:24:44,185 [WARN] PackLoader:240 - Cannot read IP mode file for STMicroelectronics.X-CUBE-AZRTOS-F4.1.1.0
2025-08-21 18:24:44,196 [WARN] PackLoader:240 - Cannot read IP mode file for Avnet-IotConnect.X-CUBE-IoTC-DA16k-PMOD.1.0.0
2025-08-21 18:24:44,219 [WARN] PackLoader:240 - Cannot read IP mode file for STMicroelectronics.X-CUBE-ISPU.2.1.0
2025-08-21 18:24:44,228 [WARN] PackLoader:240 - Cannot read IP mode file for STMicroelectronics.X-CUBE-NFC12.1.0.0
2025-08-21 18:24:44,277 [WARN] PackLoader:240 - Cannot read IP mode file for STMicroelectronics.X-CUBE-AZRTOS-L5.2.0.0
2025-08-21 18:24:44,310 [WARN] PackLoader:240 - Cannot read IP mode file for STMicroelectronics.X-CUBE-NFC6.3.1.0
2025-08-21 18:24:44,342 [WARN] PackLoader:240 - Cannot read IP mode file for STMicroelectronics.X-CUBE-DPower.1.2.0
2025-08-21 18:24:44,371 [WARN] PackLoader:240 - Cannot read IP mode file for STMicroelectronics.X-CUBE-FREERTOS.1.3.1
2025-08-21 18:24:44,397 [WARN] PackLoader:240 - Cannot read IP mode file for STMicroelectronics.X-CUBE-FREERTOS.1.3.0
2025-08-21 18:24:44,425 [WARN] PackLoader:240 - Cannot read IP mode file for STMicroelectronics.X-CUBE-NFC7.1.0.1
2025-08-21 18:24:44,452 [WARN] PackLoader:240 - Cannot read IP mode file for STMicroelectronics.FP-SNS-STAIOTCFT.1.0.0
2025-08-21 18:24:44,476 [WARN] PackLoader:240 - Cannot read IP mode file for STMicroelectronics.X-CUBE-DPower.1.3.0
2025-08-21 18:24:44,514 [WARN] ConditionMgr:438 - getConditionDescription Invalid condition id : LAN8742 Phy interface Condition cause : null
2025-08-21 18:24:44,514 [WARN] PackLoader:240 - Cannot read IP mode file for STMicroelectronics.X-CUBE-AZRTOS-L4.2.0.0
2025-08-21 18:24:44,516 [WARN] ConditionMgr:1044 - genDependencies : Invalid condition id : LAN8742 Phy interface Condition cause : null
2025-08-21 18:24:44,516 [WARN] ConditionMgr:1044 - genDependencies : Invalid condition id : LAN8742 Phy interface Condition cause : null
2025-08-21 18:24:44,516 [WARN] ConditionMgr:1044 - genDependencies : Invalid condition id : LAN8742 Phy interface Condition cause : null
2025-08-21 18:24:44,544 [WARN] PackLoader:240 - Cannot read IP mode file for STMicroelectronics.X-CUBE-SFXS2LP1.4.0.0
2025-08-21 18:24:44,584 [WARN] PackLoader:240 - Cannot read IP mode file for STMicroelectronics.X-CUBE-AZRTOS-H7.3.3.0
2025-08-21 18:24:44,597 [WARN] PackLoader:240 - Cannot read IP mode file for STMicroelectronics.X-CUBE-BLEMGR.4.1.0
2025-08-21 18:24:44,635 [WARN] ConditionMgr:438 - getConditionDescription Invalid condition id : UX DEVICE CLASS RTOS Condition cause : null
2025-08-21 18:24:44,635 [WARN] ConditionMgr:438 - getConditionDescription Invalid condition id : UX DEVICE CLASS RTOS Condition cause : null
2025-08-21 18:24:44,640 [WARN] PackLoader:240 - Cannot read IP mode file for STMicroelectronics.X-CUBE-AZRTOS-WB.2.0.0
2025-08-21 18:24:44,641 [WARN] ConditionMgr:1044 - genDependencies : Invalid condition id : UX DEVICE CLASS RTOS Condition cause : null
2025-08-21 18:24:44,641 [WARN] ConditionMgr:1044 - genDependencies : Invalid condition id : UX DEVICE CLASS RTOS Condition cause : null
2025-08-21 18:24:44,641 [WARN] ConditionMgr:1044 - genDependencies : Invalid condition id : UX DEVICE CLASS RTOS Condition cause : null
2025-08-21 18:24:44,641 [WARN] ConditionMgr:1044 - genDependencies : Invalid condition id : UX DEVICE CLASS RTOS Condition cause : null
2025-08-21 18:24:44,641 [WARN] ConditionMgr:1044 - genDependencies : Invalid condition id : UX DEVICE CLASS RTOS Condition cause : null
2025-08-21 18:24:44,668 [WARN] PackLoader:240 - Cannot read IP mode file for STMicroelectronics.X-CUBE-GNSS1.7.0.1
2025-08-21 18:24:44,701 [WARN] PackLoader:240 - Cannot read IP mode file for STMicroelectronics.X-CUBE-TOUCHGFX.4.25.0
2025-08-21 18:24:44,730 [WARN] PackLoader:240 - Cannot read IP mode file for STMicroelectronics.FP-SNS-STBOX1.2.0.0
2025-08-21 18:24:44,761 [WARN] PackLoader:240 - Cannot read IP mode file for STMicroelectronics.X-CUBE-SUBG2.5.0.0
2025-08-21 18:24:44,812 [WARN] PackLoader:240 - Cannot read IP mode file for STMicroelectronics.X-CUBE-AZRTOS-H7RS.1.1.0
2025-08-21 18:24:44,824 [WARN] PackLoader:240 - Cannot read IP mode file for Cesanta.I-CUBE-Mongoose.7.13.0
2025-08-21 18:24:44,865 [WARN] PackLoader:240 - Cannot read IP mode file for STMicroelectronics.X-CUBE-AZRTOS-G4.2.0.0
2025-08-21 18:24:44,887 [WARN] PackLoader:240 - Cannot read IP mode file for STMicroelectronics.X-CUBE-NFC7.2.0.0
2025-08-21 18:24:44,915 [WARN] PackLoader:240 - Cannot read IP mode file for STMicroelectronics.X-CUBE-IPS.3.1.0
2025-08-21 18:24:44,940 [WARN] PackLoader:240 - Cannot read IP mode file for STMicroelectronics.X-CUBE-ALS.1.0.2
2025-08-21 18:24:44,962 [WARN] PackLoader:240 - Cannot read IP mode file for STMicroelectronics.X-CUBE-TOUCHGFX.4.24.2
2025-08-21 18:24:44,968 [WARN] PackLoader:240 - Cannot read IP mode file for wolfSSL.I-CUBE-wolfTPM.3.4.0
2025-08-21 18:24:44,997 [WARN] PackLoader:240 - Cannot read IP mode file for portGmbH.I-Cube-SoM-uGOAL.1.1.0
2025-08-21 18:24:45,070 [WARN] PackLoader:240 - Cannot read IP mode file for STMicroelectronics.X-CUBE-AZRTOS-H7RS.1.0.0
2025-08-21 18:24:45,107 [WARN] PackLoader:240 - Cannot read IP mode file for STMicroelectronics.X-CUBE-TOF1.3.4.2
2025-08-21 18:24:45,161 [WARN] PackLoader:240 - Cannot read IP mode file for STMicroelectronics.X-CUBE-TOF1.3.4.3
2025-08-21 18:24:45,182 [WARN] PackLoader:240 - Cannot read IP mode file for wolfSSL.I-CUBE-wolfSSH.1.4.17
2025-08-21 18:24:45,183 [INFO] ThirdParty:978 - Integrity check success = true
2025-08-21 18:24:45,183 [INFO] IntegrityCheckThread:100 - exiting critical section [integrity check]
2025-08-21 18:24:45,183 [INFO] IntegrityCheckThread:103 - End integrity checks thread
2025-08-21 18:30:49,204 [INFO] WebApp:190 - Connection lost
2025-08-21 18:30:49,505 [INFO] WebApp:187 - Connection restablished
2025-08-21 18:35:53,190 [INFO] WebApp:190 - Connection lost
2025-08-21 18:35:53,398 [INFO] WebApp:187 - Connection restablished
2025-08-21 18:42:04,205 [INFO] WebApp:190 - Connection lost
2025-08-21 18:42:06,279 [INFO] WebApp:187 - Connection restablished
2025-08-21 18:45:33,690 [INFO] WebApp:190 - Connection lost
2025-08-21 18:46:10,068 [INFO] WebApp:187 - Connection restablished
2025-08-21 18:48:46,207 [INFO] WebApp:190 - Connection lost
2025-08-21 18:48:54,814 [INFO] WebApp:187 - Connection restablished
2025-08-21 18:49:47,710 [INFO] WebApp:190 - Connection lost
2025-08-21 18:49:49,874 [INFO] WebApp:187 - Connection restablished
2025-08-21 18:57:15,696 [INFO] WebApp:190 - Connection lost
2025-08-21 18:57:15,909 [INFO] WebApp:187 - Connection restablished
