2025-06-12 11:12:09,199 [INFO] Activator:176 - 


2025-06-12 11:12:09,216 [INFO] Activator:177 - !SESSION log4j initialized
2025-06-12 11:12:33,656 [INFO] LogOutputStream:77 - [STDOUT_REDIRECT] 
2025-06-12 11:12:40,226 [INFO] ApplicationProperties:184 - Using Application install path: C:\ST\STM32CubeIDE_1.17.0\STM32CubeIDE\plugins\com.st.stm32cube.common.mx_6.13.0.202411220809
2025-06-12 11:12:40,283 [INFO] DbMcusXml:78 - Set database path to: C:\ST\STM32CubeIDE_1.17.0\STM32CubeIDE\plugins\com.st.stm32cube.common.mx_6.13.0.202411220809\\db\/mcu/
2025-06-12 11:12:40,285 [INFO] ApiDb:274 - Set plugin database path to: C:\ST\STM32CubeIDE_1.17.0\STM32CubeIDE\plugins\com.st.stm32cube.common.mx_6.13.0.202411220809\\db\/plugins/boardmanager/
2025-06-12 11:12:40,286 [WARN] ApiDb:259 - Overriding images path with different value:  => C:\ST\STM32CubeIDE_1.17.0\STM32CubeIDE\plugins\com.st.stm32cube.common.mx_6.13.0.202411220809\\db\/plugins/mcufinder/images/
2025-06-12 11:12:40,332 [INFO] ApiDb:250 - Set database path to: C:\Users\thepd\.stmcufinder\plugins\mcufinder//mcu/
2025-06-12 11:12:40,336 [INFO] DbMcusAds:125 - Set database path to: C:\Users\thepd\.stmcufinder\plugins\mcufinder//mcu/
2025-06-12 11:12:40,344 [INFO] CrossReferenceDbSqlite:203 - Set database path to: C:\Users\thepd\.stmcufinder\plugins\mcufinder//mcu/cs/
2025-06-12 11:12:40,813 [INFO] RulesReader:64 - Compatibility file has been processed (297 Rules)
2025-06-12 11:12:41,144 [INFO] DbMcusXml:78 - Set database path to: C:\ST\STM32CubeIDE_1.17.0\STM32CubeIDE\plugins\com.st.stm32cube.common.mx_6.13.0.202411220809\\db\/mcu/
2025-06-12 11:12:41,144 [INFO] ApiDb:274 - Set plugin database path to: C:\ST\STM32CubeIDE_1.17.0\STM32CubeIDE\plugins\com.st.stm32cube.common.mx_6.13.0.202411220809\\db\/plugins/boardmanager/
2025-06-12 11:12:41,145 [INFO] ApiDb:261 - Set plugin images path to: C:\ST\STM32CubeIDE_1.17.0\STM32CubeIDE\plugins\com.st.stm32cube.common.mx_6.13.0.202411220809\\db\/plugins/mcufinder/images/
2025-06-12 11:12:41,146 [WARN] DbFile:41 - Overriding database path with different value: C:\Users\thepd\.stmcufinder\plugins\mcufinder/ => C:\Users\thepd\.stmcufinder\plugins\mcufinder
2025-06-12 11:12:41,146 [INFO] ApiDb:250 - Set database path to: C:\Users\thepd\.stmcufinder\plugins\mcufinder//mcu/
2025-06-12 11:12:41,147 [WARN] DbFile:41 - Overriding database path with different value: C:\Users\thepd\.stmcufinder\plugins\mcufinder/ => C:\Users\thepd\.stmcufinder\plugins\mcufinder
2025-06-12 11:12:41,147 [INFO] DbMcusAds:125 - Set database path to: C:\Users\thepd\.stmcufinder\plugins\mcufinder//mcu/
2025-06-12 11:12:41,147 [WARN] DbFile:41 - Overriding database path with different value: C:\Users\thepd\.stmcufinder\plugins\mcufinder/ => C:\Users\thepd\.stmcufinder\plugins\mcufinder
2025-06-12 11:12:41,148 [WARN] DbFile:41 - Overriding database path with different value: C:\Users\thepd\.stmcufinder\plugins\mcufinder/ => C:\Users\thepd\.stmcufinder\plugins\mcufinder
2025-06-12 11:12:41,148 [INFO] CrossReferenceDbSqlite:203 - Set database path to: C:\Users\thepd\.stmcufinder\plugins\mcufinder//mcu/cs/
2025-06-12 11:12:41,444 [INFO] MainPanel:272 - HeapMemory: 268435456
2025-06-12 11:12:41,823 [INFO] DbMcusXml:78 - Set database path to: C:\ST\STM32CubeIDE_1.17.0\STM32CubeIDE\plugins\com.st.stm32cube.common.mx_6.13.0.202411220809\\db\/mcu/
2025-06-12 11:12:41,823 [INFO] ApiDb:274 - Set plugin database path to: C:\ST\STM32CubeIDE_1.17.0\STM32CubeIDE\plugins\com.st.stm32cube.common.mx_6.13.0.202411220809\\db\/plugins/boardmanager/
2025-06-12 11:12:41,823 [INFO] ApiDb:261 - Set plugin images path to: C:\ST\STM32CubeIDE_1.17.0\STM32CubeIDE\plugins\com.st.stm32cube.common.mx_6.13.0.202411220809\\db\/plugins/mcufinder/images/
2025-06-12 11:12:41,825 [WARN] DbFile:41 - Overriding database path with different value: C:\Users\thepd\.stmcufinder\plugins\mcufinder/ => C:\Users\thepd\.stmcufinder\plugins\mcufinder
2025-06-12 11:12:41,825 [INFO] ApiDb:250 - Set database path to: C:\Users\thepd\.stmcufinder\plugins\mcufinder//mcu/
2025-06-12 11:12:41,826 [WARN] DbFile:41 - Overriding database path with different value: C:\Users\thepd\.stmcufinder\plugins\mcufinder/ => C:\Users\thepd\.stmcufinder\plugins\mcufinder
2025-06-12 11:12:41,827 [INFO] DbMcusAds:125 - Set database path to: C:\Users\thepd\.stmcufinder\plugins\mcufinder//mcu/
2025-06-12 11:12:41,827 [WARN] DbFile:41 - Overriding database path with different value: C:\Users\thepd\.stmcufinder\plugins\mcufinder/ => C:\Users\thepd\.stmcufinder\plugins\mcufinder
2025-06-12 11:12:41,827 [WARN] DbFile:41 - Overriding database path with different value: C:\Users\thepd\.stmcufinder\plugins\mcufinder/ => C:\Users\thepd\.stmcufinder\plugins\mcufinder
2025-06-12 11:12:41,828 [INFO] CrossReferenceDbSqlite:203 - Set database path to: C:\Users\thepd\.stmcufinder\plugins\mcufinder//mcu/cs/
2025-06-12 11:12:41,891 [INFO] ApplicationProperties:184 - Using Application install path: C:\ST\STM32CubeIDE_1.17.0\STM32CubeIDE\plugins\com.st.stm32cube.common.mx_6.13.0.202411220809
2025-06-12 11:12:41,895 [INFO] PluginManage:196 - Search for loadable plugins [exclusion list=, ]
2025-06-12 11:12:41,900 [INFO] PluginManage:310 - Check plugin analytics
2025-06-12 11:12:42,755 [INFO] AnalyticsPlugin:253 - Accepted Software Licenses: STM32CubeMX.6.4.0,STM32CubeMX.6.14.0
2025-06-12 11:12:42,755 [INFO] AnalyticsPlugin:255 - Accepted CMSIS Pack Licenses: 
2025-06-12 11:12:42,756 [INFO] AnalyticsPlugin:257 - Accepted Firmware Licenses: FW.G4.1.6.0,FW.G4.1.5.0,FW.F4.1.28.0
2025-06-12 11:12:42,771 [INFO] PluginManage:359 - Loaded plugin analytics (category:tool,tabindex:-1)
2025-06-12 11:12:42,772 [INFO] PluginManage:310 - Check plugin cadmodel
2025-06-12 11:12:42,832 [INFO] CADModel:105 - Init CAD model plugin
2025-06-12 11:12:42,833 [INFO] PluginManage:359 - Loaded plugin cadmodel (category:power,tabindex:5)
2025-06-12 11:12:42,833 [INFO] PluginManage:310 - Check plugin clock
2025-06-12 11:12:42,914 [INFO] PluginManage:359 - Loaded plugin clock (category:base,tabindex:2)
2025-06-12 11:12:42,915 [INFO] PluginManage:310 - Check plugin ddr
2025-06-12 11:12:42,925 [INFO] PluginManage:359 - Loaded plugin ddr (category:tool,tabindex:6)
2025-06-12 11:12:42,927 [INFO] PluginManage:310 - Check plugin filemanager
2025-06-12 11:12:43,469 [INFO] PluginManage:359 - Loaded plugin filemanager (category:base,tabindex:10)
2025-06-12 11:12:43,470 [INFO] PluginManage:310 - Check plugin ipmanager
2025-06-12 11:12:43,500 [INFO] PluginManage:359 - Loaded plugin ipmanager (category:base,tabindex:5)
2025-06-12 11:12:43,501 [INFO] PluginManage:310 - Check plugin lpbam
2025-06-12 11:12:43,566 [INFO] PluginManage:359 - Loaded plugin lpbam (category:base,tabindex:0)
2025-06-12 11:12:43,566 [INFO] PluginManage:310 - Check plugin memorymap
2025-06-12 11:12:43,654 [INFO] PluginManage:359 - Loaded plugin memorymap (category:base,tabindex:4)
2025-06-12 11:12:43,655 [INFO] PluginManage:310 - Check plugin pinoutandconfiguration
2025-06-12 11:12:43,732 [INFO] PluginManage:359 - Loaded plugin pinoutandconfiguration (category:base,tabindex:1)
2025-06-12 11:12:43,732 [INFO] PluginManage:310 - Check plugin pinoutconfig
2025-06-12 11:12:44,062 [WARN] SupportedApi:132 - Cannot load RTOS API schema: s4s-elt-must-match.1: The content of 'definitions' must match (annotation?, (simpleType | complexType)?, (unique | key | keyref)*)). A problem was found starting at: attribute.
2025-06-12 11:12:44,537 [INFO] PluginManage:359 - Loaded plugin pinoutconfig (category:base,tabindex:0)
2025-06-12 11:12:44,538 [INFO] PluginManage:310 - Check plugin power
2025-06-12 11:12:44,626 [INFO] PluginManage:359 - Loaded plugin power (category:power,tabindex:4)
2025-06-12 11:12:44,626 [INFO] PluginManage:310 - Check plugin projectmanager
2025-06-12 11:12:44,692 [INFO] PluginManage:359 - Loaded plugin projectmanager (category:projectmanager,tabindex:4)
2025-06-12 11:12:44,692 [INFO] PluginManage:310 - Check plugin rif
2025-06-12 11:12:44,758 [INFO] PluginManage:359 - Loaded plugin rif (category:base,tabindex:3)
2025-06-12 11:12:44,758 [INFO] PluginManage:310 - Check plugin thirdparty
2025-06-12 11:12:45,805 [INFO] PluginManage:359 - Loaded plugin thirdparty (category:base,tabindex:-1)
2025-06-12 11:12:45,805 [WARN] IntegrityCheckThread:84 - waiting for thirdparty lock release [integrity check]
2025-06-12 11:12:45,806 [INFO] PluginManage:310 - Check plugin tools
2025-06-12 11:12:45,806 [INFO] IntegrityCheckThread:86 - entering critical section [integrity check]
2025-06-12 11:12:45,807 [INFO] ThirdPartyUpdaterWithRetryManager:70 - Updater plugin not ready yet. [1/15]
2025-06-12 11:12:45,911 [INFO] PluginManage:359 - Loaded plugin tools (category:base,tabindex:7)
2025-06-12 11:12:45,911 [INFO] PluginManage:310 - Check plugin tutovideos
2025-06-12 11:12:46,603 [INFO] PluginManage:359 - Loaded plugin tutovideos (category:base,tabindex:-1)
2025-06-12 11:12:46,604 [INFO] PluginManage:310 - Check plugin updater
2025-06-12 11:12:46,677 [INFO] PluginManage:359 - Loaded plugin updater (category:base,tabindex:12)
2025-06-12 11:12:46,678 [INFO] PluginManage:310 - Check plugin userauth
2025-06-12 11:12:46,694 [INFO] UserAuth:118 - Init User Auth plugin
2025-06-12 11:12:46,698 [INFO] PluginManage:359 - Loaded plugin userauth (category:base,tabindex:14)
2025-06-12 11:12:46,700 [INFO] PluginManage:283 - PluginManage : Loaded plugins [18]
2025-06-12 11:12:47,481 [INFO] PinOutPanel:1589 - setPackage(No Configuration,No Configuration)
2025-06-12 11:12:47,809 [INFO] CADModel:165 - CPN selected for project level
2025-06-12 11:12:47,810 [INFO] CADModel:114 - Register for checkConnection events
2025-06-12 11:12:47,902 [INFO] IPUIPlugin:80 - create IPUIPlugin
2025-06-12 11:12:47,902 [INFO] PluginManager:220 - loadIPPluginJar : add adc
2025-06-12 11:12:48,097 [INFO] IPUIPlugin:80 - create IPUIPlugin
2025-06-12 11:12:48,098 [INFO] PluginManager:220 - loadIPPluginJar : add aes
2025-06-12 11:12:48,314 [INFO] IPUIPlugin:80 - create IPUIPlugin
2025-06-12 11:12:48,314 [INFO] PluginManager:220 - loadIPPluginJar : add can
2025-06-12 11:12:48,448 [INFO] IPUIPlugin:80 - create IPUIPlugin
2025-06-12 11:12:48,449 [INFO] PluginManager:220 - loadIPPluginJar : add comp
2025-06-12 11:12:48,617 [INFO] IPUIPlugin:80 - create IPUIPlugin
2025-06-12 11:12:48,617 [INFO] PluginManager:220 - loadIPPluginJar : add cryp
2025-06-12 11:12:48,680 [INFO] IPUIPlugin:80 - create IPUIPlugin
2025-06-12 11:12:48,681 [INFO] PluginManager:220 - loadIPPluginJar : add ddr_ctrl_phy
2025-06-12 11:12:48,799 [INFO] IPUIPlugin:80 - create IPUIPlugin
2025-06-12 11:12:48,800 [INFO] PluginManager:220 - loadIPPluginJar : add dfsdm
2025-06-12 11:12:48,809 [INFO] ThirdPartyUpdaterWithRetryManager:70 - Updater plugin not ready yet. [2/15]
2025-06-12 11:12:48,856 [INFO] IPUIPlugin:80 - create IPUIPlugin
2025-06-12 11:12:48,858 [INFO] PluginManager:220 - loadIPPluginJar : add dma
2025-06-12 11:12:49,006 [INFO] IPUIPlugin:80 - create IPUIPlugin
2025-06-12 11:12:49,006 [INFO] PluginManager:220 - loadIPPluginJar : add dma3
2025-06-12 11:12:49,184 [INFO] IPUIPlugin:80 - create IPUIPlugin
2025-06-12 11:12:49,185 [INFO] PluginManager:220 - loadIPPluginJar : add extmemmanager
2025-06-12 11:12:49,269 [INFO] IPUIPlugin:80 - create IPUIPlugin
2025-06-12 11:12:49,269 [INFO] PluginManager:220 - loadIPPluginJar : add fatfs
2025-06-12 11:12:49,445 [INFO] IPUIPlugin:80 - create IPUIPlugin
2025-06-12 11:12:49,446 [INFO] PluginManager:220 - loadIPPluginJar : add fmc
2025-06-12 11:12:49,508 [INFO] IPUIPlugin:80 - create IPUIPlugin
2025-06-12 11:12:49,509 [INFO] PluginManager:220 - loadIPPluginJar : add freertos
2025-06-12 11:12:49,589 [INFO] IPUIPlugin:80 - create IPUIPlugin
2025-06-12 11:12:49,590 [INFO] PluginManager:220 - loadIPPluginJar : add genericplugin
2025-06-12 11:12:49,951 [INFO] IPUIPlugin:80 - create IPUIPlugin
2025-06-12 11:12:49,952 [INFO] PluginManager:220 - loadIPPluginJar : add gfxmmu
2025-06-12 11:12:50,476 [INFO] IPUIPlugin:80 - create IPUIPlugin
2025-06-12 11:12:50,476 [INFO] PluginManager:220 - loadIPPluginJar : add gic
2025-06-12 11:12:50,522 [INFO] IPUIPlugin:80 - create IPUIPlugin
2025-06-12 11:12:50,522 [INFO] PluginManager:220 - loadIPPluginJar : add gpio
2025-06-12 11:12:50,865 [INFO] IPUIPlugin:80 - create IPUIPlugin
2025-06-12 11:12:50,865 [INFO] PluginManager:220 - loadIPPluginJar : add gtzc
2025-06-12 11:12:51,003 [INFO] IPUIPlugin:80 - create IPUIPlugin
2025-06-12 11:12:51,003 [INFO] PluginManager:220 - loadIPPluginJar : add hash
2025-06-12 11:12:51,209 [INFO] IPUIPlugin:80 - create IPUIPlugin
2025-06-12 11:12:51,209 [INFO] PluginManager:220 - loadIPPluginJar : add i2c
2025-06-12 11:12:51,374 [INFO] IPUIPlugin:80 - create IPUIPlugin
2025-06-12 11:12:51,374 [INFO] PluginManager:220 - loadIPPluginJar : add i2s
2025-06-12 11:12:51,536 [INFO] IPUIPlugin:80 - create IPUIPlugin
2025-06-12 11:12:51,537 [INFO] PluginManager:220 - loadIPPluginJar : add i3c
2025-06-12 11:12:51,821 [INFO] ThirdPartyUpdaterWithRetryManager:70 - Updater plugin not ready yet. [3/15]
2025-06-12 11:12:51,916 [INFO] IPUIPlugin:80 - create IPUIPlugin
2025-06-12 11:12:51,917 [INFO] PluginManager:220 - loadIPPluginJar : add ipddr
2025-06-12 11:12:52,267 [INFO] IPUIPlugin:80 - create IPUIPlugin
2025-06-12 11:12:52,267 [INFO] PluginManager:220 - loadIPPluginJar : add linkedlist
2025-06-12 11:12:52,412 [INFO] IPUIPlugin:80 - create IPUIPlugin
2025-06-12 11:12:52,413 [INFO] PluginManager:220 - loadIPPluginJar : add lorawan
2025-06-12 11:12:52,561 [INFO] IPUIPlugin:80 - create IPUIPlugin
2025-06-12 11:12:52,561 [INFO] PluginManager:220 - loadIPPluginJar : add ltdc
2025-06-12 11:12:52,609 [INFO] IPUIPlugin:80 - create IPUIPlugin
2025-06-12 11:12:52,610 [INFO] PluginManager:220 - loadIPPluginJar : add mdma
2025-06-12 11:12:52,655 [INFO] IPUIPlugin:80 - create IPUIPlugin
2025-06-12 11:12:52,656 [INFO] PluginManager:220 - loadIPPluginJar : add nvic
2025-06-12 11:12:52,799 [INFO] IPUIPlugin:80 - create IPUIPlugin
2025-06-12 11:12:52,800 [INFO] PluginManager:220 - loadIPPluginJar : add opamp
2025-06-12 11:12:53,040 [INFO] IPUIPlugin:80 - create IPUIPlugin
2025-06-12 11:12:53,040 [INFO] PluginManager:220 - loadIPPluginJar : add openamp
2025-06-12 11:12:53,214 [INFO] IPUIPlugin:80 - create IPUIPlugin
2025-06-12 11:12:53,214 [INFO] PluginManager:220 - loadIPPluginJar : add pdm2pcm
2025-06-12 11:12:53,261 [INFO] IPUIPlugin:80 - create IPUIPlugin
2025-06-12 11:12:53,268 [INFO] PluginManager:220 - loadIPPluginJar : add plateformsettings
2025-06-12 11:12:53,359 [INFO] IPUIPlugin:80 - create IPUIPlugin
2025-06-12 11:12:53,359 [INFO] PluginManager:220 - loadIPPluginJar : add quadspi
2025-06-12 11:12:53,457 [INFO] IPUIPlugin:80 - create IPUIPlugin
2025-06-12 11:12:53,459 [INFO] PluginManager:220 - loadIPPluginJar : add radio
2025-06-12 11:12:53,513 [INFO] IPUIPlugin:80 - create IPUIPlugin
2025-06-12 11:12:53,514 [INFO] PluginManager:220 - loadIPPluginJar : add resmgrutility
2025-06-12 11:12:53,697 [INFO] IPUIPlugin:80 - create IPUIPlugin
2025-06-12 11:12:53,698 [INFO] PluginManager:220 - loadIPPluginJar : add sai
2025-06-12 11:12:53,852 [INFO] IPUIPlugin:80 - create IPUIPlugin
2025-06-12 11:12:53,853 [INFO] PluginManager:220 - loadIPPluginJar : add spi
2025-06-12 11:12:54,104 [INFO] IPUIPlugin:80 - create IPUIPlugin
2025-06-12 11:12:54,104 [INFO] PluginManager:220 - loadIPPluginJar : add stm32_wpan
2025-06-12 11:12:54,206 [INFO] IPUIPlugin:80 - create IPUIPlugin
2025-06-12 11:12:54,207 [INFO] PluginManager:220 - loadIPPluginJar : add tim
2025-06-12 11:12:54,432 [INFO] IPUIPlugin:80 - create IPUIPlugin
2025-06-12 11:12:54,432 [INFO] PluginManager:220 - loadIPPluginJar : add touchsensing
2025-06-12 11:12:54,530 [INFO] IPUIPlugin:80 - create IPUIPlugin
2025-06-12 11:12:54,531 [INFO] PluginManager:220 - loadIPPluginJar : add tracer_emb
2025-06-12 11:12:54,619 [INFO] IPUIPlugin:80 - create IPUIPlugin
2025-06-12 11:12:54,619 [INFO] PluginManager:220 - loadIPPluginJar : add ts
2025-06-12 11:12:54,707 [INFO] IPUIPlugin:80 - create IPUIPlugin
2025-06-12 11:12:54,708 [INFO] PluginManager:220 - loadIPPluginJar : add tsc
2025-06-12 11:12:54,791 [INFO] IPUIPlugin:80 - create IPUIPlugin
2025-06-12 11:12:54,792 [INFO] PluginManager:220 - loadIPPluginJar : add ucpd
2025-06-12 11:12:54,831 [INFO] ThirdPartyUpdaterWithRetryManager:70 - Updater plugin not ready yet. [4/15]
2025-06-12 11:12:54,967 [INFO] IPUIPlugin:80 - create IPUIPlugin
2025-06-12 11:12:54,967 [INFO] PluginManager:220 - loadIPPluginJar : add usart
2025-06-12 11:12:55,126 [INFO] IPUIPlugin:80 - create IPUIPlugin
2025-06-12 11:12:55,127 [INFO] PluginManager:220 - loadIPPluginJar : add usbx
2025-06-12 11:12:55,427 [FATAL] Updater:351 - Updater called before beeing initialized
2025-06-12 11:12:55,541 [INFO] RulesReader:64 - Compatibility file has been processed (297 Rules)
2025-06-12 11:12:55,574 [INFO] RulesReader:64 - Compatibility file has been processed (297 Rules)
2025-06-12 11:12:55,610 [INFO] CADModel:165 - CPN selected for project level
2025-06-12 11:12:55,611 [INFO] CADModel:114 - Register for checkConnection events
2025-06-12 11:12:55,611 [FATAL] Updater:351 - Updater called before beeing initialized
2025-06-12 11:12:55,612 [ERROR] CADModel:125 - Updater not yet initialized, retry later 
2025-06-12 11:12:56,218 [FATAL] Updater:351 - Updater called before beeing initialized
2025-06-12 11:12:56,227 [INFO] CADModel:165 - CPN selected for project level
2025-06-12 11:12:56,227 [INFO] CADModel:114 - Register for checkConnection events
2025-06-12 11:12:56,227 [FATAL] Updater:351 - Updater called before beeing initialized
2025-06-12 11:12:56,228 [ERROR] CADModel:125 - Updater not yet initialized, retry later 
2025-06-12 11:12:56,240 [FATAL] Updater:351 - Updater called before beeing initialized
2025-06-12 11:12:56,724 [FATAL] Updater:351 - Updater called before beeing initialized
2025-06-12 11:12:56,758 [INFO] DbMcusAds:53 - JSON generation date=Thu Mar 06 15:54:21 GMT+01:00 2025 (1741272861825)
2025-06-12 11:12:56,758 [FATAL] Updater:351 - Updater called before beeing initialized
2025-06-12 11:12:56,890 [WARN] DetailPanel:346 - Failed to get advertising image, set to default
2025-06-12 11:12:57,721 [FATAL] Updater:351 - Updater called before beeing initialized
2025-06-12 11:12:57,725 [FATAL] Updater:351 - Updater called before beeing initialized
2025-06-12 11:12:57,726 [FATAL] Updater:351 - Updater called before beeing initialized
2025-06-12 11:12:57,726 [WARN] DetailPanel:346 - Failed to get advertising image, set to default
2025-06-12 11:12:57,729 [FATAL] Updater:351 - Updater called before beeing initialized
2025-06-12 11:12:57,846 [INFO] ThirdPartyUpdaterWithRetryManager:70 - Updater plugin not ready yet. [5/15]
2025-06-12 11:12:57,936 [ERROR] Updater:1198 - MainUpdater not yet initialized. External WinMGr cannot be set.
2025-06-12 11:12:57,971 [INFO] Updater:1134 - Updater Version found : 6.13.0
2025-06-12 11:12:58,026 [INFO] ApplicationProperties:184 - Using Application install path: C:\ST\STM32CubeIDE_1.17.0\STM32CubeIDE\plugins\com.st.stm32cube.common.mx_6.13.0.202411220809
2025-06-12 11:12:59,247 [INFO] MainUpdater:2872 - connection check result : 10
2025-06-12 11:12:59,249 [INFO] MainUpdater:289 - Updater Check For Update Now.
2025-06-12 11:12:59,250 [INFO] MicroXplorer:498 - Change Database Version : DB.6.0.130
2025-06-12 11:12:59,314 [INFO] McuFinderGlobals:63 - Set McuFinder mode to 2 (CubeIDE integrated)
2025-06-12 11:12:59,345 [INFO] UserAuth:486 - Internet connection configuration mode: 1
2025-06-12 11:12:59,465 [INFO] JxBrowserEngine:152 - Initiate JxBrowser Engine with user profile folder
2025-06-12 11:12:59,857 [INFO] CheckServerUpdateThread:120 - End of CheckServer Thread
2025-06-12 11:13:01,726 [WARN] PackLoader:240 - Cannot read IP mode file for STMicroelectronics.FP-SNS-MOTENVWB1.1.4.0
2025-06-12 11:13:01,787 [WARN] PackLoader:240 - Cannot read IP mode file for STMicroelectronics.FP-ATR-ASTRA1.2.0.2
2025-06-12 11:13:01,814 [WARN] PackLoader:240 - Cannot read IP mode file for STMicroelectronics.FP-ATR-ASTRA1.2.0.1
2025-06-12 11:13:01,977 [WARN] PackLoader:240 - Cannot read IP mode file for STMicroelectronics.X-CUBE-SMBUS.2.1.0
2025-06-12 11:13:02,038 [WARN] PackLoader:240 - Cannot read IP mode file for STMicroelectronics.X-CUBE-WB05N.1.1.0
2025-06-12 11:13:02,086 [WARN] PackLoader:240 - Cannot read IP mode file for STMicroelectronics.X-CUBE-ST60.1.0.0
2025-06-12 11:13:02,247 [WARN] PackLoader:240 - Cannot read IP mode file for STMicroelectronics.X-CUBE-AZRTOS-F7.1.1.0
2025-06-12 11:13:02,312 [WARN] PackLoader:240 - Cannot read IP mode file for STMicroelectronics.FP-SNS-FLIGHT1.5.0.2
2025-06-12 11:13:02,427 [WARN] PackLoader:240 - Cannot read IP mode file for Infineon.AIROC-Wi-Fi-Bluetooth-STM32.1.7.0
2025-06-12 11:13:02,463 [WARN] PackLoader:240 - Cannot read IP mode file for STMicroelectronics.X-CUBE-DISPLAY.3.0.0
2025-06-12 11:13:02,522 [WARN] PackLoader:240 - Cannot read IP mode file for STMicroelectronics.X-CUBE-BLE1.7.0.0
2025-06-12 11:13:02,605 [WARN] PackLoader:240 - Cannot read IP mode file for STMicroelectronics.X-CUBE-NFC10.1.0.0
2025-06-12 11:13:02,683 [WARN] PackLoader:240 - Cannot read IP mode file for STMicroelectronics.X-CUBE-BLEMGR.4.0.0
2025-06-12 11:13:02,757 [WARN] PackLoader:240 - Cannot read IP mode file for emotas.I-CUBE-CANOPEN.1.3.0
2025-06-12 11:13:02,791 [WARN] PackLoader:240 - Cannot read IP mode file for STMicroelectronics.X-CUBE-AI.10.0.0
2025-06-12 11:13:02,823 [WARN] PackLoader:240 - Cannot read IP mode file for STMicroelectronics.FP-SNS-SMARTAG2.1.2.0
2025-06-12 11:13:02,864 [WARN] PackLoader:240 - Cannot read IP mode file for STMicroelectronics.FP-SNS-FLIGHT1.5.1.0
2025-06-12 11:13:03,064 [WARN] PackLoader:240 - Cannot read IP mode file for STMicroelectronics.X-CUBE-MEMS1.11.1.0
2025-06-12 11:13:03,075 [INFO] WebApp:168 - Instantiating new browser for Auth
2025-06-12 11:13:04,774 [INFO] LogOutputStream:77 - [STDOUT_REDIRECT] 1 : Invalid condition id : UX_CORESTACK_Condition cause : null
2025-06-12 11:13:04,777 [INFO] LogOutputStream:77 - [STDOUT_REDIRECT] 1 : Invalid condition id : UX_CORESTACK_Condition cause : null
2025-06-12 11:13:04,783 [INFO] LogOutputStream:77 - [STDOUT_REDIRECT] 1 : Invalid condition id : UX_CORESTACK_Condition cause : null
2025-06-12 11:13:04,787 [INFO] LogOutputStream:77 - [STDOUT_REDIRECT] 1 : Invalid condition id : UX_CORESTACK_Condition cause : null
2025-06-12 11:13:04,791 [INFO] LogOutputStream:77 - [STDOUT_REDIRECT] 1 : Invalid condition id : UX_CORESTACK_Condition cause : null
2025-06-12 11:13:04,801 [WARN] PackLoader:240 - Cannot read IP mode file for STMicroelectronics.X-CUBE-AZRTOS-WL.2.0.0
2025-06-12 11:13:04,845 [WARN] PackLoader:240 - Cannot read IP mode file for STMicroelectronics.FP-SNS-MOTENV1.5.0.0
2025-06-12 11:13:04,886 [WARN] PackLoader:240 - Cannot read IP mode file for wolfSSL.I-CUBE-wolfMQTT.1.19.0
2025-06-12 11:13:04,957 [WARN] PackLoader:240 - Cannot read IP mode file for WES.I-CUBE-Cesium.1.3.0
2025-06-12 11:13:05,008 [WARN] PackLoader:240 - Cannot read IP mode file for STMicroelectronics.X-CUBE-BLE2.3.3.0
2025-06-12 11:13:05,043 [WARN] PackLoader:240 - Cannot read IP mode file for STMicroelectronics.X-CUBE-NFC9.1.0.0
2025-06-12 11:13:05,090 [WARN] PackLoader:240 - Cannot read IP mode file for STMicroelectronics.X-CUBE-BLE1.7.1.0
2025-06-12 11:13:05,136 [WARN] PackLoader:240 - Cannot read IP mode file for STMicroelectronics.X-CUBE-AI.10.1.0
2025-06-12 11:13:05,298 [WARN] PackLoader:240 - Cannot read IP mode file for STMicroelectronics.X-CUBE-MEMS1.11.2.0
2025-06-12 11:13:05,732 [WARN] PackLoader:240 - Cannot read IP mode file for STMicroelectronics.X-CUBE-AZRTOS-G0.1.1.0
2025-06-12 11:13:05,775 [WARN] PackLoader:240 - Cannot read IP mode file for STMicroelectronics.X-CUBE-SAFEA1.1.2.2
2025-06-12 11:13:05,838 [WARN] PackLoader:240 - Cannot read IP mode file for STMicroelectronics.X-CUBE-NFC4.3.0.0
2025-06-12 11:13:05,902 [WARN] PackLoader:240 - Cannot read IP mode file for EmbeddedOffice.I-CUBE-FS-RTOS.1.0.1
2025-06-12 11:13:05,934 [WARN] PackLoader:240 - Cannot read IP mode file for STMicroelectronics.X-CUBE-WB05N.2.0.0
2025-06-12 11:13:05,967 [WARN] PackLoader:240 - Cannot read IP mode file for STMicroelectronics.X-CUBE-TCPP.4.2.0
2025-06-12 11:13:06,019 [WARN] PackLoader:240 - Cannot read IP mode file for RealThread.X-CUBE-RT-Thread_Nano.4.1.1
2025-06-12 11:13:06,057 [WARN] PackLoader:240 - Cannot read IP mode file for STMicroelectronics.FP-ATR-SIGFOX1.3.2.0
2025-06-12 11:13:06,120 [WARN] ConditionMgr:438 - getConditionDescription Invalid condition id : Cortex-A Device cause : null
2025-06-12 11:13:06,294 [WARN] ConditionMgr:1044 - genDependencies : Invalid condition id : Cortex-A Device cause : null
2025-06-12 11:13:06,295 [WARN] ConditionMgr:1044 - genDependencies : Invalid condition id : Cortex-A Device cause : null
2025-06-12 11:13:06,295 [WARN] ConditionMgr:1044 - genDependencies : Invalid condition id : Cortex-A Device cause : null
2025-06-12 11:13:06,360 [WARN] PackLoader:240 - Cannot read IP mode file for STMicroelectronics.X-CUBE-EEPRMA1.5.1.0
2025-06-12 11:13:06,409 [WARN] PackLoader:240 - Cannot read IP mode file for wolfSSL.I-CUBE-wolfSSL.5.7.6
2025-06-12 11:13:06,430 [INFO] WebApp:449 - Apply proxy settings
2025-06-12 11:13:06,431 [INFO] WebApp:534 - Chromium requires no authentication
2025-06-12 11:13:06,465 [WARN] PackLoader:240 - Cannot read IP mode file for ITTIA_DB.I-CUBE-ITTIADB.8.9.0
2025-06-12 11:13:06,468 [INFO] WebApp:477 - Direct internet connection detected
2025-06-12 11:13:06,536 [WARN] PackLoader:240 - Cannot read IP mode file for STMicroelectronics.X-CUBE-ST67W61.1.0.0
2025-06-12 11:13:06,585 [INFO] WebApp:880 - Register for checkConnection events
2025-06-12 11:13:06,587 [INFO] WebApp:449 - Apply proxy settings
2025-06-12 11:13:06,589 [INFO] WebApp:534 - Chromium requires no authentication
2025-06-12 11:13:06,590 [INFO] WebApp:477 - Direct internet connection detected
2025-06-12 11:13:06,668 [WARN] PackLoader:240 - Cannot read IP mode file for SEGGER.I-CUBE-embOS.1.3.1
2025-06-12 11:13:06,845 [WARN] PackLoader:240 - Cannot read IP mode file for STMicroelectronics.X-CUBE-ALGOBUILD.1.4.0
2025-06-12 11:13:06,872 [INFO] WebApp:187 - Connection restablished
2025-06-12 11:13:07,070 [WARN] PackLoader:240 - Cannot read IP mode file for STMicroelectronics.X-CUBE-MEMS1.11.3.0
2025-06-12 11:13:07,514 [WARN] PackLoader:240 - Cannot read IP mode file for STMicroelectronics.X-CUBE-AZRTOS-F4.1.1.0
2025-06-12 11:13:07,571 [WARN] PackLoader:240 - Cannot read IP mode file for Avnet-IotConnect.X-CUBE-IoTC-DA16k-PMOD.1.0.0
2025-06-12 11:13:07,652 [WARN] PackLoader:240 - Cannot read IP mode file for STMicroelectronics.X-CUBE-ISPU.2.1.0
2025-06-12 11:13:07,762 [WARN] PackLoader:240 - Cannot read IP mode file for STMicroelectronics.X-CUBE-AZRTOS-L5.2.0.0
2025-06-12 11:13:07,877 [WARN] PackLoader:240 - Cannot read IP mode file for STMicroelectronics.X-CUBE-NFC6.3.1.0
2025-06-12 11:13:07,923 [WARN] PackLoader:240 - Cannot read IP mode file for STMicroelectronics.X-CUBE-DPower.1.2.0
2025-06-12 11:13:07,930 [INFO] WebApp:221 - Starting web application
2025-06-12 11:13:07,933 [INFO] WebApp:579 - Web application path used C:\ST\STM32CubeIDE_1.17.0\STM32CubeIDE\plugins\com.st.stm32cube.common.mx_6.13.0.202411220809\db\plugins\mcufinder\reactClient1\index.html
2025-06-12 11:13:08,016 [WARN] PackLoader:240 - Cannot read IP mode file for STMicroelectronics.X-CUBE-FREERTOS.1.3.1
2025-06-12 11:13:08,077 [WARN] PackLoader:240 - Cannot read IP mode file for STMicroelectronics.X-CUBE-FREERTOS.1.3.0
2025-06-12 11:13:08,152 [WARN] PackLoader:240 - Cannot read IP mode file for STMicroelectronics.X-CUBE-NFC7.1.0.1
2025-06-12 11:13:08,185 [WARN] PackLoader:240 - Cannot read IP mode file for STMicroelectronics.X-CUBE-DPower.1.3.0
2025-06-12 11:13:08,309 [WARN] ConditionMgr:438 - getConditionDescription Invalid condition id : LAN8742 Phy interface Condition cause : null
2025-06-12 11:13:08,313 [WARN] PackLoader:240 - Cannot read IP mode file for STMicroelectronics.X-CUBE-AZRTOS-L4.2.0.0
2025-06-12 11:13:08,317 [WARN] ConditionMgr:1044 - genDependencies : Invalid condition id : LAN8742 Phy interface Condition cause : null
2025-06-12 11:13:08,318 [WARN] ConditionMgr:1044 - genDependencies : Invalid condition id : LAN8742 Phy interface Condition cause : null
2025-06-12 11:13:08,320 [WARN] ConditionMgr:1044 - genDependencies : Invalid condition id : LAN8742 Phy interface Condition cause : null
2025-06-12 11:13:08,395 [WARN] PackLoader:240 - Cannot read IP mode file for STMicroelectronics.X-CUBE-SFXS2LP1.4.0.0
2025-06-12 11:13:08,460 [INFO] UserAuth:486 - Internet connection configuration mode: 1
2025-06-12 11:13:08,508 [WARN] PackLoader:240 - Cannot read IP mode file for STMicroelectronics.X-CUBE-AZRTOS-H7.3.3.0
2025-06-12 11:13:08,606 [WARN] ConditionMgr:438 - getConditionDescription Invalid condition id : UX DEVICE CLASS RTOS Condition cause : null
2025-06-12 11:13:08,607 [WARN] ConditionMgr:438 - getConditionDescription Invalid condition id : UX DEVICE CLASS RTOS Condition cause : null
2025-06-12 11:13:08,613 [WARN] PackLoader:240 - Cannot read IP mode file for STMicroelectronics.X-CUBE-AZRTOS-WB.2.0.0
2025-06-12 11:13:08,614 [WARN] ConditionMgr:1044 - genDependencies : Invalid condition id : UX DEVICE CLASS RTOS Condition cause : null
2025-06-12 11:13:08,615 [WARN] ConditionMgr:1044 - genDependencies : Invalid condition id : UX DEVICE CLASS RTOS Condition cause : null
2025-06-12 11:13:08,617 [WARN] ConditionMgr:1044 - genDependencies : Invalid condition id : UX DEVICE CLASS RTOS Condition cause : null
2025-06-12 11:13:08,618 [WARN] ConditionMgr:1044 - genDependencies : Invalid condition id : UX DEVICE CLASS RTOS Condition cause : null
2025-06-12 11:13:08,618 [WARN] ConditionMgr:1044 - genDependencies : Invalid condition id : UX DEVICE CLASS RTOS Condition cause : null
2025-06-12 11:13:08,685 [WARN] PackLoader:240 - Cannot read IP mode file for STMicroelectronics.X-CUBE-GNSS1.7.0.1
2025-06-12 11:13:08,741 [WARN] PackLoader:240 - Cannot read IP mode file for STMicroelectronics.X-CUBE-TOUCHGFX.4.25.0
2025-06-12 11:13:08,799 [WARN] PackLoader:240 - Cannot read IP mode file for STMicroelectronics.FP-SNS-STBOX1.2.0.0
2025-06-12 11:13:08,847 [WARN] PackLoader:240 - Cannot read IP mode file for STMicroelectronics.X-CUBE-SUBG2.5.0.0
2025-06-12 11:13:08,971 [WARN] PackLoader:240 - Cannot read IP mode file for STMicroelectronics.X-CUBE-AZRTOS-H7RS.1.1.0
2025-06-12 11:13:09,031 [WARN] PackLoader:240 - Cannot read IP mode file for Cesanta.I-CUBE-Mongoose.7.13.0
2025-06-12 11:13:09,087 [WARN] PackLoader:240 - Cannot read IP mode file for STMicroelectronics.X-CUBE-AZRTOS-G4.2.0.0
2025-06-12 11:13:09,136 [WARN] PackLoader:240 - Cannot read IP mode file for STMicroelectronics.X-CUBE-NFC7.2.0.0
2025-06-12 11:13:09,212 [WARN] PackLoader:240 - Cannot read IP mode file for STMicroelectronics.X-CUBE-IPS.3.1.0
2025-06-12 11:13:09,271 [WARN] PackLoader:240 - Cannot read IP mode file for STMicroelectronics.X-CUBE-ALS.1.0.2
2025-06-12 11:13:09,316 [WARN] PackLoader:240 - Cannot read IP mode file for STMicroelectronics.X-CUBE-TOUCHGFX.4.24.2
2025-06-12 11:13:09,364 [WARN] PackLoader:240 - Cannot read IP mode file for wolfSSL.I-CUBE-wolfTPM.3.4.0
2025-06-12 11:13:09,398 [WARN] PackLoader:240 - Cannot read IP mode file for portGmbH.I-Cube-SoM-uGOAL.1.1.0
2025-06-12 11:13:09,497 [WARN] PackLoader:240 - Cannot read IP mode file for STMicroelectronics.X-CUBE-AZRTOS-H7RS.1.0.0
2025-06-12 11:13:09,573 [WARN] PackLoader:240 - Cannot read IP mode file for STMicroelectronics.X-CUBE-TOF1.3.4.2
2025-06-12 11:13:09,662 [WARN] PackLoader:240 - Cannot read IP mode file for STMicroelectronics.X-CUBE-TOF1.3.4.3
2025-06-12 11:13:09,737 [WARN] PackLoader:240 - Cannot read IP mode file for wolfSSL.I-CUBE-wolfSSH.1.4.17
2025-06-12 11:13:09,739 [INFO] ThirdParty:978 - Integrity check success = true
2025-06-12 11:13:09,740 [INFO] IntegrityCheckThread:100 - exiting critical section [integrity check]
2025-06-12 11:13:09,740 [INFO] IntegrityCheckThread:103 - End integrity checks thread
