2025-07-01 16:15:45,722 [INFO] Activator:176 - 


2025-07-01 16:15:45,733 [INFO] Activator:177 - !SESSION log4j initialized
2025-07-01 16:15:57,811 [INFO] LogOutputStream:77 - [STDOUT_REDIRECT] 
2025-07-01 16:16:03,316 [INFO] ApplicationProperties:184 - Using Application install path: C:\ST\STM32CubeIDE_1.17.0\STM32CubeIDE\plugins\com.st.stm32cube.common.mx_6.13.0.202411220809
2025-07-01 16:16:03,346 [INFO] DbMcusXml:78 - Set database path to: C:\ST\STM32CubeIDE_1.17.0\STM32CubeIDE\plugins\com.st.stm32cube.common.mx_6.13.0.202411220809\\db\/mcu/
2025-07-01 16:16:03,346 [INFO] ApiDb:274 - Set plugin database path to: C:\ST\STM32CubeIDE_1.17.0\STM32CubeIDE\plugins\com.st.stm32cube.common.mx_6.13.0.202411220809\\db\/plugins/boardmanager/
2025-07-01 16:16:03,347 [WARN] ApiDb:259 - Overriding images path with different value:  => C:\ST\STM32CubeIDE_1.17.0\STM32CubeIDE\plugins\com.st.stm32cube.common.mx_6.13.0.202411220809\\db\/plugins/mcufinder/images/
2025-07-01 16:16:03,381 [INFO] ApiDb:250 - Set database path to: C:\Users\thepd\.stmcufinder\plugins\mcufinder//mcu/
2025-07-01 16:16:03,384 [INFO] DbMcusAds:125 - Set database path to: C:\Users\thepd\.stmcufinder\plugins\mcufinder//mcu/
2025-07-01 16:16:03,389 [INFO] CrossReferenceDbSqlite:203 - Set database path to: C:\Users\thepd\.stmcufinder\plugins\mcufinder//mcu/cs/
2025-07-01 16:16:03,556 [INFO] RulesReader:64 - Compatibility file has been processed (297 Rules)
2025-07-01 16:16:03,707 [INFO] DbMcusXml:78 - Set database path to: C:\ST\STM32CubeIDE_1.17.0\STM32CubeIDE\plugins\com.st.stm32cube.common.mx_6.13.0.202411220809\\db\/mcu/
2025-07-01 16:16:03,707 [INFO] ApiDb:274 - Set plugin database path to: C:\ST\STM32CubeIDE_1.17.0\STM32CubeIDE\plugins\com.st.stm32cube.common.mx_6.13.0.202411220809\\db\/plugins/boardmanager/
2025-07-01 16:16:03,708 [INFO] ApiDb:261 - Set plugin images path to: C:\ST\STM32CubeIDE_1.17.0\STM32CubeIDE\plugins\com.st.stm32cube.common.mx_6.13.0.202411220809\\db\/plugins/mcufinder/images/
2025-07-01 16:16:03,708 [WARN] DbFile:41 - Overriding database path with different value: C:\Users\thepd\.stmcufinder\plugins\mcufinder/ => C:\Users\thepd\.stmcufinder\plugins\mcufinder
2025-07-01 16:16:03,708 [INFO] ApiDb:250 - Set database path to: C:\Users\thepd\.stmcufinder\plugins\mcufinder//mcu/
2025-07-01 16:16:03,708 [WARN] DbFile:41 - Overriding database path with different value: C:\Users\thepd\.stmcufinder\plugins\mcufinder/ => C:\Users\thepd\.stmcufinder\plugins\mcufinder
2025-07-01 16:16:03,708 [INFO] DbMcusAds:125 - Set database path to: C:\Users\thepd\.stmcufinder\plugins\mcufinder//mcu/
2025-07-01 16:16:03,708 [WARN] DbFile:41 - Overriding database path with different value: C:\Users\thepd\.stmcufinder\plugins\mcufinder/ => C:\Users\thepd\.stmcufinder\plugins\mcufinder
2025-07-01 16:16:03,709 [WARN] DbFile:41 - Overriding database path with different value: C:\Users\thepd\.stmcufinder\plugins\mcufinder/ => C:\Users\thepd\.stmcufinder\plugins\mcufinder
2025-07-01 16:16:03,709 [INFO] CrossReferenceDbSqlite:203 - Set database path to: C:\Users\thepd\.stmcufinder\plugins\mcufinder//mcu/cs/
2025-07-01 16:16:03,836 [INFO] MainPanel:272 - HeapMemory: 268435456
2025-07-01 16:16:04,061 [INFO] DbMcusXml:78 - Set database path to: C:\ST\STM32CubeIDE_1.17.0\STM32CubeIDE\plugins\com.st.stm32cube.common.mx_6.13.0.202411220809\\db\/mcu/
2025-07-01 16:16:04,061 [INFO] ApiDb:274 - Set plugin database path to: C:\ST\STM32CubeIDE_1.17.0\STM32CubeIDE\plugins\com.st.stm32cube.common.mx_6.13.0.202411220809\\db\/plugins/boardmanager/
2025-07-01 16:16:04,061 [INFO] ApiDb:261 - Set plugin images path to: C:\ST\STM32CubeIDE_1.17.0\STM32CubeIDE\plugins\com.st.stm32cube.common.mx_6.13.0.202411220809\\db\/plugins/mcufinder/images/
2025-07-01 16:16:04,062 [WARN] DbFile:41 - Overriding database path with different value: C:\Users\thepd\.stmcufinder\plugins\mcufinder/ => C:\Users\thepd\.stmcufinder\plugins\mcufinder
2025-07-01 16:16:04,062 [INFO] ApiDb:250 - Set database path to: C:\Users\thepd\.stmcufinder\plugins\mcufinder//mcu/
2025-07-01 16:16:04,062 [WARN] DbFile:41 - Overriding database path with different value: C:\Users\thepd\.stmcufinder\plugins\mcufinder/ => C:\Users\thepd\.stmcufinder\plugins\mcufinder
2025-07-01 16:16:04,063 [INFO] DbMcusAds:125 - Set database path to: C:\Users\thepd\.stmcufinder\plugins\mcufinder//mcu/
2025-07-01 16:16:04,063 [WARN] DbFile:41 - Overriding database path with different value: C:\Users\thepd\.stmcufinder\plugins\mcufinder/ => C:\Users\thepd\.stmcufinder\plugins\mcufinder
2025-07-01 16:16:04,063 [WARN] DbFile:41 - Overriding database path with different value: C:\Users\thepd\.stmcufinder\plugins\mcufinder/ => C:\Users\thepd\.stmcufinder\plugins\mcufinder
2025-07-01 16:16:04,063 [INFO] CrossReferenceDbSqlite:203 - Set database path to: C:\Users\thepd\.stmcufinder\plugins\mcufinder//mcu/cs/
2025-07-01 16:16:04,110 [INFO] ApplicationProperties:184 - Using Application install path: C:\ST\STM32CubeIDE_1.17.0\STM32CubeIDE\plugins\com.st.stm32cube.common.mx_6.13.0.202411220809
2025-07-01 16:16:04,114 [INFO] PluginManage:196 - Search for loadable plugins [exclusion list=, ]
2025-07-01 16:16:04,118 [INFO] PluginManage:310 - Check plugin analytics
2025-07-01 16:16:04,477 [INFO] AnalyticsPlugin:253 - Accepted Software Licenses: STM32CubeMX.6.4.0,STM32CubeMX.6.14.0
2025-07-01 16:16:04,477 [INFO] AnalyticsPlugin:255 - Accepted CMSIS Pack Licenses: 
2025-07-01 16:16:04,478 [INFO] AnalyticsPlugin:257 - Accepted Firmware Licenses: FW.G4.1.6.0,FW.G4.1.5.0,FW.F4.1.28.0
2025-07-01 16:16:04,482 [INFO] PluginManage:359 - Loaded plugin analytics (category:tool,tabindex:-1)
2025-07-01 16:16:04,482 [INFO] PluginManage:310 - Check plugin cadmodel
2025-07-01 16:16:04,510 [INFO] CADModel:105 - Init CAD model plugin
2025-07-01 16:16:04,511 [INFO] PluginManage:359 - Loaded plugin cadmodel (category:power,tabindex:5)
2025-07-01 16:16:04,511 [INFO] PluginManage:310 - Check plugin clock
2025-07-01 16:16:04,549 [INFO] PluginManage:359 - Loaded plugin clock (category:base,tabindex:2)
2025-07-01 16:16:04,550 [INFO] PluginManage:310 - Check plugin ddr
2025-07-01 16:16:04,554 [INFO] PluginManage:359 - Loaded plugin ddr (category:tool,tabindex:6)
2025-07-01 16:16:04,555 [INFO] PluginManage:310 - Check plugin filemanager
2025-07-01 16:16:04,786 [INFO] PluginManage:359 - Loaded plugin filemanager (category:base,tabindex:10)
2025-07-01 16:16:04,786 [INFO] PluginManage:310 - Check plugin ipmanager
2025-07-01 16:16:04,799 [INFO] PluginManage:359 - Loaded plugin ipmanager (category:base,tabindex:5)
2025-07-01 16:16:04,799 [INFO] PluginManage:310 - Check plugin lpbam
2025-07-01 16:16:04,825 [INFO] PluginManage:359 - Loaded plugin lpbam (category:base,tabindex:0)
2025-07-01 16:16:04,825 [INFO] PluginManage:310 - Check plugin memorymap
2025-07-01 16:16:04,867 [INFO] PluginManage:359 - Loaded plugin memorymap (category:base,tabindex:4)
2025-07-01 16:16:04,867 [INFO] PluginManage:310 - Check plugin pinoutandconfiguration
2025-07-01 16:16:04,903 [INFO] PluginManage:359 - Loaded plugin pinoutandconfiguration (category:base,tabindex:1)
2025-07-01 16:16:04,903 [INFO] PluginManage:310 - Check plugin pinoutconfig
2025-07-01 16:16:05,083 [WARN] SupportedApi:132 - Cannot load RTOS API schema: s4s-elt-must-match.1: The content of 'definitions' must match (annotation?, (simpleType | complexType)?, (unique | key | keyref)*)). A problem was found starting at: attribute.
2025-07-01 16:16:05,327 [INFO] PluginManage:359 - Loaded plugin pinoutconfig (category:base,tabindex:0)
2025-07-01 16:16:05,327 [INFO] PluginManage:310 - Check plugin power
2025-07-01 16:16:05,356 [INFO] PluginManage:359 - Loaded plugin power (category:power,tabindex:4)
2025-07-01 16:16:05,356 [INFO] PluginManage:310 - Check plugin projectmanager
2025-07-01 16:16:05,380 [INFO] PluginManage:359 - Loaded plugin projectmanager (category:projectmanager,tabindex:4)
2025-07-01 16:16:05,380 [INFO] PluginManage:310 - Check plugin rif
2025-07-01 16:16:05,410 [INFO] PluginManage:359 - Loaded plugin rif (category:base,tabindex:3)
2025-07-01 16:16:05,410 [INFO] PluginManage:310 - Check plugin thirdparty
2025-07-01 16:16:05,938 [WARN] IntegrityCheckThread:84 - waiting for thirdparty lock release [integrity check]
2025-07-01 16:16:05,939 [INFO] PluginManage:359 - Loaded plugin thirdparty (category:base,tabindex:-1)
2025-07-01 16:16:05,939 [INFO] IntegrityCheckThread:86 - entering critical section [integrity check]
2025-07-01 16:16:05,939 [INFO] PluginManage:310 - Check plugin tools
2025-07-01 16:16:05,939 [INFO] ThirdPartyUpdaterWithRetryManager:70 - Updater plugin not ready yet. [1/15]
2025-07-01 16:16:06,003 [INFO] PluginManage:359 - Loaded plugin tools (category:base,tabindex:7)
2025-07-01 16:16:06,003 [INFO] PluginManage:310 - Check plugin tutovideos
2025-07-01 16:16:06,417 [INFO] PluginManage:359 - Loaded plugin tutovideos (category:base,tabindex:-1)
2025-07-01 16:16:06,417 [INFO] PluginManage:310 - Check plugin updater
2025-07-01 16:16:06,455 [INFO] PluginManage:359 - Loaded plugin updater (category:base,tabindex:12)
2025-07-01 16:16:06,455 [INFO] PluginManage:310 - Check plugin userauth
2025-07-01 16:16:06,462 [INFO] UserAuth:118 - Init User Auth plugin
2025-07-01 16:16:06,463 [INFO] PluginManage:359 - Loaded plugin userauth (category:base,tabindex:14)
2025-07-01 16:16:06,464 [INFO] PluginManage:283 - PluginManage : Loaded plugins [18]
2025-07-01 16:16:06,862 [INFO] PinOutPanel:1589 - setPackage(No Configuration,No Configuration)
2025-07-01 16:16:07,019 [INFO] CADModel:165 - CPN selected for project level
2025-07-01 16:16:07,019 [INFO] CADModel:114 - Register for checkConnection events
2025-07-01 16:16:07,062 [INFO] IPUIPlugin:80 - create IPUIPlugin
2025-07-01 16:16:07,062 [INFO] PluginManager:220 - loadIPPluginJar : add adc
2025-07-01 16:16:07,133 [INFO] IPUIPlugin:80 - create IPUIPlugin
2025-07-01 16:16:07,133 [INFO] PluginManager:220 - loadIPPluginJar : add aes
2025-07-01 16:16:07,226 [INFO] IPUIPlugin:80 - create IPUIPlugin
2025-07-01 16:16:07,228 [INFO] PluginManager:220 - loadIPPluginJar : add can
2025-07-01 16:16:07,295 [INFO] IPUIPlugin:80 - create IPUIPlugin
2025-07-01 16:16:07,295 [INFO] PluginManager:220 - loadIPPluginJar : add comp
2025-07-01 16:16:07,445 [INFO] IPUIPlugin:80 - create IPUIPlugin
2025-07-01 16:16:07,447 [INFO] PluginManager:220 - loadIPPluginJar : add cryp
2025-07-01 16:16:07,537 [INFO] IPUIPlugin:80 - create IPUIPlugin
2025-07-01 16:16:07,538 [INFO] PluginManager:220 - loadIPPluginJar : add ddr_ctrl_phy
2025-07-01 16:16:07,645 [INFO] IPUIPlugin:80 - create IPUIPlugin
2025-07-01 16:16:07,645 [INFO] PluginManager:220 - loadIPPluginJar : add dfsdm
2025-07-01 16:16:07,683 [INFO] IPUIPlugin:80 - create IPUIPlugin
2025-07-01 16:16:07,683 [INFO] PluginManager:220 - loadIPPluginJar : add dma
2025-07-01 16:16:07,788 [INFO] IPUIPlugin:80 - create IPUIPlugin
2025-07-01 16:16:07,788 [INFO] PluginManager:220 - loadIPPluginJar : add dma3
2025-07-01 16:16:07,910 [INFO] IPUIPlugin:80 - create IPUIPlugin
2025-07-01 16:16:07,910 [INFO] PluginManager:220 - loadIPPluginJar : add extmemmanager
2025-07-01 16:16:07,991 [INFO] IPUIPlugin:80 - create IPUIPlugin
2025-07-01 16:16:07,991 [INFO] PluginManager:220 - loadIPPluginJar : add fatfs
2025-07-01 16:16:08,158 [INFO] IPUIPlugin:80 - create IPUIPlugin
2025-07-01 16:16:08,158 [INFO] PluginManager:220 - loadIPPluginJar : add fmc
2025-07-01 16:16:08,236 [INFO] IPUIPlugin:80 - create IPUIPlugin
2025-07-01 16:16:08,238 [INFO] PluginManager:220 - loadIPPluginJar : add freertos
2025-07-01 16:16:08,330 [INFO] IPUIPlugin:80 - create IPUIPlugin
2025-07-01 16:16:08,330 [INFO] PluginManager:220 - loadIPPluginJar : add genericplugin
2025-07-01 16:16:08,688 [INFO] IPUIPlugin:80 - create IPUIPlugin
2025-07-01 16:16:08,688 [INFO] PluginManager:220 - loadIPPluginJar : add gfxmmu
2025-07-01 16:16:08,942 [INFO] ThirdPartyUpdaterWithRetryManager:70 - Updater plugin not ready yet. [2/15]
2025-07-01 16:16:09,219 [INFO] IPUIPlugin:80 - create IPUIPlugin
2025-07-01 16:16:09,219 [INFO] PluginManager:220 - loadIPPluginJar : add gic
2025-07-01 16:16:09,252 [INFO] IPUIPlugin:80 - create IPUIPlugin
2025-07-01 16:16:09,252 [INFO] PluginManager:220 - loadIPPluginJar : add gpio
2025-07-01 16:16:09,574 [INFO] IPUIPlugin:80 - create IPUIPlugin
2025-07-01 16:16:09,575 [INFO] PluginManager:220 - loadIPPluginJar : add gtzc
2025-07-01 16:16:09,923 [INFO] IPUIPlugin:80 - create IPUIPlugin
2025-07-01 16:16:09,925 [INFO] PluginManager:220 - loadIPPluginJar : add hash
2025-07-01 16:16:10,862 [INFO] IPUIPlugin:80 - create IPUIPlugin
2025-07-01 16:16:10,865 [INFO] PluginManager:220 - loadIPPluginJar : add i2c
2025-07-01 16:16:11,117 [INFO] IPUIPlugin:80 - create IPUIPlugin
2025-07-01 16:16:11,117 [INFO] PluginManager:220 - loadIPPluginJar : add i2s
2025-07-01 16:16:11,363 [INFO] IPUIPlugin:80 - create IPUIPlugin
2025-07-01 16:16:11,364 [INFO] PluginManager:220 - loadIPPluginJar : add i3c
2025-07-01 16:16:11,905 [INFO] IPUIPlugin:80 - create IPUIPlugin
2025-07-01 16:16:11,905 [INFO] PluginManager:220 - loadIPPluginJar : add ipddr
2025-07-01 16:16:11,951 [INFO] ThirdPartyUpdaterWithRetryManager:70 - Updater plugin not ready yet. [3/15]
2025-07-01 16:16:12,315 [INFO] IPUIPlugin:80 - create IPUIPlugin
2025-07-01 16:16:12,316 [INFO] PluginManager:220 - loadIPPluginJar : add linkedlist
2025-07-01 16:16:12,467 [INFO] IPUIPlugin:80 - create IPUIPlugin
2025-07-01 16:16:12,467 [INFO] PluginManager:220 - loadIPPluginJar : add lorawan
2025-07-01 16:16:12,656 [INFO] IPUIPlugin:80 - create IPUIPlugin
2025-07-01 16:16:12,656 [INFO] PluginManager:220 - loadIPPluginJar : add ltdc
2025-07-01 16:16:12,702 [INFO] IPUIPlugin:80 - create IPUIPlugin
2025-07-01 16:16:12,703 [INFO] PluginManager:220 - loadIPPluginJar : add mdma
2025-07-01 16:16:12,730 [INFO] IPUIPlugin:80 - create IPUIPlugin
2025-07-01 16:16:12,730 [INFO] PluginManager:220 - loadIPPluginJar : add nvic
2025-07-01 16:16:12,849 [INFO] IPUIPlugin:80 - create IPUIPlugin
2025-07-01 16:16:12,849 [INFO] PluginManager:220 - loadIPPluginJar : add opamp
2025-07-01 16:16:13,085 [INFO] IPUIPlugin:80 - create IPUIPlugin
2025-07-01 16:16:13,086 [INFO] PluginManager:220 - loadIPPluginJar : add openamp
2025-07-01 16:16:13,287 [INFO] IPUIPlugin:80 - create IPUIPlugin
2025-07-01 16:16:13,287 [INFO] PluginManager:220 - loadIPPluginJar : add pdm2pcm
2025-07-01 16:16:13,330 [INFO] IPUIPlugin:80 - create IPUIPlugin
2025-07-01 16:16:13,340 [INFO] PluginManager:220 - loadIPPluginJar : add plateformsettings
2025-07-01 16:16:13,435 [INFO] IPUIPlugin:80 - create IPUIPlugin
2025-07-01 16:16:13,436 [INFO] PluginManager:220 - loadIPPluginJar : add quadspi
2025-07-01 16:16:13,570 [INFO] IPUIPlugin:80 - create IPUIPlugin
2025-07-01 16:16:13,572 [INFO] PluginManager:220 - loadIPPluginJar : add radio
2025-07-01 16:16:13,628 [INFO] IPUIPlugin:80 - create IPUIPlugin
2025-07-01 16:16:13,628 [INFO] PluginManager:220 - loadIPPluginJar : add resmgrutility
2025-07-01 16:16:13,889 [INFO] IPUIPlugin:80 - create IPUIPlugin
2025-07-01 16:16:13,890 [INFO] PluginManager:220 - loadIPPluginJar : add sai
2025-07-01 16:16:14,083 [INFO] IPUIPlugin:80 - create IPUIPlugin
2025-07-01 16:16:14,084 [INFO] PluginManager:220 - loadIPPluginJar : add spi
2025-07-01 16:16:14,469 [INFO] IPUIPlugin:80 - create IPUIPlugin
2025-07-01 16:16:14,470 [INFO] PluginManager:220 - loadIPPluginJar : add stm32_wpan
2025-07-01 16:16:14,546 [INFO] IPUIPlugin:80 - create IPUIPlugin
2025-07-01 16:16:14,546 [INFO] PluginManager:220 - loadIPPluginJar : add tim
2025-07-01 16:16:14,868 [INFO] IPUIPlugin:80 - create IPUIPlugin
2025-07-01 16:16:14,869 [INFO] PluginManager:220 - loadIPPluginJar : add touchsensing
2025-07-01 16:16:14,952 [INFO] ThirdPartyUpdaterWithRetryManager:70 - Updater plugin not ready yet. [4/15]
2025-07-01 16:16:14,987 [INFO] IPUIPlugin:80 - create IPUIPlugin
2025-07-01 16:16:14,987 [INFO] PluginManager:220 - loadIPPluginJar : add tracer_emb
2025-07-01 16:16:15,070 [INFO] IPUIPlugin:80 - create IPUIPlugin
2025-07-01 16:16:15,070 [INFO] PluginManager:220 - loadIPPluginJar : add ts
2025-07-01 16:16:15,173 [INFO] IPUIPlugin:80 - create IPUIPlugin
2025-07-01 16:16:15,173 [INFO] PluginManager:220 - loadIPPluginJar : add tsc
2025-07-01 16:16:15,283 [INFO] IPUIPlugin:80 - create IPUIPlugin
2025-07-01 16:16:15,284 [INFO] PluginManager:220 - loadIPPluginJar : add ucpd
2025-07-01 16:16:15,447 [INFO] IPUIPlugin:80 - create IPUIPlugin
2025-07-01 16:16:15,447 [INFO] PluginManager:220 - loadIPPluginJar : add usart
2025-07-01 16:16:15,654 [INFO] IPUIPlugin:80 - create IPUIPlugin
2025-07-01 16:16:15,654 [INFO] PluginManager:220 - loadIPPluginJar : add usbx
2025-07-01 16:16:15,931 [FATAL] Updater:351 - Updater called before beeing initialized
2025-07-01 16:16:16,036 [INFO] RulesReader:64 - Compatibility file has been processed (297 Rules)
2025-07-01 16:16:16,080 [INFO] RulesReader:64 - Compatibility file has been processed (297 Rules)
2025-07-01 16:16:16,105 [INFO] CADModel:165 - CPN selected for project level
2025-07-01 16:16:16,106 [INFO] CADModel:114 - Register for checkConnection events
2025-07-01 16:16:16,106 [FATAL] Updater:351 - Updater called before beeing initialized
2025-07-01 16:16:16,107 [ERROR] CADModel:125 - Updater not yet initialized, retry later 
2025-07-01 16:16:16,690 [FATAL] Updater:351 - Updater called before beeing initialized
2025-07-01 16:16:16,696 [INFO] CADModel:165 - CPN selected for project level
2025-07-01 16:16:16,697 [INFO] CADModel:114 - Register for checkConnection events
2025-07-01 16:16:16,697 [FATAL] Updater:351 - Updater called before beeing initialized
2025-07-01 16:16:16,697 [ERROR] CADModel:125 - Updater not yet initialized, retry later 
2025-07-01 16:16:16,708 [FATAL] Updater:351 - Updater called before beeing initialized
2025-07-01 16:16:17,139 [FATAL] Updater:351 - Updater called before beeing initialized
2025-07-01 16:16:17,183 [INFO] DbMcusAds:53 - JSON generation date=Thu Mar 06 15:54:21 GMT+01:00 2025 (1741272861825)
2025-07-01 16:16:17,184 [FATAL] Updater:351 - Updater called before beeing initialized
2025-07-01 16:16:17,345 [WARN] DetailPanel:346 - Failed to get advertising image, set to default
2025-07-01 16:16:17,953 [INFO] ThirdPartyUpdaterWithRetryManager:70 - Updater plugin not ready yet. [5/15]
2025-07-01 16:16:18,469 [FATAL] Updater:351 - Updater called before beeing initialized
2025-07-01 16:16:18,476 [FATAL] Updater:351 - Updater called before beeing initialized
2025-07-01 16:16:18,477 [FATAL] Updater:351 - Updater called before beeing initialized
2025-07-01 16:16:18,477 [WARN] DetailPanel:346 - Failed to get advertising image, set to default
2025-07-01 16:16:18,481 [FATAL] Updater:351 - Updater called before beeing initialized
2025-07-01 16:16:18,701 [ERROR] Updater:1198 - MainUpdater not yet initialized. External WinMGr cannot be set.
2025-07-01 16:16:18,728 [INFO] Updater:1134 - Updater Version found : 6.13.0
2025-07-01 16:16:18,798 [INFO] ApplicationProperties:184 - Using Application install path: C:\ST\STM32CubeIDE_1.17.0\STM32CubeIDE\plugins\com.st.stm32cube.common.mx_6.13.0.202411220809
2025-07-01 16:16:20,050 [INFO] MainUpdater:2872 - connection check result : 10
2025-07-01 16:16:20,051 [INFO] MainUpdater:3566 - Updater definition file requires update
2025-07-01 16:16:20,055 [INFO] MainUpdater:289 - Updater Check For Update Now.
2025-07-01 16:16:20,056 [INFO] MicroXplorer:498 - Change Database Version : DB.6.0.130
2025-07-01 16:16:20,114 [INFO] McuFinderGlobals:63 - Set McuFinder mode to 2 (CubeIDE integrated)
2025-07-01 16:16:20,142 [INFO] UserAuth:486 - Internet connection configuration mode: 1
2025-07-01 16:16:20,156 [INFO] ServerAccessManage:473 - Download File updaters.zip
2025-07-01 16:16:20,243 [INFO] JxBrowserEngine:152 - Initiate JxBrowser Engine with user profile folder
2025-07-01 16:16:20,502 [INFO] FileExtend:240 - Unzip File : updaters.zip
2025-07-01 16:16:20,503 [INFO] FileExtend:255 - Standard Zip Deflate
2025-07-01 16:16:20,962 [WARN] MainUpdater:1193 - Updater busy. Cannot search thirdparties
2025-07-01 16:16:20,963 [INFO] ThirdPartyUpdaterWithRetryManager:96 - Updater plugin is busy. [1/15]
2025-07-01 16:16:23,980 [WARN] MainUpdater:1193 - Updater busy. Cannot search thirdparties
2025-07-01 16:16:23,981 [INFO] ThirdPartyUpdaterWithRetryManager:96 - Updater plugin is busy. [2/15]
2025-07-01 16:16:24,506 [INFO] ServerAccessManage:473 - Download File PacksControlFlags.xml
2025-07-01 16:16:24,962 [INFO] ServerAccessManage:473 - Download File cubemx.pidx
2025-07-01 16:16:25,691 [INFO] WebApp:168 - Instantiating new browser for Auth
2025-07-01 16:16:26,773 [INFO] ServerAccessManage:473 - Download File STMicroelectronics.FP-SNS-STAIOTCFT.pdsc
2025-07-01 16:16:26,984 [WARN] MainUpdater:1193 - Updater busy. Cannot search thirdparties
2025-07-01 16:16:26,984 [INFO] ThirdPartyUpdaterWithRetryManager:96 - Updater plugin is busy. [3/15]
2025-07-01 16:16:28,447 [INFO] WebApp:449 - Apply proxy settings
2025-07-01 16:16:28,448 [INFO] WebApp:534 - Chromium requires no authentication
2025-07-01 16:16:28,479 [INFO] WebApp:477 - Direct internet connection detected
2025-07-01 16:16:28,715 [INFO] WebApp:880 - Register for checkConnection events
2025-07-01 16:16:28,715 [INFO] WebApp:449 - Apply proxy settings
2025-07-01 16:16:28,716 [INFO] WebApp:534 - Chromium requires no authentication
2025-07-01 16:16:28,726 [INFO] WebApp:477 - Direct internet connection detected
2025-07-01 16:16:28,858 [INFO] WebApp:187 - Connection restablished
2025-07-01 16:16:29,989 [WARN] MainUpdater:1193 - Updater busy. Cannot search thirdparties
2025-07-01 16:16:29,990 [INFO] ThirdPartyUpdaterWithRetryManager:96 - Updater plugin is busy. [4/15]
2025-07-01 16:16:30,072 [INFO] WebApp:221 - Starting web application
2025-07-01 16:16:30,072 [INFO] WebApp:579 - Web application path used C:\ST\STM32CubeIDE_1.17.0\STM32CubeIDE\plugins\com.st.stm32cube.common.mx_6.13.0.202411220809\db\plugins\mcufinder\reactClient1\index.html
2025-07-01 16:16:30,482 [INFO] UserAuth:486 - Internet connection configuration mode: 1
2025-07-01 16:16:32,723 [WARN] PackLoader:240 - Cannot read IP mode file for STMicroelectronics.FP-SNS-STAIOTCFT.1.0.0
2025-07-01 16:16:32,732 [INFO] PopulateThirdPartyThread:66 - Ending populate Thread
2025-07-01 16:16:32,735 [INFO] ThirdParty:1030 - CMSIS Pack Vendor :STMicroelectronics FP-SNS-STAIOTCFT 1.0.0
2025-07-01 16:16:32,736 [INFO] LoadServerUpdatesThread:375 - End of LoadServerUpdate Thread
2025-07-01 16:16:32,992 [WARN] MainUpdater:1193 - Updater busy. Cannot search thirdparties
2025-07-01 16:16:32,994 [INFO] ThirdPartyUpdaterWithRetryManager:96 - Updater plugin is busy. [5/15]
2025-07-01 16:16:33,042 [INFO] CheckServerUpdateThread:120 - End of CheckServer Thread
2025-07-01 16:16:39,505 [WARN] PackLoader:240 - Cannot read IP mode file for STMicroelectronics.FP-SNS-MOTENVWB1.1.4.0
2025-07-01 16:16:39,568 [WARN] PackLoader:240 - Cannot read IP mode file for STMicroelectronics.FP-ATR-ASTRA1.2.0.2
2025-07-01 16:16:39,726 [WARN] PackLoader:240 - Cannot read IP mode file for STMicroelectronics.FP-ATR-ASTRA1.2.0.1
2025-07-01 16:16:39,927 [WARN] PackLoader:240 - Cannot read IP mode file for STMicroelectronics.X-CUBE-SMBUS.2.1.0
2025-07-01 16:16:40,133 [WARN] PackLoader:240 - Cannot read IP mode file for STMicroelectronics.X-CUBE-WB05N.1.1.0
2025-07-01 16:16:40,355 [WARN] PackLoader:240 - Cannot read IP mode file for STMicroelectronics.X-CUBE-ST60.1.0.0
2025-07-01 16:16:40,843 [WARN] PackLoader:240 - Cannot read IP mode file for STMicroelectronics.X-CUBE-AZRTOS-F7.1.1.0
2025-07-01 16:16:41,594 [WARN] PackLoader:240 - Cannot read IP mode file for STMicroelectronics.FP-SNS-FLIGHT1.5.0.2
2025-07-01 16:16:42,015 [WARN] PackLoader:240 - Cannot read IP mode file for Infineon.AIROC-Wi-Fi-Bluetooth-STM32.1.7.0
2025-07-01 16:16:42,342 [WARN] PackLoader:240 - Cannot read IP mode file for STMicroelectronics.X-CUBE-DISPLAY.3.0.0
2025-07-01 16:16:42,568 [WARN] PackLoader:240 - Cannot read IP mode file for STMicroelectronics.X-CUBE-BLE1.7.0.0
2025-07-01 16:16:42,742 [WARN] PackLoader:240 - Cannot read IP mode file for STMicroelectronics.X-CUBE-NFC10.1.0.0
2025-07-01 16:16:43,000 [WARN] PackLoader:240 - Cannot read IP mode file for STMicroelectronics.X-CUBE-BLEMGR.4.0.0
2025-07-01 16:16:43,222 [WARN] PackLoader:240 - Cannot read IP mode file for emotas.I-CUBE-CANOPEN.1.3.0
2025-07-01 16:16:43,386 [WARN] PackLoader:240 - Cannot read IP mode file for STMicroelectronics.X-CUBE-AI.10.0.0
2025-07-01 16:16:43,549 [WARN] PackLoader:240 - Cannot read IP mode file for STMicroelectronics.FP-SNS-SMARTAG2.1.2.0
2025-07-01 16:16:43,609 [WARN] PackLoader:240 - Cannot read IP mode file for STMicroelectronics.FP-SNS-FLIGHT1.5.1.0
2025-07-01 16:16:44,343 [WARN] PackLoader:240 - Cannot read IP mode file for STMicroelectronics.X-CUBE-MEMS1.11.1.0
2025-07-01 16:16:50,346 [INFO] LogOutputStream:77 - [STDOUT_REDIRECT] 1 : Invalid condition id : UX_CORESTACK_Condition cause : null
2025-07-01 16:16:50,360 [INFO] LogOutputStream:77 - [STDOUT_REDIRECT] 1 : Invalid condition id : UX_CORESTACK_Condition cause : null
2025-07-01 16:16:50,380 [INFO] LogOutputStream:77 - [STDOUT_REDIRECT] 1 : Invalid condition id : UX_CORESTACK_Condition cause : null
2025-07-01 16:16:50,409 [INFO] LogOutputStream:77 - [STDOUT_REDIRECT] 1 : Invalid condition id : UX_CORESTACK_Condition cause : null
2025-07-01 16:16:50,425 [INFO] LogOutputStream:77 - [STDOUT_REDIRECT] 1 : Invalid condition id : UX_CORESTACK_Condition cause : null
2025-07-01 16:16:50,483 [WARN] PackLoader:240 - Cannot read IP mode file for STMicroelectronics.X-CUBE-AZRTOS-WL.2.0.0
2025-07-01 16:16:50,792 [WARN] PackLoader:240 - Cannot read IP mode file for STMicroelectronics.FP-SNS-MOTENV1.5.0.0
2025-07-01 16:16:50,877 [WARN] PackLoader:240 - Cannot read IP mode file for wolfSSL.I-CUBE-wolfMQTT.1.19.0
2025-07-01 16:16:51,100 [WARN] PackLoader:240 - Cannot read IP mode file for WES.I-CUBE-Cesium.1.3.0
2025-07-01 16:16:51,329 [WARN] PackLoader:240 - Cannot read IP mode file for STMicroelectronics.X-CUBE-BLE2.3.3.0
2025-07-01 16:16:51,525 [WARN] PackLoader:240 - Cannot read IP mode file for STMicroelectronics.X-CUBE-NFC9.1.0.0
2025-07-01 16:16:51,817 [WARN] PackLoader:240 - Cannot read IP mode file for STMicroelectronics.X-CUBE-BLE1.7.1.0
2025-07-01 16:16:51,966 [WARN] PackLoader:240 - Cannot read IP mode file for STMicroelectronics.X-CUBE-AI.10.1.0
2025-07-01 16:16:52,767 [WARN] PackLoader:240 - Cannot read IP mode file for STMicroelectronics.X-CUBE-MEMS1.11.2.0
2025-07-01 16:16:54,689 [WARN] PackLoader:240 - Cannot read IP mode file for STMicroelectronics.X-CUBE-AZRTOS-G0.1.1.0
2025-07-01 16:16:55,025 [WARN] PackLoader:240 - Cannot read IP mode file for STMicroelectronics.X-CUBE-SAFEA1.1.2.2
2025-07-01 16:16:55,506 [WARN] PackLoader:240 - Cannot read IP mode file for STMicroelectronics.X-CUBE-NFC4.3.0.0
2025-07-01 16:16:55,912 [WARN] PackLoader:240 - Cannot read IP mode file for EmbeddedOffice.I-CUBE-FS-RTOS.1.0.1
2025-07-01 16:16:56,330 [WARN] PackLoader:240 - Cannot read IP mode file for STMicroelectronics.X-CUBE-WB05N.2.0.0
2025-07-01 16:16:56,708 [WARN] PackLoader:240 - Cannot read IP mode file for STMicroelectronics.X-CUBE-TCPP.4.2.0
2025-07-01 16:16:57,018 [WARN] PackLoader:240 - Cannot read IP mode file for RealThread.X-CUBE-RT-Thread_Nano.4.1.1
2025-07-01 16:16:57,069 [WARN] PackLoader:240 - Cannot read IP mode file for STMicroelectronics.FP-ATR-SIGFOX1.3.2.0
2025-07-01 16:16:57,131 [WARN] ConditionMgr:438 - getConditionDescription Invalid condition id : Cortex-A Device cause : null
2025-07-01 16:16:57,447 [WARN] ConditionMgr:1044 - genDependencies : Invalid condition id : Cortex-A Device cause : null
2025-07-01 16:16:57,448 [WARN] ConditionMgr:1044 - genDependencies : Invalid condition id : Cortex-A Device cause : null
2025-07-01 16:16:57,448 [WARN] ConditionMgr:1044 - genDependencies : Invalid condition id : Cortex-A Device cause : null
2025-07-01 16:16:57,674 [WARN] PackLoader:240 - Cannot read IP mode file for STMicroelectronics.X-CUBE-EEPRMA1.5.1.0
2025-07-01 16:16:57,933 [WARN] PackLoader:240 - Cannot read IP mode file for wolfSSL.I-CUBE-wolfSSL.5.7.6
2025-07-01 16:16:58,132 [WARN] PackLoader:240 - Cannot read IP mode file for ITTIA_DB.I-CUBE-ITTIADB.8.9.0
2025-07-01 16:16:58,328 [WARN] PackLoader:240 - Cannot read IP mode file for STMicroelectronics.X-CUBE-ST67W61.1.0.0
2025-07-01 16:16:59,120 [WARN] PackLoader:240 - Cannot read IP mode file for SEGGER.I-CUBE-embOS.1.3.1
2025-07-01 16:16:59,933 [WARN] PackLoader:240 - Cannot read IP mode file for STMicroelectronics.X-CUBE-ALGOBUILD.1.4.0
2025-07-01 16:17:00,904 [WARN] PackLoader:240 - Cannot read IP mode file for STMicroelectronics.X-CUBE-MEMS1.11.3.0
2025-07-01 16:17:02,626 [WARN] PackLoader:240 - Cannot read IP mode file for STMicroelectronics.X-CUBE-PM33A1.1.0.0
2025-07-01 16:17:03,088 [WARN] PackLoader:240 - Cannot read IP mode file for STMicroelectronics.X-CUBE-AZRTOS-F4.1.1.0
2025-07-01 16:17:03,185 [WARN] PackLoader:240 - Cannot read IP mode file for Avnet-IotConnect.X-CUBE-IoTC-DA16k-PMOD.1.0.0
2025-07-01 16:17:03,344 [WARN] PackLoader:240 - Cannot read IP mode file for STMicroelectronics.X-CUBE-ISPU.2.1.0
2025-07-01 16:17:03,795 [WARN] PackLoader:240 - Cannot read IP mode file for STMicroelectronics.X-CUBE-AZRTOS-L5.2.0.0
2025-07-01 16:17:04,101 [WARN] PackLoader:240 - Cannot read IP mode file for STMicroelectronics.X-CUBE-NFC6.3.1.0
2025-07-01 16:17:04,384 [WARN] PackLoader:240 - Cannot read IP mode file for STMicroelectronics.X-CUBE-DPower.1.2.0
2025-07-01 16:17:04,628 [WARN] PackLoader:240 - Cannot read IP mode file for STMicroelectronics.X-CUBE-FREERTOS.1.3.1
2025-07-01 16:17:04,929 [WARN] PackLoader:240 - Cannot read IP mode file for STMicroelectronics.X-CUBE-FREERTOS.1.3.0
2025-07-01 16:17:05,188 [WARN] PackLoader:240 - Cannot read IP mode file for STMicroelectronics.X-CUBE-NFC7.1.0.1
2025-07-01 16:17:05,261 [WARN] PackLoader:240 - Cannot read IP mode file for STMicroelectronics.FP-SNS-STAIOTCFT.1.0.0
2025-07-01 16:17:05,566 [WARN] PackLoader:240 - Cannot read IP mode file for STMicroelectronics.X-CUBE-DPower.1.3.0
2025-07-01 16:17:06,129 [WARN] ConditionMgr:438 - getConditionDescription Invalid condition id : LAN8742 Phy interface Condition cause : null
2025-07-01 16:17:06,137 [WARN] PackLoader:240 - Cannot read IP mode file for STMicroelectronics.X-CUBE-AZRTOS-L4.2.0.0
2025-07-01 16:17:06,145 [WARN] ConditionMgr:1044 - genDependencies : Invalid condition id : LAN8742 Phy interface Condition cause : null
2025-07-01 16:17:06,147 [WARN] ConditionMgr:1044 - genDependencies : Invalid condition id : LAN8742 Phy interface Condition cause : null
2025-07-01 16:17:06,155 [WARN] ConditionMgr:1044 - genDependencies : Invalid condition id : LAN8742 Phy interface Condition cause : null
2025-07-01 16:17:06,457 [WARN] PackLoader:240 - Cannot read IP mode file for STMicroelectronics.X-CUBE-SFXS2LP1.4.0.0
2025-07-01 16:17:06,913 [WARN] PackLoader:240 - Cannot read IP mode file for STMicroelectronics.X-CUBE-AZRTOS-H7.3.3.0
2025-07-01 16:17:07,430 [WARN] ConditionMgr:438 - getConditionDescription Invalid condition id : UX DEVICE CLASS RTOS Condition cause : null
2025-07-01 16:17:07,434 [WARN] ConditionMgr:438 - getConditionDescription Invalid condition id : UX DEVICE CLASS RTOS Condition cause : null
2025-07-01 16:17:07,454 [WARN] PackLoader:240 - Cannot read IP mode file for STMicroelectronics.X-CUBE-AZRTOS-WB.2.0.0
2025-07-01 16:17:07,460 [WARN] ConditionMgr:1044 - genDependencies : Invalid condition id : UX DEVICE CLASS RTOS Condition cause : null
2025-07-01 16:17:07,461 [WARN] ConditionMgr:1044 - genDependencies : Invalid condition id : UX DEVICE CLASS RTOS Condition cause : null
2025-07-01 16:17:07,464 [WARN] ConditionMgr:1044 - genDependencies : Invalid condition id : UX DEVICE CLASS RTOS Condition cause : null
2025-07-01 16:17:07,492 [WARN] ConditionMgr:1044 - genDependencies : Invalid condition id : UX DEVICE CLASS RTOS Condition cause : null
2025-07-01 16:17:07,493 [WARN] ConditionMgr:1044 - genDependencies : Invalid condition id : UX DEVICE CLASS RTOS Condition cause : null
2025-07-01 16:17:07,668 [WARN] PackLoader:240 - Cannot read IP mode file for STMicroelectronics.X-CUBE-GNSS1.7.0.1
2025-07-01 16:17:07,933 [WARN] PackLoader:240 - Cannot read IP mode file for STMicroelectronics.X-CUBE-TOUCHGFX.4.25.0
2025-07-01 16:17:08,261 [WARN] PackLoader:240 - Cannot read IP mode file for STMicroelectronics.FP-SNS-STBOX1.2.0.0
2025-07-01 16:17:08,707 [WARN] PackLoader:240 - Cannot read IP mode file for STMicroelectronics.X-CUBE-SUBG2.5.0.0
2025-07-01 16:17:09,207 [WARN] PackLoader:240 - Cannot read IP mode file for STMicroelectronics.X-CUBE-AZRTOS-H7RS.1.1.0
2025-07-01 16:17:09,329 [WARN] PackLoader:240 - Cannot read IP mode file for Cesanta.I-CUBE-Mongoose.7.13.0
2025-07-01 16:17:09,910 [WARN] PackLoader:240 - Cannot read IP mode file for STMicroelectronics.X-CUBE-AZRTOS-G4.2.0.0
2025-07-01 16:17:10,189 [WARN] PackLoader:240 - Cannot read IP mode file for STMicroelectronics.X-CUBE-NFC7.2.0.0
2025-07-01 16:17:10,684 [WARN] PackLoader:240 - Cannot read IP mode file for STMicroelectronics.X-CUBE-IPS.3.1.0
2025-07-01 16:17:11,103 [WARN] PackLoader:240 - Cannot read IP mode file for STMicroelectronics.X-CUBE-ALS.1.0.2
2025-07-01 16:17:11,357 [WARN] PackLoader:240 - Cannot read IP mode file for STMicroelectronics.X-CUBE-TOUCHGFX.4.24.2
2025-07-01 16:17:11,445 [WARN] PackLoader:240 - Cannot read IP mode file for wolfSSL.I-CUBE-wolfTPM.3.4.0
2025-07-01 16:17:11,802 [WARN] PackLoader:240 - Cannot read IP mode file for portGmbH.I-Cube-SoM-uGOAL.1.1.0
2025-07-01 16:17:12,501 [WARN] PackLoader:240 - Cannot read IP mode file for STMicroelectronics.X-CUBE-AZRTOS-H7RS.1.0.0
2025-07-01 16:17:12,816 [WARN] PackLoader:240 - Cannot read IP mode file for STMicroelectronics.X-CUBE-TOF1.3.4.2
2025-07-01 16:17:13,108 [WARN] PackLoader:240 - Cannot read IP mode file for STMicroelectronics.X-CUBE-TOF1.3.4.3
2025-07-01 16:17:13,297 [WARN] PackLoader:240 - Cannot read IP mode file for wolfSSL.I-CUBE-wolfSSH.1.4.17
2025-07-01 16:17:13,301 [INFO] ThirdParty:978 - Integrity check success = true
2025-07-01 16:17:13,302 [INFO] IntegrityCheckThread:100 - exiting critical section [integrity check]
2025-07-01 16:17:13,303 [INFO] IntegrityCheckThread:103 - End integrity checks thread
2025-07-01 17:36:52,869 [INFO] WebApp:190 - Connection lost
2025-07-01 20:33:44,579 [ERROR] ConfigurationRetriever:142 - IOException on connection: sw-center.st.com
2025-07-01 20:33:44,585 [ERROR] ConfigurationRetriever:142 - IOException on connection: sw-center.st.com
2025-07-01 20:33:44,590 [ERROR] ConfigurationRetriever:142 - IOException on connection: sw-center.st.com
2025-07-01 20:33:46,533 [ERROR] LogOutputStream:75 - [STDERR_REDIRECT] 
