2025-05-28 19:24:00,369 [INFO] Activator:176 - 


2025-05-28 19:24:00,378 [INFO] Activator:177 - !SESSION log4j initialized
2025-05-28 19:24:09,219 [INFO] LogOutputStream:77 - [STDOUT_REDIRECT] 
2025-05-28 19:24:12,239 [INFO] ApplicationProperties:184 - Using Application install path: C:\ST\STM32CubeIDE_1.17.0\STM32CubeIDE\plugins\com.st.stm32cube.common.mx_6.13.0.202411220809
2025-05-28 19:24:12,262 [INFO] DbMcusXml:78 - Set database path to: C:\ST\STM32CubeIDE_1.17.0\STM32CubeIDE\plugins\com.st.stm32cube.common.mx_6.13.0.202411220809\\db\/mcu/
2025-05-28 19:24:12,262 [INFO] ApiDb:274 - Set plugin database path to: C:\ST\STM32CubeIDE_1.17.0\STM32CubeIDE\plugins\com.st.stm32cube.common.mx_6.13.0.202411220809\\db\/plugins/boardmanager/
2025-05-28 19:24:12,263 [WARN] ApiDb:259 - Overriding images path with different value:  => C:\ST\STM32CubeIDE_1.17.0\STM32CubeIDE\plugins\com.st.stm32cube.common.mx_6.13.0.202411220809\\db\/plugins/mcufinder/images/
2025-05-28 19:24:12,285 [INFO] ApiDb:250 - Set database path to: C:\Users\thepd\.stmcufinder\plugins\mcufinder//mcu/
2025-05-28 19:24:12,287 [INFO] DbMcusAds:125 - Set database path to: C:\Users\thepd\.stmcufinder\plugins\mcufinder//mcu/
2025-05-28 19:24:12,290 [INFO] CrossReferenceDbSqlite:203 - Set database path to: C:\Users\thepd\.stmcufinder\plugins\mcufinder//mcu/cs/
2025-05-28 19:24:12,462 [INFO] RulesReader:64 - Compatibility file has been processed (297 Rules)
2025-05-28 19:24:12,596 [INFO] DbMcusXml:78 - Set database path to: C:\ST\STM32CubeIDE_1.17.0\STM32CubeIDE\plugins\com.st.stm32cube.common.mx_6.13.0.202411220809\\db\/mcu/
2025-05-28 19:24:12,596 [INFO] ApiDb:274 - Set plugin database path to: C:\ST\STM32CubeIDE_1.17.0\STM32CubeIDE\plugins\com.st.stm32cube.common.mx_6.13.0.202411220809\\db\/plugins/boardmanager/
2025-05-28 19:24:12,596 [INFO] ApiDb:261 - Set plugin images path to: C:\ST\STM32CubeIDE_1.17.0\STM32CubeIDE\plugins\com.st.stm32cube.common.mx_6.13.0.202411220809\\db\/plugins/mcufinder/images/
2025-05-28 19:24:12,597 [WARN] DbFile:41 - Overriding database path with different value: C:\Users\thepd\.stmcufinder\plugins\mcufinder/ => C:\Users\thepd\.stmcufinder\plugins\mcufinder
2025-05-28 19:24:12,597 [INFO] ApiDb:250 - Set database path to: C:\Users\thepd\.stmcufinder\plugins\mcufinder//mcu/
2025-05-28 19:24:12,597 [WARN] DbFile:41 - Overriding database path with different value: C:\Users\thepd\.stmcufinder\plugins\mcufinder/ => C:\Users\thepd\.stmcufinder\plugins\mcufinder
2025-05-28 19:24:12,597 [INFO] DbMcusAds:125 - Set database path to: C:\Users\thepd\.stmcufinder\plugins\mcufinder//mcu/
2025-05-28 19:24:12,597 [WARN] DbFile:41 - Overriding database path with different value: C:\Users\thepd\.stmcufinder\plugins\mcufinder/ => C:\Users\thepd\.stmcufinder\plugins\mcufinder
2025-05-28 19:24:12,597 [WARN] DbFile:41 - Overriding database path with different value: C:\Users\thepd\.stmcufinder\plugins\mcufinder/ => C:\Users\thepd\.stmcufinder\plugins\mcufinder
2025-05-28 19:24:12,597 [INFO] CrossReferenceDbSqlite:203 - Set database path to: C:\Users\thepd\.stmcufinder\plugins\mcufinder//mcu/cs/
2025-05-28 19:24:12,716 [INFO] MainPanel:272 - HeapMemory: 268435456
2025-05-28 19:24:12,869 [INFO] DbMcusXml:78 - Set database path to: C:\ST\STM32CubeIDE_1.17.0\STM32CubeIDE\plugins\com.st.stm32cube.common.mx_6.13.0.202411220809\\db\/mcu/
2025-05-28 19:24:12,869 [INFO] ApiDb:274 - Set plugin database path to: C:\ST\STM32CubeIDE_1.17.0\STM32CubeIDE\plugins\com.st.stm32cube.common.mx_6.13.0.202411220809\\db\/plugins/boardmanager/
2025-05-28 19:24:12,869 [INFO] ApiDb:261 - Set plugin images path to: C:\ST\STM32CubeIDE_1.17.0\STM32CubeIDE\plugins\com.st.stm32cube.common.mx_6.13.0.202411220809\\db\/plugins/mcufinder/images/
2025-05-28 19:24:12,869 [WARN] DbFile:41 - Overriding database path with different value: C:\Users\thepd\.stmcufinder\plugins\mcufinder/ => C:\Users\thepd\.stmcufinder\plugins\mcufinder
2025-05-28 19:24:12,870 [INFO] ApiDb:250 - Set database path to: C:\Users\thepd\.stmcufinder\plugins\mcufinder//mcu/
2025-05-28 19:24:12,870 [WARN] DbFile:41 - Overriding database path with different value: C:\Users\thepd\.stmcufinder\plugins\mcufinder/ => C:\Users\thepd\.stmcufinder\plugins\mcufinder
2025-05-28 19:24:12,870 [INFO] DbMcusAds:125 - Set database path to: C:\Users\thepd\.stmcufinder\plugins\mcufinder//mcu/
2025-05-28 19:24:12,870 [WARN] DbFile:41 - Overriding database path with different value: C:\Users\thepd\.stmcufinder\plugins\mcufinder/ => C:\Users\thepd\.stmcufinder\plugins\mcufinder
2025-05-28 19:24:12,870 [WARN] DbFile:41 - Overriding database path with different value: C:\Users\thepd\.stmcufinder\plugins\mcufinder/ => C:\Users\thepd\.stmcufinder\plugins\mcufinder
2025-05-28 19:24:12,870 [INFO] CrossReferenceDbSqlite:203 - Set database path to: C:\Users\thepd\.stmcufinder\plugins\mcufinder//mcu/cs/
2025-05-28 19:24:12,895 [INFO] ApplicationProperties:184 - Using Application install path: C:\ST\STM32CubeIDE_1.17.0\STM32CubeIDE\plugins\com.st.stm32cube.common.mx_6.13.0.202411220809
2025-05-28 19:24:12,896 [INFO] PluginManage:196 - Search for loadable plugins [exclusion list=, ]
2025-05-28 19:24:12,898 [INFO] PluginManage:310 - Check plugin analytics
2025-05-28 19:24:13,201 [INFO] AnalyticsPlugin:253 - Accepted Software Licenses: STM32CubeMX.6.4.0,STM32CubeMX.6.14.0
2025-05-28 19:24:13,202 [INFO] AnalyticsPlugin:255 - Accepted CMSIS Pack Licenses: 
2025-05-28 19:24:13,202 [INFO] AnalyticsPlugin:257 - Accepted Firmware Licenses: FW.G4.1.6.0,FW.G4.1.5.0,FW.F4.1.28.0
2025-05-28 19:24:13,207 [INFO] PluginManage:359 - Loaded plugin analytics (category:tool,tabindex:-1)
2025-05-28 19:24:13,207 [INFO] PluginManage:310 - Check plugin cadmodel
2025-05-28 19:24:13,243 [INFO] CADModel:105 - Init CAD model plugin
2025-05-28 19:24:13,243 [INFO] PluginManage:359 - Loaded plugin cadmodel (category:power,tabindex:5)
2025-05-28 19:24:13,243 [INFO] PluginManage:310 - Check plugin clock
2025-05-28 19:24:13,273 [INFO] PluginManage:359 - Loaded plugin clock (category:base,tabindex:2)
2025-05-28 19:24:13,273 [INFO] PluginManage:310 - Check plugin ddr
2025-05-28 19:24:13,277 [INFO] PluginManage:359 - Loaded plugin ddr (category:tool,tabindex:6)
2025-05-28 19:24:13,277 [INFO] PluginManage:310 - Check plugin filemanager
2025-05-28 19:24:13,504 [INFO] PluginManage:359 - Loaded plugin filemanager (category:base,tabindex:10)
2025-05-28 19:24:13,505 [INFO] PluginManage:310 - Check plugin ipmanager
2025-05-28 19:24:13,514 [INFO] PluginManage:359 - Loaded plugin ipmanager (category:base,tabindex:5)
2025-05-28 19:24:13,515 [INFO] PluginManage:310 - Check plugin lpbam
2025-05-28 19:24:13,537 [INFO] PluginManage:359 - Loaded plugin lpbam (category:base,tabindex:0)
2025-05-28 19:24:13,538 [INFO] PluginManage:310 - Check plugin memorymap
2025-05-28 19:24:13,570 [INFO] PluginManage:359 - Loaded plugin memorymap (category:base,tabindex:4)
2025-05-28 19:24:13,570 [INFO] PluginManage:310 - Check plugin pinoutandconfiguration
2025-05-28 19:24:13,596 [INFO] PluginManage:359 - Loaded plugin pinoutandconfiguration (category:base,tabindex:1)
2025-05-28 19:24:13,596 [INFO] PluginManage:310 - Check plugin pinoutconfig
2025-05-28 19:24:13,742 [WARN] SupportedApi:132 - Cannot load RTOS API schema: s4s-elt-must-match.1: The content of 'definitions' must match (annotation?, (simpleType | complexType)?, (unique | key | keyref)*)). A problem was found starting at: attribute.
2025-05-28 19:24:13,963 [INFO] PluginManage:359 - Loaded plugin pinoutconfig (category:base,tabindex:0)
2025-05-28 19:24:13,964 [INFO] PluginManage:310 - Check plugin power
2025-05-28 19:24:14,000 [INFO] PluginManage:359 - Loaded plugin power (category:power,tabindex:4)
2025-05-28 19:24:14,000 [INFO] PluginManage:310 - Check plugin projectmanager
2025-05-28 19:24:14,019 [INFO] PluginManage:359 - Loaded plugin projectmanager (category:projectmanager,tabindex:4)
2025-05-28 19:24:14,020 [INFO] PluginManage:310 - Check plugin rif
2025-05-28 19:24:14,045 [INFO] PluginManage:359 - Loaded plugin rif (category:base,tabindex:3)
2025-05-28 19:24:14,045 [INFO] PluginManage:310 - Check plugin thirdparty
2025-05-28 19:24:14,489 [INFO] PluginManage:359 - Loaded plugin thirdparty (category:base,tabindex:-1)
2025-05-28 19:24:14,489 [WARN] IntegrityCheckThread:84 - waiting for thirdparty lock release [integrity check]
2025-05-28 19:24:14,489 [INFO] PluginManage:310 - Check plugin tools
2025-05-28 19:24:14,489 [INFO] IntegrityCheckThread:86 - entering critical section [integrity check]
2025-05-28 19:24:14,489 [INFO] ThirdPartyUpdaterWithRetryManager:70 - Updater plugin not ready yet. [1/15]
2025-05-28 19:24:14,543 [INFO] PluginManage:359 - Loaded plugin tools (category:base,tabindex:7)
2025-05-28 19:24:14,544 [INFO] PluginManage:310 - Check plugin tutovideos
2025-05-28 19:24:14,846 [INFO] PluginManage:359 - Loaded plugin tutovideos (category:base,tabindex:-1)
2025-05-28 19:24:14,846 [INFO] PluginManage:310 - Check plugin updater
2025-05-28 19:24:14,878 [INFO] PluginManage:359 - Loaded plugin updater (category:base,tabindex:12)
2025-05-28 19:24:14,878 [INFO] PluginManage:310 - Check plugin userauth
2025-05-28 19:24:14,883 [INFO] UserAuth:118 - Init User Auth plugin
2025-05-28 19:24:14,884 [INFO] PluginManage:359 - Loaded plugin userauth (category:base,tabindex:14)
2025-05-28 19:24:14,885 [INFO] PluginManage:283 - PluginManage : Loaded plugins [18]
2025-05-28 19:24:15,169 [INFO] PinOutPanel:1589 - setPackage(No Configuration,No Configuration)
2025-05-28 19:24:15,287 [INFO] CADModel:165 - CPN selected for project level
2025-05-28 19:24:15,287 [INFO] CADModel:114 - Register for checkConnection events
2025-05-28 19:24:15,329 [INFO] IPUIPlugin:80 - create IPUIPlugin
2025-05-28 19:24:15,329 [INFO] PluginManager:220 - loadIPPluginJar : add adc
2025-05-28 19:24:15,394 [INFO] IPUIPlugin:80 - create IPUIPlugin
2025-05-28 19:24:15,394 [INFO] PluginManager:220 - loadIPPluginJar : add aes
2025-05-28 19:24:15,461 [INFO] IPUIPlugin:80 - create IPUIPlugin
2025-05-28 19:24:15,461 [INFO] PluginManager:220 - loadIPPluginJar : add can
2025-05-28 19:24:15,498 [INFO] IPUIPlugin:80 - create IPUIPlugin
2025-05-28 19:24:15,498 [INFO] PluginManager:220 - loadIPPluginJar : add comp
2025-05-28 19:24:15,548 [INFO] IPUIPlugin:80 - create IPUIPlugin
2025-05-28 19:24:15,548 [INFO] PluginManager:220 - loadIPPluginJar : add cryp
2025-05-28 19:24:15,566 [INFO] IPUIPlugin:80 - create IPUIPlugin
2025-05-28 19:24:15,566 [INFO] PluginManager:220 - loadIPPluginJar : add ddr_ctrl_phy
2025-05-28 19:24:15,618 [INFO] IPUIPlugin:80 - create IPUIPlugin
2025-05-28 19:24:15,619 [INFO] PluginManager:220 - loadIPPluginJar : add dfsdm
2025-05-28 19:24:15,641 [INFO] IPUIPlugin:80 - create IPUIPlugin
2025-05-28 19:24:15,642 [INFO] PluginManager:220 - loadIPPluginJar : add dma
2025-05-28 19:24:15,736 [INFO] IPUIPlugin:80 - create IPUIPlugin
2025-05-28 19:24:15,736 [INFO] PluginManager:220 - loadIPPluginJar : add dma3
2025-05-28 19:24:15,808 [INFO] IPUIPlugin:80 - create IPUIPlugin
2025-05-28 19:24:15,809 [INFO] PluginManager:220 - loadIPPluginJar : add extmemmanager
2025-05-28 19:24:15,854 [INFO] IPUIPlugin:80 - create IPUIPlugin
2025-05-28 19:24:15,855 [INFO] PluginManager:220 - loadIPPluginJar : add fatfs
2025-05-28 19:24:15,931 [INFO] IPUIPlugin:80 - create IPUIPlugin
2025-05-28 19:24:15,931 [INFO] PluginManager:220 - loadIPPluginJar : add fmc
2025-05-28 19:24:15,955 [INFO] IPUIPlugin:80 - create IPUIPlugin
2025-05-28 19:24:15,956 [INFO] PluginManager:220 - loadIPPluginJar : add freertos
2025-05-28 19:24:15,987 [INFO] IPUIPlugin:80 - create IPUIPlugin
2025-05-28 19:24:15,988 [INFO] PluginManager:220 - loadIPPluginJar : add genericplugin
2025-05-28 19:24:16,182 [INFO] IPUIPlugin:80 - create IPUIPlugin
2025-05-28 19:24:16,182 [INFO] PluginManager:220 - loadIPPluginJar : add gfxmmu
2025-05-28 19:24:16,374 [INFO] IPUIPlugin:80 - create IPUIPlugin
2025-05-28 19:24:16,375 [INFO] PluginManager:220 - loadIPPluginJar : add gic
2025-05-28 19:24:16,403 [INFO] IPUIPlugin:80 - create IPUIPlugin
2025-05-28 19:24:16,403 [INFO] PluginManager:220 - loadIPPluginJar : add gpio
2025-05-28 19:24:16,565 [INFO] IPUIPlugin:80 - create IPUIPlugin
2025-05-28 19:24:16,565 [INFO] PluginManager:220 - loadIPPluginJar : add gtzc
2025-05-28 19:24:16,642 [INFO] IPUIPlugin:80 - create IPUIPlugin
2025-05-28 19:24:16,642 [INFO] PluginManager:220 - loadIPPluginJar : add hash
2025-05-28 19:24:16,728 [INFO] IPUIPlugin:80 - create IPUIPlugin
2025-05-28 19:24:16,728 [INFO] PluginManager:220 - loadIPPluginJar : add i2c
2025-05-28 19:24:16,790 [INFO] IPUIPlugin:80 - create IPUIPlugin
2025-05-28 19:24:16,790 [INFO] PluginManager:220 - loadIPPluginJar : add i2s
2025-05-28 19:24:16,866 [INFO] IPUIPlugin:80 - create IPUIPlugin
2025-05-28 19:24:16,866 [INFO] PluginManager:220 - loadIPPluginJar : add i3c
2025-05-28 19:24:17,055 [INFO] IPUIPlugin:80 - create IPUIPlugin
2025-05-28 19:24:17,056 [INFO] PluginManager:220 - loadIPPluginJar : add ipddr
2025-05-28 19:24:17,255 [INFO] IPUIPlugin:80 - create IPUIPlugin
2025-05-28 19:24:17,256 [INFO] PluginManager:220 - loadIPPluginJar : add linkedlist
2025-05-28 19:24:17,316 [INFO] IPUIPlugin:80 - create IPUIPlugin
2025-05-28 19:24:17,316 [INFO] PluginManager:220 - loadIPPluginJar : add lorawan
2025-05-28 19:24:17,376 [INFO] IPUIPlugin:80 - create IPUIPlugin
2025-05-28 19:24:17,376 [INFO] PluginManager:220 - loadIPPluginJar : add ltdc
2025-05-28 19:24:17,394 [INFO] IPUIPlugin:80 - create IPUIPlugin
2025-05-28 19:24:17,394 [INFO] PluginManager:220 - loadIPPluginJar : add mdma
2025-05-28 19:24:17,411 [INFO] IPUIPlugin:80 - create IPUIPlugin
2025-05-28 19:24:17,411 [INFO] PluginManager:220 - loadIPPluginJar : add nvic
2025-05-28 19:24:17,486 [INFO] IPUIPlugin:80 - create IPUIPlugin
2025-05-28 19:24:17,486 [INFO] PluginManager:220 - loadIPPluginJar : add opamp
2025-05-28 19:24:17,490 [INFO] ThirdPartyUpdaterWithRetryManager:70 - Updater plugin not ready yet. [2/15]
2025-05-28 19:24:17,603 [INFO] IPUIPlugin:80 - create IPUIPlugin
2025-05-28 19:24:17,604 [INFO] PluginManager:220 - loadIPPluginJar : add openamp
2025-05-28 19:24:17,692 [INFO] IPUIPlugin:80 - create IPUIPlugin
2025-05-28 19:24:17,693 [INFO] PluginManager:220 - loadIPPluginJar : add pdm2pcm
2025-05-28 19:24:17,725 [INFO] IPUIPlugin:80 - create IPUIPlugin
2025-05-28 19:24:17,728 [INFO] PluginManager:220 - loadIPPluginJar : add plateformsettings
2025-05-28 19:24:17,764 [INFO] IPUIPlugin:80 - create IPUIPlugin
2025-05-28 19:24:17,764 [INFO] PluginManager:220 - loadIPPluginJar : add quadspi
2025-05-28 19:24:17,807 [INFO] IPUIPlugin:80 - create IPUIPlugin
2025-05-28 19:24:17,808 [INFO] PluginManager:220 - loadIPPluginJar : add radio
2025-05-28 19:24:17,826 [INFO] IPUIPlugin:80 - create IPUIPlugin
2025-05-28 19:24:17,826 [INFO] PluginManager:220 - loadIPPluginJar : add resmgrutility
2025-05-28 19:24:17,896 [INFO] IPUIPlugin:80 - create IPUIPlugin
2025-05-28 19:24:17,896 [INFO] PluginManager:220 - loadIPPluginJar : add sai
2025-05-28 19:24:17,949 [INFO] IPUIPlugin:80 - create IPUIPlugin
2025-05-28 19:24:17,950 [INFO] PluginManager:220 - loadIPPluginJar : add spi
2025-05-28 19:24:18,056 [INFO] IPUIPlugin:80 - create IPUIPlugin
2025-05-28 19:24:18,057 [INFO] PluginManager:220 - loadIPPluginJar : add stm32_wpan
2025-05-28 19:24:18,091 [INFO] IPUIPlugin:80 - create IPUIPlugin
2025-05-28 19:24:18,091 [INFO] PluginManager:220 - loadIPPluginJar : add tim
2025-05-28 19:24:18,188 [INFO] IPUIPlugin:80 - create IPUIPlugin
2025-05-28 19:24:18,188 [INFO] PluginManager:220 - loadIPPluginJar : add touchsensing
2025-05-28 19:24:18,236 [INFO] IPUIPlugin:80 - create IPUIPlugin
2025-05-28 19:24:18,236 [INFO] PluginManager:220 - loadIPPluginJar : add tracer_emb
2025-05-28 19:24:18,271 [INFO] IPUIPlugin:80 - create IPUIPlugin
2025-05-28 19:24:18,271 [INFO] PluginManager:220 - loadIPPluginJar : add ts
2025-05-28 19:24:18,315 [INFO] IPUIPlugin:80 - create IPUIPlugin
2025-05-28 19:24:18,315 [INFO] PluginManager:220 - loadIPPluginJar : add tsc
2025-05-28 19:24:18,359 [INFO] IPUIPlugin:80 - create IPUIPlugin
2025-05-28 19:24:18,360 [INFO] PluginManager:220 - loadIPPluginJar : add ucpd
2025-05-28 19:24:18,461 [INFO] IPUIPlugin:80 - create IPUIPlugin
2025-05-28 19:24:18,461 [INFO] PluginManager:220 - loadIPPluginJar : add usart
2025-05-28 19:24:18,546 [INFO] IPUIPlugin:80 - create IPUIPlugin
2025-05-28 19:24:18,547 [INFO] PluginManager:220 - loadIPPluginJar : add usbx
2025-05-28 19:24:18,697 [FATAL] Updater:351 - Updater called before beeing initialized
2025-05-28 19:24:18,750 [INFO] RulesReader:64 - Compatibility file has been processed (297 Rules)
2025-05-28 19:24:18,769 [INFO] RulesReader:64 - Compatibility file has been processed (297 Rules)
2025-05-28 19:24:18,780 [INFO] CADModel:165 - CPN selected for project level
2025-05-28 19:24:18,780 [INFO] CADModel:114 - Register for checkConnection events
2025-05-28 19:24:18,780 [FATAL] Updater:351 - Updater called before beeing initialized
2025-05-28 19:24:18,780 [ERROR] CADModel:125 - Updater not yet initialized, retry later 
2025-05-28 19:24:19,005 [FATAL] Updater:351 - Updater called before beeing initialized
2025-05-28 19:24:19,008 [INFO] CADModel:165 - CPN selected for project level
2025-05-28 19:24:19,008 [INFO] CADModel:114 - Register for checkConnection events
2025-05-28 19:24:19,008 [FATAL] Updater:351 - Updater called before beeing initialized
2025-05-28 19:24:19,009 [ERROR] CADModel:125 - Updater not yet initialized, retry later 
2025-05-28 19:24:19,013 [FATAL] Updater:351 - Updater called before beeing initialized
2025-05-28 19:24:19,206 [FATAL] Updater:351 - Updater called before beeing initialized
2025-05-28 19:24:19,223 [INFO] DbMcusAds:53 - JSON generation date=Thu Mar 06 15:54:21 GMT+01:00 2025 (1741272861825)
2025-05-28 19:24:19,223 [FATAL] Updater:351 - Updater called before beeing initialized
2025-05-28 19:24:19,287 [WARN] DetailPanel:346 - Failed to get advertising image, set to default
2025-05-28 19:24:19,589 [FATAL] Updater:351 - Updater called before beeing initialized
2025-05-28 19:24:19,593 [FATAL] Updater:351 - Updater called before beeing initialized
2025-05-28 19:24:19,593 [FATAL] Updater:351 - Updater called before beeing initialized
2025-05-28 19:24:19,594 [WARN] DetailPanel:346 - Failed to get advertising image, set to default
2025-05-28 19:24:19,595 [FATAL] Updater:351 - Updater called before beeing initialized
2025-05-28 19:24:19,679 [ERROR] Updater:1198 - MainUpdater not yet initialized. External WinMGr cannot be set.
2025-05-28 19:24:19,693 [INFO] Updater:1134 - Updater Version found : 6.13.0
2025-05-28 19:24:19,718 [INFO] ApplicationProperties:184 - Using Application install path: C:\ST\STM32CubeIDE_1.17.0\STM32CubeIDE\plugins\com.st.stm32cube.common.mx_6.13.0.202411220809
2025-05-28 19:24:20,493 [INFO] ThirdPartyUpdaterWithRetryManager:70 - Updater plugin not ready yet. [3/15]
2025-05-28 19:24:20,595 [INFO] MainUpdater:2872 - connection check result : 10
2025-05-28 19:24:20,596 [INFO] MainUpdater:3566 - Updater definition file requires update
2025-05-28 19:24:20,597 [INFO] MainUpdater:289 - Updater Check For Update Now.
2025-05-28 19:24:20,598 [INFO] MicroXplorer:498 - Change Database Version : DB.6.0.130
2025-05-28 19:24:20,635 [INFO] McuFinderGlobals:63 - Set McuFinder mode to 2 (CubeIDE integrated)
2025-05-28 19:24:20,645 [INFO] UserAuth:486 - Internet connection configuration mode: 1
2025-05-28 19:24:20,682 [INFO] JxBrowserEngine:152 - Initiate JxBrowser Engine with user profile folder
2025-05-28 19:24:20,876 [INFO] ServerAccessManage:473 - Download File updaters.zip
2025-05-28 19:24:21,075 [INFO] FileExtend:240 - Unzip File : updaters.zip
2025-05-28 19:24:21,075 [INFO] FileExtend:255 - Standard Zip Deflate
2025-05-28 19:24:22,107 [INFO] ServerAccessManage:473 - Download File PacksControlFlags.xml
2025-05-28 19:24:22,353 [INFO] ServerAccessManage:473 - Download File cubemx.pidx
2025-05-28 19:24:22,601 [INFO] LoadServerUpdatesThread:375 - End of LoadServerUpdate Thread
2025-05-28 19:24:22,891 [INFO] CheckServerUpdateThread:120 - End of CheckServer Thread
2025-05-28 19:24:23,357 [INFO] WebApp:168 - Instantiating new browser for Auth
2025-05-28 19:24:23,923 [WARN] PackLoader:240 - Cannot read IP mode file for STMicroelectronics.FP-SNS-MOTENVWB1.1.4.0
2025-05-28 19:24:23,955 [WARN] PackLoader:240 - Cannot read IP mode file for STMicroelectronics.FP-ATR-ASTRA1.2.0.2
2025-05-28 19:24:23,976 [WARN] PackLoader:240 - Cannot read IP mode file for STMicroelectronics.FP-ATR-ASTRA1.2.0.1
2025-05-28 19:24:23,998 [WARN] PackLoader:240 - Cannot read IP mode file for STMicroelectronics.X-CUBE-SMBUS.2.1.0
2025-05-28 19:24:24,026 [WARN] PackLoader:240 - Cannot read IP mode file for STMicroelectronics.X-CUBE-WB05N.1.1.0
2025-05-28 19:24:24,051 [WARN] PackLoader:240 - Cannot read IP mode file for STMicroelectronics.X-CUBE-ST60.1.0.0
2025-05-28 19:24:24,112 [WARN] PackLoader:240 - Cannot read IP mode file for STMicroelectronics.X-CUBE-AZRTOS-F7.1.1.0
2025-05-28 19:24:24,136 [WARN] PackLoader:240 - Cannot read IP mode file for STMicroelectronics.FP-SNS-FLIGHT1.5.0.2
2025-05-28 19:24:24,185 [WARN] PackLoader:240 - Cannot read IP mode file for Infineon.AIROC-Wi-Fi-Bluetooth-STM32.1.7.0
2025-05-28 19:24:24,217 [WARN] PackLoader:240 - Cannot read IP mode file for STMicroelectronics.X-CUBE-DISPLAY.3.0.0
2025-05-28 19:24:24,244 [WARN] PackLoader:240 - Cannot read IP mode file for STMicroelectronics.X-CUBE-BLE1.7.0.0
2025-05-28 19:24:24,274 [WARN] PackLoader:240 - Cannot read IP mode file for STMicroelectronics.X-CUBE-NFC10.1.0.0
2025-05-28 19:24:24,309 [WARN] PackLoader:240 - Cannot read IP mode file for STMicroelectronics.X-CUBE-BLEMGR.4.0.0
2025-05-28 19:24:24,342 [WARN] PackLoader:240 - Cannot read IP mode file for emotas.I-CUBE-CANOPEN.1.3.0
2025-05-28 19:24:24,388 [WARN] PackLoader:240 - Cannot read IP mode file for STMicroelectronics.X-CUBE-AI.10.0.0
2025-05-28 19:24:24,419 [WARN] PackLoader:240 - Cannot read IP mode file for STMicroelectronics.FP-SNS-SMARTAG2.1.2.0
2025-05-28 19:24:24,449 [WARN] PackLoader:240 - Cannot read IP mode file for STMicroelectronics.FP-SNS-FLIGHT1.5.1.0
2025-05-28 19:24:24,553 [WARN] PackLoader:240 - Cannot read IP mode file for STMicroelectronics.X-CUBE-MEMS1.11.1.0
2025-05-28 19:24:24,647 [INFO] WebApp:449 - Apply proxy settings
2025-05-28 19:24:24,648 [INFO] WebApp:534 - Chromium requires no authentication
2025-05-28 19:24:24,674 [INFO] WebApp:477 - Direct internet connection detected
2025-05-28 19:24:24,734 [INFO] WebApp:880 - Register for checkConnection events
2025-05-28 19:24:24,735 [INFO] WebApp:449 - Apply proxy settings
2025-05-28 19:24:24,735 [INFO] WebApp:534 - Chromium requires no authentication
2025-05-28 19:24:24,736 [INFO] WebApp:477 - Direct internet connection detected
2025-05-28 19:24:25,035 [INFO] WebApp:187 - Connection restablished
2025-05-28 19:24:25,315 [INFO] LogOutputStream:77 - [STDOUT_REDIRECT] 1 : Invalid condition id : UX_CORESTACK_Condition cause : null
2025-05-28 19:24:25,317 [INFO] LogOutputStream:77 - [STDOUT_REDIRECT] 1 : Invalid condition id : UX_CORESTACK_Condition cause : null
2025-05-28 19:24:25,319 [INFO] LogOutputStream:77 - [STDOUT_REDIRECT] 1 : Invalid condition id : UX_CORESTACK_Condition cause : null
2025-05-28 19:24:25,323 [INFO] LogOutputStream:77 - [STDOUT_REDIRECT] 1 : Invalid condition id : UX_CORESTACK_Condition cause : null
2025-05-28 19:24:25,326 [INFO] LogOutputStream:77 - [STDOUT_REDIRECT] 1 : Invalid condition id : UX_CORESTACK_Condition cause : null
2025-05-28 19:24:25,338 [WARN] PackLoader:240 - Cannot read IP mode file for STMicroelectronics.X-CUBE-AZRTOS-WL.2.0.0
2025-05-28 19:24:25,378 [WARN] PackLoader:240 - Cannot read IP mode file for STMicroelectronics.FP-SNS-MOTENV1.5.0.0
2025-05-28 19:24:25,410 [WARN] PackLoader:240 - Cannot read IP mode file for wolfSSL.I-CUBE-wolfMQTT.1.19.0
2025-05-28 19:24:25,455 [WARN] PackLoader:240 - Cannot read IP mode file for WES.I-CUBE-Cesium.1.3.0
2025-05-28 19:24:25,486 [WARN] PackLoader:240 - Cannot read IP mode file for STMicroelectronics.X-CUBE-BLE2.3.3.0
2025-05-28 19:24:25,520 [INFO] WebApp:221 - Starting web application
2025-05-28 19:24:25,520 [WARN] PackLoader:240 - Cannot read IP mode file for STMicroelectronics.X-CUBE-NFC9.1.0.0
2025-05-28 19:24:25,520 [INFO] WebApp:579 - Web application path used C:\ST\STM32CubeIDE_1.17.0\STM32CubeIDE\plugins\com.st.stm32cube.common.mx_6.13.0.202411220809\db\plugins\mcufinder\reactClient1\index.html
2025-05-28 19:24:25,551 [WARN] PackLoader:240 - Cannot read IP mode file for STMicroelectronics.X-CUBE-BLE1.7.1.0
2025-05-28 19:24:25,630 [WARN] PackLoader:240 - Cannot read IP mode file for STMicroelectronics.X-CUBE-MEMS1.11.2.0
2025-05-28 19:24:25,795 [WARN] PackLoader:240 - Cannot read IP mode file for STMicroelectronics.X-CUBE-AZRTOS-G0.1.1.0
2025-05-28 19:24:25,826 [WARN] PackLoader:240 - Cannot read IP mode file for STMicroelectronics.X-CUBE-SAFEA1.1.2.2
2025-05-28 19:24:25,853 [WARN] PackLoader:240 - Cannot read IP mode file for STMicroelectronics.X-CUBE-NFC4.3.0.0
2025-05-28 19:24:25,884 [WARN] PackLoader:240 - Cannot read IP mode file for EmbeddedOffice.I-CUBE-FS-RTOS.1.0.1
2025-05-28 19:24:25,910 [WARN] PackLoader:240 - Cannot read IP mode file for STMicroelectronics.X-CUBE-WB05N.2.0.0
2025-05-28 19:24:25,945 [WARN] PackLoader:240 - Cannot read IP mode file for STMicroelectronics.X-CUBE-TCPP.4.2.0
2025-05-28 19:24:25,976 [WARN] PackLoader:240 - Cannot read IP mode file for RealThread.X-CUBE-RT-Thread_Nano.4.1.1
2025-05-28 19:24:26,006 [WARN] PackLoader:240 - Cannot read IP mode file for STMicroelectronics.FP-ATR-SIGFOX1.3.2.0
2025-05-28 19:24:26,034 [WARN] ConditionMgr:438 - getConditionDescription Invalid condition id : Cortex-A Device cause : null
2025-05-28 19:24:26,075 [WARN] ConditionMgr:1044 - genDependencies : Invalid condition id : Cortex-A Device cause : null
2025-05-28 19:24:26,076 [WARN] ConditionMgr:1044 - genDependencies : Invalid condition id : Cortex-A Device cause : null
2025-05-28 19:24:26,076 [WARN] ConditionMgr:1044 - genDependencies : Invalid condition id : Cortex-A Device cause : null
2025-05-28 19:24:26,110 [WARN] PackLoader:240 - Cannot read IP mode file for STMicroelectronics.X-CUBE-EEPRMA1.5.1.0
2025-05-28 19:24:26,140 [WARN] PackLoader:240 - Cannot read IP mode file for wolfSSL.I-CUBE-wolfSSL.5.7.6
2025-05-28 19:24:26,170 [WARN] PackLoader:240 - Cannot read IP mode file for ITTIA_DB.I-CUBE-ITTIADB.8.9.0
2025-05-28 19:24:26,233 [WARN] PackLoader:240 - Cannot read IP mode file for SEGGER.I-CUBE-embOS.1.3.1
2025-05-28 19:24:26,272 [INFO] UserAuth:486 - Internet connection configuration mode: 1
2025-05-28 19:24:26,302 [WARN] PackLoader:240 - Cannot read IP mode file for STMicroelectronics.X-CUBE-ALGOBUILD.1.4.0
2025-05-28 19:24:26,350 [WARN] PackLoader:240 - Cannot read IP mode file for STMicroelectronics.X-CUBE-AZRTOS-F4.1.1.0
2025-05-28 19:24:26,382 [WARN] PackLoader:240 - Cannot read IP mode file for Avnet-IotConnect.X-CUBE-IoTC-DA16k-PMOD.1.0.0
2025-05-28 19:24:26,421 [WARN] PackLoader:240 - Cannot read IP mode file for STMicroelectronics.X-CUBE-ISPU.2.1.0
2025-05-28 19:24:26,473 [WARN] PackLoader:240 - Cannot read IP mode file for STMicroelectronics.X-CUBE-AZRTOS-L5.2.0.0
2025-05-28 19:24:26,503 [WARN] PackLoader:240 - Cannot read IP mode file for STMicroelectronics.X-CUBE-NFC6.3.1.0
2025-05-28 19:24:26,538 [WARN] PackLoader:240 - Cannot read IP mode file for STMicroelectronics.X-CUBE-DPower.1.2.0
2025-05-28 19:24:26,568 [WARN] PackLoader:240 - Cannot read IP mode file for STMicroelectronics.X-CUBE-FREERTOS.1.3.1
2025-05-28 19:24:26,591 [WARN] PackLoader:240 - Cannot read IP mode file for STMicroelectronics.X-CUBE-FREERTOS.1.3.0
2025-05-28 19:24:26,618 [WARN] PackLoader:240 - Cannot read IP mode file for STMicroelectronics.X-CUBE-NFC7.1.0.1
2025-05-28 19:24:26,646 [WARN] PackLoader:240 - Cannot read IP mode file for STMicroelectronics.X-CUBE-DPower.1.3.0
2025-05-28 19:24:26,701 [WARN] ConditionMgr:438 - getConditionDescription Invalid condition id : LAN8742 Phy interface Condition cause : null
2025-05-28 19:24:26,702 [WARN] PackLoader:240 - Cannot read IP mode file for STMicroelectronics.X-CUBE-AZRTOS-L4.2.0.0
2025-05-28 19:24:26,703 [WARN] ConditionMgr:1044 - genDependencies : Invalid condition id : LAN8742 Phy interface Condition cause : null
2025-05-28 19:24:26,704 [WARN] ConditionMgr:1044 - genDependencies : Invalid condition id : LAN8742 Phy interface Condition cause : null
2025-05-28 19:24:26,704 [WARN] ConditionMgr:1044 - genDependencies : Invalid condition id : LAN8742 Phy interface Condition cause : null
2025-05-28 19:24:26,733 [WARN] PackLoader:240 - Cannot read IP mode file for STMicroelectronics.X-CUBE-SFXS2LP1.4.0.0
2025-05-28 19:24:26,788 [WARN] PackLoader:240 - Cannot read IP mode file for STMicroelectronics.X-CUBE-AZRTOS-H7.3.3.0
2025-05-28 19:24:26,836 [WARN] ConditionMgr:438 - getConditionDescription Invalid condition id : UX DEVICE CLASS RTOS Condition cause : null
2025-05-28 19:24:26,836 [WARN] ConditionMgr:438 - getConditionDescription Invalid condition id : UX DEVICE CLASS RTOS Condition cause : null
2025-05-28 19:24:26,838 [WARN] PackLoader:240 - Cannot read IP mode file for STMicroelectronics.X-CUBE-AZRTOS-WB.2.0.0
2025-05-28 19:24:26,839 [WARN] ConditionMgr:1044 - genDependencies : Invalid condition id : UX DEVICE CLASS RTOS Condition cause : null
2025-05-28 19:24:26,839 [WARN] ConditionMgr:1044 - genDependencies : Invalid condition id : UX DEVICE CLASS RTOS Condition cause : null
2025-05-28 19:24:26,840 [WARN] ConditionMgr:1044 - genDependencies : Invalid condition id : UX DEVICE CLASS RTOS Condition cause : null
2025-05-28 19:24:26,840 [WARN] ConditionMgr:1044 - genDependencies : Invalid condition id : UX DEVICE CLASS RTOS Condition cause : null
2025-05-28 19:24:26,840 [WARN] ConditionMgr:1044 - genDependencies : Invalid condition id : UX DEVICE CLASS RTOS Condition cause : null
2025-05-28 19:24:26,866 [WARN] PackLoader:240 - Cannot read IP mode file for STMicroelectronics.X-CUBE-GNSS1.7.0.1
2025-05-28 19:24:26,895 [WARN] PackLoader:240 - Cannot read IP mode file for STMicroelectronics.X-CUBE-TOUCHGFX.4.25.0
2025-05-28 19:24:26,923 [WARN] PackLoader:240 - Cannot read IP mode file for STMicroelectronics.FP-SNS-STBOX1.2.0.0
2025-05-28 19:24:26,958 [WARN] PackLoader:240 - Cannot read IP mode file for STMicroelectronics.X-CUBE-SUBG2.5.0.0
2025-05-28 19:24:27,008 [WARN] PackLoader:240 - Cannot read IP mode file for STMicroelectronics.X-CUBE-AZRTOS-H7RS.1.1.0
2025-05-28 19:24:27,034 [WARN] PackLoader:240 - Cannot read IP mode file for Cesanta.I-CUBE-Mongoose.7.13.0
2025-05-28 19:24:27,075 [WARN] PackLoader:240 - Cannot read IP mode file for STMicroelectronics.X-CUBE-AZRTOS-G4.2.0.0
2025-05-28 19:24:27,100 [WARN] PackLoader:240 - Cannot read IP mode file for STMicroelectronics.X-CUBE-NFC7.2.0.0
2025-05-28 19:24:27,132 [WARN] PackLoader:240 - Cannot read IP mode file for STMicroelectronics.X-CUBE-IPS.3.1.0
2025-05-28 19:24:27,161 [WARN] PackLoader:240 - Cannot read IP mode file for STMicroelectronics.X-CUBE-ALS.1.0.2
2025-05-28 19:24:27,185 [WARN] PackLoader:240 - Cannot read IP mode file for STMicroelectronics.X-CUBE-TOUCHGFX.4.24.2
2025-05-28 19:24:27,206 [WARN] PackLoader:240 - Cannot read IP mode file for wolfSSL.I-CUBE-wolfTPM.3.4.0
2025-05-28 19:24:27,231 [WARN] PackLoader:240 - Cannot read IP mode file for portGmbH.I-Cube-SoM-uGOAL.1.1.0
2025-05-28 19:24:27,269 [WARN] PackLoader:240 - Cannot read IP mode file for STMicroelectronics.X-CUBE-AZRTOS-H7RS.1.0.0
2025-05-28 19:24:27,300 [WARN] PackLoader:240 - Cannot read IP mode file for STMicroelectronics.X-CUBE-TOF1.3.4.2
2025-05-28 19:24:27,341 [WARN] PackLoader:240 - Cannot read IP mode file for STMicroelectronics.X-CUBE-TOF1.3.4.3
2025-05-28 19:24:27,378 [WARN] PackLoader:240 - Cannot read IP mode file for wolfSSL.I-CUBE-wolfSSH.1.4.17
2025-05-28 19:24:27,379 [INFO] ThirdParty:978 - Integrity check success = true
2025-05-28 19:24:27,379 [INFO] IntegrityCheckThread:100 - exiting critical section [integrity check]
2025-05-28 19:24:27,379 [INFO] IntegrityCheckThread:103 - End integrity checks thread
2025-05-28 19:54:47,692 [INFO] WebApp:190 - Connection lost
2025-05-28 19:54:47,905 [INFO] WebApp:187 - Connection restablished
2025-05-28 19:55:28,850 [INFO] WebApp:190 - Connection lost
2025-05-28 19:55:29,055 [INFO] WebApp:187 - Connection restablished
2025-05-28 20:19:13,992 [ERROR] LogOutputStream:75 - [STDERR_REDIRECT] 
