2025-09-04 19:28:24,653 [INFO] Activator:176 - 


2025-09-04 19:28:24,662 [INFO] Activator:177 - !SESSION log4j initialized
2025-09-04 19:28:34,735 [INFO] LogOutputStream:77 - [STDOUT_REDIRECT] 
2025-09-04 19:28:38,325 [INFO] ApplicationProperties:184 - Using Application install path: C:\ST\STM32CubeIDE_1.17.0\STM32CubeIDE\plugins\com.st.stm32cube.common.mx_6.13.0.202411220809
2025-09-04 19:28:38,352 [INFO] DbMcusXml:78 - Set database path to: C:\ST\STM32CubeIDE_1.17.0\STM32CubeIDE\plugins\com.st.stm32cube.common.mx_6.13.0.202411220809\\db\/mcu/
2025-09-04 19:28:38,352 [INFO] ApiDb:274 - Set plugin database path to: C:\ST\STM32CubeIDE_1.17.0\STM32CubeIDE\plugins\com.st.stm32cube.common.mx_6.13.0.202411220809\\db\/plugins/boardmanager/
2025-09-04 19:28:38,353 [WARN] ApiDb:259 - Overriding images path with different value:  => C:\ST\STM32CubeIDE_1.17.0\STM32CubeIDE\plugins\com.st.stm32cube.common.mx_6.13.0.202411220809\\db\/plugins/mcufinder/images/
2025-09-04 19:28:38,379 [INFO] ApiDb:250 - Set database path to: C:\Users\thepd\.stmcufinder\plugins\mcufinder//mcu/
2025-09-04 19:28:38,381 [INFO] DbMcusAds:125 - Set database path to: C:\Users\thepd\.stmcufinder\plugins\mcufinder//mcu/
2025-09-04 19:28:38,385 [INFO] CrossReferenceDbSqlite:203 - Set database path to: C:\Users\thepd\.stmcufinder\plugins\mcufinder//mcu/cs/
2025-09-04 19:28:38,582 [INFO] RulesReader:64 - Compatibility file has been processed (297 Rules)
2025-09-04 19:28:38,726 [INFO] DbMcusXml:78 - Set database path to: C:\ST\STM32CubeIDE_1.17.0\STM32CubeIDE\plugins\com.st.stm32cube.common.mx_6.13.0.202411220809\\db\/mcu/
2025-09-04 19:28:38,726 [INFO] ApiDb:274 - Set plugin database path to: C:\ST\STM32CubeIDE_1.17.0\STM32CubeIDE\plugins\com.st.stm32cube.common.mx_6.13.0.202411220809\\db\/plugins/boardmanager/
2025-09-04 19:28:38,726 [INFO] ApiDb:261 - Set plugin images path to: C:\ST\STM32CubeIDE_1.17.0\STM32CubeIDE\plugins\com.st.stm32cube.common.mx_6.13.0.202411220809\\db\/plugins/mcufinder/images/
2025-09-04 19:28:38,726 [WARN] DbFile:41 - Overriding database path with different value: C:\Users\thepd\.stmcufinder\plugins\mcufinder/ => C:\Users\thepd\.stmcufinder\plugins\mcufinder
2025-09-04 19:28:38,726 [INFO] ApiDb:250 - Set database path to: C:\Users\thepd\.stmcufinder\plugins\mcufinder//mcu/
2025-09-04 19:28:38,726 [WARN] DbFile:41 - Overriding database path with different value: C:\Users\thepd\.stmcufinder\plugins\mcufinder/ => C:\Users\thepd\.stmcufinder\plugins\mcufinder
2025-09-04 19:28:38,727 [INFO] DbMcusAds:125 - Set database path to: C:\Users\thepd\.stmcufinder\plugins\mcufinder//mcu/
2025-09-04 19:28:38,727 [WARN] DbFile:41 - Overriding database path with different value: C:\Users\thepd\.stmcufinder\plugins\mcufinder/ => C:\Users\thepd\.stmcufinder\plugins\mcufinder
2025-09-04 19:28:38,727 [WARN] DbFile:41 - Overriding database path with different value: C:\Users\thepd\.stmcufinder\plugins\mcufinder/ => C:\Users\thepd\.stmcufinder\plugins\mcufinder
2025-09-04 19:28:38,727 [INFO] CrossReferenceDbSqlite:203 - Set database path to: C:\Users\thepd\.stmcufinder\plugins\mcufinder//mcu/cs/
2025-09-04 19:28:38,864 [INFO] MainPanel:272 - HeapMemory: 268435456
2025-09-04 19:28:39,080 [INFO] DbMcusXml:78 - Set database path to: C:\ST\STM32CubeIDE_1.17.0\STM32CubeIDE\plugins\com.st.stm32cube.common.mx_6.13.0.202411220809\\db\/mcu/
2025-09-04 19:28:39,081 [INFO] ApiDb:274 - Set plugin database path to: C:\ST\STM32CubeIDE_1.17.0\STM32CubeIDE\plugins\com.st.stm32cube.common.mx_6.13.0.202411220809\\db\/plugins/boardmanager/
2025-09-04 19:28:39,081 [INFO] ApiDb:261 - Set plugin images path to: C:\ST\STM32CubeIDE_1.17.0\STM32CubeIDE\plugins\com.st.stm32cube.common.mx_6.13.0.202411220809\\db\/plugins/mcufinder/images/
2025-09-04 19:28:39,082 [WARN] DbFile:41 - Overriding database path with different value: C:\Users\thepd\.stmcufinder\plugins\mcufinder/ => C:\Users\thepd\.stmcufinder\plugins\mcufinder
2025-09-04 19:28:39,082 [INFO] ApiDb:250 - Set database path to: C:\Users\thepd\.stmcufinder\plugins\mcufinder//mcu/
2025-09-04 19:28:39,082 [WARN] DbFile:41 - Overriding database path with different value: C:\Users\thepd\.stmcufinder\plugins\mcufinder/ => C:\Users\thepd\.stmcufinder\plugins\mcufinder
2025-09-04 19:28:39,082 [INFO] DbMcusAds:125 - Set database path to: C:\Users\thepd\.stmcufinder\plugins\mcufinder//mcu/
2025-09-04 19:28:39,082 [WARN] DbFile:41 - Overriding database path with different value: C:\Users\thepd\.stmcufinder\plugins\mcufinder/ => C:\Users\thepd\.stmcufinder\plugins\mcufinder
2025-09-04 19:28:39,082 [WARN] DbFile:41 - Overriding database path with different value: C:\Users\thepd\.stmcufinder\plugins\mcufinder/ => C:\Users\thepd\.stmcufinder\plugins\mcufinder
2025-09-04 19:28:39,082 [INFO] CrossReferenceDbSqlite:203 - Set database path to: C:\Users\thepd\.stmcufinder\plugins\mcufinder//mcu/cs/
2025-09-04 19:28:39,111 [INFO] ApplicationProperties:184 - Using Application install path: C:\ST\STM32CubeIDE_1.17.0\STM32CubeIDE\plugins\com.st.stm32cube.common.mx_6.13.0.202411220809
2025-09-04 19:28:39,113 [INFO] PluginManage:196 - Search for loadable plugins [exclusion list=, ]
2025-09-04 19:28:39,115 [INFO] PluginManage:310 - Check plugin analytics
2025-09-04 19:28:39,442 [INFO] AnalyticsPlugin:253 - Accepted Software Licenses: STM32CubeMX.6.4.0,STM32CubeMX.6.14.0
2025-09-04 19:28:39,443 [INFO] AnalyticsPlugin:255 - Accepted CMSIS Pack Licenses: 
2025-09-04 19:28:39,443 [INFO] AnalyticsPlugin:257 - Accepted Firmware Licenses: FW.G4.1.6.0,FW.G4.1.5.0,FW.F4.1.28.0
2025-09-04 19:28:39,447 [INFO] PluginManage:359 - Loaded plugin analytics (category:tool,tabindex:-1)
2025-09-04 19:28:39,448 [INFO] PluginManage:310 - Check plugin cadmodel
2025-09-04 19:28:39,472 [INFO] CADModel:105 - Init CAD model plugin
2025-09-04 19:28:39,473 [INFO] PluginManage:359 - Loaded plugin cadmodel (category:power,tabindex:5)
2025-09-04 19:28:39,473 [INFO] PluginManage:310 - Check plugin clock
2025-09-04 19:28:39,502 [INFO] PluginManage:359 - Loaded plugin clock (category:base,tabindex:2)
2025-09-04 19:28:39,502 [INFO] PluginManage:310 - Check plugin ddr
2025-09-04 19:28:39,509 [INFO] PluginManage:359 - Loaded plugin ddr (category:tool,tabindex:6)
2025-09-04 19:28:39,509 [INFO] PluginManage:310 - Check plugin filemanager
2025-09-04 19:28:39,782 [INFO] PluginManage:359 - Loaded plugin filemanager (category:base,tabindex:10)
2025-09-04 19:28:39,782 [INFO] PluginManage:310 - Check plugin ipmanager
2025-09-04 19:28:39,793 [INFO] PluginManage:359 - Loaded plugin ipmanager (category:base,tabindex:5)
2025-09-04 19:28:39,794 [INFO] PluginManage:310 - Check plugin lpbam
2025-09-04 19:28:39,823 [INFO] PluginManage:359 - Loaded plugin lpbam (category:base,tabindex:0)
2025-09-04 19:28:39,824 [INFO] PluginManage:310 - Check plugin memorymap
2025-09-04 19:28:39,862 [INFO] PluginManage:359 - Loaded plugin memorymap (category:base,tabindex:4)
2025-09-04 19:28:39,863 [INFO] PluginManage:310 - Check plugin pinoutandconfiguration
2025-09-04 19:28:39,897 [INFO] PluginManage:359 - Loaded plugin pinoutandconfiguration (category:base,tabindex:1)
2025-09-04 19:28:39,897 [INFO] PluginManage:310 - Check plugin pinoutconfig
2025-09-04 19:28:40,053 [WARN] SupportedApi:132 - Cannot load RTOS API schema: s4s-elt-must-match.1: The content of 'definitions' must match (annotation?, (simpleType | complexType)?, (unique | key | keyref)*)). A problem was found starting at: attribute.
2025-09-04 19:28:40,280 [INFO] PluginManage:359 - Loaded plugin pinoutconfig (category:base,tabindex:0)
2025-09-04 19:28:40,280 [INFO] PluginManage:310 - Check plugin power
2025-09-04 19:28:40,312 [INFO] PluginManage:359 - Loaded plugin power (category:power,tabindex:4)
2025-09-04 19:28:40,312 [INFO] PluginManage:310 - Check plugin projectmanager
2025-09-04 19:28:40,335 [INFO] PluginManage:359 - Loaded plugin projectmanager (category:projectmanager,tabindex:4)
2025-09-04 19:28:40,335 [INFO] PluginManage:310 - Check plugin rif
2025-09-04 19:28:40,365 [INFO] PluginManage:359 - Loaded plugin rif (category:base,tabindex:3)
2025-09-04 19:28:40,366 [INFO] PluginManage:310 - Check plugin thirdparty
2025-09-04 19:28:40,847 [WARN] IntegrityCheckThread:84 - waiting for thirdparty lock release [integrity check]
2025-09-04 19:28:40,848 [INFO] PluginManage:359 - Loaded plugin thirdparty (category:base,tabindex:-1)
2025-09-04 19:28:40,848 [INFO] IntegrityCheckThread:86 - entering critical section [integrity check]
2025-09-04 19:28:40,848 [INFO] PluginManage:310 - Check plugin tools
2025-09-04 19:28:40,848 [INFO] ThirdPartyUpdaterWithRetryManager:70 - Updater plugin not ready yet. [1/15]
2025-09-04 19:28:40,915 [INFO] PluginManage:359 - Loaded plugin tools (category:base,tabindex:7)
2025-09-04 19:28:40,915 [INFO] PluginManage:310 - Check plugin tutovideos
2025-09-04 19:28:41,245 [INFO] PluginManage:359 - Loaded plugin tutovideos (category:base,tabindex:-1)
2025-09-04 19:28:41,245 [INFO] PluginManage:310 - Check plugin updater
2025-09-04 19:28:41,286 [INFO] PluginManage:359 - Loaded plugin updater (category:base,tabindex:12)
2025-09-04 19:28:41,287 [INFO] PluginManage:310 - Check plugin userauth
2025-09-04 19:28:41,294 [INFO] UserAuth:118 - Init User Auth plugin
2025-09-04 19:28:41,295 [INFO] PluginManage:359 - Loaded plugin userauth (category:base,tabindex:14)
2025-09-04 19:28:41,296 [INFO] PluginManage:283 - PluginManage : Loaded plugins [18]
2025-09-04 19:28:41,618 [INFO] PinOutPanel:1589 - setPackage(No Configuration,No Configuration)
2025-09-04 19:28:41,784 [INFO] CADModel:165 - CPN selected for project level
2025-09-04 19:28:41,784 [INFO] CADModel:114 - Register for checkConnection events
2025-09-04 19:28:41,842 [INFO] IPUIPlugin:80 - create IPUIPlugin
2025-09-04 19:28:41,844 [INFO] PluginManager:220 - loadIPPluginJar : add adc
2025-09-04 19:28:41,908 [INFO] IPUIPlugin:80 - create IPUIPlugin
2025-09-04 19:28:41,909 [INFO] PluginManager:220 - loadIPPluginJar : add aes
2025-09-04 19:28:41,981 [INFO] IPUIPlugin:80 - create IPUIPlugin
2025-09-04 19:28:41,982 [INFO] PluginManager:220 - loadIPPluginJar : add can
2025-09-04 19:28:42,042 [INFO] IPUIPlugin:80 - create IPUIPlugin
2025-09-04 19:28:42,042 [INFO] PluginManager:220 - loadIPPluginJar : add comp
2025-09-04 19:28:42,134 [INFO] IPUIPlugin:80 - create IPUIPlugin
2025-09-04 19:28:42,134 [INFO] PluginManager:220 - loadIPPluginJar : add cryp
2025-09-04 19:28:42,161 [INFO] IPUIPlugin:80 - create IPUIPlugin
2025-09-04 19:28:42,161 [INFO] PluginManager:220 - loadIPPluginJar : add ddr_ctrl_phy
2025-09-04 19:28:42,231 [INFO] IPUIPlugin:80 - create IPUIPlugin
2025-09-04 19:28:42,232 [INFO] PluginManager:220 - loadIPPluginJar : add dfsdm
2025-09-04 19:28:42,266 [INFO] IPUIPlugin:80 - create IPUIPlugin
2025-09-04 19:28:42,268 [INFO] PluginManager:220 - loadIPPluginJar : add dma
2025-09-04 19:28:42,380 [INFO] IPUIPlugin:80 - create IPUIPlugin
2025-09-04 19:28:42,381 [INFO] PluginManager:220 - loadIPPluginJar : add dma3
2025-09-04 19:28:42,469 [INFO] IPUIPlugin:80 - create IPUIPlugin
2025-09-04 19:28:42,469 [INFO] PluginManager:220 - loadIPPluginJar : add extmemmanager
2025-09-04 19:28:42,531 [INFO] IPUIPlugin:80 - create IPUIPlugin
2025-09-04 19:28:42,531 [INFO] PluginManager:220 - loadIPPluginJar : add fatfs
2025-09-04 19:28:42,670 [INFO] IPUIPlugin:80 - create IPUIPlugin
2025-09-04 19:28:42,670 [INFO] PluginManager:220 - loadIPPluginJar : add fmc
2025-09-04 19:28:42,728 [INFO] IPUIPlugin:80 - create IPUIPlugin
2025-09-04 19:28:42,729 [INFO] PluginManager:220 - loadIPPluginJar : add freertos
2025-09-04 19:28:42,786 [INFO] IPUIPlugin:80 - create IPUIPlugin
2025-09-04 19:28:42,787 [INFO] PluginManager:220 - loadIPPluginJar : add genericplugin
2025-09-04 19:28:42,972 [INFO] IPUIPlugin:80 - create IPUIPlugin
2025-09-04 19:28:42,972 [INFO] PluginManager:220 - loadIPPluginJar : add gfxmmu
2025-09-04 19:28:43,244 [INFO] IPUIPlugin:80 - create IPUIPlugin
2025-09-04 19:28:43,244 [INFO] PluginManager:220 - loadIPPluginJar : add gic
2025-09-04 19:28:43,267 [INFO] IPUIPlugin:80 - create IPUIPlugin
2025-09-04 19:28:43,267 [INFO] PluginManager:220 - loadIPPluginJar : add gpio
2025-09-04 19:28:43,472 [INFO] IPUIPlugin:80 - create IPUIPlugin
2025-09-04 19:28:43,472 [INFO] PluginManager:220 - loadIPPluginJar : add gtzc
2025-09-04 19:28:43,563 [INFO] IPUIPlugin:80 - create IPUIPlugin
2025-09-04 19:28:43,563 [INFO] PluginManager:220 - loadIPPluginJar : add hash
2025-09-04 19:28:43,674 [INFO] IPUIPlugin:80 - create IPUIPlugin
2025-09-04 19:28:43,674 [INFO] PluginManager:220 - loadIPPluginJar : add i2c
2025-09-04 19:28:43,749 [INFO] IPUIPlugin:80 - create IPUIPlugin
2025-09-04 19:28:43,749 [INFO] PluginManager:220 - loadIPPluginJar : add i2s
2025-09-04 19:28:43,851 [INFO] ThirdPartyUpdaterWithRetryManager:70 - Updater plugin not ready yet. [2/15]
2025-09-04 19:28:43,858 [INFO] IPUIPlugin:80 - create IPUIPlugin
2025-09-04 19:28:43,858 [INFO] PluginManager:220 - loadIPPluginJar : add i3c
2025-09-04 19:28:44,057 [INFO] IPUIPlugin:80 - create IPUIPlugin
2025-09-04 19:28:44,057 [INFO] PluginManager:220 - loadIPPluginJar : add ipddr
2025-09-04 19:28:44,263 [INFO] IPUIPlugin:80 - create IPUIPlugin
2025-09-04 19:28:44,263 [INFO] PluginManager:220 - loadIPPluginJar : add linkedlist
2025-09-04 19:28:44,333 [INFO] IPUIPlugin:80 - create IPUIPlugin
2025-09-04 19:28:44,333 [INFO] PluginManager:220 - loadIPPluginJar : add lorawan
2025-09-04 19:28:44,401 [INFO] IPUIPlugin:80 - create IPUIPlugin
2025-09-04 19:28:44,402 [INFO] PluginManager:220 - loadIPPluginJar : add ltdc
2025-09-04 19:28:44,430 [INFO] IPUIPlugin:80 - create IPUIPlugin
2025-09-04 19:28:44,430 [INFO] PluginManager:220 - loadIPPluginJar : add mdma
2025-09-04 19:28:44,450 [INFO] IPUIPlugin:80 - create IPUIPlugin
2025-09-04 19:28:44,451 [INFO] PluginManager:220 - loadIPPluginJar : add nvic
2025-09-04 19:28:44,520 [INFO] IPUIPlugin:80 - create IPUIPlugin
2025-09-04 19:28:44,521 [INFO] PluginManager:220 - loadIPPluginJar : add opamp
2025-09-04 19:28:44,641 [INFO] IPUIPlugin:80 - create IPUIPlugin
2025-09-04 19:28:44,641 [INFO] PluginManager:220 - loadIPPluginJar : add openamp
2025-09-04 19:28:44,741 [INFO] IPUIPlugin:80 - create IPUIPlugin
2025-09-04 19:28:44,741 [INFO] PluginManager:220 - loadIPPluginJar : add pdm2pcm
2025-09-04 19:28:44,761 [INFO] IPUIPlugin:80 - create IPUIPlugin
2025-09-04 19:28:44,764 [INFO] PluginManager:220 - loadIPPluginJar : add plateformsettings
2025-09-04 19:28:44,804 [INFO] IPUIPlugin:80 - create IPUIPlugin
2025-09-04 19:28:44,804 [INFO] PluginManager:220 - loadIPPluginJar : add quadspi
2025-09-04 19:28:44,864 [INFO] IPUIPlugin:80 - create IPUIPlugin
2025-09-04 19:28:44,865 [INFO] PluginManager:220 - loadIPPluginJar : add radio
2025-09-04 19:28:44,886 [INFO] IPUIPlugin:80 - create IPUIPlugin
2025-09-04 19:28:44,887 [INFO] PluginManager:220 - loadIPPluginJar : add resmgrutility
2025-09-04 19:28:44,986 [INFO] IPUIPlugin:80 - create IPUIPlugin
2025-09-04 19:28:44,986 [INFO] PluginManager:220 - loadIPPluginJar : add sai
2025-09-04 19:28:45,066 [INFO] IPUIPlugin:80 - create IPUIPlugin
2025-09-04 19:28:45,066 [INFO] PluginManager:220 - loadIPPluginJar : add spi
2025-09-04 19:28:45,192 [INFO] IPUIPlugin:80 - create IPUIPlugin
2025-09-04 19:28:45,192 [INFO] PluginManager:220 - loadIPPluginJar : add stm32_wpan
2025-09-04 19:28:45,238 [INFO] IPUIPlugin:80 - create IPUIPlugin
2025-09-04 19:28:45,239 [INFO] PluginManager:220 - loadIPPluginJar : add tim
2025-09-04 19:28:45,357 [INFO] IPUIPlugin:80 - create IPUIPlugin
2025-09-04 19:28:45,357 [INFO] PluginManager:220 - loadIPPluginJar : add touchsensing
2025-09-04 19:28:45,443 [INFO] IPUIPlugin:80 - create IPUIPlugin
2025-09-04 19:28:45,443 [INFO] PluginManager:220 - loadIPPluginJar : add tracer_emb
2025-09-04 19:28:45,495 [INFO] IPUIPlugin:80 - create IPUIPlugin
2025-09-04 19:28:45,495 [INFO] PluginManager:220 - loadIPPluginJar : add ts
2025-09-04 19:28:45,540 [INFO] IPUIPlugin:80 - create IPUIPlugin
2025-09-04 19:28:45,540 [INFO] PluginManager:220 - loadIPPluginJar : add tsc
2025-09-04 19:28:45,585 [INFO] IPUIPlugin:80 - create IPUIPlugin
2025-09-04 19:28:45,585 [INFO] PluginManager:220 - loadIPPluginJar : add ucpd
2025-09-04 19:28:45,700 [INFO] IPUIPlugin:80 - create IPUIPlugin
2025-09-04 19:28:45,701 [INFO] PluginManager:220 - loadIPPluginJar : add usart
2025-09-04 19:28:45,841 [INFO] IPUIPlugin:80 - create IPUIPlugin
2025-09-04 19:28:45,841 [INFO] PluginManager:220 - loadIPPluginJar : add usbx
2025-09-04 19:28:46,030 [FATAL] Updater:351 - Updater called before beeing initialized
2025-09-04 19:28:46,107 [INFO] RulesReader:64 - Compatibility file has been processed (297 Rules)
2025-09-04 19:28:46,124 [INFO] RulesReader:64 - Compatibility file has been processed (297 Rules)
2025-09-04 19:28:46,142 [INFO] CADModel:165 - CPN selected for project level
2025-09-04 19:28:46,142 [INFO] CADModel:114 - Register for checkConnection events
2025-09-04 19:28:46,142 [FATAL] Updater:351 - Updater called before beeing initialized
2025-09-04 19:28:46,142 [ERROR] CADModel:125 - Updater not yet initialized, retry later 
2025-09-04 19:28:46,375 [FATAL] Updater:351 - Updater called before beeing initialized
2025-09-04 19:28:46,377 [INFO] CADModel:165 - CPN selected for project level
2025-09-04 19:28:46,377 [INFO] CADModel:114 - Register for checkConnection events
2025-09-04 19:28:46,377 [FATAL] Updater:351 - Updater called before beeing initialized
2025-09-04 19:28:46,377 [ERROR] CADModel:125 - Updater not yet initialized, retry later 
2025-09-04 19:28:46,383 [FATAL] Updater:351 - Updater called before beeing initialized
2025-09-04 19:28:46,579 [FATAL] Updater:351 - Updater called before beeing initialized
2025-09-04 19:28:46,595 [INFO] DbMcusAds:53 - JSON generation date=Thu Mar 06 15:54:21 CET 2025 (1741272861825)
2025-09-04 19:28:46,595 [FATAL] Updater:351 - Updater called before beeing initialized
2025-09-04 19:28:46,688 [WARN] DetailPanel:346 - Failed to get advertising image, set to default
2025-09-04 19:28:46,853 [INFO] ThirdPartyUpdaterWithRetryManager:70 - Updater plugin not ready yet. [3/15]
2025-09-04 19:28:47,080 [FATAL] Updater:351 - Updater called before beeing initialized
2025-09-04 19:28:47,083 [FATAL] Updater:351 - Updater called before beeing initialized
2025-09-04 19:28:47,083 [FATAL] Updater:351 - Updater called before beeing initialized
2025-09-04 19:28:47,083 [WARN] DetailPanel:346 - Failed to get advertising image, set to default
2025-09-04 19:28:47,084 [FATAL] Updater:351 - Updater called before beeing initialized
2025-09-04 19:28:47,181 [ERROR] Updater:1198 - MainUpdater not yet initialized. External WinMGr cannot be set.
2025-09-04 19:28:47,196 [INFO] Updater:1134 - Updater Version found : 6.13.0
2025-09-04 19:28:47,223 [INFO] ApplicationProperties:184 - Using Application install path: C:\ST\STM32CubeIDE_1.17.0\STM32CubeIDE\plugins\com.st.stm32cube.common.mx_6.13.0.202411220809
2025-09-04 19:28:47,860 [INFO] MainUpdater:2872 - connection check result : 10
2025-09-04 19:28:47,860 [INFO] MainUpdater:3566 - Updater definition file requires update
2025-09-04 19:28:47,862 [INFO] MainUpdater:289 - Updater Check For Update Now.
2025-09-04 19:28:47,862 [INFO] MicroXplorer:498 - Change Database Version : DB.6.0.130
2025-09-04 19:28:47,892 [INFO] McuFinderGlobals:63 - Set McuFinder mode to 2 (CubeIDE integrated)
2025-09-04 19:28:47,904 [INFO] UserAuth:486 - Internet connection configuration mode: 1
2025-09-04 19:28:47,932 [INFO] ServerAccessManage:473 - Download File updaters.zip
2025-09-04 19:28:47,951 [INFO] JxBrowserEngine:152 - Initiate JxBrowser Engine with user profile folder
2025-09-04 19:28:48,063 [INFO] FileExtend:240 - Unzip File : updaters.zip
2025-09-04 19:28:48,064 [INFO] FileExtend:255 - Standard Zip Deflate
2025-09-04 19:28:49,214 [INFO] ServerAccessManage:473 - Download File PacksControlFlags.xml
2025-09-04 19:28:49,429 [INFO] ServerAccessManage:473 - Download File cubemx.pidx
2025-09-04 19:28:49,735 [INFO] LoadServerUpdatesThread:375 - End of LoadServerUpdate Thread
2025-09-04 19:28:49,857 [WARN] MainUpdater:1193 - Updater busy. Cannot search thirdparties
2025-09-04 19:28:49,858 [INFO] ThirdPartyUpdaterWithRetryManager:96 - Updater plugin is busy. [1/15]
2025-09-04 19:28:50,065 [INFO] CheckServerUpdateThread:120 - End of CheckServer Thread
2025-09-04 19:28:50,984 [INFO] WebApp:168 - Instantiating new browser for Auth
2025-09-04 19:28:52,292 [INFO] WebApp:449 - Apply proxy settings
2025-09-04 19:28:52,292 [INFO] WebApp:534 - Chromium requires no authentication
2025-09-04 19:28:52,303 [INFO] WebApp:477 - Direct internet connection detected
2025-09-04 19:28:52,348 [INFO] WebApp:880 - Register for checkConnection events
2025-09-04 19:28:52,349 [INFO] WebApp:449 - Apply proxy settings
2025-09-04 19:28:52,349 [INFO] WebApp:534 - Chromium requires no authentication
2025-09-04 19:28:52,350 [INFO] WebApp:477 - Direct internet connection detected
2025-09-04 19:28:52,551 [INFO] WebApp:187 - Connection restablished
2025-09-04 19:28:52,775 [INFO] WebApp:221 - Starting web application
2025-09-04 19:28:52,775 [INFO] WebApp:579 - Web application path used C:\ST\STM32CubeIDE_1.17.0\STM32CubeIDE\plugins\com.st.stm32cube.common.mx_6.13.0.202411220809\db\plugins\mcufinder\reactClient1\index.html
2025-09-04 19:28:53,208 [INFO] UserAuth:486 - Internet connection configuration mode: 1
2025-09-04 19:28:53,593 [WARN] PackLoader:240 - Cannot read IP mode file for STMicroelectronics.FP-SNS-MOTENVWB1.1.4.0
2025-09-04 19:28:53,625 [WARN] PackLoader:240 - Cannot read IP mode file for STMicroelectronics.FP-ATR-ASTRA1.2.0.2
2025-09-04 19:28:53,644 [WARN] PackLoader:240 - Cannot read IP mode file for STMicroelectronics.FP-ATR-ASTRA1.2.0.1
2025-09-04 19:28:53,673 [WARN] PackLoader:240 - Cannot read IP mode file for STMicroelectronics.X-CUBE-SMBUS.2.1.0
2025-09-04 19:28:53,700 [WARN] PackLoader:240 - Cannot read IP mode file for STMicroelectronics.X-CUBE-WB05N.1.1.0
2025-09-04 19:28:53,724 [WARN] PackLoader:240 - Cannot read IP mode file for STMicroelectronics.X-CUBE-ST60.1.0.0
2025-09-04 19:28:53,790 [WARN] PackLoader:240 - Cannot read IP mode file for STMicroelectronics.X-CUBE-AZRTOS-F7.1.1.0
2025-09-04 19:28:53,822 [WARN] PackLoader:240 - Cannot read IP mode file for STMicroelectronics.FP-SNS-FLIGHT1.5.0.2
2025-09-04 19:28:53,877 [WARN] PackLoader:240 - Cannot read IP mode file for Infineon.AIROC-Wi-Fi-Bluetooth-STM32.1.7.0
2025-09-04 19:28:53,941 [WARN] PackLoader:240 - Cannot read IP mode file for STMicroelectronics.X-CUBE-AZRTOS-H7.3.4.0
2025-09-04 19:28:53,977 [WARN] PackLoader:240 - Cannot read IP mode file for STMicroelectronics.X-CUBE-DISPLAY.3.0.0
2025-09-04 19:28:54,006 [WARN] PackLoader:240 - Cannot read IP mode file for STMicroelectronics.X-CUBE-BLE1.7.0.0
2025-09-04 19:28:54,030 [WARN] PackLoader:240 - Cannot read IP mode file for STMicroelectronics.X-CUBE-NFC10.1.0.0
2025-09-04 19:28:54,064 [WARN] PackLoader:240 - Cannot read IP mode file for STMicroelectronics.X-CUBE-BLEMGR.4.0.0
2025-09-04 19:28:54,101 [WARN] PackLoader:240 - Cannot read IP mode file for emotas.I-CUBE-CANOPEN.1.3.0
2025-09-04 19:28:54,127 [WARN] PackLoader:240 - Cannot read IP mode file for STMicroelectronics.X-CUBE-AI.10.0.0
2025-09-04 19:28:54,147 [ERROR] Engine:466 - C:\Users\thepd\.stm32cubemx\thirdparties\pdsc\STMicroelectronics.FP-SNS-STBOX1.2.1.0.pdsc: PDSC version is not supported
2025-09-04 19:28:54,172 [WARN] PackLoader:240 - Cannot read IP mode file for STMicroelectronics.FP-SNS-SMARTAG2.1.2.0
2025-09-04 19:28:54,193 [WARN] PackLoader:240 - Cannot read IP mode file for STMicroelectronics.FP-SNS-FLIGHT1.5.1.0
2025-09-04 19:28:54,299 [WARN] PackLoader:240 - Cannot read IP mode file for STMicroelectronics.X-CUBE-MEMS1.11.1.0
2025-09-04 19:28:54,843 [INFO] LogOutputStream:77 - [STDOUT_REDIRECT] 1 : Invalid condition id : UX_CORESTACK_Condition cause : null
2025-09-04 19:28:54,844 [INFO] LogOutputStream:77 - [STDOUT_REDIRECT] 1 : Invalid condition id : UX_CORESTACK_Condition cause : null
2025-09-04 19:28:54,845 [INFO] LogOutputStream:77 - [STDOUT_REDIRECT] 1 : Invalid condition id : UX_CORESTACK_Condition cause : null
2025-09-04 19:28:54,847 [INFO] LogOutputStream:77 - [STDOUT_REDIRECT] 1 : Invalid condition id : UX_CORESTACK_Condition cause : null
2025-09-04 19:28:54,849 [INFO] LogOutputStream:77 - [STDOUT_REDIRECT] 1 : Invalid condition id : UX_CORESTACK_Condition cause : null
2025-09-04 19:28:54,852 [WARN] PackLoader:240 - Cannot read IP mode file for STMicroelectronics.X-CUBE-AZRTOS-WL.2.0.0
2025-09-04 19:28:54,882 [WARN] PackLoader:240 - Cannot read IP mode file for STMicroelectronics.FP-SNS-MOTENV1.5.0.0
2025-09-04 19:28:54,909 [WARN] PackLoader:240 - Cannot read IP mode file for wolfSSL.I-CUBE-wolfMQTT.1.19.0
2025-09-04 19:28:54,942 [WARN] PackLoader:240 - Cannot read IP mode file for WES.I-CUBE-Cesium.1.3.0
2025-09-04 19:28:54,973 [WARN] PackLoader:240 - Cannot read IP mode file for STMicroelectronics.X-CUBE-BLE2.3.3.0
2025-09-04 19:28:54,998 [WARN] PackLoader:240 - Cannot read IP mode file for STMicroelectronics.X-CUBE-NFC9.1.0.0
2025-09-04 19:28:55,024 [WARN] PackLoader:240 - Cannot read IP mode file for STMicroelectronics.X-CUBE-BLE1.7.1.0
2025-09-04 19:28:55,054 [WARN] PackLoader:240 - Cannot read IP mode file for STMicroelectronics.X-CUBE-EEPRMA1.5.2.0
2025-09-04 19:28:55,080 [WARN] PackLoader:240 - Cannot read IP mode file for STMicroelectronics.X-CUBE-AI.10.1.0
2025-09-04 19:28:55,168 [WARN] PackLoader:240 - Cannot read IP mode file for STMicroelectronics.X-CUBE-MEMS1.11.2.0
2025-09-04 19:28:55,295 [WARN] PackLoader:240 - Cannot read IP mode file for STMicroelectronics.X-CUBE-AZRTOS-G0.1.1.0
2025-09-04 19:28:55,320 [WARN] PackLoader:240 - Cannot read IP mode file for STMicroelectronics.X-CUBE-SAFEA1.1.2.2
2025-09-04 19:28:55,346 [WARN] PackLoader:240 - Cannot read IP mode file for STMicroelectronics.X-CUBE-NFC4.3.0.0
2025-09-04 19:28:55,377 [WARN] PackLoader:240 - Cannot read IP mode file for EmbeddedOffice.I-CUBE-FS-RTOS.1.0.1
2025-09-04 19:28:55,400 [WARN] PackLoader:240 - Cannot read IP mode file for STMicroelectronics.X-CUBE-WB05N.2.0.0
2025-09-04 19:28:55,431 [WARN] PackLoader:240 - Cannot read IP mode file for STMicroelectronics.X-CUBE-TCPP.4.2.0
2025-09-04 19:28:55,461 [WARN] PackLoader:240 - Cannot read IP mode file for RealThread.X-CUBE-RT-Thread_Nano.4.1.1
2025-09-04 19:28:55,492 [WARN] PackLoader:240 - Cannot read IP mode file for STMicroelectronics.FP-ATR-SIGFOX1.3.2.0
2025-09-04 19:28:55,520 [WARN] ConditionMgr:438 - getConditionDescription Invalid condition id : Cortex-A Device cause : null
2025-09-04 19:28:55,557 [WARN] ConditionMgr:1044 - genDependencies : Invalid condition id : Cortex-A Device cause : null
2025-09-04 19:28:55,557 [WARN] ConditionMgr:1044 - genDependencies : Invalid condition id : Cortex-A Device cause : null
2025-09-04 19:28:55,558 [WARN] ConditionMgr:1044 - genDependencies : Invalid condition id : Cortex-A Device cause : null
2025-09-04 19:28:55,589 [WARN] PackLoader:240 - Cannot read IP mode file for STMicroelectronics.X-CUBE-EEPRMA1.5.1.0
2025-09-04 19:28:55,621 [WARN] PackLoader:240 - Cannot read IP mode file for wolfSSL.I-CUBE-wolfSSL.5.7.6
2025-09-04 19:28:55,659 [WARN] PackLoader:240 - Cannot read IP mode file for ITTIA_DB.I-CUBE-ITTIADB.8.9.0
2025-09-04 19:28:55,697 [WARN] PackLoader:240 - Cannot read IP mode file for STMicroelectronics.X-CUBE-ST67W61.1.0.0
2025-09-04 19:28:55,744 [WARN] PackLoader:240 - Cannot read IP mode file for STMicroelectronics.X-CUBE-AI.10.2.0
2025-09-04 19:28:55,814 [WARN] PackLoader:240 - Cannot read IP mode file for SEGGER.I-CUBE-embOS.1.3.1
2025-09-04 19:28:55,911 [WARN] PackLoader:240 - Cannot read IP mode file for STMicroelectronics.X-CUBE-ALGOBUILD.1.4.0
2025-09-04 19:28:56,008 [WARN] PackLoader:240 - Cannot read IP mode file for STMicroelectronics.X-CUBE-MEMS1.11.3.0
2025-09-04 19:28:56,173 [WARN] PackLoader:240 - Cannot read IP mode file for STMicroelectronics.X-CUBE-PM33A1.1.0.0
2025-09-04 19:28:56,224 [WARN] PackLoader:240 - Cannot read IP mode file for STMicroelectronics.X-CUBE-AZRTOS-F4.1.1.0
2025-09-04 19:28:56,264 [WARN] PackLoader:240 - Cannot read IP mode file for Avnet-IotConnect.X-CUBE-IoTC-DA16k-PMOD.1.0.0
2025-09-04 19:28:56,295 [WARN] PackLoader:240 - Cannot read IP mode file for STMicroelectronics.X-CUBE-ISPU.2.1.0
2025-09-04 19:28:56,330 [WARN] PackLoader:240 - Cannot read IP mode file for STMicroelectronics.X-CUBE-NFC12.1.0.0
2025-09-04 19:28:56,394 [WARN] PackLoader:240 - Cannot read IP mode file for STMicroelectronics.X-CUBE-AZRTOS-L5.2.0.0
2025-09-04 19:28:56,433 [WARN] PackLoader:240 - Cannot read IP mode file for STMicroelectronics.X-CUBE-NFC6.3.1.0
2025-09-04 19:28:56,466 [WARN] PackLoader:240 - Cannot read IP mode file for STMicroelectronics.X-CUBE-DPower.1.2.0
2025-09-04 19:28:56,500 [WARN] PackLoader:240 - Cannot read IP mode file for STMicroelectronics.X-CUBE-FREERTOS.1.3.1
2025-09-04 19:28:56,530 [WARN] PackLoader:240 - Cannot read IP mode file for STMicroelectronics.X-CUBE-FREERTOS.1.3.0
2025-09-04 19:28:56,564 [WARN] PackLoader:240 - Cannot read IP mode file for STMicroelectronics.X-CUBE-NFC7.1.0.1
2025-09-04 19:28:56,593 [WARN] PackLoader:240 - Cannot read IP mode file for STMicroelectronics.FP-SNS-STAIOTCFT.1.0.0
2025-09-04 19:28:56,620 [WARN] PackLoader:240 - Cannot read IP mode file for STMicroelectronics.X-CUBE-DPower.1.3.0
2025-09-04 19:28:56,672 [WARN] ConditionMgr:438 - getConditionDescription Invalid condition id : LAN8742 Phy interface Condition cause : null
2025-09-04 19:28:56,672 [WARN] PackLoader:240 - Cannot read IP mode file for STMicroelectronics.X-CUBE-AZRTOS-L4.2.0.0
2025-09-04 19:28:56,674 [WARN] ConditionMgr:1044 - genDependencies : Invalid condition id : LAN8742 Phy interface Condition cause : null
2025-09-04 19:28:56,674 [WARN] ConditionMgr:1044 - genDependencies : Invalid condition id : LAN8742 Phy interface Condition cause : null
2025-09-04 19:28:56,674 [WARN] ConditionMgr:1044 - genDependencies : Invalid condition id : LAN8742 Phy interface Condition cause : null
2025-09-04 19:28:56,712 [WARN] PackLoader:240 - Cannot read IP mode file for STMicroelectronics.X-CUBE-SFXS2LP1.4.0.0
2025-09-04 19:28:56,767 [WARN] PackLoader:240 - Cannot read IP mode file for STMicroelectronics.X-CUBE-AZRTOS-H7.3.3.0
2025-09-04 19:28:56,802 [WARN] PackLoader:240 - Cannot read IP mode file for STMicroelectronics.X-CUBE-BLEMGR.4.1.0
2025-09-04 19:28:56,861 [WARN] ConditionMgr:438 - getConditionDescription Invalid condition id : UX DEVICE CLASS RTOS Condition cause : null
2025-09-04 19:28:56,861 [WARN] ConditionMgr:438 - getConditionDescription Invalid condition id : UX DEVICE CLASS RTOS Condition cause : null
2025-09-04 19:28:56,864 [WARN] PackLoader:240 - Cannot read IP mode file for STMicroelectronics.X-CUBE-AZRTOS-WB.2.0.0
2025-09-04 19:28:56,864 [WARN] ConditionMgr:1044 - genDependencies : Invalid condition id : UX DEVICE CLASS RTOS Condition cause : null
2025-09-04 19:28:56,864 [WARN] ConditionMgr:1044 - genDependencies : Invalid condition id : UX DEVICE CLASS RTOS Condition cause : null
2025-09-04 19:28:56,866 [WARN] ConditionMgr:1044 - genDependencies : Invalid condition id : UX DEVICE CLASS RTOS Condition cause : null
2025-09-04 19:28:56,866 [WARN] ConditionMgr:1044 - genDependencies : Invalid condition id : UX DEVICE CLASS RTOS Condition cause : null
2025-09-04 19:28:56,866 [WARN] ConditionMgr:1044 - genDependencies : Invalid condition id : UX DEVICE CLASS RTOS Condition cause : null
2025-09-04 19:28:56,893 [WARN] PackLoader:240 - Cannot read IP mode file for STMicroelectronics.X-CUBE-GNSS1.7.0.1
2025-09-04 19:28:56,927 [WARN] PackLoader:240 - Cannot read IP mode file for STMicroelectronics.X-CUBE-TOUCHGFX.4.25.0
2025-09-04 19:28:56,955 [WARN] PackLoader:240 - Cannot read IP mode file for STMicroelectronics.FP-SNS-STBOX1.2.0.0
2025-09-04 19:28:56,991 [WARN] PackLoader:240 - Cannot read IP mode file for STMicroelectronics.X-CUBE-SUBG2.5.0.0
2025-09-04 19:28:57,046 [WARN] PackLoader:240 - Cannot read IP mode file for STMicroelectronics.X-CUBE-AZRTOS-H7RS.1.1.0
2025-09-04 19:28:57,081 [WARN] PackLoader:240 - Cannot read IP mode file for Cesanta.I-CUBE-Mongoose.7.13.0
2025-09-04 19:28:57,129 [WARN] PackLoader:240 - Cannot read IP mode file for STMicroelectronics.X-CUBE-AZRTOS-G4.2.0.0
2025-09-04 19:28:57,161 [WARN] PackLoader:240 - Cannot read IP mode file for STMicroelectronics.X-CUBE-NFC7.2.0.0
2025-09-04 19:28:57,202 [WARN] PackLoader:240 - Cannot read IP mode file for STMicroelectronics.X-CUBE-IPS.3.1.0
2025-09-04 19:28:57,240 [WARN] PackLoader:240 - Cannot read IP mode file for STMicroelectronics.X-CUBE-ALS.1.0.2
2025-09-04 19:28:57,266 [WARN] PackLoader:240 - Cannot read IP mode file for STMicroelectronics.X-CUBE-TOUCHGFX.4.24.2
2025-09-04 19:28:57,296 [WARN] PackLoader:240 - Cannot read IP mode file for wolfSSL.I-CUBE-wolfTPM.3.4.0
2025-09-04 19:28:57,326 [WARN] PackLoader:240 - Cannot read IP mode file for portGmbH.I-Cube-SoM-uGOAL.1.1.0
2025-09-04 19:28:57,365 [WARN] PackLoader:240 - Cannot read IP mode file for STMicroelectronics.X-CUBE-AZRTOS-H7RS.1.0.0
2025-09-04 19:28:57,395 [WARN] PackLoader:240 - Cannot read IP mode file for STMicroelectronics.X-CUBE-TOF1.3.4.2
2025-09-04 19:28:57,459 [WARN] PackLoader:240 - Cannot read IP mode file for STMicroelectronics.X-CUBE-TOF1.3.4.3
2025-09-04 19:28:57,512 [WARN] PackLoader:240 - Cannot read IP mode file for wolfSSL.I-CUBE-wolfSSH.1.4.17
2025-09-04 19:28:57,513 [INFO] ThirdParty:978 - Integrity check success = true
2025-09-04 19:28:57,513 [INFO] IntegrityCheckThread:100 - exiting critical section [integrity check]
2025-09-04 19:28:57,513 [INFO] IntegrityCheckThread:103 - End integrity checks thread
2025-09-04 20:02:53,036 [ERROR] LogOutputStream:75 - [STDERR_REDIRECT] 
