2025-05-23 18:19:53,881 [INFO] Activator:176 - 


2025-05-23 18:19:53,904 [INFO] Activator:177 - !SESSION log4j initialized
2025-05-23 18:20:12,826 [INFO] LogOutputStream:77 - [STDOUT_REDIRECT] 
2025-05-23 18:20:18,201 [INFO] ApplicationProperties:184 - Using Application install path: C:\ST\STM32CubeIDE_1.17.0\STM32CubeIDE\plugins\com.st.stm32cube.common.mx_6.13.0.202411220809
2025-05-23 18:20:18,247 [INFO] DbMcusXml:78 - Set database path to: C:\ST\STM32CubeIDE_1.17.0\STM32CubeIDE\plugins\com.st.stm32cube.common.mx_6.13.0.202411220809\\db\/mcu/
2025-05-23 18:20:18,248 [INFO] ApiDb:274 - Set plugin database path to: C:\ST\STM32CubeIDE_1.17.0\STM32CubeIDE\plugins\com.st.stm32cube.common.mx_6.13.0.202411220809\\db\/plugins/boardmanager/
2025-05-23 18:20:18,249 [WARN] ApiDb:259 - Overriding images path with different value:  => C:\ST\STM32CubeIDE_1.17.0\STM32CubeIDE\plugins\com.st.stm32cube.common.mx_6.13.0.202411220809\\db\/plugins/mcufinder/images/
2025-05-23 18:20:18,280 [INFO] ApiDb:250 - Set database path to: C:\Users\thepd\.stmcufinder\plugins\mcufinder//mcu/
2025-05-23 18:20:18,282 [INFO] DbMcusAds:125 - Set database path to: C:\Users\thepd\.stmcufinder\plugins\mcufinder//mcu/
2025-05-23 18:20:18,285 [INFO] CrossReferenceDbSqlite:203 - Set database path to: C:\Users\thepd\.stmcufinder\plugins\mcufinder//mcu/cs/
2025-05-23 18:20:18,599 [INFO] RulesReader:64 - Compatibility file has been processed (297 Rules)
2025-05-23 18:20:18,933 [INFO] DbMcusXml:78 - Set database path to: C:\ST\STM32CubeIDE_1.17.0\STM32CubeIDE\plugins\com.st.stm32cube.common.mx_6.13.0.202411220809\\db\/mcu/
2025-05-23 18:20:18,934 [INFO] ApiDb:274 - Set plugin database path to: C:\ST\STM32CubeIDE_1.17.0\STM32CubeIDE\plugins\com.st.stm32cube.common.mx_6.13.0.202411220809\\db\/plugins/boardmanager/
2025-05-23 18:20:18,934 [INFO] ApiDb:261 - Set plugin images path to: C:\ST\STM32CubeIDE_1.17.0\STM32CubeIDE\plugins\com.st.stm32cube.common.mx_6.13.0.202411220809\\db\/plugins/mcufinder/images/
2025-05-23 18:20:18,935 [WARN] DbFile:41 - Overriding database path with different value: C:\Users\thepd\.stmcufinder\plugins\mcufinder/ => C:\Users\thepd\.stmcufinder\plugins\mcufinder
2025-05-23 18:20:18,935 [INFO] ApiDb:250 - Set database path to: C:\Users\thepd\.stmcufinder\plugins\mcufinder//mcu/
2025-05-23 18:20:18,936 [WARN] DbFile:41 - Overriding database path with different value: C:\Users\thepd\.stmcufinder\plugins\mcufinder/ => C:\Users\thepd\.stmcufinder\plugins\mcufinder
2025-05-23 18:20:18,936 [INFO] DbMcusAds:125 - Set database path to: C:\Users\thepd\.stmcufinder\plugins\mcufinder//mcu/
2025-05-23 18:20:18,936 [WARN] DbFile:41 - Overriding database path with different value: C:\Users\thepd\.stmcufinder\plugins\mcufinder/ => C:\Users\thepd\.stmcufinder\plugins\mcufinder
2025-05-23 18:20:18,937 [WARN] DbFile:41 - Overriding database path with different value: C:\Users\thepd\.stmcufinder\plugins\mcufinder/ => C:\Users\thepd\.stmcufinder\plugins\mcufinder
2025-05-23 18:20:18,937 [INFO] CrossReferenceDbSqlite:203 - Set database path to: C:\Users\thepd\.stmcufinder\plugins\mcufinder//mcu/cs/
2025-05-23 18:20:19,224 [INFO] MainPanel:272 - HeapMemory: 268435456
2025-05-23 18:20:19,590 [INFO] DbMcusXml:78 - Set database path to: C:\ST\STM32CubeIDE_1.17.0\STM32CubeIDE\plugins\com.st.stm32cube.common.mx_6.13.0.202411220809\\db\/mcu/
2025-05-23 18:20:19,590 [INFO] ApiDb:274 - Set plugin database path to: C:\ST\STM32CubeIDE_1.17.0\STM32CubeIDE\plugins\com.st.stm32cube.common.mx_6.13.0.202411220809\\db\/plugins/boardmanager/
2025-05-23 18:20:19,591 [INFO] ApiDb:261 - Set plugin images path to: C:\ST\STM32CubeIDE_1.17.0\STM32CubeIDE\plugins\com.st.stm32cube.common.mx_6.13.0.202411220809\\db\/plugins/mcufinder/images/
2025-05-23 18:20:19,592 [WARN] DbFile:41 - Overriding database path with different value: C:\Users\thepd\.stmcufinder\plugins\mcufinder/ => C:\Users\thepd\.stmcufinder\plugins\mcufinder
2025-05-23 18:20:19,592 [INFO] ApiDb:250 - Set database path to: C:\Users\thepd\.stmcufinder\plugins\mcufinder//mcu/
2025-05-23 18:20:19,592 [WARN] DbFile:41 - Overriding database path with different value: C:\Users\thepd\.stmcufinder\plugins\mcufinder/ => C:\Users\thepd\.stmcufinder\plugins\mcufinder
2025-05-23 18:20:19,593 [INFO] DbMcusAds:125 - Set database path to: C:\Users\thepd\.stmcufinder\plugins\mcufinder//mcu/
2025-05-23 18:20:19,594 [WARN] DbFile:41 - Overriding database path with different value: C:\Users\thepd\.stmcufinder\plugins\mcufinder/ => C:\Users\thepd\.stmcufinder\plugins\mcufinder
2025-05-23 18:20:19,595 [WARN] DbFile:41 - Overriding database path with different value: C:\Users\thepd\.stmcufinder\plugins\mcufinder/ => C:\Users\thepd\.stmcufinder\plugins\mcufinder
2025-05-23 18:20:19,595 [INFO] CrossReferenceDbSqlite:203 - Set database path to: C:\Users\thepd\.stmcufinder\plugins\mcufinder//mcu/cs/
2025-05-23 18:20:19,659 [INFO] ApplicationProperties:184 - Using Application install path: C:\ST\STM32CubeIDE_1.17.0\STM32CubeIDE\plugins\com.st.stm32cube.common.mx_6.13.0.202411220809
2025-05-23 18:20:19,663 [INFO] PluginManage:196 - Search for loadable plugins [exclusion list=, ]
2025-05-23 18:20:19,669 [INFO] PluginManage:310 - Check plugin analytics
2025-05-23 18:20:20,527 [INFO] AnalyticsPlugin:253 - Accepted Software Licenses: STM32CubeMX.6.4.0,STM32CubeMX.6.14.0
2025-05-23 18:20:20,528 [INFO] AnalyticsPlugin:255 - Accepted CMSIS Pack Licenses: 
2025-05-23 18:20:20,529 [INFO] AnalyticsPlugin:257 - Accepted Firmware Licenses: FW.G4.1.6.0,FW.G4.1.5.0,FW.F4.1.28.0
2025-05-23 18:20:20,549 [INFO] PluginManage:359 - Loaded plugin analytics (category:tool,tabindex:-1)
2025-05-23 18:20:20,550 [INFO] PluginManage:310 - Check plugin cadmodel
2025-05-23 18:20:20,632 [INFO] CADModel:105 - Init CAD model plugin
2025-05-23 18:20:20,634 [INFO] PluginManage:359 - Loaded plugin cadmodel (category:power,tabindex:5)
2025-05-23 18:20:20,635 [INFO] PluginManage:310 - Check plugin clock
2025-05-23 18:20:20,705 [INFO] PluginManage:359 - Loaded plugin clock (category:base,tabindex:2)
2025-05-23 18:20:20,705 [INFO] PluginManage:310 - Check plugin ddr
2025-05-23 18:20:20,715 [INFO] PluginManage:359 - Loaded plugin ddr (category:tool,tabindex:6)
2025-05-23 18:20:20,716 [INFO] PluginManage:310 - Check plugin filemanager
2025-05-23 18:20:21,290 [INFO] PluginManage:359 - Loaded plugin filemanager (category:base,tabindex:10)
2025-05-23 18:20:21,291 [INFO] PluginManage:310 - Check plugin ipmanager
2025-05-23 18:20:21,315 [INFO] PluginManage:359 - Loaded plugin ipmanager (category:base,tabindex:5)
2025-05-23 18:20:21,316 [INFO] PluginManage:310 - Check plugin lpbam
2025-05-23 18:20:21,359 [INFO] PluginManage:359 - Loaded plugin lpbam (category:base,tabindex:0)
2025-05-23 18:20:21,359 [INFO] PluginManage:310 - Check plugin memorymap
2025-05-23 18:20:21,422 [INFO] PluginManage:359 - Loaded plugin memorymap (category:base,tabindex:4)
2025-05-23 18:20:21,422 [INFO] PluginManage:310 - Check plugin pinoutandconfiguration
2025-05-23 18:20:21,484 [INFO] PluginManage:359 - Loaded plugin pinoutandconfiguration (category:base,tabindex:1)
2025-05-23 18:20:21,484 [INFO] PluginManage:310 - Check plugin pinoutconfig
2025-05-23 18:20:21,799 [WARN] SupportedApi:132 - Cannot load RTOS API schema: s4s-elt-must-match.1: The content of 'definitions' must match (annotation?, (simpleType | complexType)?, (unique | key | keyref)*)). A problem was found starting at: attribute.
2025-05-23 18:20:22,355 [INFO] PluginManage:359 - Loaded plugin pinoutconfig (category:base,tabindex:0)
2025-05-23 18:20:22,356 [INFO] PluginManage:310 - Check plugin power
2025-05-23 18:20:22,445 [INFO] PluginManage:359 - Loaded plugin power (category:power,tabindex:4)
2025-05-23 18:20:22,445 [INFO] PluginManage:310 - Check plugin projectmanager
2025-05-23 18:20:22,506 [INFO] PluginManage:359 - Loaded plugin projectmanager (category:projectmanager,tabindex:4)
2025-05-23 18:20:22,507 [INFO] PluginManage:310 - Check plugin rif
2025-05-23 18:20:22,555 [INFO] PluginManage:359 - Loaded plugin rif (category:base,tabindex:3)
2025-05-23 18:20:22,556 [INFO] PluginManage:310 - Check plugin thirdparty
2025-05-23 18:20:23,610 [WARN] IntegrityCheckThread:84 - waiting for thirdparty lock release [integrity check]
2025-05-23 18:20:23,612 [INFO] IntegrityCheckThread:86 - entering critical section [integrity check]
2025-05-23 18:20:23,612 [INFO] PluginManage:359 - Loaded plugin thirdparty (category:base,tabindex:-1)
2025-05-23 18:20:23,612 [INFO] PluginManage:310 - Check plugin tools
2025-05-23 18:20:23,613 [INFO] ThirdPartyUpdaterWithRetryManager:70 - Updater plugin not ready yet. [1/15]
2025-05-23 18:20:23,696 [INFO] PluginManage:359 - Loaded plugin tools (category:base,tabindex:7)
2025-05-23 18:20:23,697 [INFO] PluginManage:310 - Check plugin tutovideos
2025-05-23 18:20:24,356 [INFO] PluginManage:359 - Loaded plugin tutovideos (category:base,tabindex:-1)
2025-05-23 18:20:24,357 [INFO] PluginManage:310 - Check plugin updater
2025-05-23 18:20:24,445 [INFO] PluginManage:359 - Loaded plugin updater (category:base,tabindex:12)
2025-05-23 18:20:24,445 [INFO] PluginManage:310 - Check plugin userauth
2025-05-23 18:20:24,458 [INFO] UserAuth:118 - Init User Auth plugin
2025-05-23 18:20:24,462 [INFO] PluginManage:359 - Loaded plugin userauth (category:base,tabindex:14)
2025-05-23 18:20:24,464 [INFO] PluginManage:283 - PluginManage : Loaded plugins [18]
2025-05-23 18:20:25,283 [INFO] PinOutPanel:1589 - setPackage(No Configuration,No Configuration)
2025-05-23 18:20:25,587 [INFO] CADModel:165 - CPN selected for project level
2025-05-23 18:20:25,587 [INFO] CADModel:114 - Register for checkConnection events
2025-05-23 18:20:25,664 [INFO] IPUIPlugin:80 - create IPUIPlugin
2025-05-23 18:20:25,665 [INFO] PluginManager:220 - loadIPPluginJar : add adc
2025-05-23 18:20:25,788 [INFO] IPUIPlugin:80 - create IPUIPlugin
2025-05-23 18:20:25,788 [INFO] PluginManager:220 - loadIPPluginJar : add aes
2025-05-23 18:20:25,932 [INFO] IPUIPlugin:80 - create IPUIPlugin
2025-05-23 18:20:25,933 [INFO] PluginManager:220 - loadIPPluginJar : add can
2025-05-23 18:20:26,022 [INFO] IPUIPlugin:80 - create IPUIPlugin
2025-05-23 18:20:26,022 [INFO] PluginManager:220 - loadIPPluginJar : add comp
2025-05-23 18:20:26,137 [INFO] IPUIPlugin:80 - create IPUIPlugin
2025-05-23 18:20:26,138 [INFO] PluginManager:220 - loadIPPluginJar : add cryp
2025-05-23 18:20:26,174 [INFO] IPUIPlugin:80 - create IPUIPlugin
2025-05-23 18:20:26,174 [INFO] PluginManager:220 - loadIPPluginJar : add ddr_ctrl_phy
2025-05-23 18:20:26,247 [INFO] IPUIPlugin:80 - create IPUIPlugin
2025-05-23 18:20:26,248 [INFO] PluginManager:220 - loadIPPluginJar : add dfsdm
2025-05-23 18:20:26,295 [INFO] IPUIPlugin:80 - create IPUIPlugin
2025-05-23 18:20:26,297 [INFO] PluginManager:220 - loadIPPluginJar : add dma
2025-05-23 18:20:26,412 [INFO] IPUIPlugin:80 - create IPUIPlugin
2025-05-23 18:20:26,413 [INFO] PluginManager:220 - loadIPPluginJar : add dma3
2025-05-23 18:20:26,582 [INFO] IPUIPlugin:80 - create IPUIPlugin
2025-05-23 18:20:26,583 [INFO] PluginManager:220 - loadIPPluginJar : add extmemmanager
2025-05-23 18:20:26,614 [INFO] ThirdPartyUpdaterWithRetryManager:70 - Updater plugin not ready yet. [2/15]
2025-05-23 18:20:26,620 [INFO] IPUIPlugin:80 - create IPUIPlugin
2025-05-23 18:20:26,621 [INFO] PluginManager:220 - loadIPPluginJar : add fatfs
2025-05-23 18:20:26,797 [INFO] IPUIPlugin:80 - create IPUIPlugin
2025-05-23 18:20:26,797 [INFO] PluginManager:220 - loadIPPluginJar : add fmc
2025-05-23 18:20:26,849 [INFO] IPUIPlugin:80 - create IPUIPlugin
2025-05-23 18:20:26,849 [INFO] PluginManager:220 - loadIPPluginJar : add freertos
2025-05-23 18:20:26,883 [INFO] IPUIPlugin:80 - create IPUIPlugin
2025-05-23 18:20:26,884 [INFO] PluginManager:220 - loadIPPluginJar : add genericplugin
2025-05-23 18:20:27,238 [INFO] IPUIPlugin:80 - create IPUIPlugin
2025-05-23 18:20:27,238 [INFO] PluginManager:220 - loadIPPluginJar : add gfxmmu
2025-05-23 18:20:27,752 [INFO] IPUIPlugin:80 - create IPUIPlugin
2025-05-23 18:20:27,753 [INFO] PluginManager:220 - loadIPPluginJar : add gic
2025-05-23 18:20:27,786 [INFO] IPUIPlugin:80 - create IPUIPlugin
2025-05-23 18:20:27,787 [INFO] PluginManager:220 - loadIPPluginJar : add gpio
2025-05-23 18:20:28,133 [INFO] IPUIPlugin:80 - create IPUIPlugin
2025-05-23 18:20:28,133 [INFO] PluginManager:220 - loadIPPluginJar : add gtzc
2025-05-23 18:20:28,266 [INFO] IPUIPlugin:80 - create IPUIPlugin
2025-05-23 18:20:28,267 [INFO] PluginManager:220 - loadIPPluginJar : add hash
2025-05-23 18:20:28,477 [INFO] IPUIPlugin:80 - create IPUIPlugin
2025-05-23 18:20:28,477 [INFO] PluginManager:220 - loadIPPluginJar : add i2c
2025-05-23 18:20:28,637 [INFO] IPUIPlugin:80 - create IPUIPlugin
2025-05-23 18:20:28,637 [INFO] PluginManager:220 - loadIPPluginJar : add i2s
2025-05-23 18:20:28,803 [INFO] IPUIPlugin:80 - create IPUIPlugin
2025-05-23 18:20:28,804 [INFO] PluginManager:220 - loadIPPluginJar : add i3c
2025-05-23 18:20:29,180 [INFO] IPUIPlugin:80 - create IPUIPlugin
2025-05-23 18:20:29,181 [INFO] PluginManager:220 - loadIPPluginJar : add ipddr
2025-05-23 18:20:29,542 [INFO] IPUIPlugin:80 - create IPUIPlugin
2025-05-23 18:20:29,542 [INFO] PluginManager:220 - loadIPPluginJar : add linkedlist
2025-05-23 18:20:29,626 [INFO] ThirdPartyUpdaterWithRetryManager:70 - Updater plugin not ready yet. [3/15]
2025-05-23 18:20:29,693 [INFO] IPUIPlugin:80 - create IPUIPlugin
2025-05-23 18:20:29,694 [INFO] PluginManager:220 - loadIPPluginJar : add lorawan
2025-05-23 18:20:29,892 [INFO] IPUIPlugin:80 - create IPUIPlugin
2025-05-23 18:20:29,893 [INFO] PluginManager:220 - loadIPPluginJar : add ltdc
2025-05-23 18:20:29,954 [INFO] IPUIPlugin:80 - create IPUIPlugin
2025-05-23 18:20:29,955 [INFO] PluginManager:220 - loadIPPluginJar : add mdma
2025-05-23 18:20:29,998 [INFO] IPUIPlugin:80 - create IPUIPlugin
2025-05-23 18:20:29,999 [INFO] PluginManager:220 - loadIPPluginJar : add nvic
2025-05-23 18:20:30,173 [INFO] IPUIPlugin:80 - create IPUIPlugin
2025-05-23 18:20:30,173 [INFO] PluginManager:220 - loadIPPluginJar : add opamp
2025-05-23 18:20:30,423 [INFO] IPUIPlugin:80 - create IPUIPlugin
2025-05-23 18:20:30,423 [INFO] PluginManager:220 - loadIPPluginJar : add openamp
2025-05-23 18:20:30,596 [INFO] IPUIPlugin:80 - create IPUIPlugin
2025-05-23 18:20:30,597 [INFO] PluginManager:220 - loadIPPluginJar : add pdm2pcm
2025-05-23 18:20:30,645 [INFO] IPUIPlugin:80 - create IPUIPlugin
2025-05-23 18:20:30,653 [INFO] PluginManager:220 - loadIPPluginJar : add plateformsettings
2025-05-23 18:20:30,739 [INFO] IPUIPlugin:80 - create IPUIPlugin
2025-05-23 18:20:30,739 [INFO] PluginManager:220 - loadIPPluginJar : add quadspi
2025-05-23 18:20:30,816 [INFO] IPUIPlugin:80 - create IPUIPlugin
2025-05-23 18:20:30,816 [INFO] PluginManager:220 - loadIPPluginJar : add radio
2025-05-23 18:20:30,859 [INFO] IPUIPlugin:80 - create IPUIPlugin
2025-05-23 18:20:30,859 [INFO] PluginManager:220 - loadIPPluginJar : add resmgrutility
2025-05-23 18:20:31,012 [INFO] IPUIPlugin:80 - create IPUIPlugin
2025-05-23 18:20:31,013 [INFO] PluginManager:220 - loadIPPluginJar : add sai
2025-05-23 18:20:31,150 [INFO] IPUIPlugin:80 - create IPUIPlugin
2025-05-23 18:20:31,150 [INFO] PluginManager:220 - loadIPPluginJar : add spi
2025-05-23 18:20:31,420 [INFO] IPUIPlugin:80 - create IPUIPlugin
2025-05-23 18:20:31,420 [INFO] PluginManager:220 - loadIPPluginJar : add stm32_wpan
2025-05-23 18:20:31,504 [INFO] IPUIPlugin:80 - create IPUIPlugin
2025-05-23 18:20:31,504 [INFO] PluginManager:220 - loadIPPluginJar : add tim
2025-05-23 18:20:31,736 [INFO] IPUIPlugin:80 - create IPUIPlugin
2025-05-23 18:20:31,737 [INFO] PluginManager:220 - loadIPPluginJar : add touchsensing
2025-05-23 18:20:31,830 [INFO] IPUIPlugin:80 - create IPUIPlugin
2025-05-23 18:20:31,830 [INFO] PluginManager:220 - loadIPPluginJar : add tracer_emb
2025-05-23 18:20:31,920 [INFO] IPUIPlugin:80 - create IPUIPlugin
2025-05-23 18:20:31,920 [INFO] PluginManager:220 - loadIPPluginJar : add ts
2025-05-23 18:20:32,000 [INFO] IPUIPlugin:80 - create IPUIPlugin
2025-05-23 18:20:32,000 [INFO] PluginManager:220 - loadIPPluginJar : add tsc
2025-05-23 18:20:32,053 [INFO] IPUIPlugin:80 - create IPUIPlugin
2025-05-23 18:20:32,053 [INFO] PluginManager:220 - loadIPPluginJar : add ucpd
2025-05-23 18:20:32,225 [INFO] IPUIPlugin:80 - create IPUIPlugin
2025-05-23 18:20:32,225 [INFO] PluginManager:220 - loadIPPluginJar : add usart
2025-05-23 18:20:32,414 [INFO] IPUIPlugin:80 - create IPUIPlugin
2025-05-23 18:20:32,414 [INFO] PluginManager:220 - loadIPPluginJar : add usbx
2025-05-23 18:20:32,637 [INFO] ThirdPartyUpdaterWithRetryManager:70 - Updater plugin not ready yet. [4/15]
2025-05-23 18:20:32,688 [FATAL] Updater:351 - Updater called before beeing initialized
2025-05-23 18:20:32,781 [INFO] RulesReader:64 - Compatibility file has been processed (297 Rules)
2025-05-23 18:20:32,825 [INFO] RulesReader:64 - Compatibility file has been processed (297 Rules)
2025-05-23 18:20:32,864 [INFO] CADModel:165 - CPN selected for project level
2025-05-23 18:20:32,865 [INFO] CADModel:114 - Register for checkConnection events
2025-05-23 18:20:32,865 [FATAL] Updater:351 - Updater called before beeing initialized
2025-05-23 18:20:32,866 [ERROR] CADModel:125 - Updater not yet initialized, retry later 
2025-05-23 18:20:33,476 [FATAL] Updater:351 - Updater called before beeing initialized
2025-05-23 18:20:33,485 [INFO] CADModel:165 - CPN selected for project level
2025-05-23 18:20:33,485 [INFO] CADModel:114 - Register for checkConnection events
2025-05-23 18:20:33,486 [FATAL] Updater:351 - Updater called before beeing initialized
2025-05-23 18:20:33,486 [ERROR] CADModel:125 - Updater not yet initialized, retry later 
2025-05-23 18:20:33,499 [FATAL] Updater:351 - Updater called before beeing initialized
2025-05-23 18:20:33,981 [FATAL] Updater:351 - Updater called before beeing initialized
2025-05-23 18:20:34,015 [INFO] DbMcusAds:53 - JSON generation date=Thu Mar 06 15:54:21 GMT+01:00 2025 (1741272861825)
2025-05-23 18:20:34,016 [FATAL] Updater:351 - Updater called before beeing initialized
2025-05-23 18:20:34,144 [WARN] DetailPanel:346 - Failed to get advertising image, set to default
2025-05-23 18:20:35,004 [FATAL] Updater:351 - Updater called before beeing initialized
2025-05-23 18:20:35,011 [FATAL] Updater:351 - Updater called before beeing initialized
2025-05-23 18:20:35,011 [FATAL] Updater:351 - Updater called before beeing initialized
2025-05-23 18:20:35,012 [WARN] DetailPanel:346 - Failed to get advertising image, set to default
2025-05-23 18:20:35,015 [FATAL] Updater:351 - Updater called before beeing initialized
2025-05-23 18:20:35,227 [ERROR] Updater:1198 - MainUpdater not yet initialized. External WinMGr cannot be set.
2025-05-23 18:20:35,248 [INFO] Updater:1134 - Updater Version found : 6.13.0
2025-05-23 18:20:35,285 [INFO] ApplicationProperties:184 - Using Application install path: C:\ST\STM32CubeIDE_1.17.0\STM32CubeIDE\plugins\com.st.stm32cube.common.mx_6.13.0.202411220809
2025-05-23 18:20:35,647 [FATAL] Updater:351 - Updater called before beeing initialized
2025-05-23 18:20:35,648 [ERROR] IntegrityCheckThread:130 - Cannot retrieve database content from updater: error 21
2025-05-23 18:20:35,649 [INFO] ThirdParty:978 - Integrity check success = false
2025-05-23 18:20:35,649 [INFO] IntegrityCheckThread:100 - exiting critical section [integrity check]
2025-05-23 18:20:35,650 [INFO] IntegrityCheckThread:103 - End integrity checks thread
2025-05-23 18:20:36,328 [INFO] MainUpdater:2872 - connection check result : 10
2025-05-23 18:20:36,329 [INFO] MainUpdater:3566 - Updater definition file requires update
2025-05-23 18:20:36,333 [INFO] MainUpdater:289 - Updater Check For Update Now.
2025-05-23 18:20:36,334 [INFO] MicroXplorer:498 - Change Database Version : DB.6.0.130
2025-05-23 18:20:36,383 [INFO] McuFinderGlobals:63 - Set McuFinder mode to 2 (CubeIDE integrated)
2025-05-23 18:20:36,404 [INFO] UserAuth:486 - Internet connection configuration mode: 1
2025-05-23 18:20:36,483 [INFO] JxBrowserEngine:152 - Initiate JxBrowser Engine with user profile folder
2025-05-23 18:20:36,527 [INFO] ServerAccessManage:473 - Download File updaters.zip
2025-05-23 18:20:36,794 [INFO] FileExtend:240 - Unzip File : updaters.zip
2025-05-23 18:20:36,795 [INFO] FileExtend:255 - Standard Zip Deflate
2025-05-23 18:20:38,939 [INFO] ServerAccessManage:473 - Download File PacksControlFlags.xml
2025-05-23 18:20:39,137 [INFO] ServerAccessManage:473 - Download File cubemx.pidx
2025-05-23 18:20:40,473 [INFO] WebApp:168 - Instantiating new browser for Auth
2025-05-23 18:20:40,909 [INFO] ServerAccessManage:473 - Download File STMicroelectronics.X-CUBE-ST60.pdsc
2025-05-23 18:20:41,838 [INFO] WebApp:449 - Apply proxy settings
2025-05-23 18:20:41,839 [INFO] WebApp:534 - Chromium requires no authentication
2025-05-23 18:20:41,857 [INFO] WebApp:477 - Direct internet connection detected
2025-05-23 18:20:41,913 [INFO] WebApp:880 - Register for checkConnection events
2025-05-23 18:20:41,914 [INFO] WebApp:449 - Apply proxy settings
2025-05-23 18:20:41,914 [INFO] WebApp:534 - Chromium requires no authentication
2025-05-23 18:20:41,915 [INFO] WebApp:477 - Direct internet connection detected
2025-05-23 18:20:42,403 [INFO] WebApp:221 - Starting web application
2025-05-23 18:20:42,403 [INFO] WebApp:579 - Web application path used C:\ST\STM32CubeIDE_1.17.0\STM32CubeIDE\plugins\com.st.stm32cube.common.mx_6.13.0.202411220809\db\plugins\mcufinder\reactClient1\index.html
2025-05-23 18:20:42,442 [WARN] PackLoader:240 - Cannot read IP mode file for STMicroelectronics.X-CUBE-ST60.1.0.0
2025-05-23 18:20:42,446 [INFO] PopulateThirdPartyThread:66 - Ending populate Thread
2025-05-23 18:20:42,448 [INFO] ThirdParty:1030 - CMSIS Pack Vendor :STMicroelectronics X-CUBE-ST60 1.0.0
2025-05-23 18:20:42,449 [INFO] LoadServerUpdatesThread:375 - End of LoadServerUpdate Thread
2025-05-23 18:20:42,603 [INFO] CheckServerUpdateThread:120 - End of CheckServer Thread
2025-05-23 18:20:42,671 [INFO] WebApp:187 - Connection restablished
2025-05-23 18:20:42,734 [INFO] UserAuth:486 - Internet connection configuration mode: 1
2025-05-23 19:32:30,961 [INFO] WebApp:190 - Connection lost
2025-05-23 19:32:31,236 [INFO] WebApp:187 - Connection restablished
2025-05-23 20:26:03,025 [ERROR] LogOutputStream:75 - [STDERR_REDIRECT] 
