2026-02-07 16:23:27,586 [INFO] Activator:176 - 


2026-02-07 16:23:27,596 [INFO] Activator:177 - !SESSION log4j initialized
2026-02-07 16:23:37,056 [INFO] LogOutputStream:77 - [STDOUT_REDIRECT] 
2026-02-07 16:23:40,166 [INFO] ApplicationProperties:184 - Using Application install path: C:\ST\STM32CubeIDE_1.17.0\STM32CubeIDE\plugins\com.st.stm32cube.common.mx_6.13.0.202411220809
2026-02-07 16:23:40,186 [INFO] DbMcusXml:78 - Set database path to: C:\ST\STM32CubeIDE_1.17.0\STM32CubeIDE\plugins\com.st.stm32cube.common.mx_6.13.0.202411220809\\db\/mcu/
2026-02-07 16:23:40,186 [INFO] ApiDb:274 - Set plugin database path to: C:\ST\STM32CubeIDE_1.17.0\STM32CubeIDE\plugins\com.st.stm32cube.common.mx_6.13.0.202411220809\\db\/plugins/boardmanager/
2026-02-07 16:23:40,187 [WARN] ApiDb:259 - Overriding images path with different value:  => C:\ST\STM32CubeIDE_1.17.0\STM32CubeIDE\plugins\com.st.stm32cube.common.mx_6.13.0.202411220809\\db\/plugins/mcufinder/images/
2026-02-07 16:23:40,206 [INFO] ApiDb:250 - Set database path to: C:\Users\thepd\.stmcufinder\plugins\mcufinder//mcu/
2026-02-07 16:23:40,208 [INFO] DbMcusAds:125 - Set database path to: C:\Users\thepd\.stmcufinder\plugins\mcufinder//mcu/
2026-02-07 16:23:40,210 [INFO] CrossReferenceDbSqlite:203 - Set database path to: C:\Users\thepd\.stmcufinder\plugins\mcufinder//mcu/cs/
2026-02-07 16:23:40,353 [INFO] RulesReader:64 - Compatibility file has been processed (297 Rules)
2026-02-07 16:23:40,456 [INFO] DbMcusXml:78 - Set database path to: C:\ST\STM32CubeIDE_1.17.0\STM32CubeIDE\plugins\com.st.stm32cube.common.mx_6.13.0.202411220809\\db\/mcu/
2026-02-07 16:23:40,456 [INFO] ApiDb:274 - Set plugin database path to: C:\ST\STM32CubeIDE_1.17.0\STM32CubeIDE\plugins\com.st.stm32cube.common.mx_6.13.0.202411220809\\db\/plugins/boardmanager/
2026-02-07 16:23:40,456 [INFO] ApiDb:261 - Set plugin images path to: C:\ST\STM32CubeIDE_1.17.0\STM32CubeIDE\plugins\com.st.stm32cube.common.mx_6.13.0.202411220809\\db\/plugins/mcufinder/images/
2026-02-07 16:23:40,456 [WARN] DbFile:41 - Overriding database path with different value: C:\Users\thepd\.stmcufinder\plugins\mcufinder/ => C:\Users\thepd\.stmcufinder\plugins\mcufinder
2026-02-07 16:23:40,456 [INFO] ApiDb:250 - Set database path to: C:\Users\thepd\.stmcufinder\plugins\mcufinder//mcu/
2026-02-07 16:23:40,457 [WARN] DbFile:41 - Overriding database path with different value: C:\Users\thepd\.stmcufinder\plugins\mcufinder/ => C:\Users\thepd\.stmcufinder\plugins\mcufinder
2026-02-07 16:23:40,457 [INFO] DbMcusAds:125 - Set database path to: C:\Users\thepd\.stmcufinder\plugins\mcufinder//mcu/
2026-02-07 16:23:40,457 [WARN] DbFile:41 - Overriding database path with different value: C:\Users\thepd\.stmcufinder\plugins\mcufinder/ => C:\Users\thepd\.stmcufinder\plugins\mcufinder
2026-02-07 16:23:40,457 [WARN] DbFile:41 - Overriding database path with different value: C:\Users\thepd\.stmcufinder\plugins\mcufinder/ => C:\Users\thepd\.stmcufinder\plugins\mcufinder
2026-02-07 16:23:40,457 [INFO] CrossReferenceDbSqlite:203 - Set database path to: C:\Users\thepd\.stmcufinder\plugins\mcufinder//mcu/cs/
2026-02-07 16:23:40,562 [INFO] MainPanel:272 - HeapMemory: 268435456
2026-02-07 16:23:40,696 [INFO] DbMcusXml:78 - Set database path to: C:\ST\STM32CubeIDE_1.17.0\STM32CubeIDE\plugins\com.st.stm32cube.common.mx_6.13.0.202411220809\\db\/mcu/
2026-02-07 16:23:40,696 [INFO] ApiDb:274 - Set plugin database path to: C:\ST\STM32CubeIDE_1.17.0\STM32CubeIDE\plugins\com.st.stm32cube.common.mx_6.13.0.202411220809\\db\/plugins/boardmanager/
2026-02-07 16:23:40,696 [INFO] ApiDb:261 - Set plugin images path to: C:\ST\STM32CubeIDE_1.17.0\STM32CubeIDE\plugins\com.st.stm32cube.common.mx_6.13.0.202411220809\\db\/plugins/mcufinder/images/
2026-02-07 16:23:40,697 [WARN] DbFile:41 - Overriding database path with different value: C:\Users\thepd\.stmcufinder\plugins\mcufinder/ => C:\Users\thepd\.stmcufinder\plugins\mcufinder
2026-02-07 16:23:40,697 [INFO] ApiDb:250 - Set database path to: C:\Users\thepd\.stmcufinder\plugins\mcufinder//mcu/
2026-02-07 16:23:40,697 [WARN] DbFile:41 - Overriding database path with different value: C:\Users\thepd\.stmcufinder\plugins\mcufinder/ => C:\Users\thepd\.stmcufinder\plugins\mcufinder
2026-02-07 16:23:40,697 [INFO] DbMcusAds:125 - Set database path to: C:\Users\thepd\.stmcufinder\plugins\mcufinder//mcu/
2026-02-07 16:23:40,697 [WARN] DbFile:41 - Overriding database path with different value: C:\Users\thepd\.stmcufinder\plugins\mcufinder/ => C:\Users\thepd\.stmcufinder\plugins\mcufinder
2026-02-07 16:23:40,698 [WARN] DbFile:41 - Overriding database path with different value: C:\Users\thepd\.stmcufinder\plugins\mcufinder/ => C:\Users\thepd\.stmcufinder\plugins\mcufinder
2026-02-07 16:23:40,698 [INFO] CrossReferenceDbSqlite:203 - Set database path to: C:\Users\thepd\.stmcufinder\plugins\mcufinder//mcu/cs/
2026-02-07 16:23:40,719 [INFO] ApplicationProperties:184 - Using Application install path: C:\ST\STM32CubeIDE_1.17.0\STM32CubeIDE\plugins\com.st.stm32cube.common.mx_6.13.0.202411220809
2026-02-07 16:23:40,720 [INFO] PluginManage:196 - Search for loadable plugins [exclusion list=, ]
2026-02-07 16:23:40,722 [INFO] PluginManage:310 - Check plugin analytics
2026-02-07 16:23:40,945 [INFO] AnalyticsPlugin:253 - Accepted Software Licenses: STM32CubeMX.6.4.0,STM32CubeMX.6.14.0
2026-02-07 16:23:40,945 [INFO] AnalyticsPlugin:255 - Accepted CMSIS Pack Licenses: 
2026-02-07 16:23:40,946 [INFO] AnalyticsPlugin:257 - Accepted Firmware Licenses: FW.G4.1.6.0,FW.G4.1.5.0,FW.F4.1.28.0
2026-02-07 16:23:40,950 [INFO] PluginManage:359 - Loaded plugin analytics (category:tool,tabindex:-1)
2026-02-07 16:23:40,951 [INFO] PluginManage:310 - Check plugin cadmodel
2026-02-07 16:23:40,977 [INFO] CADModel:105 - Init CAD model plugin
2026-02-07 16:23:40,977 [INFO] PluginManage:359 - Loaded plugin cadmodel (category:power,tabindex:5)
2026-02-07 16:23:40,977 [INFO] PluginManage:310 - Check plugin clock
2026-02-07 16:23:41,009 [INFO] PluginManage:359 - Loaded plugin clock (category:base,tabindex:2)
2026-02-07 16:23:41,009 [INFO] PluginManage:310 - Check plugin ddr
2026-02-07 16:23:41,013 [INFO] PluginManage:359 - Loaded plugin ddr (category:tool,tabindex:6)
2026-02-07 16:23:41,014 [INFO] PluginManage:310 - Check plugin filemanager
2026-02-07 16:23:41,195 [INFO] PluginManage:359 - Loaded plugin filemanager (category:base,tabindex:10)
2026-02-07 16:23:41,196 [INFO] PluginManage:310 - Check plugin ipmanager
2026-02-07 16:23:41,207 [INFO] PluginManage:359 - Loaded plugin ipmanager (category:base,tabindex:5)
2026-02-07 16:23:41,208 [INFO] PluginManage:310 - Check plugin lpbam
2026-02-07 16:23:41,231 [INFO] PluginManage:359 - Loaded plugin lpbam (category:base,tabindex:0)
2026-02-07 16:23:41,231 [INFO] PluginManage:310 - Check plugin memorymap
2026-02-07 16:23:41,259 [INFO] PluginManage:359 - Loaded plugin memorymap (category:base,tabindex:4)
2026-02-07 16:23:41,259 [INFO] PluginManage:310 - Check plugin pinoutandconfiguration
2026-02-07 16:23:41,285 [INFO] PluginManage:359 - Loaded plugin pinoutandconfiguration (category:base,tabindex:1)
2026-02-07 16:23:41,285 [INFO] PluginManage:310 - Check plugin pinoutconfig
2026-02-07 16:23:41,405 [WARN] SupportedApi:132 - Cannot load RTOS API schema: s4s-elt-must-match.1: The content of 'definitions' must match (annotation?, (simpleType | complexType)?, (unique | key | keyref)*)). A problem was found starting at: attribute.
2026-02-07 16:23:41,580 [INFO] PluginManage:359 - Loaded plugin pinoutconfig (category:base,tabindex:0)
2026-02-07 16:23:41,580 [INFO] PluginManage:310 - Check plugin power
2026-02-07 16:23:41,610 [INFO] PluginManage:359 - Loaded plugin power (category:power,tabindex:4)
2026-02-07 16:23:41,610 [INFO] PluginManage:310 - Check plugin projectmanager
2026-02-07 16:23:41,632 [INFO] PluginManage:359 - Loaded plugin projectmanager (category:projectmanager,tabindex:4)
2026-02-07 16:23:41,632 [INFO] PluginManage:310 - Check plugin rif
2026-02-07 16:23:41,656 [INFO] PluginManage:359 - Loaded plugin rif (category:base,tabindex:3)
2026-02-07 16:23:41,656 [INFO] PluginManage:310 - Check plugin thirdparty
2026-02-07 16:23:42,140 [WARN] IntegrityCheckThread:84 - waiting for thirdparty lock release [integrity check]
2026-02-07 16:23:42,140 [INFO] PluginManage:359 - Loaded plugin thirdparty (category:base,tabindex:-1)
2026-02-07 16:23:42,140 [INFO] IntegrityCheckThread:86 - entering critical section [integrity check]
2026-02-07 16:23:42,140 [INFO] PluginManage:310 - Check plugin tools
2026-02-07 16:23:42,141 [INFO] ThirdPartyUpdaterWithRetryManager:70 - Updater plugin not ready yet. [1/15]
2026-02-07 16:23:42,210 [INFO] PluginManage:359 - Loaded plugin tools (category:base,tabindex:7)
2026-02-07 16:23:42,211 [INFO] PluginManage:310 - Check plugin tutovideos
2026-02-07 16:23:42,520 [INFO] PluginManage:359 - Loaded plugin tutovideos (category:base,tabindex:-1)
2026-02-07 16:23:42,521 [INFO] PluginManage:310 - Check plugin updater
2026-02-07 16:23:42,554 [INFO] PluginManage:359 - Loaded plugin updater (category:base,tabindex:12)
2026-02-07 16:23:42,554 [INFO] PluginManage:310 - Check plugin userauth
2026-02-07 16:23:42,560 [INFO] UserAuth:118 - Init User Auth plugin
2026-02-07 16:23:42,562 [INFO] PluginManage:359 - Loaded plugin userauth (category:base,tabindex:14)
2026-02-07 16:23:42,563 [INFO] PluginManage:283 - PluginManage : Loaded plugins [18]
2026-02-07 16:23:42,936 [INFO] PinOutPanel:1589 - setPackage(No Configuration,No Configuration)
2026-02-07 16:23:43,154 [INFO] CADModel:165 - CPN selected for project level
2026-02-07 16:23:43,154 [INFO] CADModel:114 - Register for checkConnection events
2026-02-07 16:23:43,205 [INFO] IPUIPlugin:80 - create IPUIPlugin
2026-02-07 16:23:43,206 [INFO] PluginManager:220 - loadIPPluginJar : add adc
2026-02-07 16:23:43,290 [INFO] IPUIPlugin:80 - create IPUIPlugin
2026-02-07 16:23:43,290 [INFO] PluginManager:220 - loadIPPluginJar : add aes
2026-02-07 16:23:43,371 [INFO] IPUIPlugin:80 - create IPUIPlugin
2026-02-07 16:23:43,371 [INFO] PluginManager:220 - loadIPPluginJar : add can
2026-02-07 16:23:43,421 [INFO] IPUIPlugin:80 - create IPUIPlugin
2026-02-07 16:23:43,421 [INFO] PluginManager:220 - loadIPPluginJar : add comp
2026-02-07 16:23:43,470 [INFO] IPUIPlugin:80 - create IPUIPlugin
2026-02-07 16:23:43,470 [INFO] PluginManager:220 - loadIPPluginJar : add cryp
2026-02-07 16:23:43,486 [INFO] IPUIPlugin:80 - create IPUIPlugin
2026-02-07 16:23:43,486 [INFO] PluginManager:220 - loadIPPluginJar : add ddr_ctrl_phy
2026-02-07 16:23:43,535 [INFO] IPUIPlugin:80 - create IPUIPlugin
2026-02-07 16:23:43,535 [INFO] PluginManager:220 - loadIPPluginJar : add dfsdm
2026-02-07 16:23:43,553 [INFO] IPUIPlugin:80 - create IPUIPlugin
2026-02-07 16:23:43,554 [INFO] PluginManager:220 - loadIPPluginJar : add dma
2026-02-07 16:23:43,614 [INFO] IPUIPlugin:80 - create IPUIPlugin
2026-02-07 16:23:43,614 [INFO] PluginManager:220 - loadIPPluginJar : add dma3
2026-02-07 16:23:43,682 [INFO] IPUIPlugin:80 - create IPUIPlugin
2026-02-07 16:23:43,682 [INFO] PluginManager:220 - loadIPPluginJar : add extmemmanager
2026-02-07 16:23:43,720 [INFO] IPUIPlugin:80 - create IPUIPlugin
2026-02-07 16:23:43,720 [INFO] PluginManager:220 - loadIPPluginJar : add fatfs
2026-02-07 16:23:43,801 [INFO] IPUIPlugin:80 - create IPUIPlugin
2026-02-07 16:23:43,802 [INFO] PluginManager:220 - loadIPPluginJar : add fmc
2026-02-07 16:23:43,836 [INFO] IPUIPlugin:80 - create IPUIPlugin
2026-02-07 16:23:43,836 [INFO] PluginManager:220 - loadIPPluginJar : add freertos
2026-02-07 16:23:43,873 [INFO] IPUIPlugin:80 - create IPUIPlugin
2026-02-07 16:23:43,873 [INFO] PluginManager:220 - loadIPPluginJar : add genericplugin
2026-02-07 16:23:44,055 [INFO] IPUIPlugin:80 - create IPUIPlugin
2026-02-07 16:23:44,055 [INFO] PluginManager:220 - loadIPPluginJar : add gfxmmu
2026-02-07 16:23:44,364 [INFO] IPUIPlugin:80 - create IPUIPlugin
2026-02-07 16:23:44,367 [INFO] PluginManager:220 - loadIPPluginJar : add gic
2026-02-07 16:23:44,390 [INFO] IPUIPlugin:80 - create IPUIPlugin
2026-02-07 16:23:44,391 [INFO] PluginManager:220 - loadIPPluginJar : add gpio
2026-02-07 16:23:44,545 [INFO] IPUIPlugin:80 - create IPUIPlugin
2026-02-07 16:23:44,546 [INFO] PluginManager:220 - loadIPPluginJar : add gtzc
2026-02-07 16:23:44,604 [INFO] IPUIPlugin:80 - create IPUIPlugin
2026-02-07 16:23:44,604 [INFO] PluginManager:220 - loadIPPluginJar : add hash
2026-02-07 16:23:44,711 [INFO] IPUIPlugin:80 - create IPUIPlugin
2026-02-07 16:23:44,711 [INFO] PluginManager:220 - loadIPPluginJar : add i2c
2026-02-07 16:23:44,799 [INFO] IPUIPlugin:80 - create IPUIPlugin
2026-02-07 16:23:44,799 [INFO] PluginManager:220 - loadIPPluginJar : add i2s
2026-02-07 16:23:44,879 [INFO] IPUIPlugin:80 - create IPUIPlugin
2026-02-07 16:23:44,880 [INFO] PluginManager:220 - loadIPPluginJar : add i3c
2026-02-07 16:23:45,037 [INFO] IPUIPlugin:80 - create IPUIPlugin
2026-02-07 16:23:45,037 [INFO] PluginManager:220 - loadIPPluginJar : add ipddr
2026-02-07 16:23:45,143 [INFO] ThirdPartyUpdaterWithRetryManager:70 - Updater plugin not ready yet. [2/15]
2026-02-07 16:23:45,220 [INFO] IPUIPlugin:80 - create IPUIPlugin
2026-02-07 16:23:45,220 [INFO] PluginManager:220 - loadIPPluginJar : add linkedlist
2026-02-07 16:23:45,296 [INFO] IPUIPlugin:80 - create IPUIPlugin
2026-02-07 16:23:45,296 [INFO] PluginManager:220 - loadIPPluginJar : add lorawan
2026-02-07 16:23:45,369 [INFO] IPUIPlugin:80 - create IPUIPlugin
2026-02-07 16:23:45,369 [INFO] PluginManager:220 - loadIPPluginJar : add ltdc
2026-02-07 16:23:45,393 [INFO] IPUIPlugin:80 - create IPUIPlugin
2026-02-07 16:23:45,393 [INFO] PluginManager:220 - loadIPPluginJar : add mdma
2026-02-07 16:23:45,412 [INFO] IPUIPlugin:80 - create IPUIPlugin
2026-02-07 16:23:45,412 [INFO] PluginManager:220 - loadIPPluginJar : add nvic
2026-02-07 16:23:45,474 [INFO] IPUIPlugin:80 - create IPUIPlugin
2026-02-07 16:23:45,474 [INFO] PluginManager:220 - loadIPPluginJar : add opamp
2026-02-07 16:23:45,570 [INFO] IPUIPlugin:80 - create IPUIPlugin
2026-02-07 16:23:45,570 [INFO] PluginManager:220 - loadIPPluginJar : add openamp
2026-02-07 16:23:45,642 [INFO] IPUIPlugin:80 - create IPUIPlugin
2026-02-07 16:23:45,642 [INFO] PluginManager:220 - loadIPPluginJar : add pdm2pcm
2026-02-07 16:23:45,661 [INFO] IPUIPlugin:80 - create IPUIPlugin
2026-02-07 16:23:45,663 [INFO] PluginManager:220 - loadIPPluginJar : add plateformsettings
2026-02-07 16:23:45,709 [INFO] IPUIPlugin:80 - create IPUIPlugin
2026-02-07 16:23:45,710 [INFO] PluginManager:220 - loadIPPluginJar : add quadspi
2026-02-07 16:23:45,750 [INFO] IPUIPlugin:80 - create IPUIPlugin
2026-02-07 16:23:45,751 [INFO] PluginManager:220 - loadIPPluginJar : add radio
2026-02-07 16:23:45,769 [INFO] IPUIPlugin:80 - create IPUIPlugin
2026-02-07 16:23:45,770 [INFO] PluginManager:220 - loadIPPluginJar : add resmgrutility
2026-02-07 16:23:45,836 [INFO] IPUIPlugin:80 - create IPUIPlugin
2026-02-07 16:23:45,836 [INFO] PluginManager:220 - loadIPPluginJar : add sai
2026-02-07 16:23:45,889 [INFO] IPUIPlugin:80 - create IPUIPlugin
2026-02-07 16:23:45,890 [INFO] PluginManager:220 - loadIPPluginJar : add spi
2026-02-07 16:23:45,987 [INFO] IPUIPlugin:80 - create IPUIPlugin
2026-02-07 16:23:45,987 [INFO] PluginManager:220 - loadIPPluginJar : add stm32_wpan
2026-02-07 16:23:46,026 [INFO] IPUIPlugin:80 - create IPUIPlugin
2026-02-07 16:23:46,026 [INFO] PluginManager:220 - loadIPPluginJar : add tim
2026-02-07 16:23:46,132 [INFO] IPUIPlugin:80 - create IPUIPlugin
2026-02-07 16:23:46,133 [INFO] PluginManager:220 - loadIPPluginJar : add touchsensing
2026-02-07 16:23:46,178 [INFO] IPUIPlugin:80 - create IPUIPlugin
2026-02-07 16:23:46,178 [INFO] PluginManager:220 - loadIPPluginJar : add tracer_emb
2026-02-07 16:23:46,215 [INFO] IPUIPlugin:80 - create IPUIPlugin
2026-02-07 16:23:46,215 [INFO] PluginManager:220 - loadIPPluginJar : add ts
2026-02-07 16:23:46,252 [INFO] IPUIPlugin:80 - create IPUIPlugin
2026-02-07 16:23:46,252 [INFO] PluginManager:220 - loadIPPluginJar : add tsc
2026-02-07 16:23:46,298 [INFO] IPUIPlugin:80 - create IPUIPlugin
2026-02-07 16:23:46,298 [INFO] PluginManager:220 - loadIPPluginJar : add ucpd
2026-02-07 16:23:46,385 [INFO] IPUIPlugin:80 - create IPUIPlugin
2026-02-07 16:23:46,386 [INFO] PluginManager:220 - loadIPPluginJar : add usart
2026-02-07 16:23:46,471 [INFO] IPUIPlugin:80 - create IPUIPlugin
2026-02-07 16:23:46,471 [INFO] PluginManager:220 - loadIPPluginJar : add usbx
2026-02-07 16:23:46,607 [FATAL] Updater:351 - Updater called before beeing initialized
2026-02-07 16:23:46,638 [INFO] RulesReader:64 - Compatibility file has been processed (297 Rules)
2026-02-07 16:23:46,652 [INFO] RulesReader:64 - Compatibility file has been processed (297 Rules)
2026-02-07 16:23:46,663 [INFO] CADModel:165 - CPN selected for project level
2026-02-07 16:23:46,663 [INFO] CADModel:114 - Register for checkConnection events
2026-02-07 16:23:46,663 [FATAL] Updater:351 - Updater called before beeing initialized
2026-02-07 16:23:46,663 [ERROR] CADModel:125 - Updater not yet initialized, retry later 
2026-02-07 16:23:46,870 [FATAL] Updater:351 - Updater called before beeing initialized
2026-02-07 16:23:46,873 [INFO] CADModel:165 - CPN selected for project level
2026-02-07 16:23:46,873 [INFO] CADModel:114 - Register for checkConnection events
2026-02-07 16:23:46,873 [FATAL] Updater:351 - Updater called before beeing initialized
2026-02-07 16:23:46,873 [ERROR] CADModel:125 - Updater not yet initialized, retry later 
2026-02-07 16:23:46,876 [FATAL] Updater:351 - Updater called before beeing initialized
2026-02-07 16:23:47,037 [FATAL] Updater:351 - Updater called before beeing initialized
2026-02-07 16:23:47,052 [INFO] DbMcusAds:53 - JSON generation date=Thu Mar 06 15:54:21 CET 2025 (1741272861825)
2026-02-07 16:23:47,053 [FATAL] Updater:351 - Updater called before beeing initialized
2026-02-07 16:23:47,093 [WARN] DetailPanel:346 - Failed to get advertising image, set to default
2026-02-07 16:23:47,333 [FATAL] Updater:351 - Updater called before beeing initialized
2026-02-07 16:23:47,335 [FATAL] Updater:351 - Updater called before beeing initialized
2026-02-07 16:23:47,335 [FATAL] Updater:351 - Updater called before beeing initialized
2026-02-07 16:23:47,335 [WARN] DetailPanel:346 - Failed to get advertising image, set to default
2026-02-07 16:23:47,335 [FATAL] Updater:351 - Updater called before beeing initialized
2026-02-07 16:23:47,401 [ERROR] Updater:1198 - MainUpdater not yet initialized. External WinMGr cannot be set.
2026-02-07 16:23:47,414 [INFO] Updater:1134 - Updater Version found : 6.13.0
2026-02-07 16:23:47,431 [INFO] ApplicationProperties:184 - Using Application install path: C:\ST\STM32CubeIDE_1.17.0\STM32CubeIDE\plugins\com.st.stm32cube.common.mx_6.13.0.202411220809
2026-02-07 16:23:47,825 [INFO] MainUpdater:2872 - connection check result : 10
2026-02-07 16:23:47,825 [INFO] MainUpdater:3566 - Updater definition file requires update
2026-02-07 16:23:47,826 [INFO] MainUpdater:289 - Updater Check For Update Now.
2026-02-07 16:23:47,827 [INFO] MicroXplorer:498 - Change Database Version : DB.6.0.130
2026-02-07 16:23:47,848 [INFO] McuFinderGlobals:63 - Set McuFinder mode to 2 (CubeIDE integrated)
2026-02-07 16:23:47,856 [INFO] UserAuth:486 - Internet connection configuration mode: 1
2026-02-07 16:23:47,883 [INFO] JxBrowserEngine:152 - Initiate JxBrowser Engine with user profile folder
2026-02-07 16:23:47,892 [INFO] ServerAccessManage:473 - Download File updaters.zip
2026-02-07 16:23:47,991 [INFO] FileExtend:240 - Unzip File : updaters.zip
2026-02-07 16:23:47,991 [INFO] FileExtend:255 - Standard Zip Deflate
2026-02-07 16:23:48,146 [WARN] MainUpdater:1193 - Updater busy. Cannot search thirdparties
2026-02-07 16:23:48,146 [INFO] ThirdPartyUpdaterWithRetryManager:96 - Updater plugin is busy. [1/15]
2026-02-07 16:23:49,011 [INFO] ServerAccessManage:473 - Download File PacksControlFlags.xml
2026-02-07 16:23:49,351 [INFO] ServerAccessManage:473 - Download File cubemx.pidx
2026-02-07 16:23:50,891 [INFO] WebApp:168 - Instantiating new browser for Auth
2026-02-07 16:23:51,147 [WARN] MainUpdater:1193 - Updater busy. Cannot search thirdparties
2026-02-07 16:23:51,147 [INFO] ThirdPartyUpdaterWithRetryManager:96 - Updater plugin is busy. [2/15]
2026-02-07 16:23:51,349 [INFO] ServerAccessManage:473 - Download File STMicroelectronics.X-CUBE-NFC6.pdsc
2026-02-07 16:23:52,282 [INFO] ServerAccessManage:473 - Download File STMicroelectronics.X-CUBE-ST67W61.pdsc
2026-02-07 16:23:52,319 [INFO] WebApp:449 - Apply proxy settings
2026-02-07 16:23:52,319 [INFO] WebApp:534 - Chromium requires no authentication
2026-02-07 16:23:52,339 [INFO] WebApp:477 - Direct internet connection detected
2026-02-07 16:23:52,398 [INFO] WebApp:880 - Register for checkConnection events
2026-02-07 16:23:52,399 [INFO] WebApp:449 - Apply proxy settings
2026-02-07 16:23:52,399 [INFO] WebApp:534 - Chromium requires no authentication
2026-02-07 16:23:52,400 [INFO] WebApp:477 - Direct internet connection detected
2026-02-07 16:23:52,619 [INFO] ServerAccessManage:473 - Download File STMicroelectronics.X-CUBE-STSE01.pdsc
2026-02-07 16:23:52,639 [INFO] WebApp:187 - Connection restablished
2026-02-07 16:23:53,103 [INFO] WebApp:221 - Starting web application
2026-02-07 16:23:53,103 [INFO] WebApp:579 - Web application path used C:\ST\STM32CubeIDE_1.17.0\STM32CubeIDE\plugins\com.st.stm32cube.common.mx_6.13.0.202411220809\db\plugins\mcufinder\reactClient1\index.html
2026-02-07 16:23:53,970 [INFO] UserAuth:486 - Internet connection configuration mode: 1
2026-02-07 16:23:54,149 [WARN] MainUpdater:1193 - Updater busy. Cannot search thirdparties
2026-02-07 16:23:54,149 [INFO] ThirdPartyUpdaterWithRetryManager:96 - Updater plugin is busy. [3/15]
2026-02-07 16:23:54,853 [WARN] PackLoader:240 - Cannot read IP mode file for STMicroelectronics.X-CUBE-NFC6.3.2.0
2026-02-07 16:23:54,874 [WARN] PopulateThirdPartyThread:106 - Error when creating pack: C:/Users/thepd/.stm32cubemx/thirdparties/pdsc/STMicroelectronics.X-CUBE-ST67W61.pdsc
2026-02-07 16:23:54,914 [WARN] PackLoader:240 - Cannot read IP mode file for STMicroelectronics.X-CUBE-STSE01.2.0.0
2026-02-07 16:23:54,920 [INFO] PopulateThirdPartyThread:66 - Ending populate Thread
2026-02-07 16:23:54,922 [INFO] ThirdParty:1030 - CMSIS Pack Vendor :STMicroelectronics X-CUBE-STSE01 2.0.0
2026-02-07 16:23:54,922 [INFO] ThirdParty:1030 - CMSIS Pack Vendor :STMicroelectronics X-CUBE-NFC6 3.2.0
2026-02-07 16:23:54,923 [INFO] LoadServerUpdatesThread:375 - End of LoadServerUpdate Thread
2026-02-07 16:23:54,990 [INFO] CheckServerUpdateThread:120 - End of CheckServer Thread
2026-02-07 16:23:57,424 [WARN] PackLoader:240 - Cannot read IP mode file for STMicroelectronics.FP-SNS-MOTENVWB1.1.4.0
2026-02-07 16:23:57,431 [WARN] PackLoader:240 - Cannot read IP mode file for STMicroelectronics.FP-ATR-ASTRA1.2.0.2
2026-02-07 16:23:57,447 [WARN] PackLoader:240 - Cannot read IP mode file for STMicroelectronics.FP-ATR-ASTRA1.2.0.1
2026-02-07 16:23:57,471 [WARN] PackLoader:240 - Cannot read IP mode file for STMicroelectronics.X-CUBE-SMBUS.2.1.0
2026-02-07 16:23:57,490 [WARN] PackLoader:240 - Cannot read IP mode file for STMicroelectronics.X-CUBE-WB05N.1.1.0
2026-02-07 16:23:57,506 [WARN] PackLoader:240 - Cannot read IP mode file for STMicroelectronics.X-CUBE-ST60.1.0.0
2026-02-07 16:23:57,539 [WARN] PackLoader:240 - Cannot read IP mode file for STMicroelectronics.X-CUBE-AZRTOS-F7.1.1.0
2026-02-07 16:23:57,554 [ERROR] Engine:466 - C:\Users\thepd\.stm32cubemx\thirdparties\pdsc\STMicroelectronics.FP-SNS-MOTENV1.5.1.0.pdsc: PDSC version is not supported
2026-02-07 16:23:57,569 [WARN] PackLoader:240 - Cannot read IP mode file for STMicroelectronics.FP-SNS-FLIGHT1.5.0.2
2026-02-07 16:23:57,602 [WARN] PackLoader:240 - Cannot read IP mode file for Infineon.AIROC-Wi-Fi-Bluetooth-STM32.1.7.0
2026-02-07 16:23:57,643 [WARN] PackLoader:240 - Cannot read IP mode file for STMicroelectronics.X-CUBE-AZRTOS-H7.3.4.0
2026-02-07 16:23:57,665 [WARN] PackLoader:240 - Cannot read IP mode file for STMicroelectronics.X-CUBE-DISPLAY.3.0.0
2026-02-07 16:23:57,684 [WARN] PackLoader:240 - Cannot read IP mode file for STMicroelectronics.X-CUBE-BLE1.7.0.0
2026-02-07 16:23:57,703 [WARN] PackLoader:240 - Cannot read IP mode file for STMicroelectronics.X-CUBE-NFC10.1.0.0
2026-02-07 16:23:57,724 [WARN] PackLoader:240 - Cannot read IP mode file for STMicroelectronics.X-CUBE-BLEMGR.4.0.0
2026-02-07 16:23:57,744 [WARN] PackLoader:240 - Cannot read IP mode file for STMicroelectronics.X-CUBE-ST60.1.1.0
2026-02-07 16:23:57,763 [WARN] PackLoader:240 - Cannot read IP mode file for emotas.I-CUBE-CANOPEN.1.3.0
2026-02-07 16:23:57,781 [WARN] PackLoader:240 - Cannot read IP mode file for STMicroelectronics.X-CUBE-GNSS1.7.1.0
2026-02-07 16:23:57,800 [WARN] PackLoader:240 - Cannot read IP mode file for STMicroelectronics.X-CUBE-AI.10.0.0
2026-02-07 16:23:57,815 [ERROR] Engine:466 - C:\Users\thepd\.stm32cubemx\thirdparties\pdsc\STMicroelectronics.FP-SNS-STBOX1.2.1.0.pdsc: PDSC version is not supported
2026-02-07 16:23:57,834 [WARN] PackLoader:240 - Cannot read IP mode file for STMicroelectronics.FP-SNS-SMARTAG2.1.2.0
2026-02-07 16:23:57,838 [WARN] PackLoader:240 - Cannot read IP mode file for STMicroelectronics.FP-SNS-FLIGHT1.5.1.0
2026-02-07 16:23:57,886 [WARN] PackLoader:240 - Cannot read IP mode file for STMicroelectronics.X-CUBE-MEMS1.11.1.0
2026-02-07 16:23:58,186 [INFO] LogOutputStream:77 - [STDOUT_REDIRECT] 1 : Invalid condition id : UX_CORESTACK_Condition cause : null
2026-02-07 16:23:58,187 [INFO] LogOutputStream:77 - [STDOUT_REDIRECT] 1 : Invalid condition id : UX_CORESTACK_Condition cause : null
2026-02-07 16:23:58,188 [INFO] LogOutputStream:77 - [STDOUT_REDIRECT] 1 : Invalid condition id : UX_CORESTACK_Condition cause : null
2026-02-07 16:23:58,190 [INFO] LogOutputStream:77 - [STDOUT_REDIRECT] 1 : Invalid condition id : UX_CORESTACK_Condition cause : null
2026-02-07 16:23:58,191 [INFO] LogOutputStream:77 - [STDOUT_REDIRECT] 1 : Invalid condition id : UX_CORESTACK_Condition cause : null
2026-02-07 16:23:58,195 [WARN] PackLoader:240 - Cannot read IP mode file for STMicroelectronics.X-CUBE-AZRTOS-WL.2.0.0
2026-02-07 16:23:58,217 [WARN] PackLoader:240 - Cannot read IP mode file for STMicroelectronics.FP-SNS-MOTENV1.5.0.0
2026-02-07 16:23:58,258 [WARN] PackLoader:240 - Cannot read IP mode file for STMicroelectronics.X-CUBE-AZRTOS-H7RS.1.2.0
2026-02-07 16:23:58,269 [WARN] PackLoader:240 - Cannot read IP mode file for wolfSSL.I-CUBE-wolfMQTT.1.19.0
2026-02-07 16:23:58,295 [WARN] PackLoader:240 - Cannot read IP mode file for WES.I-CUBE-Cesium.1.3.0
2026-02-07 16:23:58,312 [WARN] PackLoader:240 - Cannot read IP mode file for STMicroelectronics.X-CUBE-BLE2.3.3.0
2026-02-07 16:23:58,363 [WARN] PackLoader:240 - Cannot read IP mode file for STMicroelectronics.X-CUBE-NFC9.1.0.0
2026-02-07 16:23:58,383 [WARN] PackLoader:240 - Cannot read IP mode file for STMicroelectronics.X-CUBE-BLE1.7.1.0
2026-02-07 16:23:58,406 [ERROR] Engine:466 - C:\Users\thepd\.stm32cubemx\thirdparties\pdsc\STMicroelectronics.X-CUBE-FREERTOS.1.4.0.pdsc: PDSC version is not supported
2026-02-07 16:23:58,429 [WARN] PackLoader:240 - Cannot read IP mode file for STMicroelectronics.X-CUBE-EEPRMA1.5.2.0
2026-02-07 16:23:58,449 [ERROR] Engine:466 - C:\Users\thepd\.stm32cubemx\thirdparties\pdsc\STMicroelectronics.X-CUBE-ST67W61.1.1.0.pdsc: PDSC version is not supported
2026-02-07 16:23:58,467 [WARN] PackLoader:240 - Cannot read IP mode file for STMicroelectronics.X-CUBE-AI.10.1.0
2026-02-07 16:23:58,538 [WARN] PackLoader:240 - Cannot read IP mode file for STMicroelectronics.X-CUBE-MEMS1.12.0.0
2026-02-07 16:23:58,674 [WARN] PackLoader:240 - Cannot read IP mode file for STMicroelectronics.X-CUBE-MEMS1.11.2.0
2026-02-07 16:23:58,798 [WARN] PackLoader:240 - Cannot read IP mode file for STMicroelectronics.X-CUBE-AZRTOS-G0.1.1.0
2026-02-07 16:23:58,825 [WARN] PackLoader:240 - Cannot read IP mode file for STMicroelectronics.X-CUBE-SAFEA1.1.2.2
2026-02-07 16:23:58,849 [WARN] PackLoader:240 - Cannot read IP mode file for STMicroelectronics.X-CUBE-NFC4.3.0.0
2026-02-07 16:23:58,878 [WARN] PackLoader:240 - Cannot read IP mode file for EmbeddedOffice.I-CUBE-FS-RTOS.1.0.1
2026-02-07 16:23:58,904 [WARN] PackLoader:240 - Cannot read IP mode file for STMicroelectronics.X-CUBE-WB05N.2.0.0
2026-02-07 16:23:58,934 [WARN] PackLoader:240 - Cannot read IP mode file for STMicroelectronics.X-CUBE-TCPP.4.2.0
2026-02-07 16:23:58,960 [WARN] PackLoader:240 - Cannot read IP mode file for RealThread.X-CUBE-RT-Thread_Nano.4.1.1
2026-02-07 16:23:58,967 [WARN] PackLoader:240 - Cannot read IP mode file for STMicroelectronics.FP-ATR-SIGFOX1.3.2.0
2026-02-07 16:23:58,976 [WARN] ConditionMgr:438 - getConditionDescription Invalid condition id : Cortex-A Device cause : null
2026-02-07 16:23:59,012 [WARN] ConditionMgr:1044 - genDependencies : Invalid condition id : Cortex-A Device cause : null
2026-02-07 16:23:59,012 [WARN] ConditionMgr:1044 - genDependencies : Invalid condition id : Cortex-A Device cause : null
2026-02-07 16:23:59,012 [WARN] ConditionMgr:1044 - genDependencies : Invalid condition id : Cortex-A Device cause : null
2026-02-07 16:23:59,038 [WARN] PackLoader:240 - Cannot read IP mode file for STMicroelectronics.X-CUBE-EEPRMA1.5.1.0
2026-02-07 16:23:59,067 [WARN] PackLoader:240 - Cannot read IP mode file for wolfSSL.I-CUBE-wolfSSL.5.7.6
2026-02-07 16:23:59,097 [WARN] PackLoader:240 - Cannot read IP mode file for ITTIA_DB.I-CUBE-ITTIADB.8.9.0
2026-02-07 16:23:59,105 [WARN] PackLoader:240 - Cannot read IP mode file for STMicroelectronics.X-CUBE-NFC6.3.2.0
2026-02-07 16:23:59,137 [WARN] PackLoader:240 - Cannot read IP mode file for STMicroelectronics.X-CUBE-ST67W61.1.0.0
2026-02-07 16:23:59,159 [WARN] PackLoader:240 - Cannot read IP mode file for STMicroelectronics.X-CUBE-AI.10.2.0
2026-02-07 16:23:59,203 [WARN] PackLoader:240 - Cannot read IP mode file for SEGGER.I-CUBE-embOS.1.3.1
2026-02-07 16:23:59,265 [WARN] PackLoader:240 - Cannot read IP mode file for STMicroelectronics.X-CUBE-ALGOBUILD.1.4.0
2026-02-07 16:23:59,340 [WARN] PackLoader:240 - Cannot read IP mode file for STMicroelectronics.X-CUBE-MEMS1.11.3.0
2026-02-07 16:23:59,496 [WARN] PackLoader:240 - Cannot read IP mode file for STMicroelectronics.X-CUBE-PM33A1.1.0.0
2026-02-07 16:23:59,546 [WARN] PackLoader:240 - Cannot read IP mode file for STMicroelectronics.X-CUBE-AZRTOS-F4.1.1.0
2026-02-07 16:23:59,573 [WARN] PackLoader:240 - Cannot read IP mode file for Avnet-IotConnect.X-CUBE-IoTC-DA16k-PMOD.1.0.0
2026-02-07 16:23:59,598 [WARN] PackLoader:240 - Cannot read IP mode file for STMicroelectronics.X-CUBE-ISPU.2.1.0
2026-02-07 16:23:59,625 [ERROR] Engine:466 - C:\Users\thepd\.stm32cubemx\thirdparties\pdsc\STMicroelectronics.X-CUBE-IPS.3.2.0.pdsc: PDSC version is not supported
2026-02-07 16:23:59,669 [WARN] PackLoader:240 - Cannot read IP mode file for STMicroelectronics.X-CUBE-NFC12.1.0.0
2026-02-07 16:23:59,714 [WARN] PackLoader:240 - Cannot read IP mode file for STMicroelectronics.X-CUBE-AZRTOS-L5.2.0.0
2026-02-07 16:23:59,747 [WARN] PackLoader:240 - Cannot read IP mode file for STMicroelectronics.X-CUBE-NFC6.3.1.0
2026-02-07 16:23:59,785 [WARN] PackLoader:240 - Cannot read IP mode file for STMicroelectronics.X-CUBE-DPower.1.2.0
2026-02-07 16:23:59,815 [WARN] PackLoader:240 - Cannot read IP mode file for STMicroelectronics.X-CUBE-FREERTOS.1.3.1
2026-02-07 16:23:59,843 [WARN] PackLoader:240 - Cannot read IP mode file for STMicroelectronics.X-CUBE-FREERTOS.1.3.0
2026-02-07 16:23:59,871 [WARN] PackLoader:240 - Cannot read IP mode file for STMicroelectronics.X-CUBE-NFC7.1.0.1
2026-02-07 16:23:59,898 [WARN] PackLoader:240 - Cannot read IP mode file for STMicroelectronics.X-CUBE-TOUCHGFX.4.26.0
2026-02-07 16:23:59,924 [WARN] PackLoader:240 - Cannot read IP mode file for STMicroelectronics.FP-SNS-STAIOTCFT.1.0.0
2026-02-07 16:23:59,951 [WARN] PackLoader:240 - Cannot read IP mode file for STMicroelectronics.X-CUBE-DPower.1.3.0
2026-02-07 16:24:00,003 [WARN] ConditionMgr:438 - getConditionDescription Invalid condition id : LAN8742 Phy interface Condition cause : null
2026-02-07 16:24:00,004 [WARN] PackLoader:240 - Cannot read IP mode file for STMicroelectronics.X-CUBE-AZRTOS-L4.2.0.0
2026-02-07 16:24:00,006 [WARN] ConditionMgr:1044 - genDependencies : Invalid condition id : LAN8742 Phy interface Condition cause : null
2026-02-07 16:24:00,006 [WARN] ConditionMgr:1044 - genDependencies : Invalid condition id : LAN8742 Phy interface Condition cause : null
2026-02-07 16:24:00,007 [WARN] ConditionMgr:1044 - genDependencies : Invalid condition id : LAN8742 Phy interface Condition cause : null
2026-02-07 16:24:00,040 [WARN] PackLoader:240 - Cannot read IP mode file for STMicroelectronics.X-CUBE-SFXS2LP1.4.0.0
2026-02-07 16:24:00,046 [ERROR] Engine:466 - C:\Users\thepd\.stm32cubemx\thirdparties\pdsc\STMicroelectronics.X-CUBE-ST67W61.1.2.0.pdsc: PDSC version is not supported
2026-02-07 16:24:00,098 [WARN] PackLoader:240 - Cannot read IP mode file for STMicroelectronics.X-CUBE-AZRTOS-H7.3.3.0
2026-02-07 16:24:00,139 [WARN] PackLoader:240 - Cannot read IP mode file for STMicroelectronics.X-CUBE-BLEMGR.4.1.0
2026-02-07 16:24:00,204 [WARN] ConditionMgr:438 - getConditionDescription Invalid condition id : UX DEVICE CLASS RTOS Condition cause : null
2026-02-07 16:24:00,205 [WARN] ConditionMgr:438 - getConditionDescription Invalid condition id : UX DEVICE CLASS RTOS Condition cause : null
2026-02-07 16:24:00,208 [WARN] PackLoader:240 - Cannot read IP mode file for STMicroelectronics.X-CUBE-AZRTOS-WB.2.0.0
2026-02-07 16:24:00,209 [WARN] ConditionMgr:1044 - genDependencies : Invalid condition id : UX DEVICE CLASS RTOS Condition cause : null
2026-02-07 16:24:00,209 [WARN] ConditionMgr:1044 - genDependencies : Invalid condition id : UX DEVICE CLASS RTOS Condition cause : null
2026-02-07 16:24:00,210 [WARN] ConditionMgr:1044 - genDependencies : Invalid condition id : UX DEVICE CLASS RTOS Condition cause : null
2026-02-07 16:24:00,211 [WARN] ConditionMgr:1044 - genDependencies : Invalid condition id : UX DEVICE CLASS RTOS Condition cause : null
2026-02-07 16:24:00,211 [WARN] ConditionMgr:1044 - genDependencies : Invalid condition id : UX DEVICE CLASS RTOS Condition cause : null
2026-02-07 16:24:00,240 [WARN] PackLoader:240 - Cannot read IP mode file for STMicroelectronics.X-CUBE-GNSS1.7.0.1
2026-02-07 16:24:00,273 [WARN] PackLoader:240 - Cannot read IP mode file for STMicroelectronics.X-CUBE-TOUCHGFX.4.25.0
2026-02-07 16:24:00,306 [WARN] PackLoader:240 - Cannot read IP mode file for STMicroelectronics.FP-SNS-STBOX1.2.0.0
2026-02-07 16:24:00,319 [WARN] PackLoader:240 - Cannot read IP mode file for STMicroelectronics.X-CUBE-STSE01.2.0.0
2026-02-07 16:24:00,354 [WARN] PackLoader:240 - Cannot read IP mode file for STMicroelectronics.X-CUBE-SUBG2.5.0.0
2026-02-07 16:24:00,418 [WARN] PackLoader:240 - Cannot read IP mode file for STMicroelectronics.X-CUBE-AZRTOS-H7RS.1.1.0
2026-02-07 16:24:00,431 [WARN] PackLoader:240 - Cannot read IP mode file for Cesanta.I-CUBE-Mongoose.7.13.0
2026-02-07 16:24:00,472 [WARN] PackLoader:240 - Cannot read IP mode file for STMicroelectronics.X-CUBE-AZRTOS-G4.2.0.0
2026-02-07 16:24:00,494 [WARN] PackLoader:240 - Cannot read IP mode file for STMicroelectronics.X-CUBE-NFC7.2.0.0
2026-02-07 16:24:00,523 [WARN] PackLoader:240 - Cannot read IP mode file for STMicroelectronics.X-CUBE-IPS.3.1.0
2026-02-07 16:24:00,554 [WARN] PackLoader:240 - Cannot read IP mode file for STMicroelectronics.X-CUBE-ALS.1.0.2
2026-02-07 16:24:00,579 [WARN] PackLoader:240 - Cannot read IP mode file for STMicroelectronics.X-CUBE-TOUCHGFX.4.24.2
2026-02-07 16:24:00,604 [WARN] PackLoader:240 - Cannot read IP mode file for STMicroelectronics.X-CUBE-STSE01.1.0.0
2026-02-07 16:24:00,614 [WARN] PackLoader:240 - Cannot read IP mode file for wolfSSL.I-CUBE-wolfTPM.3.4.0
2026-02-07 16:24:00,642 [WARN] PackLoader:240 - Cannot read IP mode file for portGmbH.I-Cube-SoM-uGOAL.1.1.0
2026-02-07 16:24:00,688 [WARN] PackLoader:240 - Cannot read IP mode file for STMicroelectronics.X-CUBE-AZRTOS-H7RS.1.0.0
2026-02-07 16:24:00,728 [WARN] PackLoader:240 - Cannot read IP mode file for STMicroelectronics.X-CUBE-TOF1.3.4.2
2026-02-07 16:24:00,766 [WARN] PackLoader:240 - Cannot read IP mode file for STMicroelectronics.X-CUBE-TOF1.3.4.3
2026-02-07 16:24:00,779 [WARN] PackLoader:240 - Cannot read IP mode file for wolfSSL.I-CUBE-wolfSSH.1.4.17
2026-02-07 16:24:00,780 [INFO] ThirdParty:978 - Integrity check success = true
2026-02-07 16:24:00,780 [INFO] IntegrityCheckThread:100 - exiting critical section [integrity check]
2026-02-07 16:24:00,780 [INFO] IntegrityCheckThread:103 - End integrity checks thread
2026-02-07 18:22:49,344 [ERROR] LogOutputStream:75 - [STDERR_REDIRECT] 
