2025-10-16 18:17:12,545 [INFO] Activator:176 - 


2025-10-16 18:17:12,554 [INFO] Activator:177 - !SESSION log4j initialized
2025-10-16 18:17:20,412 [INFO] LogOutputStream:77 - [STDOUT_REDIRECT] 
2025-10-16 18:17:23,059 [INFO] ApplicationProperties:184 - Using Application install path: C:\ST\STM32CubeIDE_1.17.0\STM32CubeIDE\plugins\com.st.stm32cube.common.mx_6.13.0.202411220809
2025-10-16 18:17:23,080 [INFO] DbMcusXml:78 - Set database path to: C:\ST\STM32CubeIDE_1.17.0\STM32CubeIDE\plugins\com.st.stm32cube.common.mx_6.13.0.202411220809\\db\/mcu/
2025-10-16 18:17:23,081 [INFO] ApiDb:274 - Set plugin database path to: C:\ST\STM32CubeIDE_1.17.0\STM32CubeIDE\plugins\com.st.stm32cube.common.mx_6.13.0.202411220809\\db\/plugins/boardmanager/
2025-10-16 18:17:23,081 [WARN] ApiDb:259 - Overriding images path with different value:  => C:\ST\STM32CubeIDE_1.17.0\STM32CubeIDE\plugins\com.st.stm32cube.common.mx_6.13.0.202411220809\\db\/plugins/mcufinder/images/
2025-10-16 18:17:23,099 [INFO] ApiDb:250 - Set database path to: C:\Users\thepd\.stmcufinder\plugins\mcufinder//mcu/
2025-10-16 18:17:23,101 [INFO] DbMcusAds:125 - Set database path to: C:\Users\thepd\.stmcufinder\plugins\mcufinder//mcu/
2025-10-16 18:17:23,104 [INFO] CrossReferenceDbSqlite:203 - Set database path to: C:\Users\thepd\.stmcufinder\plugins\mcufinder//mcu/cs/
2025-10-16 18:17:23,237 [INFO] RulesReader:64 - Compatibility file has been processed (297 Rules)
2025-10-16 18:17:23,341 [INFO] DbMcusXml:78 - Set database path to: C:\ST\STM32CubeIDE_1.17.0\STM32CubeIDE\plugins\com.st.stm32cube.common.mx_6.13.0.202411220809\\db\/mcu/
2025-10-16 18:17:23,341 [INFO] ApiDb:274 - Set plugin database path to: C:\ST\STM32CubeIDE_1.17.0\STM32CubeIDE\plugins\com.st.stm32cube.common.mx_6.13.0.202411220809\\db\/plugins/boardmanager/
2025-10-16 18:17:23,341 [INFO] ApiDb:261 - Set plugin images path to: C:\ST\STM32CubeIDE_1.17.0\STM32CubeIDE\plugins\com.st.stm32cube.common.mx_6.13.0.202411220809\\db\/plugins/mcufinder/images/
2025-10-16 18:17:23,341 [WARN] DbFile:41 - Overriding database path with different value: C:\Users\thepd\.stmcufinder\plugins\mcufinder/ => C:\Users\thepd\.stmcufinder\plugins\mcufinder
2025-10-16 18:17:23,342 [INFO] ApiDb:250 - Set database path to: C:\Users\thepd\.stmcufinder\plugins\mcufinder//mcu/
2025-10-16 18:17:23,342 [WARN] DbFile:41 - Overriding database path with different value: C:\Users\thepd\.stmcufinder\plugins\mcufinder/ => C:\Users\thepd\.stmcufinder\plugins\mcufinder
2025-10-16 18:17:23,342 [INFO] DbMcusAds:125 - Set database path to: C:\Users\thepd\.stmcufinder\plugins\mcufinder//mcu/
2025-10-16 18:17:23,342 [WARN] DbFile:41 - Overriding database path with different value: C:\Users\thepd\.stmcufinder\plugins\mcufinder/ => C:\Users\thepd\.stmcufinder\plugins\mcufinder
2025-10-16 18:17:23,342 [WARN] DbFile:41 - Overriding database path with different value: C:\Users\thepd\.stmcufinder\plugins\mcufinder/ => C:\Users\thepd\.stmcufinder\plugins\mcufinder
2025-10-16 18:17:23,342 [INFO] CrossReferenceDbSqlite:203 - Set database path to: C:\Users\thepd\.stmcufinder\plugins\mcufinder//mcu/cs/
2025-10-16 18:17:23,442 [INFO] MainPanel:272 - HeapMemory: 268435456
2025-10-16 18:17:23,576 [INFO] DbMcusXml:78 - Set database path to: C:\ST\STM32CubeIDE_1.17.0\STM32CubeIDE\plugins\com.st.stm32cube.common.mx_6.13.0.202411220809\\db\/mcu/
2025-10-16 18:17:23,576 [INFO] ApiDb:274 - Set plugin database path to: C:\ST\STM32CubeIDE_1.17.0\STM32CubeIDE\plugins\com.st.stm32cube.common.mx_6.13.0.202411220809\\db\/plugins/boardmanager/
2025-10-16 18:17:23,576 [INFO] ApiDb:261 - Set plugin images path to: C:\ST\STM32CubeIDE_1.17.0\STM32CubeIDE\plugins\com.st.stm32cube.common.mx_6.13.0.202411220809\\db\/plugins/mcufinder/images/
2025-10-16 18:17:23,577 [WARN] DbFile:41 - Overriding database path with different value: C:\Users\thepd\.stmcufinder\plugins\mcufinder/ => C:\Users\thepd\.stmcufinder\plugins\mcufinder
2025-10-16 18:17:23,577 [INFO] ApiDb:250 - Set database path to: C:\Users\thepd\.stmcufinder\plugins\mcufinder//mcu/
2025-10-16 18:17:23,577 [WARN] DbFile:41 - Overriding database path with different value: C:\Users\thepd\.stmcufinder\plugins\mcufinder/ => C:\Users\thepd\.stmcufinder\plugins\mcufinder
2025-10-16 18:17:23,577 [INFO] DbMcusAds:125 - Set database path to: C:\Users\thepd\.stmcufinder\plugins\mcufinder//mcu/
2025-10-16 18:17:23,577 [WARN] DbFile:41 - Overriding database path with different value: C:\Users\thepd\.stmcufinder\plugins\mcufinder/ => C:\Users\thepd\.stmcufinder\plugins\mcufinder
2025-10-16 18:17:23,577 [WARN] DbFile:41 - Overriding database path with different value: C:\Users\thepd\.stmcufinder\plugins\mcufinder/ => C:\Users\thepd\.stmcufinder\plugins\mcufinder
2025-10-16 18:17:23,577 [INFO] CrossReferenceDbSqlite:203 - Set database path to: C:\Users\thepd\.stmcufinder\plugins\mcufinder//mcu/cs/
2025-10-16 18:17:23,598 [INFO] ApplicationProperties:184 - Using Application install path: C:\ST\STM32CubeIDE_1.17.0\STM32CubeIDE\plugins\com.st.stm32cube.common.mx_6.13.0.202411220809
2025-10-16 18:17:23,599 [INFO] PluginManage:196 - Search for loadable plugins [exclusion list=, ]
2025-10-16 18:17:23,602 [INFO] PluginManage:310 - Check plugin analytics
2025-10-16 18:17:23,846 [INFO] AnalyticsPlugin:253 - Accepted Software Licenses: STM32CubeMX.6.4.0,STM32CubeMX.6.14.0
2025-10-16 18:17:23,847 [INFO] AnalyticsPlugin:255 - Accepted CMSIS Pack Licenses: 
2025-10-16 18:17:23,847 [INFO] AnalyticsPlugin:257 - Accepted Firmware Licenses: FW.G4.1.6.0,FW.G4.1.5.0,FW.F4.1.28.0
2025-10-16 18:17:23,851 [INFO] PluginManage:359 - Loaded plugin analytics (category:tool,tabindex:-1)
2025-10-16 18:17:23,851 [INFO] PluginManage:310 - Check plugin cadmodel
2025-10-16 18:17:23,879 [INFO] CADModel:105 - Init CAD model plugin
2025-10-16 18:17:23,879 [INFO] PluginManage:359 - Loaded plugin cadmodel (category:power,tabindex:5)
2025-10-16 18:17:23,880 [INFO] PluginManage:310 - Check plugin clock
2025-10-16 18:17:23,926 [INFO] PluginManage:359 - Loaded plugin clock (category:base,tabindex:2)
2025-10-16 18:17:23,926 [INFO] PluginManage:310 - Check plugin ddr
2025-10-16 18:17:23,933 [INFO] PluginManage:359 - Loaded plugin ddr (category:tool,tabindex:6)
2025-10-16 18:17:23,933 [INFO] PluginManage:310 - Check plugin filemanager
2025-10-16 18:17:24,177 [INFO] PluginManage:359 - Loaded plugin filemanager (category:base,tabindex:10)
2025-10-16 18:17:24,178 [INFO] PluginManage:310 - Check plugin ipmanager
2025-10-16 18:17:24,190 [INFO] PluginManage:359 - Loaded plugin ipmanager (category:base,tabindex:5)
2025-10-16 18:17:24,190 [INFO] PluginManage:310 - Check plugin lpbam
2025-10-16 18:17:24,217 [INFO] PluginManage:359 - Loaded plugin lpbam (category:base,tabindex:0)
2025-10-16 18:17:24,218 [INFO] PluginManage:310 - Check plugin memorymap
2025-10-16 18:17:24,263 [INFO] PluginManage:359 - Loaded plugin memorymap (category:base,tabindex:4)
2025-10-16 18:17:24,263 [INFO] PluginManage:310 - Check plugin pinoutandconfiguration
2025-10-16 18:17:24,295 [INFO] PluginManage:359 - Loaded plugin pinoutandconfiguration (category:base,tabindex:1)
2025-10-16 18:17:24,295 [INFO] PluginManage:310 - Check plugin pinoutconfig
2025-10-16 18:17:24,471 [WARN] SupportedApi:132 - Cannot load RTOS API schema: s4s-elt-must-match.1: The content of 'definitions' must match (annotation?, (simpleType | complexType)?, (unique | key | keyref)*)). A problem was found starting at: attribute.
2025-10-16 18:17:24,704 [INFO] PluginManage:359 - Loaded plugin pinoutconfig (category:base,tabindex:0)
2025-10-16 18:17:24,704 [INFO] PluginManage:310 - Check plugin power
2025-10-16 18:17:24,734 [INFO] PluginManage:359 - Loaded plugin power (category:power,tabindex:4)
2025-10-16 18:17:24,735 [INFO] PluginManage:310 - Check plugin projectmanager
2025-10-16 18:17:24,757 [INFO] PluginManage:359 - Loaded plugin projectmanager (category:projectmanager,tabindex:4)
2025-10-16 18:17:24,757 [INFO] PluginManage:310 - Check plugin rif
2025-10-16 18:17:24,784 [INFO] PluginManage:359 - Loaded plugin rif (category:base,tabindex:3)
2025-10-16 18:17:24,784 [INFO] PluginManage:310 - Check plugin thirdparty
2025-10-16 18:17:25,254 [WARN] IntegrityCheckThread:84 - waiting for thirdparty lock release [integrity check]
2025-10-16 18:17:25,254 [INFO] PluginManage:359 - Loaded plugin thirdparty (category:base,tabindex:-1)
2025-10-16 18:17:25,254 [INFO] IntegrityCheckThread:86 - entering critical section [integrity check]
2025-10-16 18:17:25,254 [INFO] PluginManage:310 - Check plugin tools
2025-10-16 18:17:25,255 [INFO] ThirdPartyUpdaterWithRetryManager:70 - Updater plugin not ready yet. [1/15]
2025-10-16 18:17:25,309 [INFO] PluginManage:359 - Loaded plugin tools (category:base,tabindex:7)
2025-10-16 18:17:25,309 [INFO] PluginManage:310 - Check plugin tutovideos
2025-10-16 18:17:25,617 [INFO] PluginManage:359 - Loaded plugin tutovideos (category:base,tabindex:-1)
2025-10-16 18:17:25,618 [INFO] PluginManage:310 - Check plugin updater
2025-10-16 18:17:25,646 [INFO] PluginManage:359 - Loaded plugin updater (category:base,tabindex:12)
2025-10-16 18:17:25,647 [INFO] PluginManage:310 - Check plugin userauth
2025-10-16 18:17:25,654 [INFO] UserAuth:118 - Init User Auth plugin
2025-10-16 18:17:25,656 [INFO] PluginManage:359 - Loaded plugin userauth (category:base,tabindex:14)
2025-10-16 18:17:25,656 [INFO] PluginManage:283 - PluginManage : Loaded plugins [18]
2025-10-16 18:17:25,915 [INFO] PinOutPanel:1589 - setPackage(No Configuration,No Configuration)
2025-10-16 18:17:26,053 [INFO] CADModel:165 - CPN selected for project level
2025-10-16 18:17:26,054 [INFO] CADModel:114 - Register for checkConnection events
2025-10-16 18:17:26,111 [INFO] IPUIPlugin:80 - create IPUIPlugin
2025-10-16 18:17:26,111 [INFO] PluginManager:220 - loadIPPluginJar : add adc
2025-10-16 18:17:26,180 [INFO] IPUIPlugin:80 - create IPUIPlugin
2025-10-16 18:17:26,180 [INFO] PluginManager:220 - loadIPPluginJar : add aes
2025-10-16 18:17:26,251 [INFO] IPUIPlugin:80 - create IPUIPlugin
2025-10-16 18:17:26,251 [INFO] PluginManager:220 - loadIPPluginJar : add can
2025-10-16 18:17:26,293 [INFO] IPUIPlugin:80 - create IPUIPlugin
2025-10-16 18:17:26,293 [INFO] PluginManager:220 - loadIPPluginJar : add comp
2025-10-16 18:17:26,353 [INFO] IPUIPlugin:80 - create IPUIPlugin
2025-10-16 18:17:26,353 [INFO] PluginManager:220 - loadIPPluginJar : add cryp
2025-10-16 18:17:26,372 [INFO] IPUIPlugin:80 - create IPUIPlugin
2025-10-16 18:17:26,372 [INFO] PluginManager:220 - loadIPPluginJar : add ddr_ctrl_phy
2025-10-16 18:17:26,421 [INFO] IPUIPlugin:80 - create IPUIPlugin
2025-10-16 18:17:26,421 [INFO] PluginManager:220 - loadIPPluginJar : add dfsdm
2025-10-16 18:17:26,440 [INFO] IPUIPlugin:80 - create IPUIPlugin
2025-10-16 18:17:26,441 [INFO] PluginManager:220 - loadIPPluginJar : add dma
2025-10-16 18:17:26,500 [INFO] IPUIPlugin:80 - create IPUIPlugin
2025-10-16 18:17:26,500 [INFO] PluginManager:220 - loadIPPluginJar : add dma3
2025-10-16 18:17:26,567 [INFO] IPUIPlugin:80 - create IPUIPlugin
2025-10-16 18:17:26,567 [INFO] PluginManager:220 - loadIPPluginJar : add extmemmanager
2025-10-16 18:17:26,599 [INFO] IPUIPlugin:80 - create IPUIPlugin
2025-10-16 18:17:26,599 [INFO] PluginManager:220 - loadIPPluginJar : add fatfs
2025-10-16 18:17:26,672 [INFO] IPUIPlugin:80 - create IPUIPlugin
2025-10-16 18:17:26,672 [INFO] PluginManager:220 - loadIPPluginJar : add fmc
2025-10-16 18:17:26,695 [INFO] IPUIPlugin:80 - create IPUIPlugin
2025-10-16 18:17:26,695 [INFO] PluginManager:220 - loadIPPluginJar : add freertos
2025-10-16 18:17:26,730 [INFO] IPUIPlugin:80 - create IPUIPlugin
2025-10-16 18:17:26,730 [INFO] PluginManager:220 - loadIPPluginJar : add genericplugin
2025-10-16 18:17:26,914 [INFO] IPUIPlugin:80 - create IPUIPlugin
2025-10-16 18:17:26,914 [INFO] PluginManager:220 - loadIPPluginJar : add gfxmmu
2025-10-16 18:17:27,134 [INFO] IPUIPlugin:80 - create IPUIPlugin
2025-10-16 18:17:27,134 [INFO] PluginManager:220 - loadIPPluginJar : add gic
2025-10-16 18:17:27,157 [INFO] IPUIPlugin:80 - create IPUIPlugin
2025-10-16 18:17:27,158 [INFO] PluginManager:220 - loadIPPluginJar : add gpio
2025-10-16 18:17:27,319 [INFO] IPUIPlugin:80 - create IPUIPlugin
2025-10-16 18:17:27,319 [INFO] PluginManager:220 - loadIPPluginJar : add gtzc
2025-10-16 18:17:27,371 [INFO] IPUIPlugin:80 - create IPUIPlugin
2025-10-16 18:17:27,371 [INFO] PluginManager:220 - loadIPPluginJar : add hash
2025-10-16 18:17:27,453 [INFO] IPUIPlugin:80 - create IPUIPlugin
2025-10-16 18:17:27,453 [INFO] PluginManager:220 - loadIPPluginJar : add i2c
2025-10-16 18:17:27,513 [INFO] IPUIPlugin:80 - create IPUIPlugin
2025-10-16 18:17:27,513 [INFO] PluginManager:220 - loadIPPluginJar : add i2s
2025-10-16 18:17:27,577 [INFO] IPUIPlugin:80 - create IPUIPlugin
2025-10-16 18:17:27,577 [INFO] PluginManager:220 - loadIPPluginJar : add i3c
2025-10-16 18:17:27,724 [INFO] IPUIPlugin:80 - create IPUIPlugin
2025-10-16 18:17:27,724 [INFO] PluginManager:220 - loadIPPluginJar : add ipddr
2025-10-16 18:17:27,867 [INFO] IPUIPlugin:80 - create IPUIPlugin
2025-10-16 18:17:27,867 [INFO] PluginManager:220 - loadIPPluginJar : add linkedlist
2025-10-16 18:17:27,925 [INFO] IPUIPlugin:80 - create IPUIPlugin
2025-10-16 18:17:27,925 [INFO] PluginManager:220 - loadIPPluginJar : add lorawan
2025-10-16 18:17:27,982 [INFO] IPUIPlugin:80 - create IPUIPlugin
2025-10-16 18:17:27,982 [INFO] PluginManager:220 - loadIPPluginJar : add ltdc
2025-10-16 18:17:28,003 [INFO] IPUIPlugin:80 - create IPUIPlugin
2025-10-16 18:17:28,003 [INFO] PluginManager:220 - loadIPPluginJar : add mdma
2025-10-16 18:17:28,020 [INFO] IPUIPlugin:80 - create IPUIPlugin
2025-10-16 18:17:28,020 [INFO] PluginManager:220 - loadIPPluginJar : add nvic
2025-10-16 18:17:28,079 [INFO] IPUIPlugin:80 - create IPUIPlugin
2025-10-16 18:17:28,079 [INFO] PluginManager:220 - loadIPPluginJar : add opamp
2025-10-16 18:17:28,179 [INFO] IPUIPlugin:80 - create IPUIPlugin
2025-10-16 18:17:28,179 [INFO] PluginManager:220 - loadIPPluginJar : add openamp
2025-10-16 18:17:28,256 [INFO] ThirdPartyUpdaterWithRetryManager:70 - Updater plugin not ready yet. [2/15]
2025-10-16 18:17:28,256 [INFO] IPUIPlugin:80 - create IPUIPlugin
2025-10-16 18:17:28,257 [INFO] PluginManager:220 - loadIPPluginJar : add pdm2pcm
2025-10-16 18:17:28,281 [INFO] IPUIPlugin:80 - create IPUIPlugin
2025-10-16 18:17:28,284 [INFO] PluginManager:220 - loadIPPluginJar : add plateformsettings
2025-10-16 18:17:28,324 [INFO] IPUIPlugin:80 - create IPUIPlugin
2025-10-16 18:17:28,324 [INFO] PluginManager:220 - loadIPPluginJar : add quadspi
2025-10-16 18:17:28,368 [INFO] IPUIPlugin:80 - create IPUIPlugin
2025-10-16 18:17:28,369 [INFO] PluginManager:220 - loadIPPluginJar : add radio
2025-10-16 18:17:28,389 [INFO] IPUIPlugin:80 - create IPUIPlugin
2025-10-16 18:17:28,389 [INFO] PluginManager:220 - loadIPPluginJar : add resmgrutility
2025-10-16 18:17:28,460 [INFO] IPUIPlugin:80 - create IPUIPlugin
2025-10-16 18:17:28,460 [INFO] PluginManager:220 - loadIPPluginJar : add sai
2025-10-16 18:17:28,519 [INFO] IPUIPlugin:80 - create IPUIPlugin
2025-10-16 18:17:28,519 [INFO] PluginManager:220 - loadIPPluginJar : add spi
2025-10-16 18:17:28,624 [INFO] IPUIPlugin:80 - create IPUIPlugin
2025-10-16 18:17:28,624 [INFO] PluginManager:220 - loadIPPluginJar : add stm32_wpan
2025-10-16 18:17:28,663 [INFO] IPUIPlugin:80 - create IPUIPlugin
2025-10-16 18:17:28,663 [INFO] PluginManager:220 - loadIPPluginJar : add tim
2025-10-16 18:17:28,752 [INFO] IPUIPlugin:80 - create IPUIPlugin
2025-10-16 18:17:28,752 [INFO] PluginManager:220 - loadIPPluginJar : add touchsensing
2025-10-16 18:17:28,790 [INFO] IPUIPlugin:80 - create IPUIPlugin
2025-10-16 18:17:28,791 [INFO] PluginManager:220 - loadIPPluginJar : add tracer_emb
2025-10-16 18:17:28,830 [INFO] IPUIPlugin:80 - create IPUIPlugin
2025-10-16 18:17:28,830 [INFO] PluginManager:220 - loadIPPluginJar : add ts
2025-10-16 18:17:28,867 [INFO] IPUIPlugin:80 - create IPUIPlugin
2025-10-16 18:17:28,867 [INFO] PluginManager:220 - loadIPPluginJar : add tsc
2025-10-16 18:17:28,900 [INFO] IPUIPlugin:80 - create IPUIPlugin
2025-10-16 18:17:28,901 [INFO] PluginManager:220 - loadIPPluginJar : add ucpd
2025-10-16 18:17:28,967 [INFO] IPUIPlugin:80 - create IPUIPlugin
2025-10-16 18:17:28,967 [INFO] PluginManager:220 - loadIPPluginJar : add usart
2025-10-16 18:17:29,031 [INFO] IPUIPlugin:80 - create IPUIPlugin
2025-10-16 18:17:29,031 [INFO] PluginManager:220 - loadIPPluginJar : add usbx
2025-10-16 18:17:29,165 [FATAL] Updater:351 - Updater called before beeing initialized
2025-10-16 18:17:29,198 [INFO] RulesReader:64 - Compatibility file has been processed (297 Rules)
2025-10-16 18:17:29,210 [INFO] RulesReader:64 - Compatibility file has been processed (297 Rules)
2025-10-16 18:17:29,220 [INFO] CADModel:165 - CPN selected for project level
2025-10-16 18:17:29,220 [INFO] CADModel:114 - Register for checkConnection events
2025-10-16 18:17:29,220 [FATAL] Updater:351 - Updater called before beeing initialized
2025-10-16 18:17:29,221 [ERROR] CADModel:125 - Updater not yet initialized, retry later 
2025-10-16 18:17:29,413 [FATAL] Updater:351 - Updater called before beeing initialized
2025-10-16 18:17:29,416 [INFO] CADModel:165 - CPN selected for project level
2025-10-16 18:17:29,417 [INFO] CADModel:114 - Register for checkConnection events
2025-10-16 18:17:29,417 [FATAL] Updater:351 - Updater called before beeing initialized
2025-10-16 18:17:29,417 [ERROR] CADModel:125 - Updater not yet initialized, retry later 
2025-10-16 18:17:29,422 [FATAL] Updater:351 - Updater called before beeing initialized
2025-10-16 18:17:29,596 [FATAL] Updater:351 - Updater called before beeing initialized
2025-10-16 18:17:29,610 [INFO] DbMcusAds:53 - JSON generation date=Thu Mar 06 15:54:21 CET 2025 (1741272861825)
2025-10-16 18:17:29,610 [FATAL] Updater:351 - Updater called before beeing initialized
2025-10-16 18:17:29,653 [WARN] DetailPanel:346 - Failed to get advertising image, set to default
2025-10-16 18:17:29,887 [FATAL] Updater:351 - Updater called before beeing initialized
2025-10-16 18:17:29,889 [FATAL] Updater:351 - Updater called before beeing initialized
2025-10-16 18:17:29,889 [FATAL] Updater:351 - Updater called before beeing initialized
2025-10-16 18:17:29,889 [WARN] DetailPanel:346 - Failed to get advertising image, set to default
2025-10-16 18:17:29,890 [FATAL] Updater:351 - Updater called before beeing initialized
2025-10-16 18:17:29,962 [ERROR] Updater:1198 - MainUpdater not yet initialized. External WinMGr cannot be set.
2025-10-16 18:17:29,975 [INFO] Updater:1134 - Updater Version found : 6.13.0
2025-10-16 18:17:29,994 [INFO] ApplicationProperties:184 - Using Application install path: C:\ST\STM32CubeIDE_1.17.0\STM32CubeIDE\plugins\com.st.stm32cube.common.mx_6.13.0.202411220809
2025-10-16 18:17:30,490 [INFO] MainUpdater:2872 - connection check result : 10
2025-10-16 18:17:30,491 [INFO] MainUpdater:3566 - Updater definition file requires update
2025-10-16 18:17:30,492 [INFO] MainUpdater:289 - Updater Check For Update Now.
2025-10-16 18:17:30,492 [INFO] MicroXplorer:498 - Change Database Version : DB.6.0.130
2025-10-16 18:17:30,519 [INFO] McuFinderGlobals:63 - Set McuFinder mode to 2 (CubeIDE integrated)
2025-10-16 18:17:30,529 [INFO] UserAuth:486 - Internet connection configuration mode: 1
2025-10-16 18:17:30,566 [INFO] JxBrowserEngine:152 - Initiate JxBrowser Engine with user profile folder
2025-10-16 18:17:30,572 [INFO] ServerAccessManage:473 - Download File updaters.zip
2025-10-16 18:17:30,693 [INFO] FileExtend:240 - Unzip File : updaters.zip
2025-10-16 18:17:30,694 [INFO] FileExtend:255 - Standard Zip Deflate
2025-10-16 18:17:31,263 [WARN] MainUpdater:1193 - Updater busy. Cannot search thirdparties
2025-10-16 18:17:31,264 [INFO] ThirdPartyUpdaterWithRetryManager:96 - Updater plugin is busy. [1/15]
2025-10-16 18:17:31,484 [INFO] ServerAccessManage:473 - Download File PacksControlFlags.xml
2025-10-16 18:17:31,626 [INFO] ServerAccessManage:473 - Download File cubemx.pidx
2025-10-16 18:17:33,738 [INFO] ServerAccessManage:473 - Download File STMicroelectronics.X-CUBE-IPS.pdsc
2025-10-16 18:17:33,995 [INFO] WebApp:168 - Instantiating new browser for Auth
2025-10-16 18:17:34,265 [WARN] MainUpdater:1193 - Updater busy. Cannot search thirdparties
2025-10-16 18:17:34,265 [INFO] ThirdPartyUpdaterWithRetryManager:96 - Updater plugin is busy. [2/15]
2025-10-16 18:17:34,527 [INFO] ServerAccessManage:473 - Download File STMicroelectronics.X-CUBE-ST60.pdsc
2025-10-16 18:17:34,734 [INFO] ServerAccessManage:473 - Download File STMicroelectronics.X-CUBE-ST67W61.pdsc
2025-10-16 18:17:35,402 [INFO] WebApp:449 - Apply proxy settings
2025-10-16 18:17:35,403 [INFO] WebApp:534 - Chromium requires no authentication
2025-10-16 18:17:35,425 [INFO] WebApp:477 - Direct internet connection detected
2025-10-16 18:17:35,480 [INFO] WebApp:880 - Register for checkConnection events
2025-10-16 18:17:35,481 [INFO] WebApp:449 - Apply proxy settings
2025-10-16 18:17:35,481 [INFO] WebApp:534 - Chromium requires no authentication
2025-10-16 18:17:35,482 [INFO] WebApp:477 - Direct internet connection detected
2025-10-16 18:17:35,699 [INFO] WebApp:187 - Connection restablished
2025-10-16 18:17:35,823 [INFO] WebApp:221 - Starting web application
2025-10-16 18:17:35,824 [INFO] WebApp:579 - Web application path used C:\ST\STM32CubeIDE_1.17.0\STM32CubeIDE\plugins\com.st.stm32cube.common.mx_6.13.0.202411220809\db\plugins\mcufinder\reactClient1\index.html
2025-10-16 18:17:36,140 [WARN] PopulateThirdPartyThread:106 - Error when creating pack: C:/Users/thepd/.stm32cubemx/thirdparties/pdsc/STMicroelectronics.X-CUBE-IPS.pdsc
2025-10-16 18:17:36,200 [WARN] PackLoader:240 - Cannot read IP mode file for STMicroelectronics.X-CUBE-ST60.1.1.0
2025-10-16 18:17:36,211 [WARN] PopulateThirdPartyThread:106 - Error when creating pack: C:/Users/thepd/.stm32cubemx/thirdparties/pdsc/STMicroelectronics.X-CUBE-ST67W61.pdsc
2025-10-16 18:17:36,211 [INFO] PopulateThirdPartyThread:66 - Ending populate Thread
2025-10-16 18:17:36,213 [INFO] ThirdParty:1030 - CMSIS Pack Vendor :STMicroelectronics X-CUBE-ST60 1.1.0
2025-10-16 18:17:36,213 [INFO] LoadServerUpdatesThread:375 - End of LoadServerUpdate Thread
2025-10-16 18:17:36,341 [INFO] UserAuth:486 - Internet connection configuration mode: 1
2025-10-16 18:17:36,360 [INFO] CheckServerUpdateThread:120 - End of CheckServer Thread
2025-10-16 18:17:37,537 [WARN] PackLoader:240 - Cannot read IP mode file for STMicroelectronics.FP-SNS-MOTENVWB1.1.4.0
2025-10-16 18:17:37,544 [WARN] PackLoader:240 - Cannot read IP mode file for STMicroelectronics.FP-ATR-ASTRA1.2.0.2
2025-10-16 18:17:37,563 [WARN] PackLoader:240 - Cannot read IP mode file for STMicroelectronics.FP-ATR-ASTRA1.2.0.1
2025-10-16 18:17:37,582 [WARN] PackLoader:240 - Cannot read IP mode file for STMicroelectronics.X-CUBE-SMBUS.2.1.0
2025-10-16 18:17:37,604 [WARN] PackLoader:240 - Cannot read IP mode file for STMicroelectronics.X-CUBE-WB05N.1.1.0
2025-10-16 18:17:37,621 [WARN] PackLoader:240 - Cannot read IP mode file for STMicroelectronics.X-CUBE-ST60.1.0.0
2025-10-16 18:17:37,662 [WARN] PackLoader:240 - Cannot read IP mode file for STMicroelectronics.X-CUBE-AZRTOS-F7.1.1.0
2025-10-16 18:17:37,689 [WARN] PackLoader:240 - Cannot read IP mode file for STMicroelectronics.FP-SNS-FLIGHT1.5.0.2
2025-10-16 18:17:37,742 [WARN] PackLoader:240 - Cannot read IP mode file for Infineon.AIROC-Wi-Fi-Bluetooth-STM32.1.7.0
2025-10-16 18:17:37,806 [WARN] PackLoader:240 - Cannot read IP mode file for STMicroelectronics.X-CUBE-AZRTOS-H7.3.4.0
2025-10-16 18:17:37,830 [WARN] PackLoader:240 - Cannot read IP mode file for STMicroelectronics.X-CUBE-DISPLAY.3.0.0
2025-10-16 18:17:37,858 [WARN] PackLoader:240 - Cannot read IP mode file for STMicroelectronics.X-CUBE-BLE1.7.0.0
2025-10-16 18:17:37,877 [WARN] PackLoader:240 - Cannot read IP mode file for STMicroelectronics.X-CUBE-NFC10.1.0.0
2025-10-16 18:17:37,906 [WARN] PackLoader:240 - Cannot read IP mode file for STMicroelectronics.X-CUBE-BLEMGR.4.0.0
2025-10-16 18:17:37,915 [WARN] PackLoader:240 - Cannot read IP mode file for STMicroelectronics.X-CUBE-ST60.1.1.0
2025-10-16 18:17:37,944 [WARN] PackLoader:240 - Cannot read IP mode file for emotas.I-CUBE-CANOPEN.1.3.0
2025-10-16 18:17:37,971 [WARN] PackLoader:240 - Cannot read IP mode file for STMicroelectronics.X-CUBE-AI.10.0.0
2025-10-16 18:17:37,994 [ERROR] Engine:466 - C:\Users\thepd\.stm32cubemx\thirdparties\pdsc\STMicroelectronics.FP-SNS-STBOX1.2.1.0.pdsc: PDSC version is not supported
2025-10-16 18:17:38,020 [WARN] PackLoader:240 - Cannot read IP mode file for STMicroelectronics.FP-SNS-SMARTAG2.1.2.0
2025-10-16 18:17:38,027 [WARN] PackLoader:240 - Cannot read IP mode file for STMicroelectronics.FP-SNS-FLIGHT1.5.1.0
2025-10-16 18:17:38,114 [WARN] PackLoader:240 - Cannot read IP mode file for STMicroelectronics.X-CUBE-MEMS1.11.1.0
2025-10-16 18:17:38,548 [INFO] LogOutputStream:77 - [STDOUT_REDIRECT] 1 : Invalid condition id : UX_CORESTACK_Condition cause : null
2025-10-16 18:17:38,549 [INFO] LogOutputStream:77 - [STDOUT_REDIRECT] 1 : Invalid condition id : UX_CORESTACK_Condition cause : null
2025-10-16 18:17:38,551 [INFO] LogOutputStream:77 - [STDOUT_REDIRECT] 1 : Invalid condition id : UX_CORESTACK_Condition cause : null
2025-10-16 18:17:38,552 [INFO] LogOutputStream:77 - [STDOUT_REDIRECT] 1 : Invalid condition id : UX_CORESTACK_Condition cause : null
2025-10-16 18:17:38,554 [INFO] LogOutputStream:77 - [STDOUT_REDIRECT] 1 : Invalid condition id : UX_CORESTACK_Condition cause : null
2025-10-16 18:17:38,557 [WARN] PackLoader:240 - Cannot read IP mode file for STMicroelectronics.X-CUBE-AZRTOS-WL.2.0.0
2025-10-16 18:17:38,587 [WARN] PackLoader:240 - Cannot read IP mode file for STMicroelectronics.FP-SNS-MOTENV1.5.0.0
2025-10-16 18:17:38,595 [WARN] PackLoader:240 - Cannot read IP mode file for wolfSSL.I-CUBE-wolfMQTT.1.19.0
2025-10-16 18:17:38,626 [WARN] PackLoader:240 - Cannot read IP mode file for WES.I-CUBE-Cesium.1.3.0
2025-10-16 18:17:38,655 [WARN] PackLoader:240 - Cannot read IP mode file for STMicroelectronics.X-CUBE-BLE2.3.3.0
2025-10-16 18:17:38,683 [WARN] PackLoader:240 - Cannot read IP mode file for STMicroelectronics.X-CUBE-NFC9.1.0.0
2025-10-16 18:17:38,706 [WARN] PackLoader:240 - Cannot read IP mode file for STMicroelectronics.X-CUBE-BLE1.7.1.0
2025-10-16 18:17:38,729 [WARN] PackLoader:240 - Cannot read IP mode file for STMicroelectronics.X-CUBE-EEPRMA1.5.2.0
2025-10-16 18:17:38,732 [ERROR] Engine:466 - C:\Users\thepd\.stm32cubemx\thirdparties\pdsc\STMicroelectronics.X-CUBE-ST67W61.1.1.0.pdsc: PDSC version is not supported
2025-10-16 18:17:38,751 [WARN] PackLoader:240 - Cannot read IP mode file for STMicroelectronics.X-CUBE-AI.10.1.0
2025-10-16 18:17:38,809 [WARN] PackLoader:240 - Cannot read IP mode file for STMicroelectronics.X-CUBE-MEMS1.11.2.0
2025-10-16 18:17:38,973 [WARN] PackLoader:240 - Cannot read IP mode file for STMicroelectronics.X-CUBE-AZRTOS-G0.1.1.0
2025-10-16 18:17:39,004 [WARN] PackLoader:240 - Cannot read IP mode file for STMicroelectronics.X-CUBE-SAFEA1.1.2.2
2025-10-16 18:17:39,034 [WARN] PackLoader:240 - Cannot read IP mode file for STMicroelectronics.X-CUBE-NFC4.3.0.0
2025-10-16 18:17:39,083 [WARN] PackLoader:240 - Cannot read IP mode file for EmbeddedOffice.I-CUBE-FS-RTOS.1.0.1
2025-10-16 18:17:39,110 [WARN] PackLoader:240 - Cannot read IP mode file for STMicroelectronics.X-CUBE-WB05N.2.0.0
2025-10-16 18:17:39,142 [WARN] PackLoader:240 - Cannot read IP mode file for STMicroelectronics.X-CUBE-TCPP.4.2.0
2025-10-16 18:17:39,174 [WARN] PackLoader:240 - Cannot read IP mode file for RealThread.X-CUBE-RT-Thread_Nano.4.1.1
2025-10-16 18:17:39,184 [WARN] PackLoader:240 - Cannot read IP mode file for STMicroelectronics.FP-ATR-SIGFOX1.3.2.0
2025-10-16 18:17:39,192 [WARN] ConditionMgr:438 - getConditionDescription Invalid condition id : Cortex-A Device cause : null
2025-10-16 18:17:39,226 [WARN] ConditionMgr:1044 - genDependencies : Invalid condition id : Cortex-A Device cause : null
2025-10-16 18:17:39,227 [WARN] ConditionMgr:1044 - genDependencies : Invalid condition id : Cortex-A Device cause : null
2025-10-16 18:17:39,227 [WARN] ConditionMgr:1044 - genDependencies : Invalid condition id : Cortex-A Device cause : null
2025-10-16 18:17:39,250 [WARN] PackLoader:240 - Cannot read IP mode file for STMicroelectronics.X-CUBE-EEPRMA1.5.1.0
2025-10-16 18:17:39,275 [WARN] PackLoader:240 - Cannot read IP mode file for wolfSSL.I-CUBE-wolfSSL.5.7.6
2025-10-16 18:17:39,299 [WARN] PackLoader:240 - Cannot read IP mode file for ITTIA_DB.I-CUBE-ITTIADB.8.9.0
2025-10-16 18:17:39,327 [WARN] PackLoader:240 - Cannot read IP mode file for STMicroelectronics.X-CUBE-ST67W61.1.0.0
2025-10-16 18:17:39,352 [WARN] PackLoader:240 - Cannot read IP mode file for STMicroelectronics.X-CUBE-AI.10.2.0
2025-10-16 18:17:39,402 [WARN] PackLoader:240 - Cannot read IP mode file for SEGGER.I-CUBE-embOS.1.3.1
2025-10-16 18:17:39,461 [WARN] PackLoader:240 - Cannot read IP mode file for STMicroelectronics.X-CUBE-ALGOBUILD.1.4.0
2025-10-16 18:17:39,531 [WARN] PackLoader:240 - Cannot read IP mode file for STMicroelectronics.X-CUBE-MEMS1.11.3.0
2025-10-16 18:17:39,670 [WARN] PackLoader:240 - Cannot read IP mode file for STMicroelectronics.X-CUBE-PM33A1.1.0.0
2025-10-16 18:17:39,713 [WARN] PackLoader:240 - Cannot read IP mode file for STMicroelectronics.X-CUBE-AZRTOS-F4.1.1.0
2025-10-16 18:17:39,743 [WARN] PackLoader:240 - Cannot read IP mode file for Avnet-IotConnect.X-CUBE-IoTC-DA16k-PMOD.1.0.0
2025-10-16 18:17:39,768 [WARN] PackLoader:240 - Cannot read IP mode file for STMicroelectronics.X-CUBE-ISPU.2.1.0
2025-10-16 18:17:39,774 [ERROR] Engine:466 - C:\Users\thepd\.stm32cubemx\thirdparties\pdsc\STMicroelectronics.X-CUBE-IPS.3.2.0.pdsc: PDSC version is not supported
2025-10-16 18:17:39,799 [WARN] PackLoader:240 - Cannot read IP mode file for STMicroelectronics.X-CUBE-NFC12.1.0.0
2025-10-16 18:17:39,846 [WARN] PackLoader:240 - Cannot read IP mode file for STMicroelectronics.X-CUBE-AZRTOS-L5.2.0.0
2025-10-16 18:17:39,878 [WARN] PackLoader:240 - Cannot read IP mode file for STMicroelectronics.X-CUBE-NFC6.3.1.0
2025-10-16 18:17:39,908 [WARN] PackLoader:240 - Cannot read IP mode file for STMicroelectronics.X-CUBE-DPower.1.2.0
2025-10-16 18:17:39,932 [WARN] PackLoader:240 - Cannot read IP mode file for STMicroelectronics.X-CUBE-FREERTOS.1.3.1
2025-10-16 18:17:39,956 [WARN] PackLoader:240 - Cannot read IP mode file for STMicroelectronics.X-CUBE-FREERTOS.1.3.0
2025-10-16 18:17:39,981 [WARN] PackLoader:240 - Cannot read IP mode file for STMicroelectronics.X-CUBE-NFC7.1.0.1
2025-10-16 18:17:40,009 [WARN] PackLoader:240 - Cannot read IP mode file for STMicroelectronics.X-CUBE-TOUCHGFX.4.26.0
2025-10-16 18:17:40,048 [WARN] PackLoader:240 - Cannot read IP mode file for STMicroelectronics.FP-SNS-STAIOTCFT.1.0.0
2025-10-16 18:17:40,073 [WARN] PackLoader:240 - Cannot read IP mode file for STMicroelectronics.X-CUBE-DPower.1.3.0
2025-10-16 18:17:40,123 [WARN] ConditionMgr:438 - getConditionDescription Invalid condition id : LAN8742 Phy interface Condition cause : null
2025-10-16 18:17:40,124 [WARN] PackLoader:240 - Cannot read IP mode file for STMicroelectronics.X-CUBE-AZRTOS-L4.2.0.0
2025-10-16 18:17:40,126 [WARN] ConditionMgr:1044 - genDependencies : Invalid condition id : LAN8742 Phy interface Condition cause : null
2025-10-16 18:17:40,126 [WARN] ConditionMgr:1044 - genDependencies : Invalid condition id : LAN8742 Phy interface Condition cause : null
2025-10-16 18:17:40,127 [WARN] ConditionMgr:1044 - genDependencies : Invalid condition id : LAN8742 Phy interface Condition cause : null
2025-10-16 18:17:40,154 [WARN] PackLoader:240 - Cannot read IP mode file for STMicroelectronics.X-CUBE-SFXS2LP1.4.0.0
2025-10-16 18:17:40,201 [WARN] PackLoader:240 - Cannot read IP mode file for STMicroelectronics.X-CUBE-AZRTOS-H7.3.3.0
2025-10-16 18:17:40,229 [WARN] PackLoader:240 - Cannot read IP mode file for STMicroelectronics.X-CUBE-BLEMGR.4.1.0
2025-10-16 18:17:40,271 [WARN] ConditionMgr:438 - getConditionDescription Invalid condition id : UX DEVICE CLASS RTOS Condition cause : null
2025-10-16 18:17:40,271 [WARN] ConditionMgr:438 - getConditionDescription Invalid condition id : UX DEVICE CLASS RTOS Condition cause : null
2025-10-16 18:17:40,273 [WARN] PackLoader:240 - Cannot read IP mode file for STMicroelectronics.X-CUBE-AZRTOS-WB.2.0.0
2025-10-16 18:17:40,274 [WARN] ConditionMgr:1044 - genDependencies : Invalid condition id : UX DEVICE CLASS RTOS Condition cause : null
2025-10-16 18:17:40,275 [WARN] ConditionMgr:1044 - genDependencies : Invalid condition id : UX DEVICE CLASS RTOS Condition cause : null
2025-10-16 18:17:40,275 [WARN] ConditionMgr:1044 - genDependencies : Invalid condition id : UX DEVICE CLASS RTOS Condition cause : null
2025-10-16 18:17:40,275 [WARN] ConditionMgr:1044 - genDependencies : Invalid condition id : UX DEVICE CLASS RTOS Condition cause : null
2025-10-16 18:17:40,276 [WARN] ConditionMgr:1044 - genDependencies : Invalid condition id : UX DEVICE CLASS RTOS Condition cause : null
2025-10-16 18:17:40,304 [WARN] PackLoader:240 - Cannot read IP mode file for STMicroelectronics.X-CUBE-GNSS1.7.0.1
2025-10-16 18:17:40,328 [WARN] PackLoader:240 - Cannot read IP mode file for STMicroelectronics.X-CUBE-TOUCHGFX.4.25.0
2025-10-16 18:17:40,351 [WARN] PackLoader:240 - Cannot read IP mode file for STMicroelectronics.FP-SNS-STBOX1.2.0.0
2025-10-16 18:17:40,383 [WARN] PackLoader:240 - Cannot read IP mode file for STMicroelectronics.X-CUBE-SUBG2.5.0.0
2025-10-16 18:17:40,428 [WARN] PackLoader:240 - Cannot read IP mode file for STMicroelectronics.X-CUBE-AZRTOS-H7RS.1.1.0
2025-10-16 18:17:40,440 [WARN] PackLoader:240 - Cannot read IP mode file for Cesanta.I-CUBE-Mongoose.7.13.0
2025-10-16 18:17:40,478 [WARN] PackLoader:240 - Cannot read IP mode file for STMicroelectronics.X-CUBE-AZRTOS-G4.2.0.0
2025-10-16 18:17:40,501 [WARN] PackLoader:240 - Cannot read IP mode file for STMicroelectronics.X-CUBE-NFC7.2.0.0
2025-10-16 18:17:40,529 [WARN] PackLoader:240 - Cannot read IP mode file for STMicroelectronics.X-CUBE-IPS.3.1.0
2025-10-16 18:17:40,553 [WARN] PackLoader:240 - Cannot read IP mode file for STMicroelectronics.X-CUBE-ALS.1.0.2
2025-10-16 18:17:40,572 [WARN] PackLoader:240 - Cannot read IP mode file for STMicroelectronics.X-CUBE-TOUCHGFX.4.24.2
2025-10-16 18:17:40,590 [WARN] PackLoader:240 - Cannot read IP mode file for STMicroelectronics.X-CUBE-STSE01.1.0.0
2025-10-16 18:17:40,595 [WARN] PackLoader:240 - Cannot read IP mode file for wolfSSL.I-CUBE-wolfTPM.3.4.0
2025-10-16 18:17:40,614 [WARN] PackLoader:240 - Cannot read IP mode file for portGmbH.I-Cube-SoM-uGOAL.1.1.0
2025-10-16 18:17:40,642 [WARN] PackLoader:240 - Cannot read IP mode file for STMicroelectronics.X-CUBE-AZRTOS-H7RS.1.0.0
2025-10-16 18:17:40,665 [WARN] PackLoader:240 - Cannot read IP mode file for STMicroelectronics.X-CUBE-TOF1.3.4.2
2025-10-16 18:17:40,699 [WARN] PackLoader:240 - Cannot read IP mode file for STMicroelectronics.X-CUBE-TOF1.3.4.3
2025-10-16 18:17:40,714 [WARN] PackLoader:240 - Cannot read IP mode file for wolfSSL.I-CUBE-wolfSSH.1.4.17
2025-10-16 18:17:40,715 [INFO] ThirdParty:978 - Integrity check success = true
2025-10-16 18:17:40,715 [INFO] IntegrityCheckThread:100 - exiting critical section [integrity check]
2025-10-16 18:17:40,715 [INFO] IntegrityCheckThread:103 - End integrity checks thread
2025-10-16 19:12:04,639 [ERROR] LogOutputStream:75 - [STDERR_REDIRECT] 
