2025-07-03 16:30:04,351 [INFO] Activator:176 - 


2025-07-03 16:30:04,357 [INFO] Activator:177 - !SESSION log4j initialized
2025-07-03 16:30:10,983 [INFO] LogOutputStream:77 - [STDOUT_REDIRECT] 
2025-07-03 16:30:12,391 [INFO] ApplicationProperties:184 - Using Application install path: C:\ST\STM32CubeIDE_1.17.0\STM32CubeIDE\plugins\com.st.stm32cube.common.mx_6.13.0.202411220809
2025-07-03 16:30:12,435 [INFO] DbMcusXml:78 - Set database path to: C:\ST\STM32CubeIDE_1.17.0\STM32CubeIDE\plugins\com.st.stm32cube.common.mx_6.13.0.202411220809\\db\/mcu/
2025-07-03 16:30:12,436 [INFO] ApiDb:274 - Set plugin database path to: C:\ST\STM32CubeIDE_1.17.0\STM32CubeIDE\plugins\com.st.stm32cube.common.mx_6.13.0.202411220809\\db\/plugins/boardmanager/
2025-07-03 16:30:12,437 [WARN] ApiDb:259 - Overriding images path with different value:  => C:\ST\STM32CubeIDE_1.17.0\STM32CubeIDE\plugins\com.st.stm32cube.common.mx_6.13.0.202411220809\\db\/plugins/mcufinder/images/
2025-07-03 16:30:12,450 [INFO] ApiDb:250 - Set database path to: C:\Users\thepd\.stmcufinder\plugins\mcufinder//mcu/
2025-07-03 16:30:12,453 [INFO] DbMcusAds:125 - Set database path to: C:\Users\thepd\.stmcufinder\plugins\mcufinder//mcu/
2025-07-03 16:30:12,457 [INFO] CrossReferenceDbSqlite:203 - Set database path to: C:\Users\thepd\.stmcufinder\plugins\mcufinder//mcu/cs/
2025-07-03 16:30:12,630 [INFO] RulesReader:64 - Compatibility file has been processed (297 Rules)
2025-07-03 16:30:12,742 [INFO] DbMcusXml:78 - Set database path to: C:\ST\STM32CubeIDE_1.17.0\STM32CubeIDE\plugins\com.st.stm32cube.common.mx_6.13.0.202411220809\\db\/mcu/
2025-07-03 16:30:12,742 [INFO] ApiDb:274 - Set plugin database path to: C:\ST\STM32CubeIDE_1.17.0\STM32CubeIDE\plugins\com.st.stm32cube.common.mx_6.13.0.202411220809\\db\/plugins/boardmanager/
2025-07-03 16:30:12,742 [INFO] ApiDb:261 - Set plugin images path to: C:\ST\STM32CubeIDE_1.17.0\STM32CubeIDE\plugins\com.st.stm32cube.common.mx_6.13.0.202411220809\\db\/plugins/mcufinder/images/
2025-07-03 16:30:12,743 [WARN] DbFile:41 - Overriding database path with different value: C:\Users\thepd\.stmcufinder\plugins\mcufinder/ => C:\Users\thepd\.stmcufinder\plugins\mcufinder
2025-07-03 16:30:12,743 [INFO] ApiDb:250 - Set database path to: C:\Users\thepd\.stmcufinder\plugins\mcufinder//mcu/
2025-07-03 16:30:12,743 [WARN] DbFile:41 - Overriding database path with different value: C:\Users\thepd\.stmcufinder\plugins\mcufinder/ => C:\Users\thepd\.stmcufinder\plugins\mcufinder
2025-07-03 16:30:12,743 [INFO] DbMcusAds:125 - Set database path to: C:\Users\thepd\.stmcufinder\plugins\mcufinder//mcu/
2025-07-03 16:30:12,743 [WARN] DbFile:41 - Overriding database path with different value: C:\Users\thepd\.stmcufinder\plugins\mcufinder/ => C:\Users\thepd\.stmcufinder\plugins\mcufinder
2025-07-03 16:30:12,743 [WARN] DbFile:41 - Overriding database path with different value: C:\Users\thepd\.stmcufinder\plugins\mcufinder/ => C:\Users\thepd\.stmcufinder\plugins\mcufinder
2025-07-03 16:30:12,743 [INFO] CrossReferenceDbSqlite:203 - Set database path to: C:\Users\thepd\.stmcufinder\plugins\mcufinder//mcu/cs/
2025-07-03 16:30:12,857 [INFO] MainPanel:272 - HeapMemory: 268435456
2025-07-03 16:30:13,041 [INFO] DbMcusXml:78 - Set database path to: C:\ST\STM32CubeIDE_1.17.0\STM32CubeIDE\plugins\com.st.stm32cube.common.mx_6.13.0.202411220809\\db\/mcu/
2025-07-03 16:30:13,042 [INFO] ApiDb:274 - Set plugin database path to: C:\ST\STM32CubeIDE_1.17.0\STM32CubeIDE\plugins\com.st.stm32cube.common.mx_6.13.0.202411220809\\db\/plugins/boardmanager/
2025-07-03 16:30:13,042 [INFO] ApiDb:261 - Set plugin images path to: C:\ST\STM32CubeIDE_1.17.0\STM32CubeIDE\plugins\com.st.stm32cube.common.mx_6.13.0.202411220809\\db\/plugins/mcufinder/images/
2025-07-03 16:30:13,043 [WARN] DbFile:41 - Overriding database path with different value: C:\Users\thepd\.stmcufinder\plugins\mcufinder/ => C:\Users\thepd\.stmcufinder\plugins\mcufinder
2025-07-03 16:30:13,043 [INFO] ApiDb:250 - Set database path to: C:\Users\thepd\.stmcufinder\plugins\mcufinder//mcu/
2025-07-03 16:30:13,043 [WARN] DbFile:41 - Overriding database path with different value: C:\Users\thepd\.stmcufinder\plugins\mcufinder/ => C:\Users\thepd\.stmcufinder\plugins\mcufinder
2025-07-03 16:30:13,044 [INFO] DbMcusAds:125 - Set database path to: C:\Users\thepd\.stmcufinder\plugins\mcufinder//mcu/
2025-07-03 16:30:13,044 [WARN] DbFile:41 - Overriding database path with different value: C:\Users\thepd\.stmcufinder\plugins\mcufinder/ => C:\Users\thepd\.stmcufinder\plugins\mcufinder
2025-07-03 16:30:13,044 [WARN] DbFile:41 - Overriding database path with different value: C:\Users\thepd\.stmcufinder\plugins\mcufinder/ => C:\Users\thepd\.stmcufinder\plugins\mcufinder
2025-07-03 16:30:13,044 [INFO] CrossReferenceDbSqlite:203 - Set database path to: C:\Users\thepd\.stmcufinder\plugins\mcufinder//mcu/cs/
2025-07-03 16:30:13,071 [INFO] ApplicationProperties:184 - Using Application install path: C:\ST\STM32CubeIDE_1.17.0\STM32CubeIDE\plugins\com.st.stm32cube.common.mx_6.13.0.202411220809
2025-07-03 16:30:13,073 [INFO] PluginManage:196 - Search for loadable plugins [exclusion list=, ]
2025-07-03 16:30:13,076 [INFO] PluginManage:310 - Check plugin analytics
2025-07-03 16:30:13,381 [INFO] AnalyticsPlugin:253 - Accepted Software Licenses: STM32CubeMX.6.4.0,STM32CubeMX.6.14.0
2025-07-03 16:30:13,382 [INFO] AnalyticsPlugin:255 - Accepted CMSIS Pack Licenses: 
2025-07-03 16:30:13,382 [INFO] AnalyticsPlugin:257 - Accepted Firmware Licenses: FW.G4.1.6.0,FW.G4.1.5.0,FW.F4.1.28.0
2025-07-03 16:30:13,387 [INFO] PluginManage:359 - Loaded plugin analytics (category:tool,tabindex:-1)
2025-07-03 16:30:13,387 [INFO] PluginManage:310 - Check plugin cadmodel
2025-07-03 16:30:13,400 [INFO] CADModel:105 - Init CAD model plugin
2025-07-03 16:30:13,400 [INFO] PluginManage:359 - Loaded plugin cadmodel (category:power,tabindex:5)
2025-07-03 16:30:13,400 [INFO] PluginManage:310 - Check plugin clock
2025-07-03 16:30:13,417 [INFO] PluginManage:359 - Loaded plugin clock (category:base,tabindex:2)
2025-07-03 16:30:13,417 [INFO] PluginManage:310 - Check plugin ddr
2025-07-03 16:30:13,421 [INFO] PluginManage:359 - Loaded plugin ddr (category:tool,tabindex:6)
2025-07-03 16:30:13,422 [INFO] PluginManage:310 - Check plugin filemanager
2025-07-03 16:30:13,622 [INFO] PluginManage:359 - Loaded plugin filemanager (category:base,tabindex:10)
2025-07-03 16:30:13,622 [INFO] PluginManage:310 - Check plugin ipmanager
2025-07-03 16:30:13,632 [INFO] PluginManage:359 - Loaded plugin ipmanager (category:base,tabindex:5)
2025-07-03 16:30:13,632 [INFO] PluginManage:310 - Check plugin lpbam
2025-07-03 16:30:13,642 [INFO] PluginManage:359 - Loaded plugin lpbam (category:base,tabindex:0)
2025-07-03 16:30:13,643 [INFO] PluginManage:310 - Check plugin memorymap
2025-07-03 16:30:13,662 [INFO] PluginManage:359 - Loaded plugin memorymap (category:base,tabindex:4)
2025-07-03 16:30:13,662 [INFO] PluginManage:310 - Check plugin pinoutandconfiguration
2025-07-03 16:30:13,677 [INFO] PluginManage:359 - Loaded plugin pinoutandconfiguration (category:base,tabindex:1)
2025-07-03 16:30:13,678 [INFO] PluginManage:310 - Check plugin pinoutconfig
2025-07-03 16:30:13,799 [WARN] SupportedApi:132 - Cannot load RTOS API schema: s4s-elt-must-match.1: The content of 'definitions' must match (annotation?, (simpleType | complexType)?, (unique | key | keyref)*)). A problem was found starting at: attribute.
2025-07-03 16:30:13,977 [INFO] PluginManage:359 - Loaded plugin pinoutconfig (category:base,tabindex:0)
2025-07-03 16:30:13,978 [INFO] PluginManage:310 - Check plugin power
2025-07-03 16:30:13,991 [INFO] PluginManage:359 - Loaded plugin power (category:power,tabindex:4)
2025-07-03 16:30:13,991 [INFO] PluginManage:310 - Check plugin projectmanager
2025-07-03 16:30:14,008 [INFO] PluginManage:359 - Loaded plugin projectmanager (category:projectmanager,tabindex:4)
2025-07-03 16:30:14,008 [INFO] PluginManage:310 - Check plugin rif
2025-07-03 16:30:14,018 [INFO] PluginManage:359 - Loaded plugin rif (category:base,tabindex:3)
2025-07-03 16:30:14,019 [INFO] PluginManage:310 - Check plugin thirdparty
2025-07-03 16:30:14,223 [WARN] IntegrityCheckThread:84 - waiting for thirdparty lock release [integrity check]
2025-07-03 16:30:14,224 [INFO] PluginManage:359 - Loaded plugin thirdparty (category:base,tabindex:-1)
2025-07-03 16:30:14,224 [INFO] IntegrityCheckThread:86 - entering critical section [integrity check]
2025-07-03 16:30:14,224 [INFO] PluginManage:310 - Check plugin tools
2025-07-03 16:30:14,224 [INFO] ThirdPartyUpdaterWithRetryManager:70 - Updater plugin not ready yet. [1/15]
2025-07-03 16:30:14,229 [INFO] PluginManage:359 - Loaded plugin tools (category:base,tabindex:7)
2025-07-03 16:30:14,230 [INFO] PluginManage:310 - Check plugin tutovideos
2025-07-03 16:30:14,488 [INFO] PluginManage:359 - Loaded plugin tutovideos (category:base,tabindex:-1)
2025-07-03 16:30:14,488 [INFO] PluginManage:310 - Check plugin updater
2025-07-03 16:30:14,526 [INFO] PluginManage:359 - Loaded plugin updater (category:base,tabindex:12)
2025-07-03 16:30:14,526 [INFO] PluginManage:310 - Check plugin userauth
2025-07-03 16:30:14,534 [INFO] UserAuth:118 - Init User Auth plugin
2025-07-03 16:30:14,536 [INFO] PluginManage:359 - Loaded plugin userauth (category:base,tabindex:14)
2025-07-03 16:30:14,537 [INFO] PluginManage:283 - PluginManage : Loaded plugins [18]
2025-07-03 16:30:14,892 [INFO] PinOutPanel:1589 - setPackage(No Configuration,No Configuration)
2025-07-03 16:30:15,064 [INFO] CADModel:165 - CPN selected for project level
2025-07-03 16:30:15,064 [INFO] CADModel:114 - Register for checkConnection events
2025-07-03 16:30:15,095 [INFO] IPUIPlugin:80 - create IPUIPlugin
2025-07-03 16:30:15,095 [INFO] PluginManager:220 - loadIPPluginJar : add adc
2025-07-03 16:30:15,168 [INFO] IPUIPlugin:80 - create IPUIPlugin
2025-07-03 16:30:15,168 [INFO] PluginManager:220 - loadIPPluginJar : add aes
2025-07-03 16:30:15,237 [INFO] IPUIPlugin:80 - create IPUIPlugin
2025-07-03 16:30:15,237 [INFO] PluginManager:220 - loadIPPluginJar : add can
2025-07-03 16:30:15,241 [INFO] IPUIPlugin:80 - create IPUIPlugin
2025-07-03 16:30:15,241 [INFO] PluginManager:220 - loadIPPluginJar : add comp
2025-07-03 16:30:15,307 [INFO] IPUIPlugin:80 - create IPUIPlugin
2025-07-03 16:30:15,307 [INFO] PluginManager:220 - loadIPPluginJar : add cryp
2025-07-03 16:30:15,313 [INFO] IPUIPlugin:80 - create IPUIPlugin
2025-07-03 16:30:15,313 [INFO] PluginManager:220 - loadIPPluginJar : add ddr_ctrl_phy
2025-07-03 16:30:15,365 [INFO] IPUIPlugin:80 - create IPUIPlugin
2025-07-03 16:30:15,365 [INFO] PluginManager:220 - loadIPPluginJar : add dfsdm
2025-07-03 16:30:15,372 [INFO] IPUIPlugin:80 - create IPUIPlugin
2025-07-03 16:30:15,372 [INFO] PluginManager:220 - loadIPPluginJar : add dma
2025-07-03 16:30:15,435 [INFO] IPUIPlugin:80 - create IPUIPlugin
2025-07-03 16:30:15,435 [INFO] PluginManager:220 - loadIPPluginJar : add dma3
2025-07-03 16:30:15,515 [INFO] IPUIPlugin:80 - create IPUIPlugin
2025-07-03 16:30:15,515 [INFO] PluginManager:220 - loadIPPluginJar : add extmemmanager
2025-07-03 16:30:15,562 [INFO] IPUIPlugin:80 - create IPUIPlugin
2025-07-03 16:30:15,562 [INFO] PluginManager:220 - loadIPPluginJar : add fatfs
2025-07-03 16:30:15,664 [INFO] IPUIPlugin:80 - create IPUIPlugin
2025-07-03 16:30:15,665 [INFO] PluginManager:220 - loadIPPluginJar : add fmc
2025-07-03 16:30:15,673 [INFO] IPUIPlugin:80 - create IPUIPlugin
2025-07-03 16:30:15,673 [INFO] PluginManager:220 - loadIPPluginJar : add freertos
2025-07-03 16:30:15,677 [INFO] IPUIPlugin:80 - create IPUIPlugin
2025-07-03 16:30:15,677 [INFO] PluginManager:220 - loadIPPluginJar : add genericplugin
2025-07-03 16:30:15,866 [INFO] IPUIPlugin:80 - create IPUIPlugin
2025-07-03 16:30:15,866 [INFO] PluginManager:220 - loadIPPluginJar : add gfxmmu
2025-07-03 16:30:16,167 [INFO] IPUIPlugin:80 - create IPUIPlugin
2025-07-03 16:30:16,167 [INFO] PluginManager:220 - loadIPPluginJar : add gic
2025-07-03 16:30:16,174 [INFO] IPUIPlugin:80 - create IPUIPlugin
2025-07-03 16:30:16,174 [INFO] PluginManager:220 - loadIPPluginJar : add gpio
2025-07-03 16:30:16,353 [INFO] IPUIPlugin:80 - create IPUIPlugin
2025-07-03 16:30:16,353 [INFO] PluginManager:220 - loadIPPluginJar : add gtzc
2025-07-03 16:30:16,360 [INFO] IPUIPlugin:80 - create IPUIPlugin
2025-07-03 16:30:16,360 [INFO] PluginManager:220 - loadIPPluginJar : add hash
2025-07-03 16:30:16,487 [INFO] IPUIPlugin:80 - create IPUIPlugin
2025-07-03 16:30:16,487 [INFO] PluginManager:220 - loadIPPluginJar : add i2c
2025-07-03 16:30:16,570 [INFO] IPUIPlugin:80 - create IPUIPlugin
2025-07-03 16:30:16,571 [INFO] PluginManager:220 - loadIPPluginJar : add i2s
2025-07-03 16:30:16,661 [INFO] IPUIPlugin:80 - create IPUIPlugin
2025-07-03 16:30:16,661 [INFO] PluginManager:220 - loadIPPluginJar : add i3c
2025-07-03 16:30:16,885 [INFO] IPUIPlugin:80 - create IPUIPlugin
2025-07-03 16:30:16,885 [INFO] PluginManager:220 - loadIPPluginJar : add ipddr
2025-07-03 16:30:17,081 [INFO] IPUIPlugin:80 - create IPUIPlugin
2025-07-03 16:30:17,082 [INFO] PluginManager:220 - loadIPPluginJar : add linkedlist
2025-07-03 16:30:17,168 [INFO] IPUIPlugin:80 - create IPUIPlugin
2025-07-03 16:30:17,168 [INFO] PluginManager:220 - loadIPPluginJar : add lorawan
2025-07-03 16:30:17,225 [INFO] ThirdPartyUpdaterWithRetryManager:70 - Updater plugin not ready yet. [2/15]
2025-07-03 16:30:17,252 [INFO] IPUIPlugin:80 - create IPUIPlugin
2025-07-03 16:30:17,252 [INFO] PluginManager:220 - loadIPPluginJar : add ltdc
2025-07-03 16:30:17,262 [INFO] IPUIPlugin:80 - create IPUIPlugin
2025-07-03 16:30:17,262 [INFO] PluginManager:220 - loadIPPluginJar : add mdma
2025-07-03 16:30:17,269 [INFO] IPUIPlugin:80 - create IPUIPlugin
2025-07-03 16:30:17,270 [INFO] PluginManager:220 - loadIPPluginJar : add nvic
2025-07-03 16:30:17,365 [INFO] IPUIPlugin:80 - create IPUIPlugin
2025-07-03 16:30:17,365 [INFO] PluginManager:220 - loadIPPluginJar : add opamp
2025-07-03 16:30:17,504 [INFO] IPUIPlugin:80 - create IPUIPlugin
2025-07-03 16:30:17,504 [INFO] PluginManager:220 - loadIPPluginJar : add openamp
2025-07-03 16:30:17,590 [INFO] IPUIPlugin:80 - create IPUIPlugin
2025-07-03 16:30:17,590 [INFO] PluginManager:220 - loadIPPluginJar : add pdm2pcm
2025-07-03 16:30:17,599 [INFO] IPUIPlugin:80 - create IPUIPlugin
2025-07-03 16:30:17,603 [INFO] PluginManager:220 - loadIPPluginJar : add plateformsettings
2025-07-03 16:30:17,652 [INFO] IPUIPlugin:80 - create IPUIPlugin
2025-07-03 16:30:17,653 [INFO] PluginManager:220 - loadIPPluginJar : add quadspi
2025-07-03 16:30:17,706 [INFO] IPUIPlugin:80 - create IPUIPlugin
2025-07-03 16:30:17,707 [INFO] PluginManager:220 - loadIPPluginJar : add radio
2025-07-03 16:30:17,713 [INFO] IPUIPlugin:80 - create IPUIPlugin
2025-07-03 16:30:17,713 [INFO] PluginManager:220 - loadIPPluginJar : add resmgrutility
2025-07-03 16:30:17,798 [INFO] IPUIPlugin:80 - create IPUIPlugin
2025-07-03 16:30:17,798 [INFO] PluginManager:220 - loadIPPluginJar : add sai
2025-07-03 16:30:17,883 [INFO] IPUIPlugin:80 - create IPUIPlugin
2025-07-03 16:30:17,883 [INFO] PluginManager:220 - loadIPPluginJar : add spi
2025-07-03 16:30:18,023 [INFO] IPUIPlugin:80 - create IPUIPlugin
2025-07-03 16:30:18,024 [INFO] PluginManager:220 - loadIPPluginJar : add stm32_wpan
2025-07-03 16:30:18,082 [INFO] IPUIPlugin:80 - create IPUIPlugin
2025-07-03 16:30:18,082 [INFO] PluginManager:220 - loadIPPluginJar : add tim
2025-07-03 16:30:18,202 [INFO] IPUIPlugin:80 - create IPUIPlugin
2025-07-03 16:30:18,203 [INFO] PluginManager:220 - loadIPPluginJar : add touchsensing
2025-07-03 16:30:18,207 [INFO] IPUIPlugin:80 - create IPUIPlugin
2025-07-03 16:30:18,207 [INFO] PluginManager:220 - loadIPPluginJar : add tracer_emb
2025-07-03 16:30:18,212 [INFO] IPUIPlugin:80 - create IPUIPlugin
2025-07-03 16:30:18,212 [INFO] PluginManager:220 - loadIPPluginJar : add ts
2025-07-03 16:30:18,217 [INFO] IPUIPlugin:80 - create IPUIPlugin
2025-07-03 16:30:18,218 [INFO] PluginManager:220 - loadIPPluginJar : add tsc
2025-07-03 16:30:18,221 [INFO] IPUIPlugin:80 - create IPUIPlugin
2025-07-03 16:30:18,222 [INFO] PluginManager:220 - loadIPPluginJar : add ucpd
2025-07-03 16:30:18,322 [INFO] IPUIPlugin:80 - create IPUIPlugin
2025-07-03 16:30:18,323 [INFO] PluginManager:220 - loadIPPluginJar : add usart
2025-07-03 16:30:18,415 [INFO] IPUIPlugin:80 - create IPUIPlugin
2025-07-03 16:30:18,416 [INFO] PluginManager:220 - loadIPPluginJar : add usbx
2025-07-03 16:30:18,561 [FATAL] Updater:351 - Updater called before beeing initialized
2025-07-03 16:30:18,601 [INFO] RulesReader:64 - Compatibility file has been processed (297 Rules)
2025-07-03 16:30:18,617 [INFO] RulesReader:64 - Compatibility file has been processed (297 Rules)
2025-07-03 16:30:18,628 [INFO] CADModel:165 - CPN selected for project level
2025-07-03 16:30:18,628 [INFO] CADModel:114 - Register for checkConnection events
2025-07-03 16:30:18,629 [FATAL] Updater:351 - Updater called before beeing initialized
2025-07-03 16:30:18,629 [ERROR] CADModel:125 - Updater not yet initialized, retry later 
2025-07-03 16:30:18,854 [FATAL] Updater:351 - Updater called before beeing initialized
2025-07-03 16:30:18,858 [INFO] CADModel:165 - CPN selected for project level
2025-07-03 16:30:18,858 [INFO] CADModel:114 - Register for checkConnection events
2025-07-03 16:30:18,858 [FATAL] Updater:351 - Updater called before beeing initialized
2025-07-03 16:30:18,858 [ERROR] CADModel:125 - Updater not yet initialized, retry later 
2025-07-03 16:30:18,864 [FATAL] Updater:351 - Updater called before beeing initialized
2025-07-03 16:30:19,030 [FATAL] Updater:351 - Updater called before beeing initialized
2025-07-03 16:30:19,037 [INFO] DbMcusAds:53 - JSON generation date=Thu Mar 06 15:54:21 GMT+01:00 2025 (1741272861825)
2025-07-03 16:30:19,037 [FATAL] Updater:351 - Updater called before beeing initialized
2025-07-03 16:30:19,095 [WARN] DetailPanel:346 - Failed to get advertising image, set to default
2025-07-03 16:30:19,393 [FATAL] Updater:351 - Updater called before beeing initialized
2025-07-03 16:30:19,396 [FATAL] Updater:351 - Updater called before beeing initialized
2025-07-03 16:30:19,396 [FATAL] Updater:351 - Updater called before beeing initialized
2025-07-03 16:30:19,396 [WARN] DetailPanel:346 - Failed to get advertising image, set to default
2025-07-03 16:30:19,398 [FATAL] Updater:351 - Updater called before beeing initialized
2025-07-03 16:30:19,463 [ERROR] Updater:1198 - MainUpdater not yet initialized. External WinMGr cannot be set.
2025-07-03 16:30:19,467 [INFO] Updater:1134 - Updater Version found : 6.13.0
2025-07-03 16:30:19,498 [INFO] ApplicationProperties:184 - Using Application install path: C:\ST\STM32CubeIDE_1.17.0\STM32CubeIDE\plugins\com.st.stm32cube.common.mx_6.13.0.202411220809
2025-07-03 16:30:20,226 [INFO] ThirdPartyUpdaterWithRetryManager:70 - Updater plugin not ready yet. [3/15]
2025-07-03 16:30:20,459 [INFO] MainUpdater:2872 - connection check result : 10
2025-07-03 16:30:20,461 [INFO] MainUpdater:289 - Updater Check For Update Now.
2025-07-03 16:30:20,461 [INFO] MicroXplorer:498 - Change Database Version : DB.6.0.130
2025-07-03 16:30:20,474 [INFO] McuFinderGlobals:63 - Set McuFinder mode to 2 (CubeIDE integrated)
2025-07-03 16:30:20,478 [INFO] UserAuth:486 - Internet connection configuration mode: 1
2025-07-03 16:30:20,521 [INFO] JxBrowserEngine:152 - Initiate JxBrowser Engine with user profile folder
2025-07-03 16:30:20,692 [INFO] CheckServerUpdateThread:120 - End of CheckServer Thread
2025-07-03 16:30:21,754 [INFO] WebApp:168 - Instantiating new browser for Auth
2025-07-03 16:30:22,845 [INFO] WebApp:449 - Apply proxy settings
2025-07-03 16:30:22,845 [INFO] WebApp:534 - Chromium requires no authentication
2025-07-03 16:30:22,862 [INFO] WebApp:477 - Direct internet connection detected
2025-07-03 16:30:22,905 [INFO] WebApp:880 - Register for checkConnection events
2025-07-03 16:30:22,906 [INFO] WebApp:449 - Apply proxy settings
2025-07-03 16:30:22,906 [INFO] WebApp:534 - Chromium requires no authentication
2025-07-03 16:30:22,907 [INFO] WebApp:477 - Direct internet connection detected
2025-07-03 16:30:23,161 [INFO] WebApp:187 - Connection restablished
2025-07-03 16:30:23,245 [INFO] WebApp:221 - Starting web application
2025-07-03 16:30:23,246 [INFO] WebApp:579 - Web application path used C:\ST\STM32CubeIDE_1.17.0\STM32CubeIDE\plugins\com.st.stm32cube.common.mx_6.13.0.202411220809\db\plugins\mcufinder\reactClient1\index.html
2025-07-03 16:30:23,430 [INFO] UserAuth:486 - Internet connection configuration mode: 1
2025-07-03 16:30:23,902 [WARN] PackLoader:240 - Cannot read IP mode file for STMicroelectronics.FP-SNS-MOTENVWB1.1.4.0
2025-07-03 16:30:23,940 [WARN] PackLoader:240 - Cannot read IP mode file for STMicroelectronics.FP-ATR-ASTRA1.2.0.2
2025-07-03 16:30:23,964 [WARN] PackLoader:240 - Cannot read IP mode file for STMicroelectronics.FP-ATR-ASTRA1.2.0.1
2025-07-03 16:30:23,980 [WARN] PackLoader:240 - Cannot read IP mode file for STMicroelectronics.X-CUBE-SMBUS.2.1.0
2025-07-03 16:30:23,994 [WARN] PackLoader:240 - Cannot read IP mode file for STMicroelectronics.X-CUBE-WB05N.1.1.0
2025-07-03 16:30:24,006 [WARN] PackLoader:240 - Cannot read IP mode file for STMicroelectronics.X-CUBE-ST60.1.0.0
2025-07-03 16:30:24,096 [WARN] PackLoader:240 - Cannot read IP mode file for STMicroelectronics.X-CUBE-AZRTOS-F7.1.1.0
2025-07-03 16:30:24,118 [WARN] PackLoader:240 - Cannot read IP mode file for STMicroelectronics.FP-SNS-FLIGHT1.5.0.2
2025-07-03 16:30:24,185 [WARN] PackLoader:240 - Cannot read IP mode file for Infineon.AIROC-Wi-Fi-Bluetooth-STM32.1.7.0
2025-07-03 16:30:24,215 [WARN] PackLoader:240 - Cannot read IP mode file for STMicroelectronics.X-CUBE-DISPLAY.3.0.0
2025-07-03 16:30:24,231 [WARN] PackLoader:240 - Cannot read IP mode file for STMicroelectronics.X-CUBE-BLE1.7.0.0
2025-07-03 16:30:24,249 [WARN] PackLoader:240 - Cannot read IP mode file for STMicroelectronics.X-CUBE-NFC10.1.0.0
2025-07-03 16:30:24,280 [WARN] PackLoader:240 - Cannot read IP mode file for STMicroelectronics.X-CUBE-BLEMGR.4.0.0
2025-07-03 16:30:24,295 [WARN] PackLoader:240 - Cannot read IP mode file for emotas.I-CUBE-CANOPEN.1.3.0
2025-07-03 16:30:24,303 [WARN] PackLoader:240 - Cannot read IP mode file for STMicroelectronics.X-CUBE-AI.10.0.0
2025-07-03 16:30:24,311 [WARN] PackLoader:240 - Cannot read IP mode file for STMicroelectronics.FP-SNS-SMARTAG2.1.2.0
2025-07-03 16:30:24,318 [WARN] PackLoader:240 - Cannot read IP mode file for STMicroelectronics.FP-SNS-FLIGHT1.5.1.0
2025-07-03 16:30:24,416 [WARN] PackLoader:240 - Cannot read IP mode file for STMicroelectronics.X-CUBE-MEMS1.11.1.0
2025-07-03 16:30:25,334 [INFO] LogOutputStream:77 - [STDOUT_REDIRECT] 1 : Invalid condition id : UX_CORESTACK_Condition cause : null
2025-07-03 16:30:25,336 [INFO] LogOutputStream:77 - [STDOUT_REDIRECT] 1 : Invalid condition id : UX_CORESTACK_Condition cause : null
2025-07-03 16:30:25,340 [INFO] LogOutputStream:77 - [STDOUT_REDIRECT] 1 : Invalid condition id : UX_CORESTACK_Condition cause : null
2025-07-03 16:30:25,345 [INFO] LogOutputStream:77 - [STDOUT_REDIRECT] 1 : Invalid condition id : UX_CORESTACK_Condition cause : null
2025-07-03 16:30:25,347 [INFO] LogOutputStream:77 - [STDOUT_REDIRECT] 1 : Invalid condition id : UX_CORESTACK_Condition cause : null
2025-07-03 16:30:25,350 [WARN] PackLoader:240 - Cannot read IP mode file for STMicroelectronics.X-CUBE-AZRTOS-WL.2.0.0
2025-07-03 16:30:25,371 [WARN] PackLoader:240 - Cannot read IP mode file for STMicroelectronics.FP-SNS-MOTENV1.5.0.0
2025-07-03 16:30:25,381 [WARN] PackLoader:240 - Cannot read IP mode file for wolfSSL.I-CUBE-wolfMQTT.1.19.0
2025-07-03 16:30:25,393 [WARN] PackLoader:240 - Cannot read IP mode file for WES.I-CUBE-Cesium.1.3.0
2025-07-03 16:30:25,400 [WARN] PackLoader:240 - Cannot read IP mode file for STMicroelectronics.X-CUBE-BLE2.3.3.0
2025-07-03 16:30:25,411 [WARN] PackLoader:240 - Cannot read IP mode file for STMicroelectronics.X-CUBE-NFC9.1.0.0
2025-07-03 16:30:25,421 [WARN] PackLoader:240 - Cannot read IP mode file for STMicroelectronics.X-CUBE-BLE1.7.1.0
2025-07-03 16:30:25,430 [WARN] PackLoader:240 - Cannot read IP mode file for STMicroelectronics.X-CUBE-AI.10.1.0
2025-07-03 16:30:25,686 [WARN] PackLoader:240 - Cannot read IP mode file for STMicroelectronics.X-CUBE-MEMS1.11.2.0
2025-07-03 16:30:25,865 [WARN] PackLoader:240 - Cannot read IP mode file for STMicroelectronics.X-CUBE-AZRTOS-G0.1.1.0
2025-07-03 16:30:25,900 [WARN] PackLoader:240 - Cannot read IP mode file for STMicroelectronics.X-CUBE-SAFEA1.1.2.2
2025-07-03 16:30:25,929 [WARN] PackLoader:240 - Cannot read IP mode file for STMicroelectronics.X-CUBE-NFC4.3.0.0
2025-07-03 16:30:26,102 [WARN] PackLoader:240 - Cannot read IP mode file for EmbeddedOffice.I-CUBE-FS-RTOS.1.0.1
2025-07-03 16:30:26,112 [WARN] PackLoader:240 - Cannot read IP mode file for STMicroelectronics.X-CUBE-WB05N.2.0.0
2025-07-03 16:30:26,126 [WARN] PackLoader:240 - Cannot read IP mode file for STMicroelectronics.X-CUBE-TCPP.4.2.0
2025-07-03 16:30:26,166 [WARN] PackLoader:240 - Cannot read IP mode file for RealThread.X-CUBE-RT-Thread_Nano.4.1.1
2025-07-03 16:30:26,177 [WARN] PackLoader:240 - Cannot read IP mode file for STMicroelectronics.FP-ATR-SIGFOX1.3.2.0
2025-07-03 16:30:26,200 [WARN] ConditionMgr:438 - getConditionDescription Invalid condition id : Cortex-A Device cause : null
2025-07-03 16:30:26,225 [WARN] ConditionMgr:1044 - genDependencies : Invalid condition id : Cortex-A Device cause : null
2025-07-03 16:30:26,225 [WARN] ConditionMgr:1044 - genDependencies : Invalid condition id : Cortex-A Device cause : null
2025-07-03 16:30:26,226 [WARN] ConditionMgr:1044 - genDependencies : Invalid condition id : Cortex-A Device cause : null
2025-07-03 16:30:26,247 [WARN] PackLoader:240 - Cannot read IP mode file for STMicroelectronics.X-CUBE-EEPRMA1.5.1.0
2025-07-03 16:30:26,259 [WARN] PackLoader:240 - Cannot read IP mode file for wolfSSL.I-CUBE-wolfSSL.5.7.6
2025-07-03 16:30:26,271 [WARN] PackLoader:240 - Cannot read IP mode file for ITTIA_DB.I-CUBE-ITTIADB.8.9.0
2025-07-03 16:30:26,280 [WARN] PackLoader:240 - Cannot read IP mode file for STMicroelectronics.X-CUBE-ST67W61.1.0.0
2025-07-03 16:30:26,319 [WARN] PackLoader:240 - Cannot read IP mode file for SEGGER.I-CUBE-embOS.1.3.1
2025-07-03 16:30:26,361 [WARN] PackLoader:240 - Cannot read IP mode file for STMicroelectronics.X-CUBE-ALGOBUILD.1.4.0
2025-07-03 16:30:26,414 [WARN] PackLoader:240 - Cannot read IP mode file for STMicroelectronics.X-CUBE-MEMS1.11.3.0
2025-07-03 16:30:26,581 [WARN] PackLoader:240 - Cannot read IP mode file for STMicroelectronics.X-CUBE-PM33A1.1.0.0
2025-07-03 16:30:26,632 [WARN] PackLoader:240 - Cannot read IP mode file for STMicroelectronics.X-CUBE-AZRTOS-F4.1.1.0
2025-07-03 16:30:26,659 [WARN] PackLoader:240 - Cannot read IP mode file for Avnet-IotConnect.X-CUBE-IoTC-DA16k-PMOD.1.0.0
2025-07-03 16:30:26,667 [WARN] PackLoader:240 - Cannot read IP mode file for STMicroelectronics.X-CUBE-ISPU.2.1.0
2025-07-03 16:30:26,692 [WARN] PackLoader:240 - Cannot read IP mode file for STMicroelectronics.X-CUBE-AZRTOS-L5.2.0.0
2025-07-03 16:30:26,705 [WARN] PackLoader:240 - Cannot read IP mode file for STMicroelectronics.X-CUBE-NFC6.3.1.0
2025-07-03 16:30:26,715 [WARN] PackLoader:240 - Cannot read IP mode file for STMicroelectronics.X-CUBE-DPower.1.2.0
2025-07-03 16:30:26,725 [WARN] PackLoader:240 - Cannot read IP mode file for STMicroelectronics.X-CUBE-FREERTOS.1.3.1
2025-07-03 16:30:26,734 [WARN] PackLoader:240 - Cannot read IP mode file for STMicroelectronics.X-CUBE-FREERTOS.1.3.0
2025-07-03 16:30:26,746 [WARN] PackLoader:240 - Cannot read IP mode file for STMicroelectronics.X-CUBE-NFC7.1.0.1
2025-07-03 16:30:26,757 [WARN] PackLoader:240 - Cannot read IP mode file for STMicroelectronics.FP-SNS-STAIOTCFT.1.0.0
2025-07-03 16:30:26,763 [WARN] PackLoader:240 - Cannot read IP mode file for STMicroelectronics.X-CUBE-DPower.1.3.0
2025-07-03 16:30:26,789 [WARN] ConditionMgr:438 - getConditionDescription Invalid condition id : LAN8742 Phy interface Condition cause : null
2025-07-03 16:30:26,790 [WARN] PackLoader:240 - Cannot read IP mode file for STMicroelectronics.X-CUBE-AZRTOS-L4.2.0.0
2025-07-03 16:30:26,792 [WARN] ConditionMgr:1044 - genDependencies : Invalid condition id : LAN8742 Phy interface Condition cause : null
2025-07-03 16:30:26,792 [WARN] ConditionMgr:1044 - genDependencies : Invalid condition id : LAN8742 Phy interface Condition cause : null
2025-07-03 16:30:26,793 [WARN] ConditionMgr:1044 - genDependencies : Invalid condition id : LAN8742 Phy interface Condition cause : null
2025-07-03 16:30:26,803 [WARN] PackLoader:240 - Cannot read IP mode file for STMicroelectronics.X-CUBE-SFXS2LP1.4.0.0
2025-07-03 16:30:26,845 [WARN] PackLoader:240 - Cannot read IP mode file for STMicroelectronics.X-CUBE-AZRTOS-H7.3.3.0
2025-07-03 16:30:26,867 [WARN] ConditionMgr:438 - getConditionDescription Invalid condition id : UX DEVICE CLASS RTOS Condition cause : null
2025-07-03 16:30:26,868 [WARN] ConditionMgr:438 - getConditionDescription Invalid condition id : UX DEVICE CLASS RTOS Condition cause : null
2025-07-03 16:30:26,870 [WARN] PackLoader:240 - Cannot read IP mode file for STMicroelectronics.X-CUBE-AZRTOS-WB.2.0.0
2025-07-03 16:30:26,872 [WARN] ConditionMgr:1044 - genDependencies : Invalid condition id : UX DEVICE CLASS RTOS Condition cause : null
2025-07-03 16:30:26,873 [WARN] ConditionMgr:1044 - genDependencies : Invalid condition id : UX DEVICE CLASS RTOS Condition cause : null
2025-07-03 16:30:26,873 [WARN] ConditionMgr:1044 - genDependencies : Invalid condition id : UX DEVICE CLASS RTOS Condition cause : null
2025-07-03 16:30:26,874 [WARN] ConditionMgr:1044 - genDependencies : Invalid condition id : UX DEVICE CLASS RTOS Condition cause : null
2025-07-03 16:30:26,874 [WARN] ConditionMgr:1044 - genDependencies : Invalid condition id : UX DEVICE CLASS RTOS Condition cause : null
2025-07-03 16:30:26,887 [WARN] PackLoader:240 - Cannot read IP mode file for STMicroelectronics.X-CUBE-GNSS1.7.0.1
2025-07-03 16:30:26,900 [WARN] PackLoader:240 - Cannot read IP mode file for STMicroelectronics.X-CUBE-TOUCHGFX.4.25.0
2025-07-03 16:30:26,912 [WARN] PackLoader:240 - Cannot read IP mode file for STMicroelectronics.FP-SNS-STBOX1.2.0.0
2025-07-03 16:30:26,927 [WARN] PackLoader:240 - Cannot read IP mode file for STMicroelectronics.X-CUBE-SUBG2.5.0.0
2025-07-03 16:30:26,961 [WARN] PackLoader:240 - Cannot read IP mode file for STMicroelectronics.X-CUBE-AZRTOS-H7RS.1.1.0
2025-07-03 16:30:26,970 [WARN] PackLoader:240 - Cannot read IP mode file for Cesanta.I-CUBE-Mongoose.7.13.0
2025-07-03 16:30:26,986 [WARN] PackLoader:240 - Cannot read IP mode file for STMicroelectronics.X-CUBE-AZRTOS-G4.2.0.0
2025-07-03 16:30:26,993 [WARN] PackLoader:240 - Cannot read IP mode file for STMicroelectronics.X-CUBE-NFC7.2.0.0
2025-07-03 16:30:27,008 [WARN] PackLoader:240 - Cannot read IP mode file for STMicroelectronics.X-CUBE-IPS.3.1.0
2025-07-03 16:30:27,020 [WARN] PackLoader:240 - Cannot read IP mode file for STMicroelectronics.X-CUBE-ALS.1.0.2
2025-07-03 16:30:27,026 [WARN] PackLoader:240 - Cannot read IP mode file for STMicroelectronics.X-CUBE-TOUCHGFX.4.24.2
2025-07-03 16:30:27,032 [WARN] PackLoader:240 - Cannot read IP mode file for wolfSSL.I-CUBE-wolfTPM.3.4.0
2025-07-03 16:30:27,042 [WARN] PackLoader:240 - Cannot read IP mode file for portGmbH.I-Cube-SoM-uGOAL.1.1.0
2025-07-03 16:30:27,072 [WARN] PackLoader:240 - Cannot read IP mode file for STMicroelectronics.X-CUBE-AZRTOS-H7RS.1.0.0
2025-07-03 16:30:27,092 [WARN] PackLoader:240 - Cannot read IP mode file for STMicroelectronics.X-CUBE-TOF1.3.4.2
2025-07-03 16:30:27,115 [WARN] PackLoader:240 - Cannot read IP mode file for STMicroelectronics.X-CUBE-TOF1.3.4.3
2025-07-03 16:30:27,132 [WARN] PackLoader:240 - Cannot read IP mode file for wolfSSL.I-CUBE-wolfSSH.1.4.17
2025-07-03 16:30:27,133 [INFO] ThirdParty:978 - Integrity check success = true
2025-07-03 16:30:27,133 [INFO] IntegrityCheckThread:100 - exiting critical section [integrity check]
2025-07-03 16:30:27,134 [INFO] IntegrityCheckThread:103 - End integrity checks thread
2025-07-03 16:50:13,178 [ERROR] LogOutputStream:75 - [STDERR_REDIRECT] 
