2025-10-07 10:15:51,817 [INFO] Activator:176 - 


2025-10-07 10:15:51,840 [INFO] Activator:177 - !SESSION log4j initialized
2025-10-07 10:16:14,135 [INFO] LogOutputStream:77 - [STDOUT_REDIRECT] 
2025-10-07 10:16:20,611 [INFO] ApplicationProperties:184 - Using Application install path: C:\ST\STM32CubeIDE_1.17.0\STM32CubeIDE\plugins\com.st.stm32cube.common.mx_6.13.0.202411220809
2025-10-07 10:16:20,677 [INFO] DbMcusXml:78 - Set database path to: C:\ST\STM32CubeIDE_1.17.0\STM32CubeIDE\plugins\com.st.stm32cube.common.mx_6.13.0.202411220809\\db\/mcu/
2025-10-07 10:16:20,678 [INFO] ApiDb:274 - Set plugin database path to: C:\ST\STM32CubeIDE_1.17.0\STM32CubeIDE\plugins\com.st.stm32cube.common.mx_6.13.0.202411220809\\db\/plugins/boardmanager/
2025-10-07 10:16:20,680 [WARN] ApiDb:259 - Overriding images path with different value:  => C:\ST\STM32CubeIDE_1.17.0\STM32CubeIDE\plugins\com.st.stm32cube.common.mx_6.13.0.202411220809\\db\/plugins/mcufinder/images/
2025-10-07 10:16:20,749 [INFO] ApiDb:250 - Set database path to: C:\Users\thepd\.stmcufinder\plugins\mcufinder//mcu/
2025-10-07 10:16:20,754 [INFO] DbMcusAds:125 - Set database path to: C:\Users\thepd\.stmcufinder\plugins\mcufinder//mcu/
2025-10-07 10:16:20,764 [INFO] CrossReferenceDbSqlite:203 - Set database path to: C:\Users\thepd\.stmcufinder\plugins\mcufinder//mcu/cs/
2025-10-07 10:16:21,252 [INFO] RulesReader:64 - Compatibility file has been processed (297 Rules)
2025-10-07 10:16:21,597 [INFO] DbMcusXml:78 - Set database path to: C:\ST\STM32CubeIDE_1.17.0\STM32CubeIDE\plugins\com.st.stm32cube.common.mx_6.13.0.202411220809\\db\/mcu/
2025-10-07 10:16:21,597 [INFO] ApiDb:274 - Set plugin database path to: C:\ST\STM32CubeIDE_1.17.0\STM32CubeIDE\plugins\com.st.stm32cube.common.mx_6.13.0.202411220809\\db\/plugins/boardmanager/
2025-10-07 10:16:21,598 [INFO] ApiDb:261 - Set plugin images path to: C:\ST\STM32CubeIDE_1.17.0\STM32CubeIDE\plugins\com.st.stm32cube.common.mx_6.13.0.202411220809\\db\/plugins/mcufinder/images/
2025-10-07 10:16:21,599 [WARN] DbFile:41 - Overriding database path with different value: C:\Users\thepd\.stmcufinder\plugins\mcufinder/ => C:\Users\thepd\.stmcufinder\plugins\mcufinder
2025-10-07 10:16:21,599 [INFO] ApiDb:250 - Set database path to: C:\Users\thepd\.stmcufinder\plugins\mcufinder//mcu/
2025-10-07 10:16:21,600 [WARN] DbFile:41 - Overriding database path with different value: C:\Users\thepd\.stmcufinder\plugins\mcufinder/ => C:\Users\thepd\.stmcufinder\plugins\mcufinder
2025-10-07 10:16:21,600 [INFO] DbMcusAds:125 - Set database path to: C:\Users\thepd\.stmcufinder\plugins\mcufinder//mcu/
2025-10-07 10:16:21,601 [WARN] DbFile:41 - Overriding database path with different value: C:\Users\thepd\.stmcufinder\plugins\mcufinder/ => C:\Users\thepd\.stmcufinder\plugins\mcufinder
2025-10-07 10:16:21,601 [WARN] DbFile:41 - Overriding database path with different value: C:\Users\thepd\.stmcufinder\plugins\mcufinder/ => C:\Users\thepd\.stmcufinder\plugins\mcufinder
2025-10-07 10:16:21,602 [INFO] CrossReferenceDbSqlite:203 - Set database path to: C:\Users\thepd\.stmcufinder\plugins\mcufinder//mcu/cs/
2025-10-07 10:16:21,915 [INFO] MainPanel:272 - HeapMemory: 268435456
2025-10-07 10:16:22,337 [INFO] DbMcusXml:78 - Set database path to: C:\ST\STM32CubeIDE_1.17.0\STM32CubeIDE\plugins\com.st.stm32cube.common.mx_6.13.0.202411220809\\db\/mcu/
2025-10-07 10:16:22,337 [INFO] ApiDb:274 - Set plugin database path to: C:\ST\STM32CubeIDE_1.17.0\STM32CubeIDE\plugins\com.st.stm32cube.common.mx_6.13.0.202411220809\\db\/plugins/boardmanager/
2025-10-07 10:16:22,338 [INFO] ApiDb:261 - Set plugin images path to: C:\ST\STM32CubeIDE_1.17.0\STM32CubeIDE\plugins\com.st.stm32cube.common.mx_6.13.0.202411220809\\db\/plugins/mcufinder/images/
2025-10-07 10:16:22,339 [WARN] DbFile:41 - Overriding database path with different value: C:\Users\thepd\.stmcufinder\plugins\mcufinder/ => C:\Users\thepd\.stmcufinder\plugins\mcufinder
2025-10-07 10:16:22,340 [INFO] ApiDb:250 - Set database path to: C:\Users\thepd\.stmcufinder\plugins\mcufinder//mcu/
2025-10-07 10:16:22,341 [WARN] DbFile:41 - Overriding database path with different value: C:\Users\thepd\.stmcufinder\plugins\mcufinder/ => C:\Users\thepd\.stmcufinder\plugins\mcufinder
2025-10-07 10:16:22,341 [INFO] DbMcusAds:125 - Set database path to: C:\Users\thepd\.stmcufinder\plugins\mcufinder//mcu/
2025-10-07 10:16:22,341 [WARN] DbFile:41 - Overriding database path with different value: C:\Users\thepd\.stmcufinder\plugins\mcufinder/ => C:\Users\thepd\.stmcufinder\plugins\mcufinder
2025-10-07 10:16:22,342 [WARN] DbFile:41 - Overriding database path with different value: C:\Users\thepd\.stmcufinder\plugins\mcufinder/ => C:\Users\thepd\.stmcufinder\plugins\mcufinder
2025-10-07 10:16:22,342 [INFO] CrossReferenceDbSqlite:203 - Set database path to: C:\Users\thepd\.stmcufinder\plugins\mcufinder//mcu/cs/
2025-10-07 10:16:22,414 [INFO] ApplicationProperties:184 - Using Application install path: C:\ST\STM32CubeIDE_1.17.0\STM32CubeIDE\plugins\com.st.stm32cube.common.mx_6.13.0.202411220809
2025-10-07 10:16:22,420 [INFO] PluginManage:196 - Search for loadable plugins [exclusion list=, ]
2025-10-07 10:16:22,426 [INFO] PluginManage:310 - Check plugin analytics
2025-10-07 10:16:23,196 [INFO] AnalyticsPlugin:253 - Accepted Software Licenses: STM32CubeMX.6.4.0,STM32CubeMX.6.14.0
2025-10-07 10:16:23,197 [INFO] AnalyticsPlugin:255 - Accepted CMSIS Pack Licenses: 
2025-10-07 10:16:23,198 [INFO] AnalyticsPlugin:257 - Accepted Firmware Licenses: FW.G4.1.6.0,FW.G4.1.5.0,FW.F4.1.28.0
2025-10-07 10:16:23,209 [INFO] PluginManage:359 - Loaded plugin analytics (category:tool,tabindex:-1)
2025-10-07 10:16:23,210 [INFO] PluginManage:310 - Check plugin cadmodel
2025-10-07 10:16:23,249 [INFO] CADModel:105 - Init CAD model plugin
2025-10-07 10:16:23,250 [INFO] PluginManage:359 - Loaded plugin cadmodel (category:power,tabindex:5)
2025-10-07 10:16:23,251 [INFO] PluginManage:310 - Check plugin clock
2025-10-07 10:16:23,305 [INFO] PluginManage:359 - Loaded plugin clock (category:base,tabindex:2)
2025-10-07 10:16:23,306 [INFO] PluginManage:310 - Check plugin ddr
2025-10-07 10:16:23,315 [INFO] PluginManage:359 - Loaded plugin ddr (category:tool,tabindex:6)
2025-10-07 10:16:23,315 [INFO] PluginManage:310 - Check plugin filemanager
2025-10-07 10:16:23,936 [INFO] PluginManage:359 - Loaded plugin filemanager (category:base,tabindex:10)
2025-10-07 10:16:23,937 [INFO] PluginManage:310 - Check plugin ipmanager
2025-10-07 10:16:23,966 [INFO] PluginManage:359 - Loaded plugin ipmanager (category:base,tabindex:5)
2025-10-07 10:16:23,967 [INFO] PluginManage:310 - Check plugin lpbam
2025-10-07 10:16:24,035 [INFO] PluginManage:359 - Loaded plugin lpbam (category:base,tabindex:0)
2025-10-07 10:16:24,036 [INFO] PluginManage:310 - Check plugin memorymap
2025-10-07 10:16:24,108 [INFO] PluginManage:359 - Loaded plugin memorymap (category:base,tabindex:4)
2025-10-07 10:16:24,109 [INFO] PluginManage:310 - Check plugin pinoutandconfiguration
2025-10-07 10:16:24,159 [INFO] PluginManage:359 - Loaded plugin pinoutandconfiguration (category:base,tabindex:1)
2025-10-07 10:16:24,159 [INFO] PluginManage:310 - Check plugin pinoutconfig
2025-10-07 10:16:24,522 [WARN] SupportedApi:132 - Cannot load RTOS API schema: s4s-elt-must-match.1: The content of 'definitions' must match (annotation?, (simpleType | complexType)?, (unique | key | keyref)*)). A problem was found starting at: attribute.
2025-10-07 10:16:25,077 [INFO] PluginManage:359 - Loaded plugin pinoutconfig (category:base,tabindex:0)
2025-10-07 10:16:25,077 [INFO] PluginManage:310 - Check plugin power
2025-10-07 10:16:25,154 [INFO] PluginManage:359 - Loaded plugin power (category:power,tabindex:4)
2025-10-07 10:16:25,155 [INFO] PluginManage:310 - Check plugin projectmanager
2025-10-07 10:16:25,223 [INFO] PluginManage:359 - Loaded plugin projectmanager (category:projectmanager,tabindex:4)
2025-10-07 10:16:25,224 [INFO] PluginManage:310 - Check plugin rif
2025-10-07 10:16:25,273 [INFO] PluginManage:359 - Loaded plugin rif (category:base,tabindex:3)
2025-10-07 10:16:25,274 [INFO] PluginManage:310 - Check plugin thirdparty
2025-10-07 10:16:26,269 [INFO] PluginManage:359 - Loaded plugin thirdparty (category:base,tabindex:-1)
2025-10-07 10:16:26,268 [WARN] IntegrityCheckThread:84 - waiting for thirdparty lock release [integrity check]
2025-10-07 10:16:26,270 [INFO] PluginManage:310 - Check plugin tools
2025-10-07 10:16:26,270 [INFO] IntegrityCheckThread:86 - entering critical section [integrity check]
2025-10-07 10:16:26,271 [INFO] ThirdPartyUpdaterWithRetryManager:70 - Updater plugin not ready yet. [1/15]
2025-10-07 10:16:26,415 [INFO] PluginManage:359 - Loaded plugin tools (category:base,tabindex:7)
2025-10-07 10:16:26,416 [INFO] PluginManage:310 - Check plugin tutovideos
2025-10-07 10:16:27,171 [INFO] PluginManage:359 - Loaded plugin tutovideos (category:base,tabindex:-1)
2025-10-07 10:16:27,172 [INFO] PluginManage:310 - Check plugin updater
2025-10-07 10:16:27,251 [INFO] PluginManage:359 - Loaded plugin updater (category:base,tabindex:12)
2025-10-07 10:16:27,252 [INFO] PluginManage:310 - Check plugin userauth
2025-10-07 10:16:27,265 [INFO] UserAuth:118 - Init User Auth plugin
2025-10-07 10:16:27,268 [INFO] PluginManage:359 - Loaded plugin userauth (category:base,tabindex:14)
2025-10-07 10:16:27,270 [INFO] PluginManage:283 - PluginManage : Loaded plugins [18]
2025-10-07 10:16:28,144 [INFO] PinOutPanel:1589 - setPackage(No Configuration,No Configuration)
2025-10-07 10:16:28,493 [INFO] CADModel:165 - CPN selected for project level
2025-10-07 10:16:28,494 [INFO] CADModel:114 - Register for checkConnection events
2025-10-07 10:16:28,595 [INFO] IPUIPlugin:80 - create IPUIPlugin
2025-10-07 10:16:28,596 [INFO] PluginManager:220 - loadIPPluginJar : add adc
2025-10-07 10:16:28,752 [INFO] IPUIPlugin:80 - create IPUIPlugin
2025-10-07 10:16:28,752 [INFO] PluginManager:220 - loadIPPluginJar : add aes
2025-10-07 10:16:28,917 [INFO] IPUIPlugin:80 - create IPUIPlugin
2025-10-07 10:16:28,918 [INFO] PluginManager:220 - loadIPPluginJar : add can
2025-10-07 10:16:29,048 [INFO] IPUIPlugin:80 - create IPUIPlugin
2025-10-07 10:16:29,049 [INFO] PluginManager:220 - loadIPPluginJar : add comp
2025-10-07 10:16:29,181 [INFO] IPUIPlugin:80 - create IPUIPlugin
2025-10-07 10:16:29,181 [INFO] PluginManager:220 - loadIPPluginJar : add cryp
2025-10-07 10:16:29,210 [INFO] IPUIPlugin:80 - create IPUIPlugin
2025-10-07 10:16:29,210 [INFO] PluginManager:220 - loadIPPluginJar : add ddr_ctrl_phy
2025-10-07 10:16:29,272 [INFO] ThirdPartyUpdaterWithRetryManager:70 - Updater plugin not ready yet. [2/15]
2025-10-07 10:16:29,316 [INFO] IPUIPlugin:80 - create IPUIPlugin
2025-10-07 10:16:29,316 [INFO] PluginManager:220 - loadIPPluginJar : add dfsdm
2025-10-07 10:16:29,378 [INFO] IPUIPlugin:80 - create IPUIPlugin
2025-10-07 10:16:29,380 [INFO] PluginManager:220 - loadIPPluginJar : add dma
2025-10-07 10:16:29,567 [INFO] IPUIPlugin:80 - create IPUIPlugin
2025-10-07 10:16:29,568 [INFO] PluginManager:220 - loadIPPluginJar : add dma3
2025-10-07 10:16:29,789 [INFO] IPUIPlugin:80 - create IPUIPlugin
2025-10-07 10:16:29,790 [INFO] PluginManager:220 - loadIPPluginJar : add extmemmanager
2025-10-07 10:16:29,841 [INFO] IPUIPlugin:80 - create IPUIPlugin
2025-10-07 10:16:29,842 [INFO] PluginManager:220 - loadIPPluginJar : add fatfs
2025-10-07 10:16:30,084 [INFO] IPUIPlugin:80 - create IPUIPlugin
2025-10-07 10:16:30,085 [INFO] PluginManager:220 - loadIPPluginJar : add fmc
2025-10-07 10:16:30,148 [INFO] IPUIPlugin:80 - create IPUIPlugin
2025-10-07 10:16:30,149 [INFO] PluginManager:220 - loadIPPluginJar : add freertos
2025-10-07 10:16:30,262 [INFO] IPUIPlugin:80 - create IPUIPlugin
2025-10-07 10:16:30,262 [INFO] PluginManager:220 - loadIPPluginJar : add genericplugin
2025-10-07 10:16:30,759 [INFO] IPUIPlugin:80 - create IPUIPlugin
2025-10-07 10:16:30,759 [INFO] PluginManager:220 - loadIPPluginJar : add gfxmmu
2025-10-07 10:16:31,470 [INFO] IPUIPlugin:80 - create IPUIPlugin
2025-10-07 10:16:31,470 [INFO] PluginManager:220 - loadIPPluginJar : add gic
2025-10-07 10:16:31,502 [INFO] IPUIPlugin:80 - create IPUIPlugin
2025-10-07 10:16:31,503 [INFO] PluginManager:220 - loadIPPluginJar : add gpio
2025-10-07 10:16:32,003 [INFO] IPUIPlugin:80 - create IPUIPlugin
2025-10-07 10:16:32,004 [INFO] PluginManager:220 - loadIPPluginJar : add gtzc
2025-10-07 10:16:32,179 [INFO] IPUIPlugin:80 - create IPUIPlugin
2025-10-07 10:16:32,180 [INFO] PluginManager:220 - loadIPPluginJar : add hash
2025-10-07 10:16:32,274 [INFO] ThirdPartyUpdaterWithRetryManager:70 - Updater plugin not ready yet. [3/15]
2025-10-07 10:16:32,385 [INFO] IPUIPlugin:80 - create IPUIPlugin
2025-10-07 10:16:32,386 [INFO] PluginManager:220 - loadIPPluginJar : add i2c
2025-10-07 10:16:32,579 [INFO] IPUIPlugin:80 - create IPUIPlugin
2025-10-07 10:16:32,579 [INFO] PluginManager:220 - loadIPPluginJar : add i2s
2025-10-07 10:16:32,797 [INFO] IPUIPlugin:80 - create IPUIPlugin
2025-10-07 10:16:32,797 [INFO] PluginManager:220 - loadIPPluginJar : add i3c
2025-10-07 10:16:33,303 [INFO] IPUIPlugin:80 - create IPUIPlugin
2025-10-07 10:16:33,303 [INFO] PluginManager:220 - loadIPPluginJar : add ipddr
2025-10-07 10:16:33,715 [INFO] IPUIPlugin:80 - create IPUIPlugin
2025-10-07 10:16:33,715 [INFO] PluginManager:220 - loadIPPluginJar : add linkedlist
2025-10-07 10:16:33,896 [INFO] IPUIPlugin:80 - create IPUIPlugin
2025-10-07 10:16:33,896 [INFO] PluginManager:220 - loadIPPluginJar : add lorawan
2025-10-07 10:16:34,088 [INFO] IPUIPlugin:80 - create IPUIPlugin
2025-10-07 10:16:34,088 [INFO] PluginManager:220 - loadIPPluginJar : add ltdc
2025-10-07 10:16:34,125 [INFO] IPUIPlugin:80 - create IPUIPlugin
2025-10-07 10:16:34,125 [INFO] PluginManager:220 - loadIPPluginJar : add mdma
2025-10-07 10:16:34,175 [INFO] IPUIPlugin:80 - create IPUIPlugin
2025-10-07 10:16:34,175 [INFO] PluginManager:220 - loadIPPluginJar : add nvic
2025-10-07 10:16:34,325 [INFO] IPUIPlugin:80 - create IPUIPlugin
2025-10-07 10:16:34,326 [INFO] PluginManager:220 - loadIPPluginJar : add opamp
2025-10-07 10:16:34,598 [INFO] IPUIPlugin:80 - create IPUIPlugin
2025-10-07 10:16:34,598 [INFO] PluginManager:220 - loadIPPluginJar : add openamp
2025-10-07 10:16:34,765 [INFO] IPUIPlugin:80 - create IPUIPlugin
2025-10-07 10:16:34,766 [INFO] PluginManager:220 - loadIPPluginJar : add pdm2pcm
2025-10-07 10:16:34,800 [INFO] IPUIPlugin:80 - create IPUIPlugin
2025-10-07 10:16:34,806 [INFO] PluginManager:220 - loadIPPluginJar : add plateformsettings
2025-10-07 10:16:34,868 [INFO] IPUIPlugin:80 - create IPUIPlugin
2025-10-07 10:16:34,869 [INFO] PluginManager:220 - loadIPPluginJar : add quadspi
2025-10-07 10:16:34,997 [INFO] IPUIPlugin:80 - create IPUIPlugin
2025-10-07 10:16:34,999 [INFO] PluginManager:220 - loadIPPluginJar : add radio
2025-10-07 10:16:35,029 [INFO] IPUIPlugin:80 - create IPUIPlugin
2025-10-07 10:16:35,030 [INFO] PluginManager:220 - loadIPPluginJar : add resmgrutility
2025-10-07 10:16:35,274 [INFO] IPUIPlugin:80 - create IPUIPlugin
2025-10-07 10:16:35,275 [INFO] PluginManager:220 - loadIPPluginJar : add sai
2025-10-07 10:16:35,276 [INFO] ThirdPartyUpdaterWithRetryManager:70 - Updater plugin not ready yet. [4/15]
2025-10-07 10:16:35,399 [INFO] IPUIPlugin:80 - create IPUIPlugin
2025-10-07 10:16:35,399 [INFO] PluginManager:220 - loadIPPluginJar : add spi
2025-10-07 10:16:35,748 [INFO] IPUIPlugin:80 - create IPUIPlugin
2025-10-07 10:16:35,750 [INFO] PluginManager:220 - loadIPPluginJar : add stm32_wpan
2025-10-07 10:16:35,871 [INFO] IPUIPlugin:80 - create IPUIPlugin
2025-10-07 10:16:35,872 [INFO] PluginManager:220 - loadIPPluginJar : add tim
2025-10-07 10:16:36,171 [INFO] IPUIPlugin:80 - create IPUIPlugin
2025-10-07 10:16:36,171 [INFO] PluginManager:220 - loadIPPluginJar : add touchsensing
2025-10-07 10:16:36,239 [INFO] IPUIPlugin:80 - create IPUIPlugin
2025-10-07 10:16:36,240 [INFO] PluginManager:220 - loadIPPluginJar : add tracer_emb
2025-10-07 10:16:36,296 [INFO] IPUIPlugin:80 - create IPUIPlugin
2025-10-07 10:16:36,297 [INFO] PluginManager:220 - loadIPPluginJar : add ts
2025-10-07 10:16:36,415 [INFO] IPUIPlugin:80 - create IPUIPlugin
2025-10-07 10:16:36,416 [INFO] PluginManager:220 - loadIPPluginJar : add tsc
2025-10-07 10:16:36,521 [INFO] IPUIPlugin:80 - create IPUIPlugin
2025-10-07 10:16:36,522 [INFO] PluginManager:220 - loadIPPluginJar : add ucpd
2025-10-07 10:16:36,708 [INFO] IPUIPlugin:80 - create IPUIPlugin
2025-10-07 10:16:36,708 [INFO] PluginManager:220 - loadIPPluginJar : add usart
2025-10-07 10:16:36,926 [INFO] IPUIPlugin:80 - create IPUIPlugin
2025-10-07 10:16:36,927 [INFO] PluginManager:220 - loadIPPluginJar : add usbx
2025-10-07 10:16:37,201 [FATAL] Updater:351 - Updater called before beeing initialized
2025-10-07 10:16:37,313 [INFO] RulesReader:64 - Compatibility file has been processed (297 Rules)
2025-10-07 10:16:37,355 [INFO] RulesReader:64 - Compatibility file has been processed (297 Rules)
2025-10-07 10:16:37,380 [INFO] CADModel:165 - CPN selected for project level
2025-10-07 10:16:37,380 [INFO] CADModel:114 - Register for checkConnection events
2025-10-07 10:16:37,381 [FATAL] Updater:351 - Updater called before beeing initialized
2025-10-07 10:16:37,381 [ERROR] CADModel:125 - Updater not yet initialized, retry later 
2025-10-07 10:16:37,976 [FATAL] Updater:351 - Updater called before beeing initialized
2025-10-07 10:16:37,984 [INFO] CADModel:165 - CPN selected for project level
2025-10-07 10:16:37,984 [INFO] CADModel:114 - Register for checkConnection events
2025-10-07 10:16:37,985 [FATAL] Updater:351 - Updater called before beeing initialized
2025-10-07 10:16:37,985 [ERROR] CADModel:125 - Updater not yet initialized, retry later 
2025-10-07 10:16:37,997 [FATAL] Updater:351 - Updater called before beeing initialized
2025-10-07 10:16:38,277 [INFO] ThirdPartyUpdaterWithRetryManager:70 - Updater plugin not ready yet. [5/15]
2025-10-07 10:16:38,469 [FATAL] Updater:351 - Updater called before beeing initialized
2025-10-07 10:16:38,506 [INFO] DbMcusAds:53 - JSON generation date=Thu Mar 06 15:54:21 CET 2025 (1741272861825)
2025-10-07 10:16:38,506 [FATAL] Updater:351 - Updater called before beeing initialized
2025-10-07 10:16:38,667 [WARN] DetailPanel:346 - Failed to get advertising image, set to default
2025-10-07 10:16:39,687 [FATAL] Updater:351 - Updater called before beeing initialized
2025-10-07 10:16:39,692 [FATAL] Updater:351 - Updater called before beeing initialized
2025-10-07 10:16:39,692 [FATAL] Updater:351 - Updater called before beeing initialized
2025-10-07 10:16:39,693 [WARN] DetailPanel:346 - Failed to get advertising image, set to default
2025-10-07 10:16:39,696 [FATAL] Updater:351 - Updater called before beeing initialized
2025-10-07 10:16:39,931 [ERROR] Updater:1198 - MainUpdater not yet initialized. External WinMGr cannot be set.
2025-10-07 10:16:39,958 [INFO] Updater:1134 - Updater Version found : 6.13.0
2025-10-07 10:16:40,021 [INFO] ApplicationProperties:184 - Using Application install path: C:\ST\STM32CubeIDE_1.17.0\STM32CubeIDE\plugins\com.st.stm32cube.common.mx_6.13.0.202411220809
2025-10-07 10:16:41,279 [FATAL] Updater:351 - Updater called before beeing initialized
2025-10-07 10:16:41,280 [ERROR] IntegrityCheckThread:130 - Cannot retrieve database content from updater: error 21
2025-10-07 10:16:41,281 [INFO] ThirdParty:978 - Integrity check success = false
2025-10-07 10:16:41,281 [INFO] IntegrityCheckThread:100 - exiting critical section [integrity check]
2025-10-07 10:16:41,282 [INFO] IntegrityCheckThread:103 - End integrity checks thread
2025-10-07 10:16:41,320 [INFO] MainUpdater:2872 - connection check result : 10
2025-10-07 10:16:41,323 [INFO] MainUpdater:289 - Updater Check For Update Now.
2025-10-07 10:16:41,324 [INFO] MicroXplorer:498 - Change Database Version : DB.6.0.130
2025-10-07 10:16:41,363 [INFO] McuFinderGlobals:63 - Set McuFinder mode to 2 (CubeIDE integrated)
2025-10-07 10:16:41,392 [INFO] UserAuth:486 - Internet connection configuration mode: 1
2025-10-07 10:16:41,479 [INFO] JxBrowserEngine:152 - Initiate JxBrowser Engine with user profile folder
2025-10-07 10:16:41,897 [INFO] CheckServerUpdateThread:120 - End of CheckServer Thread
2025-10-07 10:16:43,688 [INFO] WebApp:168 - Instantiating new browser for Auth
2025-10-07 10:16:45,499 [INFO] WebApp:449 - Apply proxy settings
2025-10-07 10:16:45,500 [INFO] WebApp:534 - Chromium requires no authentication
2025-10-07 10:16:45,528 [INFO] WebApp:477 - Direct internet connection detected
2025-10-07 10:16:45,608 [INFO] WebApp:880 - Register for checkConnection events
2025-10-07 10:16:45,608 [INFO] WebApp:449 - Apply proxy settings
2025-10-07 10:16:45,609 [INFO] WebApp:534 - Chromium requires no authentication
2025-10-07 10:16:45,610 [INFO] WebApp:477 - Direct internet connection detected
2025-10-07 10:16:45,808 [INFO] WebApp:187 - Connection restablished
2025-10-07 10:16:46,172 [INFO] WebApp:221 - Starting web application
2025-10-07 10:16:46,173 [INFO] WebApp:579 - Web application path used C:\ST\STM32CubeIDE_1.17.0\STM32CubeIDE\plugins\com.st.stm32cube.common.mx_6.13.0.202411220809\db\plugins\mcufinder\reactClient1\index.html
2025-10-07 10:16:46,436 [INFO] UserAuth:486 - Internet connection configuration mode: 1
