2026-01-12 20:04:28,845 [INFO] Activator:176 - 


2026-01-12 20:04:28,864 [INFO] Activator:177 - !SESSION log4j initialized
2026-01-12 20:04:50,040 [INFO] LogOutputStream:77 - [STDOUT_REDIRECT] 
2026-01-12 20:04:56,454 [INFO] ApplicationProperties:184 - Using Application install path: C:\ST\STM32CubeIDE_1.17.0\STM32CubeIDE\plugins\com.st.stm32cube.common.mx_6.13.0.202411220809
2026-01-12 20:04:56,518 [INFO] DbMcusXml:78 - Set database path to: C:\ST\STM32CubeIDE_1.17.0\STM32CubeIDE\plugins\com.st.stm32cube.common.mx_6.13.0.202411220809\\db\/mcu/
2026-01-12 20:04:56,519 [INFO] ApiDb:274 - Set plugin database path to: C:\ST\STM32CubeIDE_1.17.0\STM32CubeIDE\plugins\com.st.stm32cube.common.mx_6.13.0.202411220809\\db\/plugins/boardmanager/
2026-01-12 20:04:56,520 [WARN] ApiDb:259 - Overriding images path with different value:  => C:\ST\STM32CubeIDE_1.17.0\STM32CubeIDE\plugins\com.st.stm32cube.common.mx_6.13.0.202411220809\\db\/plugins/mcufinder/images/
2026-01-12 20:04:56,578 [INFO] ApiDb:250 - Set database path to: C:\Users\thepd\.stmcufinder\plugins\mcufinder//mcu/
2026-01-12 20:04:56,582 [INFO] DbMcusAds:125 - Set database path to: C:\Users\thepd\.stmcufinder\plugins\mcufinder//mcu/
2026-01-12 20:04:56,590 [INFO] CrossReferenceDbSqlite:203 - Set database path to: C:\Users\thepd\.stmcufinder\plugins\mcufinder//mcu/cs/
2026-01-12 20:04:57,010 [INFO] RulesReader:64 - Compatibility file has been processed (297 Rules)
2026-01-12 20:04:57,305 [INFO] DbMcusXml:78 - Set database path to: C:\ST\STM32CubeIDE_1.17.0\STM32CubeIDE\plugins\com.st.stm32cube.common.mx_6.13.0.202411220809\\db\/mcu/
2026-01-12 20:04:57,306 [INFO] ApiDb:274 - Set plugin database path to: C:\ST\STM32CubeIDE_1.17.0\STM32CubeIDE\plugins\com.st.stm32cube.common.mx_6.13.0.202411220809\\db\/plugins/boardmanager/
2026-01-12 20:04:57,307 [INFO] ApiDb:261 - Set plugin images path to: C:\ST\STM32CubeIDE_1.17.0\STM32CubeIDE\plugins\com.st.stm32cube.common.mx_6.13.0.202411220809\\db\/plugins/mcufinder/images/
2026-01-12 20:04:57,308 [WARN] DbFile:41 - Overriding database path with different value: C:\Users\thepd\.stmcufinder\plugins\mcufinder/ => C:\Users\thepd\.stmcufinder\plugins\mcufinder
2026-01-12 20:04:57,308 [INFO] ApiDb:250 - Set database path to: C:\Users\thepd\.stmcufinder\plugins\mcufinder//mcu/
2026-01-12 20:04:57,308 [WARN] DbFile:41 - Overriding database path with different value: C:\Users\thepd\.stmcufinder\plugins\mcufinder/ => C:\Users\thepd\.stmcufinder\plugins\mcufinder
2026-01-12 20:04:57,309 [INFO] DbMcusAds:125 - Set database path to: C:\Users\thepd\.stmcufinder\plugins\mcufinder//mcu/
2026-01-12 20:04:57,309 [WARN] DbFile:41 - Overriding database path with different value: C:\Users\thepd\.stmcufinder\plugins\mcufinder/ => C:\Users\thepd\.stmcufinder\plugins\mcufinder
2026-01-12 20:04:57,309 [WARN] DbFile:41 - Overriding database path with different value: C:\Users\thepd\.stmcufinder\plugins\mcufinder/ => C:\Users\thepd\.stmcufinder\plugins\mcufinder
2026-01-12 20:04:57,310 [INFO] CrossReferenceDbSqlite:203 - Set database path to: C:\Users\thepd\.stmcufinder\plugins\mcufinder//mcu/cs/
2026-01-12 20:04:57,592 [INFO] MainPanel:272 - HeapMemory: 270532608
2026-01-12 20:04:57,985 [INFO] DbMcusXml:78 - Set database path to: C:\ST\STM32CubeIDE_1.17.0\STM32CubeIDE\plugins\com.st.stm32cube.common.mx_6.13.0.202411220809\\db\/mcu/
2026-01-12 20:04:57,986 [INFO] ApiDb:274 - Set plugin database path to: C:\ST\STM32CubeIDE_1.17.0\STM32CubeIDE\plugins\com.st.stm32cube.common.mx_6.13.0.202411220809\\db\/plugins/boardmanager/
2026-01-12 20:04:57,986 [INFO] ApiDb:261 - Set plugin images path to: C:\ST\STM32CubeIDE_1.17.0\STM32CubeIDE\plugins\com.st.stm32cube.common.mx_6.13.0.202411220809\\db\/plugins/mcufinder/images/
2026-01-12 20:04:57,987 [WARN] DbFile:41 - Overriding database path with different value: C:\Users\thepd\.stmcufinder\plugins\mcufinder/ => C:\Users\thepd\.stmcufinder\plugins\mcufinder
2026-01-12 20:04:57,987 [INFO] ApiDb:250 - Set database path to: C:\Users\thepd\.stmcufinder\plugins\mcufinder//mcu/
2026-01-12 20:04:57,987 [WARN] DbFile:41 - Overriding database path with different value: C:\Users\thepd\.stmcufinder\plugins\mcufinder/ => C:\Users\thepd\.stmcufinder\plugins\mcufinder
2026-01-12 20:04:57,988 [INFO] DbMcusAds:125 - Set database path to: C:\Users\thepd\.stmcufinder\plugins\mcufinder//mcu/
2026-01-12 20:04:57,988 [WARN] DbFile:41 - Overriding database path with different value: C:\Users\thepd\.stmcufinder\plugins\mcufinder/ => C:\Users\thepd\.stmcufinder\plugins\mcufinder
2026-01-12 20:04:57,988 [WARN] DbFile:41 - Overriding database path with different value: C:\Users\thepd\.stmcufinder\plugins\mcufinder/ => C:\Users\thepd\.stmcufinder\plugins\mcufinder
2026-01-12 20:04:57,989 [INFO] CrossReferenceDbSqlite:203 - Set database path to: C:\Users\thepd\.stmcufinder\plugins\mcufinder//mcu/cs/
2026-01-12 20:04:58,048 [INFO] ApplicationProperties:184 - Using Application install path: C:\ST\STM32CubeIDE_1.17.0\STM32CubeIDE\plugins\com.st.stm32cube.common.mx_6.13.0.202411220809
2026-01-12 20:04:58,052 [INFO] PluginManage:196 - Search for loadable plugins [exclusion list=, ]
2026-01-12 20:04:58,059 [INFO] PluginManage:310 - Check plugin analytics
2026-01-12 20:04:58,864 [INFO] AnalyticsPlugin:253 - Accepted Software Licenses: STM32CubeMX.6.4.0,STM32CubeMX.6.14.0
2026-01-12 20:04:58,865 [INFO] AnalyticsPlugin:255 - Accepted CMSIS Pack Licenses: 
2026-01-12 20:04:58,866 [INFO] AnalyticsPlugin:257 - Accepted Firmware Licenses: FW.G4.1.6.0,FW.G4.1.5.0,FW.F4.1.28.0
2026-01-12 20:04:58,876 [INFO] PluginManage:359 - Loaded plugin analytics (category:tool,tabindex:-1)
2026-01-12 20:04:58,877 [INFO] PluginManage:310 - Check plugin cadmodel
2026-01-12 20:04:58,955 [INFO] CADModel:105 - Init CAD model plugin
2026-01-12 20:04:58,956 [INFO] PluginManage:359 - Loaded plugin cadmodel (category:power,tabindex:5)
2026-01-12 20:04:58,957 [INFO] PluginManage:310 - Check plugin clock
2026-01-12 20:04:59,056 [INFO] PluginManage:359 - Loaded plugin clock (category:base,tabindex:2)
2026-01-12 20:04:59,057 [INFO] PluginManage:310 - Check plugin ddr
2026-01-12 20:04:59,067 [INFO] PluginManage:359 - Loaded plugin ddr (category:tool,tabindex:6)
2026-01-12 20:04:59,068 [INFO] PluginManage:310 - Check plugin filemanager
2026-01-12 20:04:59,630 [INFO] PluginManage:359 - Loaded plugin filemanager (category:base,tabindex:10)
2026-01-12 20:04:59,631 [INFO] PluginManage:310 - Check plugin ipmanager
2026-01-12 20:04:59,661 [INFO] PluginManage:359 - Loaded plugin ipmanager (category:base,tabindex:5)
2026-01-12 20:04:59,662 [INFO] PluginManage:310 - Check plugin lpbam
2026-01-12 20:04:59,704 [INFO] PluginManage:359 - Loaded plugin lpbam (category:base,tabindex:0)
2026-01-12 20:04:59,704 [INFO] PluginManage:310 - Check plugin memorymap
2026-01-12 20:04:59,774 [INFO] PluginManage:359 - Loaded plugin memorymap (category:base,tabindex:4)
2026-01-12 20:04:59,775 [INFO] PluginManage:310 - Check plugin pinoutandconfiguration
2026-01-12 20:04:59,843 [INFO] PluginManage:359 - Loaded plugin pinoutandconfiguration (category:base,tabindex:1)
2026-01-12 20:04:59,843 [INFO] PluginManage:310 - Check plugin pinoutconfig
2026-01-12 20:05:00,197 [WARN] SupportedApi:132 - Cannot load RTOS API schema: s4s-elt-must-match.1: The content of 'definitions' must match (annotation?, (simpleType | complexType)?, (unique | key | keyref)*)). A problem was found starting at: attribute.
2026-01-12 20:05:00,693 [INFO] PluginManage:359 - Loaded plugin pinoutconfig (category:base,tabindex:0)
2026-01-12 20:05:00,694 [INFO] PluginManage:310 - Check plugin power
2026-01-12 20:05:00,746 [INFO] PluginManage:359 - Loaded plugin power (category:power,tabindex:4)
2026-01-12 20:05:00,746 [INFO] PluginManage:310 - Check plugin projectmanager
2026-01-12 20:05:00,809 [INFO] PluginManage:359 - Loaded plugin projectmanager (category:projectmanager,tabindex:4)
2026-01-12 20:05:00,810 [INFO] PluginManage:310 - Check plugin rif
2026-01-12 20:05:00,850 [INFO] PluginManage:359 - Loaded plugin rif (category:base,tabindex:3)
2026-01-12 20:05:00,851 [INFO] PluginManage:310 - Check plugin thirdparty
2026-01-12 20:05:01,871 [WARN] IntegrityCheckThread:84 - waiting for thirdparty lock release [integrity check]
2026-01-12 20:05:01,872 [INFO] PluginManage:359 - Loaded plugin thirdparty (category:base,tabindex:-1)
2026-01-12 20:05:01,872 [INFO] IntegrityCheckThread:86 - entering critical section [integrity check]
2026-01-12 20:05:01,872 [INFO] PluginManage:310 - Check plugin tools
2026-01-12 20:05:01,874 [INFO] ThirdPartyUpdaterWithRetryManager:70 - Updater plugin not ready yet. [1/15]
2026-01-12 20:05:01,966 [INFO] PluginManage:359 - Loaded plugin tools (category:base,tabindex:7)
2026-01-12 20:05:01,966 [INFO] PluginManage:310 - Check plugin tutovideos
2026-01-12 20:05:02,599 [INFO] PluginManage:359 - Loaded plugin tutovideos (category:base,tabindex:-1)
2026-01-12 20:05:02,600 [INFO] PluginManage:310 - Check plugin updater
2026-01-12 20:05:02,676 [INFO] PluginManage:359 - Loaded plugin updater (category:base,tabindex:12)
2026-01-12 20:05:02,677 [INFO] PluginManage:310 - Check plugin userauth
2026-01-12 20:05:02,691 [INFO] UserAuth:118 - Init User Auth plugin
2026-01-12 20:05:02,697 [INFO] PluginManage:359 - Loaded plugin userauth (category:base,tabindex:14)
2026-01-12 20:05:02,698 [INFO] PluginManage:283 - PluginManage : Loaded plugins [18]
2026-01-12 20:05:03,438 [INFO] PinOutPanel:1589 - setPackage(No Configuration,No Configuration)
2026-01-12 20:05:03,780 [INFO] CADModel:165 - CPN selected for project level
2026-01-12 20:05:03,781 [INFO] CADModel:114 - Register for checkConnection events
2026-01-12 20:05:03,866 [INFO] IPUIPlugin:80 - create IPUIPlugin
2026-01-12 20:05:03,867 [INFO] PluginManager:220 - loadIPPluginJar : add adc
2026-01-12 20:05:04,025 [INFO] IPUIPlugin:80 - create IPUIPlugin
2026-01-12 20:05:04,025 [INFO] PluginManager:220 - loadIPPluginJar : add aes
2026-01-12 20:05:04,166 [INFO] IPUIPlugin:80 - create IPUIPlugin
2026-01-12 20:05:04,167 [INFO] PluginManager:220 - loadIPPluginJar : add can
2026-01-12 20:05:04,303 [INFO] IPUIPlugin:80 - create IPUIPlugin
2026-01-12 20:05:04,304 [INFO] PluginManager:220 - loadIPPluginJar : add comp
2026-01-12 20:05:04,441 [INFO] IPUIPlugin:80 - create IPUIPlugin
2026-01-12 20:05:04,442 [INFO] PluginManager:220 - loadIPPluginJar : add cryp
2026-01-12 20:05:04,488 [INFO] IPUIPlugin:80 - create IPUIPlugin
2026-01-12 20:05:04,489 [INFO] PluginManager:220 - loadIPPluginJar : add ddr_ctrl_phy
2026-01-12 20:05:04,560 [INFO] IPUIPlugin:80 - create IPUIPlugin
2026-01-12 20:05:04,560 [INFO] PluginManager:220 - loadIPPluginJar : add dfsdm
2026-01-12 20:05:04,611 [INFO] IPUIPlugin:80 - create IPUIPlugin
2026-01-12 20:05:04,612 [INFO] PluginManager:220 - loadIPPluginJar : add dma
2026-01-12 20:05:04,716 [INFO] IPUIPlugin:80 - create IPUIPlugin
2026-01-12 20:05:04,716 [INFO] PluginManager:220 - loadIPPluginJar : add dma3
2026-01-12 20:05:04,885 [INFO] IPUIPlugin:80 - create IPUIPlugin
2026-01-12 20:05:04,885 [INFO] ThirdPartyUpdaterWithRetryManager:70 - Updater plugin not ready yet. [2/15]
2026-01-12 20:05:04,886 [INFO] PluginManager:220 - loadIPPluginJar : add extmemmanager
2026-01-12 20:05:04,932 [INFO] IPUIPlugin:80 - create IPUIPlugin
2026-01-12 20:05:04,932 [INFO] PluginManager:220 - loadIPPluginJar : add fatfs
2026-01-12 20:05:05,063 [INFO] IPUIPlugin:80 - create IPUIPlugin
2026-01-12 20:05:05,063 [INFO] PluginManager:220 - loadIPPluginJar : add fmc
2026-01-12 20:05:05,126 [INFO] IPUIPlugin:80 - create IPUIPlugin
2026-01-12 20:05:05,126 [INFO] PluginManager:220 - loadIPPluginJar : add freertos
2026-01-12 20:05:05,186 [INFO] IPUIPlugin:80 - create IPUIPlugin
2026-01-12 20:05:05,187 [INFO] PluginManager:220 - loadIPPluginJar : add genericplugin
2026-01-12 20:05:05,544 [INFO] IPUIPlugin:80 - create IPUIPlugin
2026-01-12 20:05:05,544 [INFO] PluginManager:220 - loadIPPluginJar : add gfxmmu
2026-01-12 20:05:06,080 [INFO] IPUIPlugin:80 - create IPUIPlugin
2026-01-12 20:05:06,081 [INFO] PluginManager:220 - loadIPPluginJar : add gic
2026-01-12 20:05:06,110 [INFO] IPUIPlugin:80 - create IPUIPlugin
2026-01-12 20:05:06,111 [INFO] PluginManager:220 - loadIPPluginJar : add gpio
2026-01-12 20:05:06,479 [INFO] IPUIPlugin:80 - create IPUIPlugin
2026-01-12 20:05:06,479 [INFO] PluginManager:220 - loadIPPluginJar : add gtzc
2026-01-12 20:05:06,621 [INFO] IPUIPlugin:80 - create IPUIPlugin
2026-01-12 20:05:06,621 [INFO] PluginManager:220 - loadIPPluginJar : add hash
2026-01-12 20:05:06,784 [INFO] IPUIPlugin:80 - create IPUIPlugin
2026-01-12 20:05:06,785 [INFO] PluginManager:220 - loadIPPluginJar : add i2c
2026-01-12 20:05:06,949 [INFO] IPUIPlugin:80 - create IPUIPlugin
2026-01-12 20:05:06,950 [INFO] PluginManager:220 - loadIPPluginJar : add i2s
2026-01-12 20:05:07,122 [INFO] IPUIPlugin:80 - create IPUIPlugin
2026-01-12 20:05:07,123 [INFO] PluginManager:220 - loadIPPluginJar : add i3c
2026-01-12 20:05:07,525 [INFO] IPUIPlugin:80 - create IPUIPlugin
2026-01-12 20:05:07,526 [INFO] PluginManager:220 - loadIPPluginJar : add ipddr
2026-01-12 20:05:07,900 [INFO] ThirdPartyUpdaterWithRetryManager:70 - Updater plugin not ready yet. [3/15]
2026-01-12 20:05:07,924 [INFO] IPUIPlugin:80 - create IPUIPlugin
2026-01-12 20:05:07,925 [INFO] PluginManager:220 - loadIPPluginJar : add linkedlist
2026-01-12 20:05:08,075 [INFO] IPUIPlugin:80 - create IPUIPlugin
2026-01-12 20:05:08,075 [INFO] PluginManager:220 - loadIPPluginJar : add lorawan
2026-01-12 20:05:08,242 [INFO] IPUIPlugin:80 - create IPUIPlugin
2026-01-12 20:05:08,242 [INFO] PluginManager:220 - loadIPPluginJar : add ltdc
2026-01-12 20:05:08,288 [INFO] IPUIPlugin:80 - create IPUIPlugin
2026-01-12 20:05:08,288 [INFO] PluginManager:220 - loadIPPluginJar : add mdma
2026-01-12 20:05:08,339 [INFO] IPUIPlugin:80 - create IPUIPlugin
2026-01-12 20:05:08,339 [INFO] PluginManager:220 - loadIPPluginJar : add nvic
2026-01-12 20:05:08,496 [INFO] IPUIPlugin:80 - create IPUIPlugin
2026-01-12 20:05:08,496 [INFO] PluginManager:220 - loadIPPluginJar : add opamp
2026-01-12 20:05:08,763 [INFO] IPUIPlugin:80 - create IPUIPlugin
2026-01-12 20:05:08,763 [INFO] PluginManager:220 - loadIPPluginJar : add openamp
2026-01-12 20:05:08,948 [INFO] IPUIPlugin:80 - create IPUIPlugin
2026-01-12 20:05:08,949 [INFO] PluginManager:220 - loadIPPluginJar : add pdm2pcm
2026-01-12 20:05:09,001 [INFO] IPUIPlugin:80 - create IPUIPlugin
2026-01-12 20:05:09,007 [INFO] PluginManager:220 - loadIPPluginJar : add plateformsettings
2026-01-12 20:05:09,050 [INFO] IPUIPlugin:80 - create IPUIPlugin
2026-01-12 20:05:09,050 [INFO] PluginManager:220 - loadIPPluginJar : add quadspi
2026-01-12 20:05:09,159 [INFO] IPUIPlugin:80 - create IPUIPlugin
2026-01-12 20:05:09,161 [INFO] PluginManager:220 - loadIPPluginJar : add radio
2026-01-12 20:05:09,194 [INFO] IPUIPlugin:80 - create IPUIPlugin
2026-01-12 20:05:09,194 [INFO] PluginManager:220 - loadIPPluginJar : add resmgrutility
2026-01-12 20:05:09,342 [INFO] IPUIPlugin:80 - create IPUIPlugin
2026-01-12 20:05:09,342 [INFO] PluginManager:220 - loadIPPluginJar : add sai
2026-01-12 20:05:09,458 [INFO] IPUIPlugin:80 - create IPUIPlugin
2026-01-12 20:05:09,459 [INFO] PluginManager:220 - loadIPPluginJar : add spi
2026-01-12 20:05:09,737 [INFO] IPUIPlugin:80 - create IPUIPlugin
2026-01-12 20:05:09,738 [INFO] PluginManager:220 - loadIPPluginJar : add stm32_wpan
2026-01-12 20:05:09,794 [INFO] IPUIPlugin:80 - create IPUIPlugin
2026-01-12 20:05:09,795 [INFO] PluginManager:220 - loadIPPluginJar : add tim
2026-01-12 20:05:10,044 [INFO] IPUIPlugin:80 - create IPUIPlugin
2026-01-12 20:05:10,046 [INFO] PluginManager:220 - loadIPPluginJar : add touchsensing
2026-01-12 20:05:10,146 [INFO] IPUIPlugin:80 - create IPUIPlugin
2026-01-12 20:05:10,147 [INFO] PluginManager:220 - loadIPPluginJar : add tracer_emb
2026-01-12 20:05:10,226 [INFO] IPUIPlugin:80 - create IPUIPlugin
2026-01-12 20:05:10,227 [INFO] PluginManager:220 - loadIPPluginJar : add ts
2026-01-12 20:05:10,319 [INFO] IPUIPlugin:80 - create IPUIPlugin
2026-01-12 20:05:10,319 [INFO] PluginManager:220 - loadIPPluginJar : add tsc
2026-01-12 20:05:10,409 [INFO] IPUIPlugin:80 - create IPUIPlugin
2026-01-12 20:05:10,409 [INFO] PluginManager:220 - loadIPPluginJar : add ucpd
2026-01-12 20:05:10,552 [INFO] IPUIPlugin:80 - create IPUIPlugin
2026-01-12 20:05:10,553 [INFO] PluginManager:220 - loadIPPluginJar : add usart
2026-01-12 20:05:10,742 [INFO] IPUIPlugin:80 - create IPUIPlugin
2026-01-12 20:05:10,742 [INFO] PluginManager:220 - loadIPPluginJar : add usbx
2026-01-12 20:05:10,911 [INFO] ThirdPartyUpdaterWithRetryManager:70 - Updater plugin not ready yet. [4/15]
2026-01-12 20:05:11,039 [FATAL] Updater:351 - Updater called before beeing initialized
2026-01-12 20:05:11,143 [INFO] RulesReader:64 - Compatibility file has been processed (297 Rules)
2026-01-12 20:05:11,185 [INFO] RulesReader:64 - Compatibility file has been processed (297 Rules)
2026-01-12 20:05:11,218 [INFO] CADModel:165 - CPN selected for project level
2026-01-12 20:05:11,219 [INFO] CADModel:114 - Register for checkConnection events
2026-01-12 20:05:11,219 [FATAL] Updater:351 - Updater called before beeing initialized
2026-01-12 20:05:11,220 [ERROR] CADModel:125 - Updater not yet initialized, retry later 
2026-01-12 20:05:11,821 [FATAL] Updater:351 - Updater called before beeing initialized
2026-01-12 20:05:11,829 [INFO] CADModel:165 - CPN selected for project level
2026-01-12 20:05:11,830 [INFO] CADModel:114 - Register for checkConnection events
2026-01-12 20:05:11,830 [FATAL] Updater:351 - Updater called before beeing initialized
2026-01-12 20:05:11,830 [ERROR] CADModel:125 - Updater not yet initialized, retry later 
2026-01-12 20:05:11,842 [FATAL] Updater:351 - Updater called before beeing initialized
2026-01-12 20:05:12,182 [FATAL] Updater:351 - Updater called before beeing initialized
2026-01-12 20:05:12,220 [INFO] DbMcusAds:53 - JSON generation date=Thu Mar 06 15:54:21 CET 2025 (1741272861825)
2026-01-12 20:05:12,221 [FATAL] Updater:351 - Updater called before beeing initialized
2026-01-12 20:05:12,423 [WARN] DetailPanel:346 - Failed to get advertising image, set to default
2026-01-12 20:05:13,514 [FATAL] Updater:351 - Updater called before beeing initialized
2026-01-12 20:05:13,521 [FATAL] Updater:351 - Updater called before beeing initialized
2026-01-12 20:05:13,522 [FATAL] Updater:351 - Updater called before beeing initialized
2026-01-12 20:05:13,522 [WARN] DetailPanel:346 - Failed to get advertising image, set to default
2026-01-12 20:05:13,526 [FATAL] Updater:351 - Updater called before beeing initialized
2026-01-12 20:05:13,741 [ERROR] Updater:1198 - MainUpdater not yet initialized. External WinMGr cannot be set.
2026-01-12 20:05:13,780 [INFO] Updater:1134 - Updater Version found : 6.13.0
2026-01-12 20:05:13,833 [INFO] ApplicationProperties:184 - Using Application install path: C:\ST\STM32CubeIDE_1.17.0\STM32CubeIDE\plugins\com.st.stm32cube.common.mx_6.13.0.202411220809
2026-01-12 20:05:13,924 [FATAL] Updater:351 - Updater called before beeing initialized
2026-01-12 20:05:13,925 [ERROR] IntegrityCheckThread:130 - Cannot retrieve database content from updater: error 21
2026-01-12 20:05:13,926 [INFO] ThirdParty:978 - Integrity check success = false
2026-01-12 20:05:13,926 [INFO] IntegrityCheckThread:100 - exiting critical section [integrity check]
2026-01-12 20:05:13,926 [INFO] IntegrityCheckThread:103 - End integrity checks thread
2026-01-12 20:05:15,205 [INFO] MainUpdater:2872 - connection check result : 10
2026-01-12 20:05:15,206 [INFO] MainUpdater:3566 - Updater definition file requires update
2026-01-12 20:05:15,208 [INFO] MainUpdater:289 - Updater Check For Update Now.
2026-01-12 20:05:15,209 [INFO] MicroXplorer:498 - Change Database Version : DB.6.0.130
2026-01-12 20:05:15,264 [INFO] McuFinderGlobals:63 - Set McuFinder mode to 2 (CubeIDE integrated)
2026-01-12 20:05:15,293 [INFO] UserAuth:486 - Internet connection configuration mode: 1
2026-01-12 20:05:15,312 [INFO] ServerAccessManage:473 - Download File updaters.zip
2026-01-12 20:05:15,377 [INFO] JxBrowserEngine:152 - Initiate JxBrowser Engine with user profile folder
2026-01-12 20:05:15,625 [INFO] FileExtend:240 - Unzip File : updaters.zip
2026-01-12 20:05:15,626 [INFO] FileExtend:255 - Standard Zip Deflate
2026-01-12 20:05:19,372 [INFO] ServerAccessManage:473 - Download File PacksControlFlags.xml
2026-01-12 20:05:20,099 [INFO] ServerAccessManage:473 - Download File cubemx.pidx
2026-01-12 20:05:20,667 [INFO] WebApp:168 - Instantiating new browser for Auth
2026-01-12 20:05:20,808 [INFO] LoadServerUpdatesThread:375 - End of LoadServerUpdate Thread
2026-01-12 20:05:21,309 [INFO] CheckServerUpdateThread:120 - End of CheckServer Thread
2026-01-12 20:05:23,234 [INFO] WebApp:449 - Apply proxy settings
2026-01-12 20:05:23,235 [INFO] WebApp:534 - Chromium requires no authentication
2026-01-12 20:05:23,266 [INFO] WebApp:477 - Direct internet connection detected
2026-01-12 20:05:23,352 [INFO] WebApp:880 - Register for checkConnection events
2026-01-12 20:05:23,353 [INFO] WebApp:449 - Apply proxy settings
2026-01-12 20:05:23,353 [INFO] WebApp:534 - Chromium requires no authentication
2026-01-12 20:05:23,355 [INFO] WebApp:477 - Direct internet connection detected
2026-01-12 20:05:23,632 [INFO] WebApp:187 - Connection restablished
2026-01-12 20:05:24,112 [INFO] WebApp:221 - Starting web application
2026-01-12 20:05:24,112 [INFO] WebApp:579 - Web application path used C:\ST\STM32CubeIDE_1.17.0\STM32CubeIDE\plugins\com.st.stm32cube.common.mx_6.13.0.202411220809\db\plugins\mcufinder\reactClient1\index.html
2026-01-12 20:05:24,698 [INFO] UserAuth:486 - Internet connection configuration mode: 1
2026-01-12 20:45:17,758 [ERROR] LogOutputStream:75 - [STDERR_REDIRECT] 
2026-01-12 20:45:56,024 [INFO] Activator:176 - 


2026-01-12 20:45:56,028 [INFO] Activator:177 - !SESSION log4j initialized
2026-01-12 20:46:03,356 [INFO] LogOutputStream:77 - [STDOUT_REDIRECT] 
2026-01-12 20:46:04,324 [INFO] ApplicationProperties:184 - Using Application install path: C:\ST\STM32CubeIDE_1.17.0\STM32CubeIDE\plugins\com.st.stm32cube.common.mx_6.13.0.202411220809
2026-01-12 20:46:04,344 [INFO] DbMcusXml:78 - Set database path to: C:\ST\STM32CubeIDE_1.17.0\STM32CubeIDE\plugins\com.st.stm32cube.common.mx_6.13.0.202411220809\\db\/mcu/
2026-01-12 20:46:04,345 [INFO] ApiDb:274 - Set plugin database path to: C:\ST\STM32CubeIDE_1.17.0\STM32CubeIDE\plugins\com.st.stm32cube.common.mx_6.13.0.202411220809\\db\/plugins/boardmanager/
2026-01-12 20:46:04,345 [WARN] ApiDb:259 - Overriding images path with different value:  => C:\ST\STM32CubeIDE_1.17.0\STM32CubeIDE\plugins\com.st.stm32cube.common.mx_6.13.0.202411220809\\db\/plugins/mcufinder/images/
2026-01-12 20:46:04,353 [INFO] ApiDb:250 - Set database path to: C:\Users\thepd\.stmcufinder\plugins\mcufinder//mcu/
2026-01-12 20:46:04,354 [INFO] DbMcusAds:125 - Set database path to: C:\Users\thepd\.stmcufinder\plugins\mcufinder//mcu/
2026-01-12 20:46:04,356 [INFO] CrossReferenceDbSqlite:203 - Set database path to: C:\Users\thepd\.stmcufinder\plugins\mcufinder//mcu/cs/
2026-01-12 20:46:04,491 [INFO] RulesReader:64 - Compatibility file has been processed (297 Rules)
2026-01-12 20:46:04,598 [INFO] DbMcusXml:78 - Set database path to: C:\ST\STM32CubeIDE_1.17.0\STM32CubeIDE\plugins\com.st.stm32cube.common.mx_6.13.0.202411220809\\db\/mcu/
2026-01-12 20:46:04,598 [INFO] ApiDb:274 - Set plugin database path to: C:\ST\STM32CubeIDE_1.17.0\STM32CubeIDE\plugins\com.st.stm32cube.common.mx_6.13.0.202411220809\\db\/plugins/boardmanager/
2026-01-12 20:46:04,598 [INFO] ApiDb:261 - Set plugin images path to: C:\ST\STM32CubeIDE_1.17.0\STM32CubeIDE\plugins\com.st.stm32cube.common.mx_6.13.0.202411220809\\db\/plugins/mcufinder/images/
2026-01-12 20:46:04,598 [WARN] DbFile:41 - Overriding database path with different value: C:\Users\thepd\.stmcufinder\plugins\mcufinder/ => C:\Users\thepd\.stmcufinder\plugins\mcufinder
2026-01-12 20:46:04,598 [INFO] ApiDb:250 - Set database path to: C:\Users\thepd\.stmcufinder\plugins\mcufinder//mcu/
2026-01-12 20:46:04,599 [WARN] DbFile:41 - Overriding database path with different value: C:\Users\thepd\.stmcufinder\plugins\mcufinder/ => C:\Users\thepd\.stmcufinder\plugins\mcufinder
2026-01-12 20:46:04,599 [INFO] DbMcusAds:125 - Set database path to: C:\Users\thepd\.stmcufinder\plugins\mcufinder//mcu/
2026-01-12 20:46:04,599 [WARN] DbFile:41 - Overriding database path with different value: C:\Users\thepd\.stmcufinder\plugins\mcufinder/ => C:\Users\thepd\.stmcufinder\plugins\mcufinder
2026-01-12 20:46:04,599 [WARN] DbFile:41 - Overriding database path with different value: C:\Users\thepd\.stmcufinder\plugins\mcufinder/ => C:\Users\thepd\.stmcufinder\plugins\mcufinder
2026-01-12 20:46:04,599 [INFO] CrossReferenceDbSqlite:203 - Set database path to: C:\Users\thepd\.stmcufinder\plugins\mcufinder//mcu/cs/
2026-01-12 20:46:04,686 [INFO] MainPanel:272 - HeapMemory: 268435456
2026-01-12 20:46:04,781 [INFO] DbMcusXml:78 - Set database path to: C:\ST\STM32CubeIDE_1.17.0\STM32CubeIDE\plugins\com.st.stm32cube.common.mx_6.13.0.202411220809\\db\/mcu/
2026-01-12 20:46:04,781 [INFO] ApiDb:274 - Set plugin database path to: C:\ST\STM32CubeIDE_1.17.0\STM32CubeIDE\plugins\com.st.stm32cube.common.mx_6.13.0.202411220809\\db\/plugins/boardmanager/
2026-01-12 20:46:04,781 [INFO] ApiDb:261 - Set plugin images path to: C:\ST\STM32CubeIDE_1.17.0\STM32CubeIDE\plugins\com.st.stm32cube.common.mx_6.13.0.202411220809\\db\/plugins/mcufinder/images/
2026-01-12 20:46:04,782 [WARN] DbFile:41 - Overriding database path with different value: C:\Users\thepd\.stmcufinder\plugins\mcufinder/ => C:\Users\thepd\.stmcufinder\plugins\mcufinder
2026-01-12 20:46:04,782 [INFO] ApiDb:250 - Set database path to: C:\Users\thepd\.stmcufinder\plugins\mcufinder//mcu/
2026-01-12 20:46:04,782 [WARN] DbFile:41 - Overriding database path with different value: C:\Users\thepd\.stmcufinder\plugins\mcufinder/ => C:\Users\thepd\.stmcufinder\plugins\mcufinder
2026-01-12 20:46:04,782 [INFO] DbMcusAds:125 - Set database path to: C:\Users\thepd\.stmcufinder\plugins\mcufinder//mcu/
2026-01-12 20:46:04,782 [WARN] DbFile:41 - Overriding database path with different value: C:\Users\thepd\.stmcufinder\plugins\mcufinder/ => C:\Users\thepd\.stmcufinder\plugins\mcufinder
2026-01-12 20:46:04,782 [WARN] DbFile:41 - Overriding database path with different value: C:\Users\thepd\.stmcufinder\plugins\mcufinder/ => C:\Users\thepd\.stmcufinder\plugins\mcufinder
2026-01-12 20:46:04,783 [INFO] CrossReferenceDbSqlite:203 - Set database path to: C:\Users\thepd\.stmcufinder\plugins\mcufinder//mcu/cs/
2026-01-12 20:46:04,804 [INFO] ApplicationProperties:184 - Using Application install path: C:\ST\STM32CubeIDE_1.17.0\STM32CubeIDE\plugins\com.st.stm32cube.common.mx_6.13.0.202411220809
2026-01-12 20:46:04,806 [INFO] PluginManage:196 - Search for loadable plugins [exclusion list=, ]
2026-01-12 20:46:04,807 [INFO] PluginManage:310 - Check plugin analytics
2026-01-12 20:46:05,087 [INFO] AnalyticsPlugin:253 - Accepted Software Licenses: STM32CubeMX.6.4.0,STM32CubeMX.6.14.0
2026-01-12 20:46:05,087 [INFO] AnalyticsPlugin:255 - Accepted CMSIS Pack Licenses: 
2026-01-12 20:46:05,087 [INFO] AnalyticsPlugin:257 - Accepted Firmware Licenses: FW.G4.1.6.0,FW.G4.1.5.0,FW.F4.1.28.0
2026-01-12 20:46:05,091 [INFO] PluginManage:359 - Loaded plugin analytics (category:tool,tabindex:-1)
2026-01-12 20:46:05,091 [INFO] PluginManage:310 - Check plugin cadmodel
2026-01-12 20:46:05,096 [INFO] CADModel:105 - Init CAD model plugin
2026-01-12 20:46:05,096 [INFO] PluginManage:359 - Loaded plugin cadmodel (category:power,tabindex:5)
2026-01-12 20:46:05,098 [INFO] PluginManage:310 - Check plugin clock
2026-01-12 20:46:05,125 [INFO] PluginManage:359 - Loaded plugin clock (category:base,tabindex:2)
2026-01-12 20:46:05,125 [INFO] PluginManage:310 - Check plugin ddr
2026-01-12 20:46:05,129 [INFO] PluginManage:359 - Loaded plugin ddr (category:tool,tabindex:6)
2026-01-12 20:46:05,129 [INFO] PluginManage:310 - Check plugin filemanager
2026-01-12 20:46:05,335 [INFO] PluginManage:359 - Loaded plugin filemanager (category:base,tabindex:10)
2026-01-12 20:46:05,335 [INFO] PluginManage:310 - Check plugin ipmanager
2026-01-12 20:46:05,345 [INFO] PluginManage:359 - Loaded plugin ipmanager (category:base,tabindex:5)
2026-01-12 20:46:05,345 [INFO] PluginManage:310 - Check plugin lpbam
2026-01-12 20:46:05,354 [INFO] PluginManage:359 - Loaded plugin lpbam (category:base,tabindex:0)
2026-01-12 20:46:05,354 [INFO] PluginManage:310 - Check plugin memorymap
2026-01-12 20:46:05,365 [INFO] PluginManage:359 - Loaded plugin memorymap (category:base,tabindex:4)
2026-01-12 20:46:05,365 [INFO] PluginManage:310 - Check plugin pinoutandconfiguration
2026-01-12 20:46:05,374 [INFO] PluginManage:359 - Loaded plugin pinoutandconfiguration (category:base,tabindex:1)
2026-01-12 20:46:05,374 [INFO] PluginManage:310 - Check plugin pinoutconfig
2026-01-12 20:46:05,482 [WARN] SupportedApi:132 - Cannot load RTOS API schema: s4s-elt-must-match.1: The content of 'definitions' must match (annotation?, (simpleType | complexType)?, (unique | key | keyref)*)). A problem was found starting at: attribute.
2026-01-12 20:46:05,653 [INFO] PluginManage:359 - Loaded plugin pinoutconfig (category:base,tabindex:0)
2026-01-12 20:46:05,654 [INFO] PluginManage:310 - Check plugin power
2026-01-12 20:46:05,664 [INFO] PluginManage:359 - Loaded plugin power (category:power,tabindex:4)
2026-01-12 20:46:05,664 [INFO] PluginManage:310 - Check plugin projectmanager
2026-01-12 20:46:05,697 [INFO] PluginManage:359 - Loaded plugin projectmanager (category:projectmanager,tabindex:4)
2026-01-12 20:46:05,698 [INFO] PluginManage:310 - Check plugin rif
2026-01-12 20:46:05,708 [INFO] PluginManage:359 - Loaded plugin rif (category:base,tabindex:3)
2026-01-12 20:46:05,708 [INFO] PluginManage:310 - Check plugin thirdparty
2026-01-12 20:46:05,910 [INFO] PluginManage:359 - Loaded plugin thirdparty (category:base,tabindex:-1)
2026-01-12 20:46:05,910 [INFO] PluginManage:310 - Check plugin tools
2026-01-12 20:46:05,910 [WARN] IntegrityCheckThread:84 - waiting for thirdparty lock release [integrity check]
2026-01-12 20:46:05,910 [INFO] IntegrityCheckThread:86 - entering critical section [integrity check]
2026-01-12 20:46:05,910 [INFO] ThirdPartyUpdaterWithRetryManager:70 - Updater plugin not ready yet. [1/15]
2026-01-12 20:46:05,915 [INFO] PluginManage:359 - Loaded plugin tools (category:base,tabindex:7)
2026-01-12 20:46:05,916 [INFO] PluginManage:310 - Check plugin tutovideos
2026-01-12 20:46:06,115 [INFO] PluginManage:359 - Loaded plugin tutovideos (category:base,tabindex:-1)
2026-01-12 20:46:06,115 [INFO] PluginManage:310 - Check plugin updater
2026-01-12 20:46:06,144 [INFO] PluginManage:359 - Loaded plugin updater (category:base,tabindex:12)
2026-01-12 20:46:06,144 [INFO] PluginManage:310 - Check plugin userauth
2026-01-12 20:46:06,149 [INFO] UserAuth:118 - Init User Auth plugin
2026-01-12 20:46:06,150 [INFO] PluginManage:359 - Loaded plugin userauth (category:base,tabindex:14)
2026-01-12 20:46:06,151 [INFO] PluginManage:283 - PluginManage : Loaded plugins [18]
2026-01-12 20:46:06,460 [INFO] PinOutPanel:1589 - setPackage(No Configuration,No Configuration)
2026-01-12 20:46:06,619 [INFO] CADModel:165 - CPN selected for project level
2026-01-12 20:46:06,619 [INFO] CADModel:114 - Register for checkConnection events
2026-01-12 20:46:06,635 [INFO] IPUIPlugin:80 - create IPUIPlugin
2026-01-12 20:46:06,636 [INFO] PluginManager:220 - loadIPPluginJar : add adc
2026-01-12 20:46:06,638 [INFO] IPUIPlugin:80 - create IPUIPlugin
2026-01-12 20:46:06,639 [INFO] PluginManager:220 - loadIPPluginJar : add aes
2026-01-12 20:46:06,641 [INFO] IPUIPlugin:80 - create IPUIPlugin
2026-01-12 20:46:06,641 [INFO] PluginManager:220 - loadIPPluginJar : add can
2026-01-12 20:46:06,643 [INFO] IPUIPlugin:80 - create IPUIPlugin
2026-01-12 20:46:06,643 [INFO] PluginManager:220 - loadIPPluginJar : add comp
2026-01-12 20:46:06,645 [INFO] IPUIPlugin:80 - create IPUIPlugin
2026-01-12 20:46:06,645 [INFO] PluginManager:220 - loadIPPluginJar : add cryp
2026-01-12 20:46:06,647 [INFO] IPUIPlugin:80 - create IPUIPlugin
2026-01-12 20:46:06,647 [INFO] PluginManager:220 - loadIPPluginJar : add ddr_ctrl_phy
2026-01-12 20:46:06,650 [INFO] IPUIPlugin:80 - create IPUIPlugin
2026-01-12 20:46:06,650 [INFO] PluginManager:220 - loadIPPluginJar : add dfsdm
2026-01-12 20:46:06,655 [INFO] IPUIPlugin:80 - create IPUIPlugin
2026-01-12 20:46:06,656 [INFO] PluginManager:220 - loadIPPluginJar : add dma
2026-01-12 20:46:06,658 [INFO] IPUIPlugin:80 - create IPUIPlugin
2026-01-12 20:46:06,658 [INFO] PluginManager:220 - loadIPPluginJar : add dma3
2026-01-12 20:46:06,661 [INFO] IPUIPlugin:80 - create IPUIPlugin
2026-01-12 20:46:06,661 [INFO] PluginManager:220 - loadIPPluginJar : add extmemmanager
2026-01-12 20:46:06,662 [INFO] IPUIPlugin:80 - create IPUIPlugin
2026-01-12 20:46:06,662 [INFO] PluginManager:220 - loadIPPluginJar : add fatfs
2026-01-12 20:46:06,666 [INFO] IPUIPlugin:80 - create IPUIPlugin
2026-01-12 20:46:06,666 [INFO] PluginManager:220 - loadIPPluginJar : add fmc
2026-01-12 20:46:06,671 [INFO] IPUIPlugin:80 - create IPUIPlugin
2026-01-12 20:46:06,671 [INFO] PluginManager:220 - loadIPPluginJar : add freertos
2026-01-12 20:46:06,675 [INFO] IPUIPlugin:80 - create IPUIPlugin
2026-01-12 20:46:06,675 [INFO] PluginManager:220 - loadIPPluginJar : add genericplugin
2026-01-12 20:46:06,677 [INFO] IPUIPlugin:80 - create IPUIPlugin
2026-01-12 20:46:06,677 [INFO] PluginManager:220 - loadIPPluginJar : add gfxmmu
2026-01-12 20:46:06,683 [INFO] IPUIPlugin:80 - create IPUIPlugin
2026-01-12 20:46:06,683 [INFO] PluginManager:220 - loadIPPluginJar : add gic
2026-01-12 20:46:06,688 [INFO] IPUIPlugin:80 - create IPUIPlugin
2026-01-12 20:46:06,688 [INFO] PluginManager:220 - loadIPPluginJar : add gpio
2026-01-12 20:46:06,691 [INFO] IPUIPlugin:80 - create IPUIPlugin
2026-01-12 20:46:06,691 [INFO] PluginManager:220 - loadIPPluginJar : add gtzc
2026-01-12 20:46:06,694 [INFO] IPUIPlugin:80 - create IPUIPlugin
2026-01-12 20:46:06,694 [INFO] PluginManager:220 - loadIPPluginJar : add hash
2026-01-12 20:46:06,698 [INFO] IPUIPlugin:80 - create IPUIPlugin
2026-01-12 20:46:06,698 [INFO] PluginManager:220 - loadIPPluginJar : add i2c
2026-01-12 20:46:06,701 [INFO] IPUIPlugin:80 - create IPUIPlugin
2026-01-12 20:46:06,701 [INFO] PluginManager:220 - loadIPPluginJar : add i2s
2026-01-12 20:46:06,705 [INFO] IPUIPlugin:80 - create IPUIPlugin
2026-01-12 20:46:06,706 [INFO] PluginManager:220 - loadIPPluginJar : add i3c
2026-01-12 20:46:06,711 [INFO] IPUIPlugin:80 - create IPUIPlugin
2026-01-12 20:46:06,711 [INFO] PluginManager:220 - loadIPPluginJar : add ipddr
2026-01-12 20:46:06,724 [INFO] IPUIPlugin:80 - create IPUIPlugin
2026-01-12 20:46:06,724 [INFO] PluginManager:220 - loadIPPluginJar : add linkedlist
2026-01-12 20:46:06,730 [INFO] IPUIPlugin:80 - create IPUIPlugin
2026-01-12 20:46:06,731 [INFO] PluginManager:220 - loadIPPluginJar : add lorawan
2026-01-12 20:46:06,733 [INFO] IPUIPlugin:80 - create IPUIPlugin
2026-01-12 20:46:06,733 [INFO] PluginManager:220 - loadIPPluginJar : add ltdc
2026-01-12 20:46:06,743 [INFO] IPUIPlugin:80 - create IPUIPlugin
2026-01-12 20:46:06,744 [INFO] PluginManager:220 - loadIPPluginJar : add mdma
2026-01-12 20:46:06,753 [INFO] IPUIPlugin:80 - create IPUIPlugin
2026-01-12 20:46:06,753 [INFO] PluginManager:220 - loadIPPluginJar : add nvic
2026-01-12 20:46:06,758 [INFO] IPUIPlugin:80 - create IPUIPlugin
2026-01-12 20:46:06,758 [INFO] PluginManager:220 - loadIPPluginJar : add opamp
2026-01-12 20:46:06,765 [INFO] IPUIPlugin:80 - create IPUIPlugin
2026-01-12 20:46:06,766 [INFO] PluginManager:220 - loadIPPluginJar : add openamp
2026-01-12 20:46:06,769 [INFO] IPUIPlugin:80 - create IPUIPlugin
2026-01-12 20:46:06,769 [INFO] PluginManager:220 - loadIPPluginJar : add pdm2pcm
2026-01-12 20:46:06,776 [INFO] IPUIPlugin:80 - create IPUIPlugin
2026-01-12 20:46:06,786 [INFO] PluginManager:220 - loadIPPluginJar : add plateformsettings
2026-01-12 20:46:06,788 [INFO] IPUIPlugin:80 - create IPUIPlugin
2026-01-12 20:46:06,788 [INFO] PluginManager:220 - loadIPPluginJar : add quadspi
2026-01-12 20:46:06,790 [INFO] IPUIPlugin:80 - create IPUIPlugin
2026-01-12 20:46:06,791 [INFO] PluginManager:220 - loadIPPluginJar : add radio
2026-01-12 20:46:06,795 [INFO] IPUIPlugin:80 - create IPUIPlugin
2026-01-12 20:46:06,795 [INFO] PluginManager:220 - loadIPPluginJar : add resmgrutility
2026-01-12 20:46:06,798 [INFO] IPUIPlugin:80 - create IPUIPlugin
2026-01-12 20:46:06,798 [INFO] PluginManager:220 - loadIPPluginJar : add sai
2026-01-12 20:46:06,801 [INFO] IPUIPlugin:80 - create IPUIPlugin
2026-01-12 20:46:06,801 [INFO] PluginManager:220 - loadIPPluginJar : add spi
2026-01-12 20:46:06,807 [INFO] IPUIPlugin:80 - create IPUIPlugin
2026-01-12 20:46:06,807 [INFO] PluginManager:220 - loadIPPluginJar : add stm32_wpan
2026-01-12 20:46:06,810 [INFO] IPUIPlugin:80 - create IPUIPlugin
2026-01-12 20:46:06,810 [INFO] PluginManager:220 - loadIPPluginJar : add tim
2026-01-12 20:46:06,815 [INFO] IPUIPlugin:80 - create IPUIPlugin
2026-01-12 20:46:06,815 [INFO] PluginManager:220 - loadIPPluginJar : add touchsensing
2026-01-12 20:46:06,818 [INFO] IPUIPlugin:80 - create IPUIPlugin
2026-01-12 20:46:06,818 [INFO] PluginManager:220 - loadIPPluginJar : add tracer_emb
2026-01-12 20:46:06,821 [INFO] IPUIPlugin:80 - create IPUIPlugin
2026-01-12 20:46:06,821 [INFO] PluginManager:220 - loadIPPluginJar : add ts
2026-01-12 20:46:06,823 [INFO] IPUIPlugin:80 - create IPUIPlugin
2026-01-12 20:46:06,823 [INFO] PluginManager:220 - loadIPPluginJar : add tsc
2026-01-12 20:46:06,825 [INFO] IPUIPlugin:80 - create IPUIPlugin
2026-01-12 20:46:06,826 [INFO] PluginManager:220 - loadIPPluginJar : add ucpd
2026-01-12 20:46:06,829 [INFO] IPUIPlugin:80 - create IPUIPlugin
2026-01-12 20:46:06,829 [INFO] PluginManager:220 - loadIPPluginJar : add usart
2026-01-12 20:46:06,833 [INFO] IPUIPlugin:80 - create IPUIPlugin
2026-01-12 20:46:06,833 [INFO] PluginManager:220 - loadIPPluginJar : add usbx
2026-01-12 20:46:07,007 [FATAL] Updater:351 - Updater called before beeing initialized
2026-01-12 20:46:07,068 [INFO] RulesReader:64 - Compatibility file has been processed (297 Rules)
2026-01-12 20:46:07,090 [INFO] RulesReader:64 - Compatibility file has been processed (297 Rules)
2026-01-12 20:46:07,104 [INFO] CADModel:165 - CPN selected for project level
2026-01-12 20:46:07,104 [INFO] CADModel:114 - Register for checkConnection events
2026-01-12 20:46:07,104 [FATAL] Updater:351 - Updater called before beeing initialized
2026-01-12 20:46:07,104 [ERROR] CADModel:125 - Updater not yet initialized, retry later 
2026-01-12 20:46:07,357 [FATAL] Updater:351 - Updater called before beeing initialized
2026-01-12 20:46:07,359 [INFO] CADModel:165 - CPN selected for project level
2026-01-12 20:46:07,359 [INFO] CADModel:114 - Register for checkConnection events
2026-01-12 20:46:07,359 [FATAL] Updater:351 - Updater called before beeing initialized
2026-01-12 20:46:07,360 [ERROR] CADModel:125 - Updater not yet initialized, retry later 
2026-01-12 20:46:07,364 [FATAL] Updater:351 - Updater called before beeing initialized
2026-01-12 20:46:07,558 [FATAL] Updater:351 - Updater called before beeing initialized
2026-01-12 20:46:07,562 [INFO] DbMcusAds:53 - JSON generation date=Thu Mar 06 15:54:21 CET 2025 (1741272861825)
2026-01-12 20:46:07,563 [FATAL] Updater:351 - Updater called before beeing initialized
2026-01-12 20:46:07,607 [WARN] DetailPanel:346 - Failed to get advertising image, set to default
2026-01-12 20:46:07,932 [FATAL] Updater:351 - Updater called before beeing initialized
2026-01-12 20:46:07,933 [FATAL] Updater:351 - Updater called before beeing initialized
2026-01-12 20:46:07,933 [FATAL] Updater:351 - Updater called before beeing initialized
2026-01-12 20:46:07,934 [WARN] DetailPanel:346 - Failed to get advertising image, set to default
2026-01-12 20:46:07,935 [FATAL] Updater:351 - Updater called before beeing initialized
2026-01-12 20:46:08,002 [ERROR] Updater:1198 - MainUpdater not yet initialized. External WinMGr cannot be set.
2026-01-12 20:46:08,004 [INFO] Updater:1134 - Updater Version found : 6.13.0
2026-01-12 20:46:08,021 [INFO] ApplicationProperties:184 - Using Application install path: C:\ST\STM32CubeIDE_1.17.0\STM32CubeIDE\plugins\com.st.stm32cube.common.mx_6.13.0.202411220809
2026-01-12 20:46:08,578 [INFO] MainUpdater:2872 - connection check result : 10
2026-01-12 20:46:08,580 [INFO] MainUpdater:289 - Updater Check For Update Now.
2026-01-12 20:46:08,581 [INFO] MicroXplorer:498 - Change Database Version : DB.6.0.130
2026-01-12 20:46:08,591 [INFO] McuFinderGlobals:63 - Set McuFinder mode to 2 (CubeIDE integrated)
2026-01-12 20:46:08,593 [INFO] UserAuth:486 - Internet connection configuration mode: 1
2026-01-12 20:46:08,631 [INFO] JxBrowserEngine:152 - Initiate JxBrowser Engine with user profile folder
2026-01-12 20:46:08,834 [INFO] CheckServerUpdateThread:120 - End of CheckServer Thread
2026-01-12 20:46:09,519 [WARN] PackLoader:240 - Cannot read IP mode file for STMicroelectronics.FP-SNS-MOTENVWB1.1.4.0
2026-01-12 20:46:09,548 [INFO] WebApp:168 - Instantiating new browser for Auth
2026-01-12 20:46:09,559 [WARN] PackLoader:240 - Cannot read IP mode file for STMicroelectronics.FP-ATR-ASTRA1.2.0.2
2026-01-12 20:46:09,596 [WARN] PackLoader:240 - Cannot read IP mode file for STMicroelectronics.FP-ATR-ASTRA1.2.0.1
2026-01-12 20:46:09,632 [WARN] PackLoader:240 - Cannot read IP mode file for STMicroelectronics.X-CUBE-SMBUS.2.1.0
2026-01-12 20:46:09,666 [WARN] PackLoader:240 - Cannot read IP mode file for STMicroelectronics.X-CUBE-WB05N.1.1.0
2026-01-12 20:46:09,695 [WARN] PackLoader:240 - Cannot read IP mode file for STMicroelectronics.X-CUBE-ST60.1.0.0
2026-01-12 20:46:09,778 [WARN] PackLoader:240 - Cannot read IP mode file for STMicroelectronics.X-CUBE-AZRTOS-F7.1.1.0
2026-01-12 20:46:09,810 [ERROR] Engine:466 - C:\Users\thepd\.stm32cubemx\thirdparties\pdsc\STMicroelectronics.FP-SNS-MOTENV1.5.1.0.pdsc: PDSC version is not supported
2026-01-12 20:46:09,838 [WARN] PackLoader:240 - Cannot read IP mode file for STMicroelectronics.FP-SNS-FLIGHT1.5.0.2
2026-01-12 20:46:09,885 [WARN] PackLoader:240 - Cannot read IP mode file for Infineon.AIROC-Wi-Fi-Bluetooth-STM32.1.7.0
2026-01-12 20:46:09,946 [WARN] PackLoader:240 - Cannot read IP mode file for STMicroelectronics.X-CUBE-AZRTOS-H7.3.4.0
2026-01-12 20:46:09,982 [WARN] PackLoader:240 - Cannot read IP mode file for STMicroelectronics.X-CUBE-DISPLAY.3.0.0
2026-01-12 20:46:10,012 [WARN] PackLoader:240 - Cannot read IP mode file for STMicroelectronics.X-CUBE-BLE1.7.0.0
2026-01-12 20:46:10,042 [WARN] PackLoader:240 - Cannot read IP mode file for STMicroelectronics.X-CUBE-NFC10.1.0.0
2026-01-12 20:46:10,071 [WARN] PackLoader:240 - Cannot read IP mode file for STMicroelectronics.X-CUBE-BLEMGR.4.0.0
2026-01-12 20:46:10,094 [WARN] PackLoader:240 - Cannot read IP mode file for STMicroelectronics.X-CUBE-ST60.1.1.0
2026-01-12 20:46:10,198 [WARN] PackLoader:240 - Cannot read IP mode file for emotas.I-CUBE-CANOPEN.1.3.0
2026-01-12 20:46:10,220 [WARN] PackLoader:240 - Cannot read IP mode file for STMicroelectronics.X-CUBE-GNSS1.7.1.0
2026-01-12 20:46:10,248 [WARN] PackLoader:240 - Cannot read IP mode file for STMicroelectronics.X-CUBE-AI.10.0.0
2026-01-12 20:46:10,276 [ERROR] Engine:466 - C:\Users\thepd\.stm32cubemx\thirdparties\pdsc\STMicroelectronics.FP-SNS-STBOX1.2.1.0.pdsc: PDSC version is not supported
2026-01-12 20:46:10,305 [WARN] PackLoader:240 - Cannot read IP mode file for STMicroelectronics.FP-SNS-SMARTAG2.1.2.0
2026-01-12 20:46:10,327 [WARN] PackLoader:240 - Cannot read IP mode file for STMicroelectronics.FP-SNS-FLIGHT1.5.1.0
2026-01-12 20:46:10,403 [WARN] PackLoader:240 - Cannot read IP mode file for STMicroelectronics.X-CUBE-MEMS1.11.1.0
2026-01-12 20:46:10,918 [INFO] WebApp:449 - Apply proxy settings
2026-01-12 20:46:10,919 [INFO] WebApp:534 - Chromium requires no authentication
2026-01-12 20:46:10,939 [INFO] WebApp:477 - Direct internet connection detected
2026-01-12 20:46:11,023 [INFO] WebApp:880 - Register for checkConnection events
2026-01-12 20:46:11,023 [INFO] WebApp:449 - Apply proxy settings
2026-01-12 20:46:11,023 [INFO] WebApp:534 - Chromium requires no authentication
2026-01-12 20:46:11,024 [INFO] WebApp:477 - Direct internet connection detected
2026-01-12 20:46:11,143 [INFO] LogOutputStream:77 - [STDOUT_REDIRECT] 1 : Invalid condition id : UX_CORESTACK_Condition cause : null
2026-01-12 20:46:11,144 [INFO] LogOutputStream:77 - [STDOUT_REDIRECT] 1 : Invalid condition id : UX_CORESTACK_Condition cause : null
2026-01-12 20:46:11,146 [INFO] LogOutputStream:77 - [STDOUT_REDIRECT] 1 : Invalid condition id : UX_CORESTACK_Condition cause : null
2026-01-12 20:46:11,147 [INFO] LogOutputStream:77 - [STDOUT_REDIRECT] 1 : Invalid condition id : UX_CORESTACK_Condition cause : null
2026-01-12 20:46:11,149 [INFO] LogOutputStream:77 - [STDOUT_REDIRECT] 1 : Invalid condition id : UX_CORESTACK_Condition cause : null
2026-01-12 20:46:11,161 [WARN] PackLoader:240 - Cannot read IP mode file for STMicroelectronics.X-CUBE-AZRTOS-WL.2.0.0
2026-01-12 20:46:11,194 [WARN] PackLoader:240 - Cannot read IP mode file for STMicroelectronics.FP-SNS-MOTENV1.5.0.0
2026-01-12 20:46:11,243 [INFO] WebApp:187 - Connection restablished
2026-01-12 20:46:11,248 [WARN] PackLoader:240 - Cannot read IP mode file for STMicroelectronics.X-CUBE-AZRTOS-H7RS.1.2.0
2026-01-12 20:46:11,280 [WARN] PackLoader:240 - Cannot read IP mode file for wolfSSL.I-CUBE-wolfMQTT.1.19.0
2026-01-12 20:46:11,317 [WARN] PackLoader:240 - Cannot read IP mode file for WES.I-CUBE-Cesium.1.3.0
2026-01-12 20:46:11,345 [WARN] PackLoader:240 - Cannot read IP mode file for STMicroelectronics.X-CUBE-BLE2.3.3.0
2026-01-12 20:46:11,449 [WARN] PackLoader:240 - Cannot read IP mode file for STMicroelectronics.X-CUBE-NFC9.1.0.0
2026-01-12 20:46:11,477 [WARN] PackLoader:240 - Cannot read IP mode file for STMicroelectronics.X-CUBE-BLE1.7.1.0
2026-01-12 20:46:11,486 [INFO] WebApp:221 - Starting web application
2026-01-12 20:46:11,486 [INFO] WebApp:579 - Web application path used C:\ST\STM32CubeIDE_1.17.0\STM32CubeIDE\plugins\com.st.stm32cube.common.mx_6.13.0.202411220809\db\plugins\mcufinder\reactClient1\index.html
2026-01-12 20:46:11,504 [ERROR] Engine:466 - C:\Users\thepd\.stm32cubemx\thirdparties\pdsc\STMicroelectronics.X-CUBE-FREERTOS.1.4.0.pdsc: PDSC version is not supported
2026-01-12 20:46:11,553 [WARN] PackLoader:240 - Cannot read IP mode file for STMicroelectronics.X-CUBE-EEPRMA1.5.2.0
2026-01-12 20:46:11,586 [ERROR] Engine:466 - C:\Users\thepd\.stm32cubemx\thirdparties\pdsc\STMicroelectronics.X-CUBE-ST67W61.1.1.0.pdsc: PDSC version is not supported
2026-01-12 20:46:11,614 [WARN] PackLoader:240 - Cannot read IP mode file for STMicroelectronics.X-CUBE-AI.10.1.0
2026-01-12 20:46:11,704 [INFO] UserAuth:486 - Internet connection configuration mode: 1
2026-01-12 20:46:11,727 [WARN] PackLoader:240 - Cannot read IP mode file for STMicroelectronics.X-CUBE-MEMS1.12.0.0
2026-01-12 20:46:11,935 [WARN] PackLoader:240 - Cannot read IP mode file for STMicroelectronics.X-CUBE-MEMS1.11.2.0
2026-01-12 20:46:12,136 [WARN] PackLoader:240 - Cannot read IP mode file for STMicroelectronics.X-CUBE-AZRTOS-G0.1.1.0
2026-01-12 20:46:12,170 [WARN] PackLoader:240 - Cannot read IP mode file for STMicroelectronics.X-CUBE-SAFEA1.1.2.2
2026-01-12 20:46:12,203 [WARN] PackLoader:240 - Cannot read IP mode file for STMicroelectronics.X-CUBE-NFC4.3.0.0
2026-01-12 20:46:12,240 [WARN] PackLoader:240 - Cannot read IP mode file for EmbeddedOffice.I-CUBE-FS-RTOS.1.0.1
2026-01-12 20:46:12,269 [WARN] PackLoader:240 - Cannot read IP mode file for STMicroelectronics.X-CUBE-WB05N.2.0.0
2026-01-12 20:46:12,301 [WARN] PackLoader:240 - Cannot read IP mode file for STMicroelectronics.X-CUBE-TCPP.4.2.0
2026-01-12 20:46:12,328 [WARN] PackLoader:240 - Cannot read IP mode file for RealThread.X-CUBE-RT-Thread_Nano.4.1.1
2026-01-12 20:46:12,353 [WARN] PackLoader:240 - Cannot read IP mode file for STMicroelectronics.FP-ATR-SIGFOX1.3.2.0
2026-01-12 20:46:12,379 [WARN] ConditionMgr:438 - getConditionDescription Invalid condition id : Cortex-A Device cause : null
2026-01-12 20:46:12,415 [WARN] ConditionMgr:1044 - genDependencies : Invalid condition id : Cortex-A Device cause : null
2026-01-12 20:46:12,415 [WARN] ConditionMgr:1044 - genDependencies : Invalid condition id : Cortex-A Device cause : null
2026-01-12 20:46:12,416 [WARN] ConditionMgr:1044 - genDependencies : Invalid condition id : Cortex-A Device cause : null
2026-01-12 20:46:12,441 [WARN] PackLoader:240 - Cannot read IP mode file for STMicroelectronics.X-CUBE-EEPRMA1.5.1.0
2026-01-12 20:46:12,467 [WARN] PackLoader:240 - Cannot read IP mode file for wolfSSL.I-CUBE-wolfSSL.5.7.6
2026-01-12 20:46:12,489 [WARN] PackLoader:240 - Cannot read IP mode file for ITTIA_DB.I-CUBE-ITTIADB.8.9.0
2026-01-12 20:46:12,511 [WARN] PackLoader:240 - Cannot read IP mode file for STMicroelectronics.X-CUBE-ST67W61.1.0.0
2026-01-12 20:46:12,532 [WARN] PackLoader:240 - Cannot read IP mode file for STMicroelectronics.X-CUBE-AI.10.2.0
2026-01-12 20:46:12,588 [WARN] PackLoader:240 - Cannot read IP mode file for SEGGER.I-CUBE-embOS.1.3.1
2026-01-12 20:46:12,652 [WARN] PackLoader:240 - Cannot read IP mode file for STMicroelectronics.X-CUBE-ALGOBUILD.1.4.0
2026-01-12 20:46:12,743 [WARN] PackLoader:240 - Cannot read IP mode file for STMicroelectronics.X-CUBE-MEMS1.11.3.0
2026-01-12 20:46:12,939 [WARN] PackLoader:240 - Cannot read IP mode file for STMicroelectronics.X-CUBE-PM33A1.1.0.0
2026-01-12 20:46:12,978 [WARN] PackLoader:240 - Cannot read IP mode file for STMicroelectronics.X-CUBE-AZRTOS-F4.1.1.0
2026-01-12 20:46:13,006 [WARN] PackLoader:240 - Cannot read IP mode file for Avnet-IotConnect.X-CUBE-IoTC-DA16k-PMOD.1.0.0
2026-01-12 20:46:13,027 [WARN] PackLoader:240 - Cannot read IP mode file for STMicroelectronics.X-CUBE-ISPU.2.1.0
2026-01-12 20:46:13,051 [ERROR] Engine:466 - C:\Users\thepd\.stm32cubemx\thirdparties\pdsc\STMicroelectronics.X-CUBE-IPS.3.2.0.pdsc: PDSC version is not supported
2026-01-12 20:46:13,072 [WARN] PackLoader:240 - Cannot read IP mode file for STMicroelectronics.X-CUBE-NFC12.1.0.0
2026-01-12 20:46:13,113 [WARN] PackLoader:240 - Cannot read IP mode file for STMicroelectronics.X-CUBE-AZRTOS-L5.2.0.0
2026-01-12 20:46:13,142 [WARN] PackLoader:240 - Cannot read IP mode file for STMicroelectronics.X-CUBE-NFC6.3.1.0
2026-01-12 20:46:13,171 [WARN] PackLoader:240 - Cannot read IP mode file for STMicroelectronics.X-CUBE-DPower.1.2.0
2026-01-12 20:46:13,195 [WARN] PackLoader:240 - Cannot read IP mode file for STMicroelectronics.X-CUBE-FREERTOS.1.3.1
2026-01-12 20:46:13,219 [WARN] PackLoader:240 - Cannot read IP mode file for STMicroelectronics.X-CUBE-FREERTOS.1.3.0
2026-01-12 20:46:13,242 [WARN] PackLoader:240 - Cannot read IP mode file for STMicroelectronics.X-CUBE-NFC7.1.0.1
2026-01-12 20:46:13,271 [WARN] PackLoader:240 - Cannot read IP mode file for STMicroelectronics.X-CUBE-TOUCHGFX.4.26.0
2026-01-12 20:46:13,296 [WARN] PackLoader:240 - Cannot read IP mode file for STMicroelectronics.FP-SNS-STAIOTCFT.1.0.0
2026-01-12 20:46:13,320 [WARN] PackLoader:240 - Cannot read IP mode file for STMicroelectronics.X-CUBE-DPower.1.3.0
2026-01-12 20:46:13,357 [WARN] ConditionMgr:438 - getConditionDescription Invalid condition id : LAN8742 Phy interface Condition cause : null
2026-01-12 20:46:13,359 [WARN] PackLoader:240 - Cannot read IP mode file for STMicroelectronics.X-CUBE-AZRTOS-L4.2.0.0
2026-01-12 20:46:13,361 [WARN] ConditionMgr:1044 - genDependencies : Invalid condition id : LAN8742 Phy interface Condition cause : null
2026-01-12 20:46:13,362 [WARN] ConditionMgr:1044 - genDependencies : Invalid condition id : LAN8742 Phy interface Condition cause : null
2026-01-12 20:46:13,362 [WARN] ConditionMgr:1044 - genDependencies : Invalid condition id : LAN8742 Phy interface Condition cause : null
2026-01-12 20:46:13,392 [WARN] PackLoader:240 - Cannot read IP mode file for STMicroelectronics.X-CUBE-SFXS2LP1.4.0.0
2026-01-12 20:46:13,437 [WARN] PackLoader:240 - Cannot read IP mode file for STMicroelectronics.X-CUBE-AZRTOS-H7.3.3.0
2026-01-12 20:46:13,463 [WARN] PackLoader:240 - Cannot read IP mode file for STMicroelectronics.X-CUBE-BLEMGR.4.1.0
2026-01-12 20:46:13,502 [WARN] ConditionMgr:438 - getConditionDescription Invalid condition id : UX DEVICE CLASS RTOS Condition cause : null
2026-01-12 20:46:13,502 [WARN] ConditionMgr:438 - getConditionDescription Invalid condition id : UX DEVICE CLASS RTOS Condition cause : null
2026-01-12 20:46:13,504 [WARN] PackLoader:240 - Cannot read IP mode file for STMicroelectronics.X-CUBE-AZRTOS-WB.2.0.0
2026-01-12 20:46:13,505 [WARN] ConditionMgr:1044 - genDependencies : Invalid condition id : UX DEVICE CLASS RTOS Condition cause : null
2026-01-12 20:46:13,505 [WARN] ConditionMgr:1044 - genDependencies : Invalid condition id : UX DEVICE CLASS RTOS Condition cause : null
2026-01-12 20:46:13,505 [WARN] ConditionMgr:1044 - genDependencies : Invalid condition id : UX DEVICE CLASS RTOS Condition cause : null
2026-01-12 20:46:13,506 [WARN] ConditionMgr:1044 - genDependencies : Invalid condition id : UX DEVICE CLASS RTOS Condition cause : null
2026-01-12 20:46:13,506 [WARN] ConditionMgr:1044 - genDependencies : Invalid condition id : UX DEVICE CLASS RTOS Condition cause : null
2026-01-12 20:46:13,528 [WARN] PackLoader:240 - Cannot read IP mode file for STMicroelectronics.X-CUBE-GNSS1.7.0.1
2026-01-12 20:46:13,552 [WARN] PackLoader:240 - Cannot read IP mode file for STMicroelectronics.X-CUBE-TOUCHGFX.4.25.0
2026-01-12 20:46:13,579 [WARN] PackLoader:240 - Cannot read IP mode file for STMicroelectronics.FP-SNS-STBOX1.2.0.0
2026-01-12 20:46:13,616 [WARN] PackLoader:240 - Cannot read IP mode file for STMicroelectronics.X-CUBE-SUBG2.5.0.0
2026-01-12 20:46:13,658 [WARN] PackLoader:240 - Cannot read IP mode file for STMicroelectronics.X-CUBE-AZRTOS-H7RS.1.1.0
2026-01-12 20:46:13,683 [WARN] PackLoader:240 - Cannot read IP mode file for Cesanta.I-CUBE-Mongoose.7.13.0
2026-01-12 20:46:13,715 [WARN] PackLoader:240 - Cannot read IP mode file for STMicroelectronics.X-CUBE-AZRTOS-G4.2.0.0
2026-01-12 20:46:13,739 [WARN] PackLoader:240 - Cannot read IP mode file for STMicroelectronics.X-CUBE-NFC7.2.0.0
2026-01-12 20:46:13,770 [WARN] PackLoader:240 - Cannot read IP mode file for STMicroelectronics.X-CUBE-IPS.3.1.0
2026-01-12 20:46:13,795 [WARN] PackLoader:240 - Cannot read IP mode file for STMicroelectronics.X-CUBE-ALS.1.0.2
2026-01-12 20:46:13,817 [WARN] PackLoader:240 - Cannot read IP mode file for STMicroelectronics.X-CUBE-TOUCHGFX.4.24.2
2026-01-12 20:46:13,843 [WARN] PackLoader:240 - Cannot read IP mode file for STMicroelectronics.X-CUBE-STSE01.1.0.0
2026-01-12 20:46:13,874 [WARN] PackLoader:240 - Cannot read IP mode file for wolfSSL.I-CUBE-wolfTPM.3.4.0
2026-01-12 20:46:13,908 [WARN] PackLoader:240 - Cannot read IP mode file for portGmbH.I-Cube-SoM-uGOAL.1.1.0
2026-01-12 20:46:13,965 [WARN] PackLoader:240 - Cannot read IP mode file for STMicroelectronics.X-CUBE-AZRTOS-H7RS.1.0.0
2026-01-12 20:46:14,000 [WARN] PackLoader:240 - Cannot read IP mode file for STMicroelectronics.X-CUBE-TOF1.3.4.2
2026-01-12 20:46:14,030 [WARN] PackLoader:240 - Cannot read IP mode file for STMicroelectronics.X-CUBE-TOF1.3.4.3
2026-01-12 20:46:14,057 [WARN] PackLoader:240 - Cannot read IP mode file for wolfSSL.I-CUBE-wolfSSH.1.4.17
2026-01-12 20:46:14,058 [INFO] ThirdParty:978 - Integrity check success = true
2026-01-12 20:46:14,058 [INFO] IntegrityCheckThread:100 - exiting critical section [integrity check]
2026-01-12 20:46:14,058 [INFO] IntegrityCheckThread:103 - End integrity checks thread
2026-01-12 20:55:54,132 [ERROR] LogOutputStream:75 - [STDERR_REDIRECT] 
