2025-06-11 14:21:00,253 [INFO] Activator:176 - 


2025-06-11 14:21:00,270 [INFO] Activator:177 - !SESSION log4j initialized
2025-06-11 14:21:28,684 [INFO] LogOutputStream:77 - [STDOUT_REDIRECT] 
2025-06-11 14:21:34,897 [INFO] ApplicationProperties:184 - Using Application install path: C:\ST\STM32CubeIDE_1.17.0\STM32CubeIDE\plugins\com.st.stm32cube.common.mx_6.13.0.202411220809
2025-06-11 14:21:34,957 [INFO] DbMcusXml:78 - Set database path to: C:\ST\STM32CubeIDE_1.17.0\STM32CubeIDE\plugins\com.st.stm32cube.common.mx_6.13.0.202411220809\\db\/mcu/
2025-06-11 14:21:34,959 [INFO] ApiDb:274 - Set plugin database path to: C:\ST\STM32CubeIDE_1.17.0\STM32CubeIDE\plugins\com.st.stm32cube.common.mx_6.13.0.202411220809\\db\/plugins/boardmanager/
2025-06-11 14:21:34,961 [WARN] ApiDb:259 - Overriding images path with different value:  => C:\ST\STM32CubeIDE_1.17.0\STM32CubeIDE\plugins\com.st.stm32cube.common.mx_6.13.0.202411220809\\db\/plugins/mcufinder/images/
2025-06-11 14:21:35,018 [INFO] ApiDb:250 - Set database path to: C:\Users\thepd\.stmcufinder\plugins\mcufinder//mcu/
2025-06-11 14:21:35,022 [INFO] DbMcusAds:125 - Set database path to: C:\Users\thepd\.stmcufinder\plugins\mcufinder//mcu/
2025-06-11 14:21:35,031 [INFO] CrossReferenceDbSqlite:203 - Set database path to: C:\Users\thepd\.stmcufinder\plugins\mcufinder//mcu/cs/
2025-06-11 14:21:35,471 [INFO] RulesReader:64 - Compatibility file has been processed (297 Rules)
2025-06-11 14:21:35,797 [INFO] DbMcusXml:78 - Set database path to: C:\ST\STM32CubeIDE_1.17.0\STM32CubeIDE\plugins\com.st.stm32cube.common.mx_6.13.0.202411220809\\db\/mcu/
2025-06-11 14:21:35,797 [INFO] ApiDb:274 - Set plugin database path to: C:\ST\STM32CubeIDE_1.17.0\STM32CubeIDE\plugins\com.st.stm32cube.common.mx_6.13.0.202411220809\\db\/plugins/boardmanager/
2025-06-11 14:21:35,798 [INFO] ApiDb:261 - Set plugin images path to: C:\ST\STM32CubeIDE_1.17.0\STM32CubeIDE\plugins\com.st.stm32cube.common.mx_6.13.0.202411220809\\db\/plugins/mcufinder/images/
2025-06-11 14:21:35,799 [WARN] DbFile:41 - Overriding database path with different value: C:\Users\thepd\.stmcufinder\plugins\mcufinder/ => C:\Users\thepd\.stmcufinder\plugins\mcufinder
2025-06-11 14:21:35,800 [INFO] ApiDb:250 - Set database path to: C:\Users\thepd\.stmcufinder\plugins\mcufinder//mcu/
2025-06-11 14:21:35,800 [WARN] DbFile:41 - Overriding database path with different value: C:\Users\thepd\.stmcufinder\plugins\mcufinder/ => C:\Users\thepd\.stmcufinder\plugins\mcufinder
2025-06-11 14:21:35,801 [INFO] DbMcusAds:125 - Set database path to: C:\Users\thepd\.stmcufinder\plugins\mcufinder//mcu/
2025-06-11 14:21:35,801 [WARN] DbFile:41 - Overriding database path with different value: C:\Users\thepd\.stmcufinder\plugins\mcufinder/ => C:\Users\thepd\.stmcufinder\plugins\mcufinder
2025-06-11 14:21:35,801 [WARN] DbFile:41 - Overriding database path with different value: C:\Users\thepd\.stmcufinder\plugins\mcufinder/ => C:\Users\thepd\.stmcufinder\plugins\mcufinder
2025-06-11 14:21:35,803 [INFO] CrossReferenceDbSqlite:203 - Set database path to: C:\Users\thepd\.stmcufinder\plugins\mcufinder//mcu/cs/
2025-06-11 14:21:36,112 [INFO] MainPanel:272 - HeapMemory: 268435456
2025-06-11 14:21:36,509 [INFO] DbMcusXml:78 - Set database path to: C:\ST\STM32CubeIDE_1.17.0\STM32CubeIDE\plugins\com.st.stm32cube.common.mx_6.13.0.202411220809\\db\/mcu/
2025-06-11 14:21:36,509 [INFO] ApiDb:274 - Set plugin database path to: C:\ST\STM32CubeIDE_1.17.0\STM32CubeIDE\plugins\com.st.stm32cube.common.mx_6.13.0.202411220809\\db\/plugins/boardmanager/
2025-06-11 14:21:36,510 [INFO] ApiDb:261 - Set plugin images path to: C:\ST\STM32CubeIDE_1.17.0\STM32CubeIDE\plugins\com.st.stm32cube.common.mx_6.13.0.202411220809\\db\/plugins/mcufinder/images/
2025-06-11 14:21:36,511 [WARN] DbFile:41 - Overriding database path with different value: C:\Users\thepd\.stmcufinder\plugins\mcufinder/ => C:\Users\thepd\.stmcufinder\plugins\mcufinder
2025-06-11 14:21:36,511 [INFO] ApiDb:250 - Set database path to: C:\Users\thepd\.stmcufinder\plugins\mcufinder//mcu/
2025-06-11 14:21:36,513 [WARN] DbFile:41 - Overriding database path with different value: C:\Users\thepd\.stmcufinder\plugins\mcufinder/ => C:\Users\thepd\.stmcufinder\plugins\mcufinder
2025-06-11 14:21:36,513 [INFO] DbMcusAds:125 - Set database path to: C:\Users\thepd\.stmcufinder\plugins\mcufinder//mcu/
2025-06-11 14:21:36,513 [WARN] DbFile:41 - Overriding database path with different value: C:\Users\thepd\.stmcufinder\plugins\mcufinder/ => C:\Users\thepd\.stmcufinder\plugins\mcufinder
2025-06-11 14:21:36,513 [WARN] DbFile:41 - Overriding database path with different value: C:\Users\thepd\.stmcufinder\plugins\mcufinder/ => C:\Users\thepd\.stmcufinder\plugins\mcufinder
2025-06-11 14:21:36,513 [INFO] CrossReferenceDbSqlite:203 - Set database path to: C:\Users\thepd\.stmcufinder\plugins\mcufinder//mcu/cs/
2025-06-11 14:21:36,586 [INFO] ApplicationProperties:184 - Using Application install path: C:\ST\STM32CubeIDE_1.17.0\STM32CubeIDE\plugins\com.st.stm32cube.common.mx_6.13.0.202411220809
2025-06-11 14:21:36,590 [INFO] PluginManage:196 - Search for loadable plugins [exclusion list=, ]
2025-06-11 14:21:36,596 [INFO] PluginManage:310 - Check plugin analytics
2025-06-11 14:21:37,391 [INFO] AnalyticsPlugin:253 - Accepted Software Licenses: STM32CubeMX.6.4.0,STM32CubeMX.6.14.0
2025-06-11 14:21:37,392 [INFO] AnalyticsPlugin:255 - Accepted CMSIS Pack Licenses: 
2025-06-11 14:21:37,393 [INFO] AnalyticsPlugin:257 - Accepted Firmware Licenses: FW.G4.1.6.0,FW.G4.1.5.0,FW.F4.1.28.0
2025-06-11 14:21:37,404 [INFO] PluginManage:359 - Loaded plugin analytics (category:tool,tabindex:-1)
2025-06-11 14:21:37,405 [INFO] PluginManage:310 - Check plugin cadmodel
2025-06-11 14:21:37,485 [INFO] CADModel:105 - Init CAD model plugin
2025-06-11 14:21:37,486 [INFO] PluginManage:359 - Loaded plugin cadmodel (category:power,tabindex:5)
2025-06-11 14:21:37,488 [INFO] PluginManage:310 - Check plugin clock
2025-06-11 14:21:37,564 [INFO] PluginManage:359 - Loaded plugin clock (category:base,tabindex:2)
2025-06-11 14:21:37,564 [INFO] PluginManage:310 - Check plugin ddr
2025-06-11 14:21:37,588 [INFO] PluginManage:359 - Loaded plugin ddr (category:tool,tabindex:6)
2025-06-11 14:21:37,589 [INFO] PluginManage:310 - Check plugin filemanager
2025-06-11 14:21:38,219 [INFO] PluginManage:359 - Loaded plugin filemanager (category:base,tabindex:10)
2025-06-11 14:21:38,220 [INFO] PluginManage:310 - Check plugin ipmanager
2025-06-11 14:21:38,238 [INFO] PluginManage:359 - Loaded plugin ipmanager (category:base,tabindex:5)
2025-06-11 14:21:38,238 [INFO] PluginManage:310 - Check plugin lpbam
2025-06-11 14:21:38,267 [INFO] PluginManage:359 - Loaded plugin lpbam (category:base,tabindex:0)
2025-06-11 14:21:38,267 [INFO] PluginManage:310 - Check plugin memorymap
2025-06-11 14:21:38,319 [INFO] PluginManage:359 - Loaded plugin memorymap (category:base,tabindex:4)
2025-06-11 14:21:38,320 [INFO] PluginManage:310 - Check plugin pinoutandconfiguration
2025-06-11 14:21:38,368 [INFO] PluginManage:359 - Loaded plugin pinoutandconfiguration (category:base,tabindex:1)
2025-06-11 14:21:38,369 [INFO] PluginManage:310 - Check plugin pinoutconfig
2025-06-11 14:21:38,544 [WARN] SupportedApi:132 - Cannot load RTOS API schema: s4s-elt-must-match.1: The content of 'definitions' must match (annotation?, (simpleType | complexType)?, (unique | key | keyref)*)). A problem was found starting at: attribute.
2025-06-11 14:21:38,759 [INFO] PluginManage:359 - Loaded plugin pinoutconfig (category:base,tabindex:0)
2025-06-11 14:21:38,759 [INFO] PluginManage:310 - Check plugin power
2025-06-11 14:21:38,789 [INFO] PluginManage:359 - Loaded plugin power (category:power,tabindex:4)
2025-06-11 14:21:38,789 [INFO] PluginManage:310 - Check plugin projectmanager
2025-06-11 14:21:38,814 [INFO] PluginManage:359 - Loaded plugin projectmanager (category:projectmanager,tabindex:4)
2025-06-11 14:21:38,815 [INFO] PluginManage:310 - Check plugin rif
2025-06-11 14:21:38,840 [INFO] PluginManage:359 - Loaded plugin rif (category:base,tabindex:3)
2025-06-11 14:21:38,841 [INFO] PluginManage:310 - Check plugin thirdparty
2025-06-11 14:21:39,312 [INFO] PluginManage:359 - Loaded plugin thirdparty (category:base,tabindex:-1)
2025-06-11 14:21:39,312 [WARN] IntegrityCheckThread:84 - waiting for thirdparty lock release [integrity check]
2025-06-11 14:21:39,312 [INFO] PluginManage:310 - Check plugin tools
2025-06-11 14:21:39,312 [INFO] IntegrityCheckThread:86 - entering critical section [integrity check]
2025-06-11 14:21:39,313 [INFO] ThirdPartyUpdaterWithRetryManager:70 - Updater plugin not ready yet. [1/15]
2025-06-11 14:21:39,375 [INFO] PluginManage:359 - Loaded plugin tools (category:base,tabindex:7)
2025-06-11 14:21:39,375 [INFO] PluginManage:310 - Check plugin tutovideos
2025-06-11 14:21:39,676 [INFO] PluginManage:359 - Loaded plugin tutovideos (category:base,tabindex:-1)
2025-06-11 14:21:39,676 [INFO] PluginManage:310 - Check plugin updater
2025-06-11 14:21:39,708 [INFO] PluginManage:359 - Loaded plugin updater (category:base,tabindex:12)
2025-06-11 14:21:39,708 [INFO] PluginManage:310 - Check plugin userauth
2025-06-11 14:21:39,714 [INFO] UserAuth:118 - Init User Auth plugin
2025-06-11 14:21:39,716 [INFO] PluginManage:359 - Loaded plugin userauth (category:base,tabindex:14)
2025-06-11 14:21:39,716 [INFO] PluginManage:283 - PluginManage : Loaded plugins [18]
2025-06-11 14:21:40,048 [INFO] PinOutPanel:1589 - setPackage(No Configuration,No Configuration)
2025-06-11 14:21:40,168 [INFO] CADModel:165 - CPN selected for project level
2025-06-11 14:21:40,168 [INFO] CADModel:114 - Register for checkConnection events
2025-06-11 14:21:40,216 [INFO] IPUIPlugin:80 - create IPUIPlugin
2025-06-11 14:21:40,218 [INFO] PluginManager:220 - loadIPPluginJar : add adc
2025-06-11 14:21:40,287 [INFO] IPUIPlugin:80 - create IPUIPlugin
2025-06-11 14:21:40,287 [INFO] PluginManager:220 - loadIPPluginJar : add aes
2025-06-11 14:21:40,368 [INFO] IPUIPlugin:80 - create IPUIPlugin
2025-06-11 14:21:40,368 [INFO] PluginManager:220 - loadIPPluginJar : add can
2025-06-11 14:21:40,415 [INFO] IPUIPlugin:80 - create IPUIPlugin
2025-06-11 14:21:40,415 [INFO] PluginManager:220 - loadIPPluginJar : add comp
2025-06-11 14:21:40,484 [INFO] IPUIPlugin:80 - create IPUIPlugin
2025-06-11 14:21:40,484 [INFO] PluginManager:220 - loadIPPluginJar : add cryp
2025-06-11 14:21:40,506 [INFO] IPUIPlugin:80 - create IPUIPlugin
2025-06-11 14:21:40,506 [INFO] PluginManager:220 - loadIPPluginJar : add ddr_ctrl_phy
2025-06-11 14:21:40,569 [INFO] IPUIPlugin:80 - create IPUIPlugin
2025-06-11 14:21:40,569 [INFO] PluginManager:220 - loadIPPluginJar : add dfsdm
2025-06-11 14:21:40,591 [INFO] IPUIPlugin:80 - create IPUIPlugin
2025-06-11 14:21:40,591 [INFO] PluginManager:220 - loadIPPluginJar : add dma
2025-06-11 14:21:40,660 [INFO] IPUIPlugin:80 - create IPUIPlugin
2025-06-11 14:21:40,660 [INFO] PluginManager:220 - loadIPPluginJar : add dma3
2025-06-11 14:21:40,744 [INFO] IPUIPlugin:80 - create IPUIPlugin
2025-06-11 14:21:40,745 [INFO] PluginManager:220 - loadIPPluginJar : add extmemmanager
2025-06-11 14:21:40,786 [INFO] IPUIPlugin:80 - create IPUIPlugin
2025-06-11 14:21:40,786 [INFO] PluginManager:220 - loadIPPluginJar : add fatfs
2025-06-11 14:21:40,868 [INFO] IPUIPlugin:80 - create IPUIPlugin
2025-06-11 14:21:40,868 [INFO] PluginManager:220 - loadIPPluginJar : add fmc
2025-06-11 14:21:40,889 [INFO] IPUIPlugin:80 - create IPUIPlugin
2025-06-11 14:21:40,889 [INFO] PluginManager:220 - loadIPPluginJar : add freertos
2025-06-11 14:21:40,927 [INFO] IPUIPlugin:80 - create IPUIPlugin
2025-06-11 14:21:40,927 [INFO] PluginManager:220 - loadIPPluginJar : add genericplugin
2025-06-11 14:21:41,123 [INFO] IPUIPlugin:80 - create IPUIPlugin
2025-06-11 14:21:41,123 [INFO] PluginManager:220 - loadIPPluginJar : add gfxmmu
2025-06-11 14:21:41,347 [INFO] IPUIPlugin:80 - create IPUIPlugin
2025-06-11 14:21:41,348 [INFO] PluginManager:220 - loadIPPluginJar : add gic
2025-06-11 14:21:41,377 [INFO] IPUIPlugin:80 - create IPUIPlugin
2025-06-11 14:21:41,377 [INFO] PluginManager:220 - loadIPPluginJar : add gpio
2025-06-11 14:21:41,558 [INFO] IPUIPlugin:80 - create IPUIPlugin
2025-06-11 14:21:41,558 [INFO] PluginManager:220 - loadIPPluginJar : add gtzc
2025-06-11 14:21:41,609 [INFO] IPUIPlugin:80 - create IPUIPlugin
2025-06-11 14:21:41,609 [INFO] PluginManager:220 - loadIPPluginJar : add hash
2025-06-11 14:21:41,708 [INFO] IPUIPlugin:80 - create IPUIPlugin
2025-06-11 14:21:41,708 [INFO] PluginManager:220 - loadIPPluginJar : add i2c
2025-06-11 14:21:41,785 [INFO] IPUIPlugin:80 - create IPUIPlugin
2025-06-11 14:21:41,785 [INFO] PluginManager:220 - loadIPPluginJar : add i2s
2025-06-11 14:21:41,862 [INFO] IPUIPlugin:80 - create IPUIPlugin
2025-06-11 14:21:41,862 [INFO] PluginManager:220 - loadIPPluginJar : add i3c
2025-06-11 14:21:42,054 [INFO] IPUIPlugin:80 - create IPUIPlugin
2025-06-11 14:21:42,055 [INFO] PluginManager:220 - loadIPPluginJar : add ipddr
2025-06-11 14:21:42,258 [INFO] IPUIPlugin:80 - create IPUIPlugin
2025-06-11 14:21:42,259 [INFO] PluginManager:220 - loadIPPluginJar : add linkedlist
2025-06-11 14:21:42,315 [INFO] ThirdPartyUpdaterWithRetryManager:70 - Updater plugin not ready yet. [2/15]
2025-06-11 14:21:42,323 [INFO] IPUIPlugin:80 - create IPUIPlugin
2025-06-11 14:21:42,323 [INFO] PluginManager:220 - loadIPPluginJar : add lorawan
2025-06-11 14:21:42,391 [INFO] IPUIPlugin:80 - create IPUIPlugin
2025-06-11 14:21:42,391 [INFO] PluginManager:220 - loadIPPluginJar : add ltdc
2025-06-11 14:21:42,419 [INFO] IPUIPlugin:80 - create IPUIPlugin
2025-06-11 14:21:42,419 [INFO] PluginManager:220 - loadIPPluginJar : add mdma
2025-06-11 14:21:42,439 [INFO] IPUIPlugin:80 - create IPUIPlugin
2025-06-11 14:21:42,439 [INFO] PluginManager:220 - loadIPPluginJar : add nvic
2025-06-11 14:21:42,507 [INFO] IPUIPlugin:80 - create IPUIPlugin
2025-06-11 14:21:42,507 [INFO] PluginManager:220 - loadIPPluginJar : add opamp
2025-06-11 14:21:42,650 [INFO] IPUIPlugin:80 - create IPUIPlugin
2025-06-11 14:21:42,651 [INFO] PluginManager:220 - loadIPPluginJar : add openamp
2025-06-11 14:21:42,766 [INFO] IPUIPlugin:80 - create IPUIPlugin
2025-06-11 14:21:42,767 [INFO] PluginManager:220 - loadIPPluginJar : add pdm2pcm
2025-06-11 14:21:42,800 [INFO] IPUIPlugin:80 - create IPUIPlugin
2025-06-11 14:21:42,805 [INFO] PluginManager:220 - loadIPPluginJar : add plateformsettings
2025-06-11 14:21:42,851 [INFO] IPUIPlugin:80 - create IPUIPlugin
2025-06-11 14:21:42,852 [INFO] PluginManager:220 - loadIPPluginJar : add quadspi
2025-06-11 14:21:42,905 [INFO] IPUIPlugin:80 - create IPUIPlugin
2025-06-11 14:21:42,906 [INFO] PluginManager:220 - loadIPPluginJar : add radio
2025-06-11 14:21:42,932 [INFO] IPUIPlugin:80 - create IPUIPlugin
2025-06-11 14:21:42,932 [INFO] PluginManager:220 - loadIPPluginJar : add resmgrutility
2025-06-11 14:21:43,025 [INFO] IPUIPlugin:80 - create IPUIPlugin
2025-06-11 14:21:43,025 [INFO] PluginManager:220 - loadIPPluginJar : add sai
2025-06-11 14:21:43,102 [INFO] IPUIPlugin:80 - create IPUIPlugin
2025-06-11 14:21:43,102 [INFO] PluginManager:220 - loadIPPluginJar : add spi
2025-06-11 14:21:43,267 [INFO] IPUIPlugin:80 - create IPUIPlugin
2025-06-11 14:21:43,268 [INFO] PluginManager:220 - loadIPPluginJar : add stm32_wpan
2025-06-11 14:21:43,338 [INFO] IPUIPlugin:80 - create IPUIPlugin
2025-06-11 14:21:43,339 [INFO] PluginManager:220 - loadIPPluginJar : add tim
2025-06-11 14:21:43,444 [INFO] IPUIPlugin:80 - create IPUIPlugin
2025-06-11 14:21:43,444 [INFO] PluginManager:220 - loadIPPluginJar : add touchsensing
2025-06-11 14:21:43,485 [INFO] IPUIPlugin:80 - create IPUIPlugin
2025-06-11 14:21:43,485 [INFO] PluginManager:220 - loadIPPluginJar : add tracer_emb
2025-06-11 14:21:43,527 [INFO] IPUIPlugin:80 - create IPUIPlugin
2025-06-11 14:21:43,528 [INFO] PluginManager:220 - loadIPPluginJar : add ts
2025-06-11 14:21:43,567 [INFO] IPUIPlugin:80 - create IPUIPlugin
2025-06-11 14:21:43,567 [INFO] PluginManager:220 - loadIPPluginJar : add tsc
2025-06-11 14:21:43,605 [INFO] IPUIPlugin:80 - create IPUIPlugin
2025-06-11 14:21:43,605 [INFO] PluginManager:220 - loadIPPluginJar : add ucpd
2025-06-11 14:21:43,682 [INFO] IPUIPlugin:80 - create IPUIPlugin
2025-06-11 14:21:43,682 [INFO] PluginManager:220 - loadIPPluginJar : add usart
2025-06-11 14:21:43,758 [INFO] IPUIPlugin:80 - create IPUIPlugin
2025-06-11 14:21:43,758 [INFO] PluginManager:220 - loadIPPluginJar : add usbx
2025-06-11 14:21:43,910 [FATAL] Updater:351 - Updater called before beeing initialized
2025-06-11 14:21:43,978 [INFO] RulesReader:64 - Compatibility file has been processed (297 Rules)
2025-06-11 14:21:43,993 [INFO] RulesReader:64 - Compatibility file has been processed (297 Rules)
2025-06-11 14:21:44,007 [INFO] CADModel:165 - CPN selected for project level
2025-06-11 14:21:44,008 [INFO] CADModel:114 - Register for checkConnection events
2025-06-11 14:21:44,008 [FATAL] Updater:351 - Updater called before beeing initialized
2025-06-11 14:21:44,008 [ERROR] CADModel:125 - Updater not yet initialized, retry later 
2025-06-11 14:21:44,308 [FATAL] Updater:351 - Updater called before beeing initialized
2025-06-11 14:21:44,311 [INFO] CADModel:165 - CPN selected for project level
2025-06-11 14:21:44,311 [INFO] CADModel:114 - Register for checkConnection events
2025-06-11 14:21:44,312 [FATAL] Updater:351 - Updater called before beeing initialized
2025-06-11 14:21:44,312 [ERROR] CADModel:125 - Updater not yet initialized, retry later 
2025-06-11 14:21:44,317 [FATAL] Updater:351 - Updater called before beeing initialized
2025-06-11 14:21:44,532 [FATAL] Updater:351 - Updater called before beeing initialized
2025-06-11 14:21:44,563 [INFO] DbMcusAds:53 - JSON generation date=Thu Mar 06 15:54:21 GMT+01:00 2025 (1741272861825)
2025-06-11 14:21:44,564 [FATAL] Updater:351 - Updater called before beeing initialized
2025-06-11 14:21:44,687 [WARN] DetailPanel:346 - Failed to get advertising image, set to default
2025-06-11 14:21:45,021 [FATAL] Updater:351 - Updater called before beeing initialized
2025-06-11 14:21:45,024 [FATAL] Updater:351 - Updater called before beeing initialized
2025-06-11 14:21:45,024 [FATAL] Updater:351 - Updater called before beeing initialized
2025-06-11 14:21:45,024 [WARN] DetailPanel:346 - Failed to get advertising image, set to default
2025-06-11 14:21:45,025 [FATAL] Updater:351 - Updater called before beeing initialized
2025-06-11 14:21:45,123 [ERROR] Updater:1198 - MainUpdater not yet initialized. External WinMGr cannot be set.
2025-06-11 14:21:45,142 [INFO] Updater:1134 - Updater Version found : 6.13.0
2025-06-11 14:21:45,171 [INFO] ApplicationProperties:184 - Using Application install path: C:\ST\STM32CubeIDE_1.17.0\STM32CubeIDE\plugins\com.st.stm32cube.common.mx_6.13.0.202411220809
2025-06-11 14:21:45,321 [INFO] ThirdPartyUpdaterWithRetryManager:70 - Updater plugin not ready yet. [3/15]
2025-06-11 14:21:45,769 [INFO] MainUpdater:2872 - connection check result : 10
2025-06-11 14:21:45,770 [INFO] MainUpdater:3566 - Updater definition file requires update
2025-06-11 14:21:45,771 [INFO] MainUpdater:289 - Updater Check For Update Now.
2025-06-11 14:21:45,771 [INFO] MicroXplorer:498 - Change Database Version : DB.6.0.130
2025-06-11 14:21:45,804 [INFO] McuFinderGlobals:63 - Set McuFinder mode to 2 (CubeIDE integrated)
2025-06-11 14:21:45,814 [INFO] UserAuth:486 - Internet connection configuration mode: 1
2025-06-11 14:21:45,841 [INFO] ServerAccessManage:473 - Download File updaters.zip
2025-06-11 14:21:45,862 [INFO] JxBrowserEngine:152 - Initiate JxBrowser Engine with user profile folder
2025-06-11 14:21:45,971 [INFO] FileExtend:240 - Unzip File : updaters.zip
2025-06-11 14:21:45,971 [INFO] FileExtend:255 - Standard Zip Deflate
2025-06-11 14:21:57,072 [WARN] MainUpdater:1193 - Updater busy. Cannot search thirdparties
2025-06-11 14:21:57,072 [INFO] ThirdPartyUpdaterWithRetryManager:96 - Updater plugin is busy. [1/15]
2025-06-11 14:21:57,174 [INFO] ServerAccessManage:473 - Download File PacksControlFlags.xml
2025-06-11 14:21:57,617 [INFO] ServerAccessManage:473 - Download File cubemx.pidx
2025-06-11 14:21:58,827 [INFO] ServerAccessManage:473 - Download File STMicroelectronics.X-CUBE-AI.pdsc
2025-06-11 14:21:59,962 [INFO] WebApp:168 - Instantiating new browser for Auth
2025-06-11 14:22:00,074 [WARN] MainUpdater:1193 - Updater busy. Cannot search thirdparties
2025-06-11 14:22:00,074 [INFO] ThirdPartyUpdaterWithRetryManager:96 - Updater plugin is busy. [2/15]
2025-06-11 14:22:01,820 [INFO] WebApp:449 - Apply proxy settings
2025-06-11 14:22:01,821 [INFO] WebApp:534 - Chromium requires no authentication
2025-06-11 14:22:01,852 [INFO] WebApp:477 - Direct internet connection detected
2025-06-11 14:22:01,947 [INFO] WebApp:880 - Register for checkConnection events
2025-06-11 14:22:01,948 [INFO] WebApp:449 - Apply proxy settings
2025-06-11 14:22:01,949 [INFO] WebApp:534 - Chromium requires no authentication
2025-06-11 14:22:01,950 [INFO] WebApp:477 - Direct internet connection detected
2025-06-11 14:22:02,188 [INFO] WebApp:187 - Connection restablished
2025-06-11 14:22:02,558 [INFO] ServerAccessManage:473 - Download File STMicroelectronics.X-CUBE-MEMS1.pdsc
2025-06-11 14:22:03,035 [INFO] WebApp:221 - Starting web application
2025-06-11 14:22:03,035 [INFO] WebApp:579 - Web application path used C:\ST\STM32CubeIDE_1.17.0\STM32CubeIDE\plugins\com.st.stm32cube.common.mx_6.13.0.202411220809\db\plugins\mcufinder\reactClient1\index.html
2025-06-11 14:22:03,075 [WARN] MainUpdater:1193 - Updater busy. Cannot search thirdparties
2025-06-11 14:22:03,075 [INFO] ThirdPartyUpdaterWithRetryManager:96 - Updater plugin is busy. [3/15]
2025-06-11 14:22:03,473 [INFO] UserAuth:486 - Internet connection configuration mode: 1
2025-06-11 14:22:05,825 [INFO] ServerAccessManage:473 - Download File STMicroelectronics.X-CUBE-ST67W61.pdsc
2025-06-11 14:22:06,080 [WARN] MainUpdater:1193 - Updater busy. Cannot search thirdparties
2025-06-11 14:22:06,081 [INFO] ThirdPartyUpdaterWithRetryManager:96 - Updater plugin is busy. [4/15]
2025-06-11 14:22:09,087 [WARN] MainUpdater:1193 - Updater busy. Cannot search thirdparties
2025-06-11 14:22:09,088 [INFO] ThirdPartyUpdaterWithRetryManager:96 - Updater plugin is busy. [5/15]
2025-06-11 14:22:09,106 [WARN] PackLoader:240 - Cannot read IP mode file for STMicroelectronics.X-CUBE-AI.10.1.0
2025-06-11 14:22:09,450 [INFO] CheckServerUpdateThread:120 - End of CheckServer Thread
2025-06-11 14:22:09,492 [WARN] PackLoader:240 - Cannot read IP mode file for STMicroelectronics.X-CUBE-MEMS1.11.3.0
2025-06-11 14:22:10,256 [WARN] PackLoader:240 - Cannot read IP mode file for STMicroelectronics.X-CUBE-ST67W61.1.0.0
2025-06-11 14:22:10,264 [INFO] PopulateThirdPartyThread:66 - Ending populate Thread
2025-06-11 14:22:10,266 [INFO] ThirdParty:1030 - CMSIS Pack Vendor :STMicroelectronics X-CUBE-AI 10.1.0
2025-06-11 14:22:10,267 [INFO] ThirdParty:1030 - CMSIS Pack Vendor :STMicroelectronics X-CUBE-ST67W61 1.0.0
2025-06-11 14:22:10,267 [INFO] ThirdParty:1030 - CMSIS Pack Vendor :STMicroelectronics X-CUBE-MEMS1 11.3.0
2025-06-11 14:22:10,268 [INFO] LoadServerUpdatesThread:375 - End of LoadServerUpdate Thread
2025-06-11 14:22:13,419 [WARN] PackLoader:240 - Cannot read IP mode file for STMicroelectronics.FP-SNS-MOTENVWB1.1.4.0
2025-06-11 14:22:13,440 [WARN] PackLoader:240 - Cannot read IP mode file for STMicroelectronics.FP-ATR-ASTRA1.2.0.2
2025-06-11 14:22:13,485 [WARN] PackLoader:240 - Cannot read IP mode file for STMicroelectronics.FP-ATR-ASTRA1.2.0.1
2025-06-11 14:22:13,542 [WARN] PackLoader:240 - Cannot read IP mode file for STMicroelectronics.X-CUBE-SMBUS.2.1.0
2025-06-11 14:22:13,596 [WARN] PackLoader:240 - Cannot read IP mode file for STMicroelectronics.X-CUBE-WB05N.1.1.0
2025-06-11 14:22:13,658 [WARN] PackLoader:240 - Cannot read IP mode file for STMicroelectronics.X-CUBE-ST60.1.0.0
2025-06-11 14:22:13,775 [WARN] PackLoader:240 - Cannot read IP mode file for STMicroelectronics.X-CUBE-AZRTOS-F7.1.1.0
2025-06-11 14:22:13,834 [WARN] PackLoader:240 - Cannot read IP mode file for STMicroelectronics.FP-SNS-FLIGHT1.5.0.2
2025-06-11 14:22:13,937 [WARN] PackLoader:240 - Cannot read IP mode file for Infineon.AIROC-Wi-Fi-Bluetooth-STM32.1.7.0
2025-06-11 14:22:14,006 [WARN] PackLoader:240 - Cannot read IP mode file for STMicroelectronics.X-CUBE-DISPLAY.3.0.0
2025-06-11 14:22:14,075 [WARN] PackLoader:240 - Cannot read IP mode file for STMicroelectronics.X-CUBE-BLE1.7.0.0
2025-06-11 14:22:14,130 [WARN] PackLoader:240 - Cannot read IP mode file for STMicroelectronics.X-CUBE-NFC10.1.0.0
2025-06-11 14:22:14,235 [WARN] PackLoader:240 - Cannot read IP mode file for STMicroelectronics.X-CUBE-BLEMGR.4.0.0
2025-06-11 14:22:14,302 [WARN] PackLoader:240 - Cannot read IP mode file for emotas.I-CUBE-CANOPEN.1.3.0
2025-06-11 14:22:14,358 [WARN] PackLoader:240 - Cannot read IP mode file for STMicroelectronics.X-CUBE-AI.10.0.0
2025-06-11 14:22:14,411 [WARN] PackLoader:240 - Cannot read IP mode file for STMicroelectronics.FP-SNS-SMARTAG2.1.2.0
2025-06-11 14:22:14,425 [WARN] PackLoader:240 - Cannot read IP mode file for STMicroelectronics.FP-SNS-FLIGHT1.5.1.0
2025-06-11 14:22:14,683 [WARN] PackLoader:240 - Cannot read IP mode file for STMicroelectronics.X-CUBE-MEMS1.11.1.0
2025-06-11 14:22:15,949 [INFO] LogOutputStream:77 - [STDOUT_REDIRECT] 1 : Invalid condition id : UX_CORESTACK_Condition cause : null
2025-06-11 14:22:15,951 [INFO] LogOutputStream:77 - [STDOUT_REDIRECT] 1 : Invalid condition id : UX_CORESTACK_Condition cause : null
2025-06-11 14:22:15,956 [INFO] LogOutputStream:77 - [STDOUT_REDIRECT] 1 : Invalid condition id : UX_CORESTACK_Condition cause : null
2025-06-11 14:22:15,960 [INFO] LogOutputStream:77 - [STDOUT_REDIRECT] 1 : Invalid condition id : UX_CORESTACK_Condition cause : null
2025-06-11 14:22:15,968 [INFO] LogOutputStream:77 - [STDOUT_REDIRECT] 1 : Invalid condition id : UX_CORESTACK_Condition cause : null
2025-06-11 14:22:15,982 [WARN] PackLoader:240 - Cannot read IP mode file for STMicroelectronics.X-CUBE-AZRTOS-WL.2.0.0
2025-06-11 14:22:16,039 [WARN] PackLoader:240 - Cannot read IP mode file for STMicroelectronics.FP-SNS-MOTENV1.5.0.0
2025-06-11 14:22:16,064 [WARN] PackLoader:240 - Cannot read IP mode file for wolfSSL.I-CUBE-wolfMQTT.1.19.0
2025-06-11 14:22:16,121 [WARN] PackLoader:240 - Cannot read IP mode file for WES.I-CUBE-Cesium.1.3.0
2025-06-11 14:22:16,174 [WARN] PackLoader:240 - Cannot read IP mode file for STMicroelectronics.X-CUBE-BLE2.3.3.0
2025-06-11 14:22:16,241 [WARN] PackLoader:240 - Cannot read IP mode file for STMicroelectronics.X-CUBE-NFC9.1.0.0
2025-06-11 14:22:16,293 [WARN] PackLoader:240 - Cannot read IP mode file for STMicroelectronics.X-CUBE-BLE1.7.1.0
2025-06-11 14:22:16,306 [WARN] PackLoader:240 - Cannot read IP mode file for STMicroelectronics.X-CUBE-AI.10.1.0
2025-06-11 14:22:16,525 [WARN] PackLoader:240 - Cannot read IP mode file for STMicroelectronics.X-CUBE-MEMS1.11.2.0
2025-06-11 14:22:16,949 [WARN] PackLoader:240 - Cannot read IP mode file for STMicroelectronics.X-CUBE-AZRTOS-G0.1.1.0
2025-06-11 14:22:17,008 [WARN] PackLoader:240 - Cannot read IP mode file for STMicroelectronics.X-CUBE-SAFEA1.1.2.2
2025-06-11 14:22:17,069 [WARN] PackLoader:240 - Cannot read IP mode file for STMicroelectronics.X-CUBE-NFC4.3.0.0
2025-06-11 14:22:17,149 [WARN] PackLoader:240 - Cannot read IP mode file for EmbeddedOffice.I-CUBE-FS-RTOS.1.0.1
2025-06-11 14:22:17,199 [WARN] PackLoader:240 - Cannot read IP mode file for STMicroelectronics.X-CUBE-WB05N.2.0.0
2025-06-11 14:22:17,263 [WARN] PackLoader:240 - Cannot read IP mode file for STMicroelectronics.X-CUBE-TCPP.4.2.0
2025-06-11 14:22:17,319 [WARN] PackLoader:240 - Cannot read IP mode file for RealThread.X-CUBE-RT-Thread_Nano.4.1.1
2025-06-11 14:22:17,339 [WARN] PackLoader:240 - Cannot read IP mode file for STMicroelectronics.FP-ATR-SIGFOX1.3.2.0
2025-06-11 14:22:17,360 [WARN] ConditionMgr:438 - getConditionDescription Invalid condition id : Cortex-A Device cause : null
2025-06-11 14:22:17,436 [WARN] ConditionMgr:1044 - genDependencies : Invalid condition id : Cortex-A Device cause : null
2025-06-11 14:22:17,437 [WARN] ConditionMgr:1044 - genDependencies : Invalid condition id : Cortex-A Device cause : null
2025-06-11 14:22:17,437 [WARN] ConditionMgr:1044 - genDependencies : Invalid condition id : Cortex-A Device cause : null
2025-06-11 14:22:17,498 [WARN] PackLoader:240 - Cannot read IP mode file for STMicroelectronics.X-CUBE-EEPRMA1.5.1.0
2025-06-11 14:22:17,559 [WARN] PackLoader:240 - Cannot read IP mode file for wolfSSL.I-CUBE-wolfSSL.5.7.6
2025-06-11 14:22:17,618 [WARN] PackLoader:240 - Cannot read IP mode file for ITTIA_DB.I-CUBE-ITTIADB.8.9.0
2025-06-11 14:22:17,633 [WARN] PackLoader:240 - Cannot read IP mode file for STMicroelectronics.X-CUBE-ST67W61.1.0.0
2025-06-11 14:22:17,773 [WARN] PackLoader:240 - Cannot read IP mode file for SEGGER.I-CUBE-embOS.1.3.1
2025-06-11 14:22:17,935 [WARN] PackLoader:240 - Cannot read IP mode file for STMicroelectronics.X-CUBE-ALGOBUILD.1.4.0
2025-06-11 14:22:18,095 [WARN] PackLoader:240 - Cannot read IP mode file for STMicroelectronics.X-CUBE-MEMS1.11.3.0
2025-06-11 14:22:18,529 [WARN] PackLoader:240 - Cannot read IP mode file for STMicroelectronics.X-CUBE-AZRTOS-F4.1.1.0
2025-06-11 14:22:18,558 [WARN] PackLoader:240 - Cannot read IP mode file for Avnet-IotConnect.X-CUBE-IoTC-DA16k-PMOD.1.0.0
2025-06-11 14:22:18,627 [WARN] PackLoader:240 - Cannot read IP mode file for STMicroelectronics.X-CUBE-ISPU.2.1.0
2025-06-11 14:22:18,782 [WARN] PackLoader:240 - Cannot read IP mode file for STMicroelectronics.X-CUBE-AZRTOS-L5.2.0.0
2025-06-11 14:22:18,856 [WARN] PackLoader:240 - Cannot read IP mode file for STMicroelectronics.X-CUBE-NFC6.3.1.0
2025-06-11 14:22:18,925 [WARN] PackLoader:240 - Cannot read IP mode file for STMicroelectronics.X-CUBE-DPower.1.2.0
2025-06-11 14:22:18,985 [WARN] PackLoader:240 - Cannot read IP mode file for STMicroelectronics.X-CUBE-FREERTOS.1.3.1
2025-06-11 14:22:19,035 [WARN] PackLoader:240 - Cannot read IP mode file for STMicroelectronics.X-CUBE-FREERTOS.1.3.0
2025-06-11 14:22:19,090 [WARN] PackLoader:240 - Cannot read IP mode file for STMicroelectronics.X-CUBE-NFC7.1.0.1
2025-06-11 14:22:19,148 [WARN] PackLoader:240 - Cannot read IP mode file for STMicroelectronics.X-CUBE-DPower.1.3.0
2025-06-11 14:22:19,249 [WARN] ConditionMgr:438 - getConditionDescription Invalid condition id : LAN8742 Phy interface Condition cause : null
2025-06-11 14:22:19,252 [WARN] PackLoader:240 - Cannot read IP mode file for STMicroelectronics.X-CUBE-AZRTOS-L4.2.0.0
2025-06-11 14:22:19,256 [WARN] ConditionMgr:1044 - genDependencies : Invalid condition id : LAN8742 Phy interface Condition cause : null
2025-06-11 14:22:19,257 [WARN] ConditionMgr:1044 - genDependencies : Invalid condition id : LAN8742 Phy interface Condition cause : null
2025-06-11 14:22:19,258 [WARN] ConditionMgr:1044 - genDependencies : Invalid condition id : LAN8742 Phy interface Condition cause : null
2025-06-11 14:22:19,323 [WARN] PackLoader:240 - Cannot read IP mode file for STMicroelectronics.X-CUBE-SFXS2LP1.4.0.0
2025-06-11 14:22:19,473 [WARN] PackLoader:240 - Cannot read IP mode file for STMicroelectronics.X-CUBE-AZRTOS-H7.3.3.0
2025-06-11 14:22:19,586 [WARN] ConditionMgr:438 - getConditionDescription Invalid condition id : UX DEVICE CLASS RTOS Condition cause : null
2025-06-11 14:22:19,587 [WARN] ConditionMgr:438 - getConditionDescription Invalid condition id : UX DEVICE CLASS RTOS Condition cause : null
2025-06-11 14:22:19,594 [WARN] PackLoader:240 - Cannot read IP mode file for STMicroelectronics.X-CUBE-AZRTOS-WB.2.0.0
2025-06-11 14:22:19,596 [WARN] ConditionMgr:1044 - genDependencies : Invalid condition id : UX DEVICE CLASS RTOS Condition cause : null
2025-06-11 14:22:19,597 [WARN] ConditionMgr:1044 - genDependencies : Invalid condition id : UX DEVICE CLASS RTOS Condition cause : null
2025-06-11 14:22:19,598 [WARN] ConditionMgr:1044 - genDependencies : Invalid condition id : UX DEVICE CLASS RTOS Condition cause : null
2025-06-11 14:22:19,599 [WARN] ConditionMgr:1044 - genDependencies : Invalid condition id : UX DEVICE CLASS RTOS Condition cause : null
2025-06-11 14:22:19,599 [WARN] ConditionMgr:1044 - genDependencies : Invalid condition id : UX DEVICE CLASS RTOS Condition cause : null
2025-06-11 14:22:19,658 [WARN] PackLoader:240 - Cannot read IP mode file for STMicroelectronics.X-CUBE-GNSS1.7.0.1
2025-06-11 14:22:19,713 [WARN] PackLoader:240 - Cannot read IP mode file for STMicroelectronics.X-CUBE-TOUCHGFX.4.25.0
2025-06-11 14:22:19,769 [WARN] PackLoader:240 - Cannot read IP mode file for STMicroelectronics.FP-SNS-STBOX1.2.0.0
2025-06-11 14:22:19,852 [WARN] PackLoader:240 - Cannot read IP mode file for STMicroelectronics.X-CUBE-SUBG2.5.0.0
2025-06-11 14:22:19,977 [WARN] PackLoader:240 - Cannot read IP mode file for STMicroelectronics.X-CUBE-AZRTOS-H7RS.1.1.0
2025-06-11 14:22:20,004 [WARN] PackLoader:240 - Cannot read IP mode file for Cesanta.I-CUBE-Mongoose.7.13.0
2025-06-11 14:22:20,101 [WARN] PackLoader:240 - Cannot read IP mode file for STMicroelectronics.X-CUBE-AZRTOS-G4.2.0.0
2025-06-11 14:22:20,149 [WARN] PackLoader:240 - Cannot read IP mode file for STMicroelectronics.X-CUBE-NFC7.2.0.0
2025-06-11 14:22:20,218 [WARN] PackLoader:240 - Cannot read IP mode file for STMicroelectronics.X-CUBE-IPS.3.1.0
2025-06-11 14:22:20,294 [WARN] PackLoader:240 - Cannot read IP mode file for STMicroelectronics.X-CUBE-ALS.1.0.2
2025-06-11 14:22:20,346 [WARN] PackLoader:240 - Cannot read IP mode file for STMicroelectronics.X-CUBE-TOUCHGFX.4.24.2
2025-06-11 14:22:20,362 [WARN] PackLoader:240 - Cannot read IP mode file for wolfSSL.I-CUBE-wolfTPM.3.4.0
2025-06-11 14:22:20,421 [WARN] PackLoader:240 - Cannot read IP mode file for portGmbH.I-Cube-SoM-uGOAL.1.1.0
2025-06-11 14:22:20,541 [WARN] PackLoader:240 - Cannot read IP mode file for STMicroelectronics.X-CUBE-AZRTOS-H7RS.1.0.0
2025-06-11 14:22:20,626 [WARN] PackLoader:240 - Cannot read IP mode file for STMicroelectronics.X-CUBE-TOF1.3.4.2
2025-06-11 14:22:20,718 [WARN] PackLoader:240 - Cannot read IP mode file for STMicroelectronics.X-CUBE-TOF1.3.4.3
2025-06-11 14:22:20,762 [WARN] PackLoader:240 - Cannot read IP mode file for wolfSSL.I-CUBE-wolfSSH.1.4.17
2025-06-11 14:22:20,765 [INFO] ThirdParty:978 - Integrity check success = true
2025-06-11 14:22:20,765 [INFO] IntegrityCheckThread:100 - exiting critical section [integrity check]
2025-06-11 14:22:20,766 [INFO] IntegrityCheckThread:103 - End integrity checks thread
2025-06-11 16:33:54,773 [INFO] WebApp:190 - Connection lost
2025-06-11 16:33:55,021 [INFO] WebApp:187 - Connection restablished
2025-06-11 19:13:53,653 [INFO] WebApp:190 - Connection lost
2025-06-11 19:13:53,843 [INFO] WebApp:187 - Connection restablished
2025-06-11 20:00:31,311 [ERROR] LogOutputStream:75 - [STDERR_REDIRECT] 
