2025-06-18 19:53:35,293 [INFO] Activator:176 - 


2025-06-18 19:53:35,300 [INFO] Activator:177 - !SESSION log4j initialized
2025-06-18 19:53:43,301 [INFO] LogOutputStream:77 - [STDOUT_REDIRECT] 
2025-06-18 19:53:49,472 [INFO] ApplicationProperties:184 - Using Application install path: C:\ST\STM32CubeIDE_1.17.0\STM32CubeIDE\plugins\com.st.stm32cube.common.mx_6.13.0.202411220809
2025-06-18 19:53:49,534 [INFO] DbMcusXml:78 - Set database path to: C:\ST\STM32CubeIDE_1.17.0\STM32CubeIDE\plugins\com.st.stm32cube.common.mx_6.13.0.202411220809\\db\/mcu/
2025-06-18 19:53:49,536 [INFO] ApiDb:274 - Set plugin database path to: C:\ST\STM32CubeIDE_1.17.0\STM32CubeIDE\plugins\com.st.stm32cube.common.mx_6.13.0.202411220809\\db\/plugins/boardmanager/
2025-06-18 19:53:49,538 [WARN] ApiDb:259 - Overriding images path with different value:  => C:\ST\STM32CubeIDE_1.17.0\STM32CubeIDE\plugins\com.st.stm32cube.common.mx_6.13.0.202411220809\\db\/plugins/mcufinder/images/
2025-06-18 19:53:49,604 [INFO] ApiDb:250 - Set database path to: C:\Users\thepd\.stmcufinder\plugins\mcufinder//mcu/
2025-06-18 19:53:49,608 [INFO] DbMcusAds:125 - Set database path to: C:\Users\thepd\.stmcufinder\plugins\mcufinder//mcu/
2025-06-18 19:53:49,641 [INFO] CrossReferenceDbSqlite:203 - Set database path to: C:\Users\thepd\.stmcufinder\plugins\mcufinder//mcu/cs/
2025-06-18 19:53:50,060 [INFO] RulesReader:64 - Compatibility file has been processed (297 Rules)
2025-06-18 19:53:50,377 [INFO] DbMcusXml:78 - Set database path to: C:\ST\STM32CubeIDE_1.17.0\STM32CubeIDE\plugins\com.st.stm32cube.common.mx_6.13.0.202411220809\\db\/mcu/
2025-06-18 19:53:50,377 [INFO] ApiDb:274 - Set plugin database path to: C:\ST\STM32CubeIDE_1.17.0\STM32CubeIDE\plugins\com.st.stm32cube.common.mx_6.13.0.202411220809\\db\/plugins/boardmanager/
2025-06-18 19:53:50,378 [INFO] ApiDb:261 - Set plugin images path to: C:\ST\STM32CubeIDE_1.17.0\STM32CubeIDE\plugins\com.st.stm32cube.common.mx_6.13.0.202411220809\\db\/plugins/mcufinder/images/
2025-06-18 19:53:50,378 [WARN] DbFile:41 - Overriding database path with different value: C:\Users\thepd\.stmcufinder\plugins\mcufinder/ => C:\Users\thepd\.stmcufinder\plugins\mcufinder
2025-06-18 19:53:50,379 [INFO] ApiDb:250 - Set database path to: C:\Users\thepd\.stmcufinder\plugins\mcufinder//mcu/
2025-06-18 19:53:50,379 [WARN] DbFile:41 - Overriding database path with different value: C:\Users\thepd\.stmcufinder\plugins\mcufinder/ => C:\Users\thepd\.stmcufinder\plugins\mcufinder
2025-06-18 19:53:50,380 [INFO] DbMcusAds:125 - Set database path to: C:\Users\thepd\.stmcufinder\plugins\mcufinder//mcu/
2025-06-18 19:53:50,380 [WARN] DbFile:41 - Overriding database path with different value: C:\Users\thepd\.stmcufinder\plugins\mcufinder/ => C:\Users\thepd\.stmcufinder\plugins\mcufinder
2025-06-18 19:53:50,381 [WARN] DbFile:41 - Overriding database path with different value: C:\Users\thepd\.stmcufinder\plugins\mcufinder/ => C:\Users\thepd\.stmcufinder\plugins\mcufinder
2025-06-18 19:53:50,381 [INFO] CrossReferenceDbSqlite:203 - Set database path to: C:\Users\thepd\.stmcufinder\plugins\mcufinder//mcu/cs/
2025-06-18 19:53:50,671 [INFO] MainPanel:272 - HeapMemory: 268435456
2025-06-18 19:53:51,045 [INFO] DbMcusXml:78 - Set database path to: C:\ST\STM32CubeIDE_1.17.0\STM32CubeIDE\plugins\com.st.stm32cube.common.mx_6.13.0.202411220809\\db\/mcu/
2025-06-18 19:53:51,046 [INFO] ApiDb:274 - Set plugin database path to: C:\ST\STM32CubeIDE_1.17.0\STM32CubeIDE\plugins\com.st.stm32cube.common.mx_6.13.0.202411220809\\db\/plugins/boardmanager/
2025-06-18 19:53:51,046 [INFO] ApiDb:261 - Set plugin images path to: C:\ST\STM32CubeIDE_1.17.0\STM32CubeIDE\plugins\com.st.stm32cube.common.mx_6.13.0.202411220809\\db\/plugins/mcufinder/images/
2025-06-18 19:53:51,047 [WARN] DbFile:41 - Overriding database path with different value: C:\Users\thepd\.stmcufinder\plugins\mcufinder/ => C:\Users\thepd\.stmcufinder\plugins\mcufinder
2025-06-18 19:53:51,047 [INFO] ApiDb:250 - Set database path to: C:\Users\thepd\.stmcufinder\plugins\mcufinder//mcu/
2025-06-18 19:53:51,048 [WARN] DbFile:41 - Overriding database path with different value: C:\Users\thepd\.stmcufinder\plugins\mcufinder/ => C:\Users\thepd\.stmcufinder\plugins\mcufinder
2025-06-18 19:53:51,048 [INFO] DbMcusAds:125 - Set database path to: C:\Users\thepd\.stmcufinder\plugins\mcufinder//mcu/
2025-06-18 19:53:51,048 [WARN] DbFile:41 - Overriding database path with different value: C:\Users\thepd\.stmcufinder\plugins\mcufinder/ => C:\Users\thepd\.stmcufinder\plugins\mcufinder
2025-06-18 19:53:51,049 [WARN] DbFile:41 - Overriding database path with different value: C:\Users\thepd\.stmcufinder\plugins\mcufinder/ => C:\Users\thepd\.stmcufinder\plugins\mcufinder
2025-06-18 19:53:51,049 [INFO] CrossReferenceDbSqlite:203 - Set database path to: C:\Users\thepd\.stmcufinder\plugins\mcufinder//mcu/cs/
2025-06-18 19:53:51,116 [INFO] ApplicationProperties:184 - Using Application install path: C:\ST\STM32CubeIDE_1.17.0\STM32CubeIDE\plugins\com.st.stm32cube.common.mx_6.13.0.202411220809
2025-06-18 19:53:51,122 [INFO] PluginManage:196 - Search for loadable plugins [exclusion list=, ]
2025-06-18 19:53:51,127 [INFO] PluginManage:310 - Check plugin analytics
2025-06-18 19:53:51,884 [INFO] AnalyticsPlugin:253 - Accepted Software Licenses: STM32CubeMX.6.4.0,STM32CubeMX.6.14.0
2025-06-18 19:53:51,885 [INFO] AnalyticsPlugin:255 - Accepted CMSIS Pack Licenses: 
2025-06-18 19:53:51,886 [INFO] AnalyticsPlugin:257 - Accepted Firmware Licenses: FW.G4.1.6.0,FW.G4.1.5.0,FW.F4.1.28.0
2025-06-18 19:53:51,895 [INFO] PluginManage:359 - Loaded plugin analytics (category:tool,tabindex:-1)
2025-06-18 19:53:51,897 [INFO] PluginManage:310 - Check plugin cadmodel
2025-06-18 19:53:51,970 [INFO] CADModel:105 - Init CAD model plugin
2025-06-18 19:53:51,971 [INFO] PluginManage:359 - Loaded plugin cadmodel (category:power,tabindex:5)
2025-06-18 19:53:51,972 [INFO] PluginManage:310 - Check plugin clock
2025-06-18 19:53:52,028 [INFO] PluginManage:359 - Loaded plugin clock (category:base,tabindex:2)
2025-06-18 19:53:52,029 [INFO] PluginManage:310 - Check plugin ddr
2025-06-18 19:53:52,037 [INFO] PluginManage:359 - Loaded plugin ddr (category:tool,tabindex:6)
2025-06-18 19:53:52,038 [INFO] PluginManage:310 - Check plugin filemanager
2025-06-18 19:53:52,550 [INFO] PluginManage:359 - Loaded plugin filemanager (category:base,tabindex:10)
2025-06-18 19:53:52,551 [INFO] PluginManage:310 - Check plugin ipmanager
2025-06-18 19:53:52,579 [INFO] PluginManage:359 - Loaded plugin ipmanager (category:base,tabindex:5)
2025-06-18 19:53:52,580 [INFO] PluginManage:310 - Check plugin lpbam
2025-06-18 19:53:52,652 [INFO] PluginManage:359 - Loaded plugin lpbam (category:base,tabindex:0)
2025-06-18 19:53:52,653 [INFO] PluginManage:310 - Check plugin memorymap
2025-06-18 19:53:52,723 [INFO] PluginManage:359 - Loaded plugin memorymap (category:base,tabindex:4)
2025-06-18 19:53:52,724 [INFO] PluginManage:310 - Check plugin pinoutandconfiguration
2025-06-18 19:53:52,772 [INFO] PluginManage:359 - Loaded plugin pinoutandconfiguration (category:base,tabindex:1)
2025-06-18 19:53:52,773 [INFO] PluginManage:310 - Check plugin pinoutconfig
2025-06-18 19:53:53,162 [WARN] SupportedApi:132 - Cannot load RTOS API schema: s4s-elt-must-match.1: The content of 'definitions' must match (annotation?, (simpleType | complexType)?, (unique | key | keyref)*)). A problem was found starting at: attribute.
2025-06-18 19:53:53,663 [INFO] PluginManage:359 - Loaded plugin pinoutconfig (category:base,tabindex:0)
2025-06-18 19:53:53,664 [INFO] PluginManage:310 - Check plugin power
2025-06-18 19:53:53,719 [INFO] PluginManage:359 - Loaded plugin power (category:power,tabindex:4)
2025-06-18 19:53:53,720 [INFO] PluginManage:310 - Check plugin projectmanager
2025-06-18 19:53:53,810 [INFO] PluginManage:359 - Loaded plugin projectmanager (category:projectmanager,tabindex:4)
2025-06-18 19:53:53,810 [INFO] PluginManage:310 - Check plugin rif
2025-06-18 19:53:53,858 [INFO] PluginManage:359 - Loaded plugin rif (category:base,tabindex:3)
2025-06-18 19:53:53,859 [INFO] PluginManage:310 - Check plugin thirdparty
2025-06-18 19:53:54,917 [WARN] IntegrityCheckThread:84 - waiting for thirdparty lock release [integrity check]
2025-06-18 19:53:54,917 [INFO] PluginManage:359 - Loaded plugin thirdparty (category:base,tabindex:-1)
2025-06-18 19:53:54,918 [INFO] IntegrityCheckThread:86 - entering critical section [integrity check]
2025-06-18 19:53:54,918 [INFO] PluginManage:310 - Check plugin tools
2025-06-18 19:53:54,919 [INFO] ThirdPartyUpdaterWithRetryManager:70 - Updater plugin not ready yet. [1/15]
2025-06-18 19:53:55,037 [INFO] PluginManage:359 - Loaded plugin tools (category:base,tabindex:7)
2025-06-18 19:53:55,037 [INFO] PluginManage:310 - Check plugin tutovideos
2025-06-18 19:53:55,704 [INFO] PluginManage:359 - Loaded plugin tutovideos (category:base,tabindex:-1)
2025-06-18 19:53:55,705 [INFO] PluginManage:310 - Check plugin updater
2025-06-18 19:53:55,790 [INFO] PluginManage:359 - Loaded plugin updater (category:base,tabindex:12)
2025-06-18 19:53:55,791 [INFO] PluginManage:310 - Check plugin userauth
2025-06-18 19:53:55,805 [INFO] UserAuth:118 - Init User Auth plugin
2025-06-18 19:53:55,808 [INFO] PluginManage:359 - Loaded plugin userauth (category:base,tabindex:14)
2025-06-18 19:53:55,810 [INFO] PluginManage:283 - PluginManage : Loaded plugins [18]
2025-06-18 19:53:56,579 [INFO] PinOutPanel:1589 - setPackage(No Configuration,No Configuration)
2025-06-18 19:53:56,910 [INFO] CADModel:165 - CPN selected for project level
2025-06-18 19:53:56,911 [INFO] CADModel:114 - Register for checkConnection events
2025-06-18 19:53:56,981 [INFO] IPUIPlugin:80 - create IPUIPlugin
2025-06-18 19:53:56,982 [INFO] PluginManager:220 - loadIPPluginJar : add adc
2025-06-18 19:53:57,128 [INFO] IPUIPlugin:80 - create IPUIPlugin
2025-06-18 19:53:57,129 [INFO] PluginManager:220 - loadIPPluginJar : add aes
2025-06-18 19:53:57,277 [INFO] IPUIPlugin:80 - create IPUIPlugin
2025-06-18 19:53:57,278 [INFO] PluginManager:220 - loadIPPluginJar : add can
2025-06-18 19:53:57,379 [INFO] IPUIPlugin:80 - create IPUIPlugin
2025-06-18 19:53:57,379 [INFO] PluginManager:220 - loadIPPluginJar : add comp
2025-06-18 19:53:57,503 [INFO] IPUIPlugin:80 - create IPUIPlugin
2025-06-18 19:53:57,503 [INFO] PluginManager:220 - loadIPPluginJar : add cryp
2025-06-18 19:53:57,546 [INFO] IPUIPlugin:80 - create IPUIPlugin
2025-06-18 19:53:57,547 [INFO] PluginManager:220 - loadIPPluginJar : add ddr_ctrl_phy
2025-06-18 19:53:57,643 [INFO] IPUIPlugin:80 - create IPUIPlugin
2025-06-18 19:53:57,643 [INFO] PluginManager:220 - loadIPPluginJar : add dfsdm
2025-06-18 19:53:57,686 [INFO] IPUIPlugin:80 - create IPUIPlugin
2025-06-18 19:53:57,687 [INFO] PluginManager:220 - loadIPPluginJar : add dma
2025-06-18 19:53:57,790 [INFO] IPUIPlugin:80 - create IPUIPlugin
2025-06-18 19:53:57,791 [INFO] PluginManager:220 - loadIPPluginJar : add dma3
2025-06-18 19:53:57,934 [INFO] ThirdPartyUpdaterWithRetryManager:70 - Updater plugin not ready yet. [2/15]
2025-06-18 19:53:57,938 [INFO] IPUIPlugin:80 - create IPUIPlugin
2025-06-18 19:53:57,938 [INFO] PluginManager:220 - loadIPPluginJar : add extmemmanager
2025-06-18 19:53:57,973 [INFO] IPUIPlugin:80 - create IPUIPlugin
2025-06-18 19:53:57,974 [INFO] PluginManager:220 - loadIPPluginJar : add fatfs
2025-06-18 19:53:58,134 [INFO] IPUIPlugin:80 - create IPUIPlugin
2025-06-18 19:53:58,135 [INFO] PluginManager:220 - loadIPPluginJar : add fmc
2025-06-18 19:53:58,188 [INFO] IPUIPlugin:80 - create IPUIPlugin
2025-06-18 19:53:58,188 [INFO] PluginManager:220 - loadIPPluginJar : add freertos
2025-06-18 19:53:58,266 [INFO] IPUIPlugin:80 - create IPUIPlugin
2025-06-18 19:53:58,267 [INFO] PluginManager:220 - loadIPPluginJar : add genericplugin
2025-06-18 19:53:58,584 [INFO] IPUIPlugin:80 - create IPUIPlugin
2025-06-18 19:53:58,584 [INFO] PluginManager:220 - loadIPPluginJar : add gfxmmu
2025-06-18 19:53:59,086 [INFO] IPUIPlugin:80 - create IPUIPlugin
2025-06-18 19:53:59,086 [INFO] PluginManager:220 - loadIPPluginJar : add gic
2025-06-18 19:53:59,119 [INFO] IPUIPlugin:80 - create IPUIPlugin
2025-06-18 19:53:59,120 [INFO] PluginManager:220 - loadIPPluginJar : add gpio
2025-06-18 19:53:59,468 [INFO] IPUIPlugin:80 - create IPUIPlugin
2025-06-18 19:53:59,469 [INFO] PluginManager:220 - loadIPPluginJar : add gtzc
2025-06-18 19:53:59,590 [INFO] IPUIPlugin:80 - create IPUIPlugin
2025-06-18 19:53:59,591 [INFO] PluginManager:220 - loadIPPluginJar : add hash
2025-06-18 19:53:59,790 [INFO] IPUIPlugin:80 - create IPUIPlugin
2025-06-18 19:53:59,790 [INFO] PluginManager:220 - loadIPPluginJar : add i2c
2025-06-18 19:53:59,938 [INFO] IPUIPlugin:80 - create IPUIPlugin
2025-06-18 19:53:59,938 [INFO] PluginManager:220 - loadIPPluginJar : add i2s
2025-06-18 19:54:00,135 [INFO] IPUIPlugin:80 - create IPUIPlugin
2025-06-18 19:54:00,136 [INFO] PluginManager:220 - loadIPPluginJar : add i3c
2025-06-18 19:54:00,544 [INFO] IPUIPlugin:80 - create IPUIPlugin
2025-06-18 19:54:00,545 [INFO] PluginManager:220 - loadIPPluginJar : add ipddr
2025-06-18 19:54:00,937 [INFO] ThirdPartyUpdaterWithRetryManager:70 - Updater plugin not ready yet. [3/15]
2025-06-18 19:54:00,976 [INFO] IPUIPlugin:80 - create IPUIPlugin
2025-06-18 19:54:00,977 [INFO] PluginManager:220 - loadIPPluginJar : add linkedlist
2025-06-18 19:54:01,077 [INFO] IPUIPlugin:80 - create IPUIPlugin
2025-06-18 19:54:01,078 [INFO] PluginManager:220 - loadIPPluginJar : add lorawan
2025-06-18 19:54:01,256 [INFO] IPUIPlugin:80 - create IPUIPlugin
2025-06-18 19:54:01,257 [INFO] PluginManager:220 - loadIPPluginJar : add ltdc
2025-06-18 19:54:01,315 [INFO] IPUIPlugin:80 - create IPUIPlugin
2025-06-18 19:54:01,316 [INFO] PluginManager:220 - loadIPPluginJar : add mdma
2025-06-18 19:54:01,361 [INFO] IPUIPlugin:80 - create IPUIPlugin
2025-06-18 19:54:01,362 [INFO] PluginManager:220 - loadIPPluginJar : add nvic
2025-06-18 19:54:01,474 [INFO] IPUIPlugin:80 - create IPUIPlugin
2025-06-18 19:54:01,474 [INFO] PluginManager:220 - loadIPPluginJar : add opamp
2025-06-18 19:54:01,758 [INFO] IPUIPlugin:80 - create IPUIPlugin
2025-06-18 19:54:01,758 [INFO] PluginManager:220 - loadIPPluginJar : add openamp
2025-06-18 19:54:01,893 [INFO] IPUIPlugin:80 - create IPUIPlugin
2025-06-18 19:54:01,893 [INFO] PluginManager:220 - loadIPPluginJar : add pdm2pcm
2025-06-18 19:54:01,953 [INFO] IPUIPlugin:80 - create IPUIPlugin
2025-06-18 19:54:01,960 [INFO] PluginManager:220 - loadIPPluginJar : add plateformsettings
2025-06-18 19:54:02,075 [INFO] IPUIPlugin:80 - create IPUIPlugin
2025-06-18 19:54:02,075 [INFO] PluginManager:220 - loadIPPluginJar : add quadspi
2025-06-18 19:54:02,203 [INFO] IPUIPlugin:80 - create IPUIPlugin
2025-06-18 19:54:02,205 [INFO] PluginManager:220 - loadIPPluginJar : add radio
2025-06-18 19:54:02,233 [INFO] IPUIPlugin:80 - create IPUIPlugin
2025-06-18 19:54:02,234 [INFO] PluginManager:220 - loadIPPluginJar : add resmgrutility
2025-06-18 19:54:02,393 [INFO] IPUIPlugin:80 - create IPUIPlugin
2025-06-18 19:54:02,394 [INFO] PluginManager:220 - loadIPPluginJar : add sai
2025-06-18 19:54:02,512 [INFO] IPUIPlugin:80 - create IPUIPlugin
2025-06-18 19:54:02,513 [INFO] PluginManager:220 - loadIPPluginJar : add spi
2025-06-18 19:54:02,812 [INFO] IPUIPlugin:80 - create IPUIPlugin
2025-06-18 19:54:02,813 [INFO] PluginManager:220 - loadIPPluginJar : add stm32_wpan
2025-06-18 19:54:02,865 [INFO] IPUIPlugin:80 - create IPUIPlugin
2025-06-18 19:54:02,866 [INFO] PluginManager:220 - loadIPPluginJar : add tim
2025-06-18 19:54:03,130 [INFO] IPUIPlugin:80 - create IPUIPlugin
2025-06-18 19:54:03,131 [INFO] PluginManager:220 - loadIPPluginJar : add touchsensing
2025-06-18 19:54:03,232 [INFO] IPUIPlugin:80 - create IPUIPlugin
2025-06-18 19:54:03,233 [INFO] PluginManager:220 - loadIPPluginJar : add tracer_emb
2025-06-18 19:54:03,345 [INFO] IPUIPlugin:80 - create IPUIPlugin
2025-06-18 19:54:03,345 [INFO] PluginManager:220 - loadIPPluginJar : add ts
2025-06-18 19:54:03,445 [INFO] IPUIPlugin:80 - create IPUIPlugin
2025-06-18 19:54:03,445 [INFO] PluginManager:220 - loadIPPluginJar : add tsc
2025-06-18 19:54:03,486 [INFO] IPUIPlugin:80 - create IPUIPlugin
2025-06-18 19:54:03,487 [INFO] PluginManager:220 - loadIPPluginJar : add ucpd
2025-06-18 19:54:03,641 [INFO] IPUIPlugin:80 - create IPUIPlugin
2025-06-18 19:54:03,642 [INFO] PluginManager:220 - loadIPPluginJar : add usart
2025-06-18 19:54:03,842 [INFO] IPUIPlugin:80 - create IPUIPlugin
2025-06-18 19:54:03,843 [INFO] PluginManager:220 - loadIPPluginJar : add usbx
2025-06-18 19:54:03,944 [INFO] ThirdPartyUpdaterWithRetryManager:70 - Updater plugin not ready yet. [4/15]
2025-06-18 19:54:04,148 [FATAL] Updater:351 - Updater called before beeing initialized
2025-06-18 19:54:04,258 [INFO] RulesReader:64 - Compatibility file has been processed (297 Rules)
2025-06-18 19:54:04,299 [INFO] RulesReader:64 - Compatibility file has been processed (297 Rules)
2025-06-18 19:54:04,328 [INFO] CADModel:165 - CPN selected for project level
2025-06-18 19:54:04,329 [INFO] CADModel:114 - Register for checkConnection events
2025-06-18 19:54:04,329 [FATAL] Updater:351 - Updater called before beeing initialized
2025-06-18 19:54:04,329 [ERROR] CADModel:125 - Updater not yet initialized, retry later 
2025-06-18 19:54:04,875 [FATAL] Updater:351 - Updater called before beeing initialized
2025-06-18 19:54:04,881 [INFO] CADModel:165 - CPN selected for project level
2025-06-18 19:54:04,881 [INFO] CADModel:114 - Register for checkConnection events
2025-06-18 19:54:04,882 [FATAL] Updater:351 - Updater called before beeing initialized
2025-06-18 19:54:04,882 [ERROR] CADModel:125 - Updater not yet initialized, retry later 
2025-06-18 19:54:04,892 [FATAL] Updater:351 - Updater called before beeing initialized
2025-06-18 19:54:05,263 [FATAL] Updater:351 - Updater called before beeing initialized
2025-06-18 19:54:05,301 [INFO] DbMcusAds:53 - JSON generation date=Thu Mar 06 15:54:21 GMT+01:00 2025 (1741272861825)
2025-06-18 19:54:05,301 [FATAL] Updater:351 - Updater called before beeing initialized
2025-06-18 19:54:05,430 [WARN] DetailPanel:346 - Failed to get advertising image, set to default
2025-06-18 19:54:06,278 [FATAL] Updater:351 - Updater called before beeing initialized
2025-06-18 19:54:06,284 [FATAL] Updater:351 - Updater called before beeing initialized
2025-06-18 19:54:06,284 [FATAL] Updater:351 - Updater called before beeing initialized
2025-06-18 19:54:06,285 [WARN] DetailPanel:346 - Failed to get advertising image, set to default
2025-06-18 19:54:06,288 [FATAL] Updater:351 - Updater called before beeing initialized
2025-06-18 19:54:06,488 [ERROR] Updater:1198 - MainUpdater not yet initialized. External WinMGr cannot be set.
2025-06-18 19:54:06,506 [INFO] Updater:1134 - Updater Version found : 6.13.0
2025-06-18 19:54:06,562 [INFO] ApplicationProperties:184 - Using Application install path: C:\ST\STM32CubeIDE_1.17.0\STM32CubeIDE\plugins\com.st.stm32cube.common.mx_6.13.0.202411220809
2025-06-18 19:54:06,949 [FATAL] Updater:351 - Updater called before beeing initialized
2025-06-18 19:54:06,950 [ERROR] IntegrityCheckThread:130 - Cannot retrieve database content from updater: error 21
2025-06-18 19:54:06,951 [INFO] ThirdParty:978 - Integrity check success = false
2025-06-18 19:54:06,951 [INFO] IntegrityCheckThread:100 - exiting critical section [integrity check]
2025-06-18 19:54:06,952 [INFO] IntegrityCheckThread:103 - End integrity checks thread
2025-06-18 19:54:08,145 [INFO] MainUpdater:2872 - connection check result : 10
2025-06-18 19:54:08,146 [INFO] MainUpdater:3566 - Updater definition file requires update
2025-06-18 19:54:08,149 [INFO] MainUpdater:289 - Updater Check For Update Now.
2025-06-18 19:54:08,150 [INFO] MicroXplorer:498 - Change Database Version : DB.6.0.130
2025-06-18 19:54:08,217 [INFO] McuFinderGlobals:63 - Set McuFinder mode to 2 (CubeIDE integrated)
2025-06-18 19:54:08,245 [INFO] UserAuth:486 - Internet connection configuration mode: 1
2025-06-18 19:54:08,272 [INFO] ServerAccessManage:473 - Download File updaters.zip
2025-06-18 19:54:08,350 [INFO] JxBrowserEngine:152 - Initiate JxBrowser Engine with user profile folder
2025-06-18 19:54:08,599 [INFO] FileExtend:240 - Unzip File : updaters.zip
2025-06-18 19:54:08,600 [INFO] FileExtend:255 - Standard Zip Deflate
2025-06-18 19:54:11,364 [INFO] ServerAccessManage:473 - Download File PacksControlFlags.xml
2025-06-18 19:54:11,832 [INFO] ServerAccessManage:473 - Download File cubemx.pidx
2025-06-18 19:54:13,518 [INFO] WebApp:168 - Instantiating new browser for Auth
2025-06-18 19:54:16,159 [INFO] ServerAccessManage:473 - Download File STMicroelectronics.X-CUBE-PM33A1.pdsc
2025-06-18 19:54:16,381 [INFO] WebApp:449 - Apply proxy settings
2025-06-18 19:54:16,382 [INFO] WebApp:534 - Chromium requires no authentication
2025-06-18 19:54:16,420 [INFO] WebApp:477 - Direct internet connection detected
2025-06-18 19:54:16,543 [INFO] WebApp:880 - Register for checkConnection events
2025-06-18 19:54:16,544 [INFO] WebApp:449 - Apply proxy settings
2025-06-18 19:54:16,545 [INFO] WebApp:534 - Chromium requires no authentication
2025-06-18 19:54:16,546 [INFO] WebApp:477 - Direct internet connection detected
2025-06-18 19:54:16,708 [INFO] WebApp:187 - Connection restablished
2025-06-18 19:54:17,690 [INFO] WebApp:221 - Starting web application
2025-06-18 19:54:17,691 [INFO] WebApp:579 - Web application path used C:\ST\STM32CubeIDE_1.17.0\STM32CubeIDE\plugins\com.st.stm32cube.common.mx_6.13.0.202411220809\db\plugins\mcufinder\reactClient1\index.html
2025-06-18 19:54:18,085 [INFO] UserAuth:486 - Internet connection configuration mode: 1
2025-06-18 19:54:19,628 [WARN] PackLoader:240 - Cannot read IP mode file for STMicroelectronics.X-CUBE-PM33A1.1.0.0
2025-06-18 19:54:19,637 [INFO] PopulateThirdPartyThread:66 - Ending populate Thread
2025-06-18 19:54:19,640 [INFO] ThirdParty:1030 - CMSIS Pack Vendor :STMicroelectronics X-CUBE-PM33A1 1.0.0
2025-06-18 19:54:19,641 [INFO] LoadServerUpdatesThread:375 - End of LoadServerUpdate Thread
2025-06-18 19:54:19,890 [INFO] CheckServerUpdateThread:120 - End of CheckServer Thread
2025-06-18 20:37:47,602 [INFO] WebApp:190 - Connection lost
2025-06-18 20:37:47,768 [INFO] WebApp:187 - Connection restablished
2025-06-18 21:28:21,330 [ERROR] LogOutputStream:75 - [STDERR_REDIRECT] 
