2026-02-14 19:48:23,848 [INFO] Activator:176 - 


2026-02-14 19:48:23,872 [INFO] Activator:177 - !SESSION log4j initialized
2026-02-14 19:48:44,878 [INFO] LogOutputStream:77 - [STDOUT_REDIRECT] 
2026-02-14 19:48:52,952 [INFO] ApplicationProperties:184 - Using Application install path: C:\ST\STM32CubeIDE_1.17.0\STM32CubeIDE\plugins\com.st.stm32cube.common.mx_6.13.0.202411220809
2026-02-14 19:48:53,005 [INFO] DbMcusXml:78 - Set database path to: C:\ST\STM32CubeIDE_1.17.0\STM32CubeIDE\plugins\com.st.stm32cube.common.mx_6.13.0.202411220809\\db\/mcu/
2026-02-14 19:48:53,006 [INFO] ApiDb:274 - Set plugin database path to: C:\ST\STM32CubeIDE_1.17.0\STM32CubeIDE\plugins\com.st.stm32cube.common.mx_6.13.0.202411220809\\db\/plugins/boardmanager/
2026-02-14 19:48:53,008 [WARN] ApiDb:259 - Overriding images path with different value:  => C:\ST\STM32CubeIDE_1.17.0\STM32CubeIDE\plugins\com.st.stm32cube.common.mx_6.13.0.202411220809\\db\/plugins/mcufinder/images/
2026-02-14 19:48:53,050 [INFO] ApiDb:250 - Set database path to: C:\Users\thepd\.stmcufinder\plugins\mcufinder//mcu/
2026-02-14 19:48:53,055 [INFO] DbMcusAds:125 - Set database path to: C:\Users\thepd\.stmcufinder\plugins\mcufinder//mcu/
2026-02-14 19:48:53,062 [INFO] CrossReferenceDbSqlite:203 - Set database path to: C:\Users\thepd\.stmcufinder\plugins\mcufinder//mcu/cs/
2026-02-14 19:48:53,453 [INFO] RulesReader:64 - Compatibility file has been processed (297 Rules)
2026-02-14 19:48:53,751 [INFO] DbMcusXml:78 - Set database path to: C:\ST\STM32CubeIDE_1.17.0\STM32CubeIDE\plugins\com.st.stm32cube.common.mx_6.13.0.202411220809\\db\/mcu/
2026-02-14 19:48:53,751 [INFO] ApiDb:274 - Set plugin database path to: C:\ST\STM32CubeIDE_1.17.0\STM32CubeIDE\plugins\com.st.stm32cube.common.mx_6.13.0.202411220809\\db\/plugins/boardmanager/
2026-02-14 19:48:53,751 [INFO] ApiDb:261 - Set plugin images path to: C:\ST\STM32CubeIDE_1.17.0\STM32CubeIDE\plugins\com.st.stm32cube.common.mx_6.13.0.202411220809\\db\/plugins/mcufinder/images/
2026-02-14 19:48:53,752 [WARN] DbFile:41 - Overriding database path with different value: C:\Users\thepd\.stmcufinder\plugins\mcufinder/ => C:\Users\thepd\.stmcufinder\plugins\mcufinder
2026-02-14 19:48:53,752 [INFO] ApiDb:250 - Set database path to: C:\Users\thepd\.stmcufinder\plugins\mcufinder//mcu/
2026-02-14 19:48:53,753 [WARN] DbFile:41 - Overriding database path with different value: C:\Users\thepd\.stmcufinder\plugins\mcufinder/ => C:\Users\thepd\.stmcufinder\plugins\mcufinder
2026-02-14 19:48:53,753 [INFO] DbMcusAds:125 - Set database path to: C:\Users\thepd\.stmcufinder\plugins\mcufinder//mcu/
2026-02-14 19:48:53,753 [WARN] DbFile:41 - Overriding database path with different value: C:\Users\thepd\.stmcufinder\plugins\mcufinder/ => C:\Users\thepd\.stmcufinder\plugins\mcufinder
2026-02-14 19:48:53,754 [WARN] DbFile:41 - Overriding database path with different value: C:\Users\thepd\.stmcufinder\plugins\mcufinder/ => C:\Users\thepd\.stmcufinder\plugins\mcufinder
2026-02-14 19:48:53,754 [INFO] CrossReferenceDbSqlite:203 - Set database path to: C:\Users\thepd\.stmcufinder\plugins\mcufinder//mcu/cs/
2026-02-14 19:48:54,028 [INFO] MainPanel:272 - HeapMemory: 268435456
2026-02-14 19:48:54,421 [INFO] DbMcusXml:78 - Set database path to: C:\ST\STM32CubeIDE_1.17.0\STM32CubeIDE\plugins\com.st.stm32cube.common.mx_6.13.0.202411220809\\db\/mcu/
2026-02-14 19:48:54,422 [INFO] ApiDb:274 - Set plugin database path to: C:\ST\STM32CubeIDE_1.17.0\STM32CubeIDE\plugins\com.st.stm32cube.common.mx_6.13.0.202411220809\\db\/plugins/boardmanager/
2026-02-14 19:48:54,423 [INFO] ApiDb:261 - Set plugin images path to: C:\ST\STM32CubeIDE_1.17.0\STM32CubeIDE\plugins\com.st.stm32cube.common.mx_6.13.0.202411220809\\db\/plugins/mcufinder/images/
2026-02-14 19:48:54,425 [WARN] DbFile:41 - Overriding database path with different value: C:\Users\thepd\.stmcufinder\plugins\mcufinder/ => C:\Users\thepd\.stmcufinder\plugins\mcufinder
2026-02-14 19:48:54,425 [INFO] ApiDb:250 - Set database path to: C:\Users\thepd\.stmcufinder\plugins\mcufinder//mcu/
2026-02-14 19:48:54,425 [WARN] DbFile:41 - Overriding database path with different value: C:\Users\thepd\.stmcufinder\plugins\mcufinder/ => C:\Users\thepd\.stmcufinder\plugins\mcufinder
2026-02-14 19:48:54,426 [INFO] DbMcusAds:125 - Set database path to: C:\Users\thepd\.stmcufinder\plugins\mcufinder//mcu/
2026-02-14 19:48:54,427 [WARN] DbFile:41 - Overriding database path with different value: C:\Users\thepd\.stmcufinder\plugins\mcufinder/ => C:\Users\thepd\.stmcufinder\plugins\mcufinder
2026-02-14 19:48:54,427 [WARN] DbFile:41 - Overriding database path with different value: C:\Users\thepd\.stmcufinder\plugins\mcufinder/ => C:\Users\thepd\.stmcufinder\plugins\mcufinder
2026-02-14 19:48:54,427 [INFO] CrossReferenceDbSqlite:203 - Set database path to: C:\Users\thepd\.stmcufinder\plugins\mcufinder//mcu/cs/
2026-02-14 19:48:54,501 [INFO] ApplicationProperties:184 - Using Application install path: C:\ST\STM32CubeIDE_1.17.0\STM32CubeIDE\plugins\com.st.stm32cube.common.mx_6.13.0.202411220809
2026-02-14 19:48:54,506 [INFO] PluginManage:196 - Search for loadable plugins [exclusion list=, ]
2026-02-14 19:48:54,512 [INFO] PluginManage:310 - Check plugin analytics
2026-02-14 19:48:55,314 [INFO] AnalyticsPlugin:253 - Accepted Software Licenses: STM32CubeMX.6.4.0,STM32CubeMX.6.14.0
2026-02-14 19:48:55,314 [INFO] AnalyticsPlugin:255 - Accepted CMSIS Pack Licenses: 
2026-02-14 19:48:55,315 [INFO] AnalyticsPlugin:257 - Accepted Firmware Licenses: FW.G4.1.6.0,FW.G4.1.5.0,FW.F4.1.28.0
2026-02-14 19:48:55,334 [INFO] PluginManage:359 - Loaded plugin analytics (category:tool,tabindex:-1)
2026-02-14 19:48:55,336 [INFO] PluginManage:310 - Check plugin cadmodel
2026-02-14 19:48:55,405 [INFO] CADModel:105 - Init CAD model plugin
2026-02-14 19:48:55,405 [INFO] PluginManage:359 - Loaded plugin cadmodel (category:power,tabindex:5)
2026-02-14 19:48:55,406 [INFO] PluginManage:310 - Check plugin clock
2026-02-14 19:48:55,518 [INFO] PluginManage:359 - Loaded plugin clock (category:base,tabindex:2)
2026-02-14 19:48:55,519 [INFO] PluginManage:310 - Check plugin ddr
2026-02-14 19:48:55,527 [INFO] PluginManage:359 - Loaded plugin ddr (category:tool,tabindex:6)
2026-02-14 19:48:55,528 [INFO] PluginManage:310 - Check plugin filemanager
2026-02-14 19:48:56,155 [INFO] PluginManage:359 - Loaded plugin filemanager (category:base,tabindex:10)
2026-02-14 19:48:56,156 [INFO] PluginManage:310 - Check plugin ipmanager
2026-02-14 19:48:56,180 [INFO] PluginManage:359 - Loaded plugin ipmanager (category:base,tabindex:5)
2026-02-14 19:48:56,181 [INFO] PluginManage:310 - Check plugin lpbam
2026-02-14 19:48:56,249 [INFO] PluginManage:359 - Loaded plugin lpbam (category:base,tabindex:0)
2026-02-14 19:48:56,249 [INFO] PluginManage:310 - Check plugin memorymap
2026-02-14 19:48:56,340 [INFO] PluginManage:359 - Loaded plugin memorymap (category:base,tabindex:4)
2026-02-14 19:48:56,341 [INFO] PluginManage:310 - Check plugin pinoutandconfiguration
2026-02-14 19:48:56,430 [INFO] PluginManage:359 - Loaded plugin pinoutandconfiguration (category:base,tabindex:1)
2026-02-14 19:48:56,431 [INFO] PluginManage:310 - Check plugin pinoutconfig
2026-02-14 19:48:56,810 [WARN] SupportedApi:132 - Cannot load RTOS API schema: s4s-elt-must-match.1: The content of 'definitions' must match (annotation?, (simpleType | complexType)?, (unique | key | keyref)*)). A problem was found starting at: attribute.
2026-02-14 19:48:57,311 [INFO] PluginManage:359 - Loaded plugin pinoutconfig (category:base,tabindex:0)
2026-02-14 19:48:57,312 [INFO] PluginManage:310 - Check plugin power
2026-02-14 19:48:57,393 [INFO] PluginManage:359 - Loaded plugin power (category:power,tabindex:4)
2026-02-14 19:48:57,393 [INFO] PluginManage:310 - Check plugin projectmanager
2026-02-14 19:48:57,451 [INFO] PluginManage:359 - Loaded plugin projectmanager (category:projectmanager,tabindex:4)
2026-02-14 19:48:57,451 [INFO] PluginManage:310 - Check plugin rif
2026-02-14 19:48:57,522 [INFO] PluginManage:359 - Loaded plugin rif (category:base,tabindex:3)
2026-02-14 19:48:57,523 [INFO] PluginManage:310 - Check plugin thirdparty
2026-02-14 19:48:58,734 [INFO] PluginManage:359 - Loaded plugin thirdparty (category:base,tabindex:-1)
2026-02-14 19:48:58,733 [WARN] IntegrityCheckThread:84 - waiting for thirdparty lock release [integrity check]
2026-02-14 19:48:58,735 [INFO] IntegrityCheckThread:86 - entering critical section [integrity check]
2026-02-14 19:48:58,735 [INFO] PluginManage:310 - Check plugin tools
2026-02-14 19:48:58,736 [INFO] ThirdPartyUpdaterWithRetryManager:70 - Updater plugin not ready yet. [1/15]
2026-02-14 19:48:58,927 [INFO] PluginManage:359 - Loaded plugin tools (category:base,tabindex:7)
2026-02-14 19:48:58,927 [INFO] PluginManage:310 - Check plugin tutovideos
2026-02-14 19:48:59,740 [INFO] PluginManage:359 - Loaded plugin tutovideos (category:base,tabindex:-1)
2026-02-14 19:48:59,741 [INFO] PluginManage:310 - Check plugin updater
2026-02-14 19:48:59,815 [INFO] PluginManage:359 - Loaded plugin updater (category:base,tabindex:12)
2026-02-14 19:48:59,816 [INFO] PluginManage:310 - Check plugin userauth
2026-02-14 19:48:59,830 [INFO] UserAuth:118 - Init User Auth plugin
2026-02-14 19:48:59,834 [INFO] PluginManage:359 - Loaded plugin userauth (category:base,tabindex:14)
2026-02-14 19:48:59,836 [INFO] PluginManage:283 - PluginManage : Loaded plugins [18]
2026-02-14 19:49:00,553 [INFO] PinOutPanel:1589 - setPackage(No Configuration,No Configuration)
2026-02-14 19:49:00,909 [INFO] CADModel:165 - CPN selected for project level
2026-02-14 19:49:00,910 [INFO] CADModel:114 - Register for checkConnection events
2026-02-14 19:49:01,034 [INFO] IPUIPlugin:80 - create IPUIPlugin
2026-02-14 19:49:01,034 [INFO] PluginManager:220 - loadIPPluginJar : add adc
2026-02-14 19:49:01,247 [INFO] IPUIPlugin:80 - create IPUIPlugin
2026-02-14 19:49:01,248 [INFO] PluginManager:220 - loadIPPluginJar : add aes
2026-02-14 19:49:01,494 [INFO] IPUIPlugin:80 - create IPUIPlugin
2026-02-14 19:49:01,495 [INFO] PluginManager:220 - loadIPPluginJar : add can
2026-02-14 19:49:01,617 [INFO] IPUIPlugin:80 - create IPUIPlugin
2026-02-14 19:49:01,618 [INFO] PluginManager:220 - loadIPPluginJar : add comp
2026-02-14 19:49:01,752 [INFO] ThirdPartyUpdaterWithRetryManager:70 - Updater plugin not ready yet. [2/15]
2026-02-14 19:49:01,791 [INFO] IPUIPlugin:80 - create IPUIPlugin
2026-02-14 19:49:01,792 [INFO] PluginManager:220 - loadIPPluginJar : add cryp
2026-02-14 19:49:01,840 [INFO] IPUIPlugin:80 - create IPUIPlugin
2026-02-14 19:49:01,840 [INFO] PluginManager:220 - loadIPPluginJar : add ddr_ctrl_phy
2026-02-14 19:49:01,976 [INFO] IPUIPlugin:80 - create IPUIPlugin
2026-02-14 19:49:01,977 [INFO] PluginManager:220 - loadIPPluginJar : add dfsdm
2026-02-14 19:49:02,038 [INFO] IPUIPlugin:80 - create IPUIPlugin
2026-02-14 19:49:02,039 [INFO] PluginManager:220 - loadIPPluginJar : add dma
2026-02-14 19:49:02,206 [INFO] IPUIPlugin:80 - create IPUIPlugin
2026-02-14 19:49:02,207 [INFO] PluginManager:220 - loadIPPluginJar : add dma3
2026-02-14 19:49:02,431 [INFO] IPUIPlugin:80 - create IPUIPlugin
2026-02-14 19:49:02,432 [INFO] PluginManager:220 - loadIPPluginJar : add extmemmanager
2026-02-14 19:49:02,523 [INFO] IPUIPlugin:80 - create IPUIPlugin
2026-02-14 19:49:02,523 [INFO] PluginManager:220 - loadIPPluginJar : add fatfs
2026-02-14 19:49:02,740 [INFO] IPUIPlugin:80 - create IPUIPlugin
2026-02-14 19:49:02,741 [INFO] PluginManager:220 - loadIPPluginJar : add fmc
2026-02-14 19:49:02,810 [INFO] IPUIPlugin:80 - create IPUIPlugin
2026-02-14 19:49:02,811 [INFO] PluginManager:220 - loadIPPluginJar : add freertos
2026-02-14 19:49:02,920 [INFO] IPUIPlugin:80 - create IPUIPlugin
2026-02-14 19:49:02,921 [INFO] PluginManager:220 - loadIPPluginJar : add genericplugin
2026-02-14 19:49:03,346 [INFO] IPUIPlugin:80 - create IPUIPlugin
2026-02-14 19:49:03,347 [INFO] PluginManager:220 - loadIPPluginJar : add gfxmmu
2026-02-14 19:49:03,934 [INFO] IPUIPlugin:80 - create IPUIPlugin
2026-02-14 19:49:03,934 [INFO] PluginManager:220 - loadIPPluginJar : add gic
2026-02-14 19:49:03,987 [INFO] IPUIPlugin:80 - create IPUIPlugin
2026-02-14 19:49:03,987 [INFO] PluginManager:220 - loadIPPluginJar : add gpio
2026-02-14 19:49:04,393 [INFO] IPUIPlugin:80 - create IPUIPlugin
2026-02-14 19:49:04,393 [INFO] PluginManager:220 - loadIPPluginJar : add gtzc
2026-02-14 19:49:04,547 [INFO] IPUIPlugin:80 - create IPUIPlugin
2026-02-14 19:49:04,547 [INFO] PluginManager:220 - loadIPPluginJar : add hash
2026-02-14 19:49:04,765 [INFO] ThirdPartyUpdaterWithRetryManager:70 - Updater plugin not ready yet. [3/15]
2026-02-14 19:49:04,772 [INFO] IPUIPlugin:80 - create IPUIPlugin
2026-02-14 19:49:04,773 [INFO] PluginManager:220 - loadIPPluginJar : add i2c
2026-02-14 19:49:04,946 [INFO] IPUIPlugin:80 - create IPUIPlugin
2026-02-14 19:49:04,947 [INFO] PluginManager:220 - loadIPPluginJar : add i2s
2026-02-14 19:49:05,123 [INFO] IPUIPlugin:80 - create IPUIPlugin
2026-02-14 19:49:05,123 [INFO] PluginManager:220 - loadIPPluginJar : add i3c
2026-02-14 19:49:05,497 [INFO] IPUIPlugin:80 - create IPUIPlugin
2026-02-14 19:49:05,498 [INFO] PluginManager:220 - loadIPPluginJar : add ipddr
2026-02-14 19:49:05,892 [INFO] IPUIPlugin:80 - create IPUIPlugin
2026-02-14 19:49:05,893 [INFO] PluginManager:220 - loadIPPluginJar : add linkedlist
2026-02-14 19:49:06,075 [INFO] IPUIPlugin:80 - create IPUIPlugin
2026-02-14 19:49:06,075 [INFO] PluginManager:220 - loadIPPluginJar : add lorawan
2026-02-14 19:49:06,258 [INFO] IPUIPlugin:80 - create IPUIPlugin
2026-02-14 19:49:06,259 [INFO] PluginManager:220 - loadIPPluginJar : add ltdc
2026-02-14 19:49:06,314 [INFO] IPUIPlugin:80 - create IPUIPlugin
2026-02-14 19:49:06,314 [INFO] PluginManager:220 - loadIPPluginJar : add mdma
2026-02-14 19:49:06,361 [INFO] IPUIPlugin:80 - create IPUIPlugin
2026-02-14 19:49:06,361 [INFO] PluginManager:220 - loadIPPluginJar : add nvic
2026-02-14 19:49:06,500 [INFO] IPUIPlugin:80 - create IPUIPlugin
2026-02-14 19:49:06,500 [INFO] PluginManager:220 - loadIPPluginJar : add opamp
2026-02-14 19:49:06,765 [INFO] IPUIPlugin:80 - create IPUIPlugin
2026-02-14 19:49:06,765 [INFO] PluginManager:220 - loadIPPluginJar : add openamp
2026-02-14 19:49:06,963 [INFO] IPUIPlugin:80 - create IPUIPlugin
2026-02-14 19:49:06,964 [INFO] PluginManager:220 - loadIPPluginJar : add pdm2pcm
2026-02-14 19:49:07,018 [INFO] IPUIPlugin:80 - create IPUIPlugin
2026-02-14 19:49:07,025 [INFO] PluginManager:220 - loadIPPluginJar : add plateformsettings
2026-02-14 19:49:07,134 [INFO] IPUIPlugin:80 - create IPUIPlugin
2026-02-14 19:49:07,134 [INFO] PluginManager:220 - loadIPPluginJar : add quadspi
2026-02-14 19:49:07,250 [INFO] IPUIPlugin:80 - create IPUIPlugin
2026-02-14 19:49:07,252 [INFO] PluginManager:220 - loadIPPluginJar : add radio
2026-02-14 19:49:07,298 [INFO] IPUIPlugin:80 - create IPUIPlugin
2026-02-14 19:49:07,298 [INFO] PluginManager:220 - loadIPPluginJar : add resmgrutility
2026-02-14 19:49:07,506 [INFO] IPUIPlugin:80 - create IPUIPlugin
2026-02-14 19:49:07,506 [INFO] PluginManager:220 - loadIPPluginJar : add sai
2026-02-14 19:49:07,684 [INFO] IPUIPlugin:80 - create IPUIPlugin
2026-02-14 19:49:07,685 [INFO] PluginManager:220 - loadIPPluginJar : add spi
2026-02-14 19:49:07,777 [INFO] ThirdPartyUpdaterWithRetryManager:70 - Updater plugin not ready yet. [4/15]
2026-02-14 19:49:08,033 [INFO] IPUIPlugin:80 - create IPUIPlugin
2026-02-14 19:49:08,034 [INFO] PluginManager:220 - loadIPPluginJar : add stm32_wpan
2026-02-14 19:49:08,153 [INFO] IPUIPlugin:80 - create IPUIPlugin
2026-02-14 19:49:08,153 [INFO] PluginManager:220 - loadIPPluginJar : add tim
2026-02-14 19:49:08,416 [INFO] IPUIPlugin:80 - create IPUIPlugin
2026-02-14 19:49:08,417 [INFO] PluginManager:220 - loadIPPluginJar : add touchsensing
2026-02-14 19:49:08,519 [INFO] IPUIPlugin:80 - create IPUIPlugin
2026-02-14 19:49:08,520 [INFO] PluginManager:220 - loadIPPluginJar : add tracer_emb
2026-02-14 19:49:08,624 [INFO] IPUIPlugin:80 - create IPUIPlugin
2026-02-14 19:49:08,624 [INFO] PluginManager:220 - loadIPPluginJar : add ts
2026-02-14 19:49:08,729 [INFO] IPUIPlugin:80 - create IPUIPlugin
2026-02-14 19:49:08,729 [INFO] PluginManager:220 - loadIPPluginJar : add tsc
2026-02-14 19:49:08,828 [INFO] IPUIPlugin:80 - create IPUIPlugin
2026-02-14 19:49:08,829 [INFO] PluginManager:220 - loadIPPluginJar : add ucpd
2026-02-14 19:49:09,022 [INFO] IPUIPlugin:80 - create IPUIPlugin
2026-02-14 19:49:09,022 [INFO] PluginManager:220 - loadIPPluginJar : add usart
2026-02-14 19:49:09,206 [INFO] IPUIPlugin:80 - create IPUIPlugin
2026-02-14 19:49:09,206 [INFO] PluginManager:220 - loadIPPluginJar : add usbx
2026-02-14 19:49:09,494 [FATAL] Updater:351 - Updater called before beeing initialized
2026-02-14 19:49:09,595 [INFO] RulesReader:64 - Compatibility file has been processed (297 Rules)
2026-02-14 19:49:09,634 [INFO] RulesReader:64 - Compatibility file has been processed (297 Rules)
2026-02-14 19:49:09,660 [INFO] CADModel:165 - CPN selected for project level
2026-02-14 19:49:09,662 [INFO] CADModel:114 - Register for checkConnection events
2026-02-14 19:49:09,662 [FATAL] Updater:351 - Updater called before beeing initialized
2026-02-14 19:49:09,662 [ERROR] CADModel:125 - Updater not yet initialized, retry later 
2026-02-14 19:49:10,221 [FATAL] Updater:351 - Updater called before beeing initialized
2026-02-14 19:49:10,228 [INFO] CADModel:165 - CPN selected for project level
2026-02-14 19:49:10,228 [INFO] CADModel:114 - Register for checkConnection events
2026-02-14 19:49:10,229 [FATAL] Updater:351 - Updater called before beeing initialized
2026-02-14 19:49:10,229 [ERROR] CADModel:125 - Updater not yet initialized, retry later 
2026-02-14 19:49:10,240 [FATAL] Updater:351 - Updater called before beeing initialized
2026-02-14 19:49:10,662 [FATAL] Updater:351 - Updater called before beeing initialized
2026-02-14 19:49:10,698 [INFO] DbMcusAds:53 - JSON generation date=Thu Mar 06 15:54:21 CET 2025 (1741272861825)
2026-02-14 19:49:10,698 [FATAL] Updater:351 - Updater called before beeing initialized
2026-02-14 19:49:10,780 [INFO] ThirdPartyUpdaterWithRetryManager:70 - Updater plugin not ready yet. [5/15]
2026-02-14 19:49:10,840 [WARN] DetailPanel:346 - Failed to get advertising image, set to default
2026-02-14 19:49:11,668 [FATAL] Updater:351 - Updater called before beeing initialized
2026-02-14 19:49:11,674 [FATAL] Updater:351 - Updater called before beeing initialized
2026-02-14 19:49:11,675 [FATAL] Updater:351 - Updater called before beeing initialized
2026-02-14 19:49:11,676 [WARN] DetailPanel:346 - Failed to get advertising image, set to default
2026-02-14 19:49:11,680 [FATAL] Updater:351 - Updater called before beeing initialized
2026-02-14 19:49:11,915 [ERROR] Updater:1198 - MainUpdater not yet initialized. External WinMGr cannot be set.
2026-02-14 19:49:11,954 [INFO] Updater:1134 - Updater Version found : 6.13.0
2026-02-14 19:49:12,009 [INFO] ApplicationProperties:184 - Using Application install path: C:\ST\STM32CubeIDE_1.17.0\STM32CubeIDE\plugins\com.st.stm32cube.common.mx_6.13.0.202411220809
2026-02-14 19:49:13,464 [INFO] MainUpdater:2872 - connection check result : 10
2026-02-14 19:49:13,464 [INFO] MainUpdater:3566 - Updater definition file requires update
2026-02-14 19:49:13,468 [INFO] MainUpdater:289 - Updater Check For Update Now.
2026-02-14 19:49:13,468 [INFO] MicroXplorer:498 - Change Database Version : DB.6.0.130
2026-02-14 19:49:13,548 [INFO] McuFinderGlobals:63 - Set McuFinder mode to 2 (CubeIDE integrated)
2026-02-14 19:49:13,573 [INFO] UserAuth:486 - Internet connection configuration mode: 1
2026-02-14 19:49:13,595 [INFO] ServerAccessManage:473 - Download File updaters.zip
2026-02-14 19:49:13,689 [INFO] JxBrowserEngine:152 - Initiate JxBrowser Engine with user profile folder
2026-02-14 19:49:13,789 [WARN] MainUpdater:1193 - Updater busy. Cannot search thirdparties
2026-02-14 19:49:13,789 [INFO] ThirdPartyUpdaterWithRetryManager:96 - Updater plugin is busy. [1/15]
2026-02-14 19:49:13,924 [INFO] FileExtend:240 - Unzip File : updaters.zip
2026-02-14 19:49:13,926 [INFO] FileExtend:255 - Standard Zip Deflate
2026-02-14 19:49:16,796 [WARN] MainUpdater:1193 - Updater busy. Cannot search thirdparties
2026-02-14 19:49:16,800 [INFO] ThirdPartyUpdaterWithRetryManager:96 - Updater plugin is busy. [2/15]
2026-02-14 19:49:17,851 [INFO] ServerAccessManage:473 - Download File PacksControlFlags.xml
2026-02-14 19:49:18,180 [INFO] ServerAccessManage:473 - Download File cubemx.pidx
2026-02-14 19:49:18,811 [INFO] LoadServerUpdatesThread:375 - End of LoadServerUpdate Thread
2026-02-14 19:49:19,062 [INFO] WebApp:168 - Instantiating new browser for Auth
2026-02-14 19:49:19,236 [INFO] CheckServerUpdateThread:120 - End of CheckServer Thread
2026-02-14 19:49:20,990 [WARN] PackLoader:240 - Cannot read IP mode file for STMicroelectronics.FP-SNS-MOTENVWB1.1.4.0
2026-02-14 19:49:21,140 [WARN] PackLoader:240 - Cannot read IP mode file for STMicroelectronics.FP-ATR-ASTRA1.2.0.2
2026-02-14 19:49:21,197 [WARN] PackLoader:240 - Cannot read IP mode file for STMicroelectronics.FP-ATR-ASTRA1.2.0.1
2026-02-14 19:49:21,266 [WARN] PackLoader:240 - Cannot read IP mode file for STMicroelectronics.X-CUBE-SMBUS.2.1.0
2026-02-14 19:49:21,309 [WARN] PackLoader:240 - Cannot read IP mode file for STMicroelectronics.X-CUBE-WB05N.1.1.0
2026-02-14 19:49:21,371 [INFO] WebApp:449 - Apply proxy settings
2026-02-14 19:49:21,372 [INFO] WebApp:534 - Chromium requires no authentication
2026-02-14 19:49:21,381 [WARN] PackLoader:240 - Cannot read IP mode file for STMicroelectronics.X-CUBE-ST60.1.0.0
2026-02-14 19:49:21,411 [INFO] WebApp:477 - Direct internet connection detected
2026-02-14 19:49:21,512 [INFO] WebApp:880 - Register for checkConnection events
2026-02-14 19:49:21,513 [INFO] WebApp:449 - Apply proxy settings
2026-02-14 19:49:21,513 [INFO] WebApp:534 - Chromium requires no authentication
2026-02-14 19:49:21,515 [INFO] WebApp:477 - Direct internet connection detected
2026-02-14 19:49:21,568 [WARN] PackLoader:240 - Cannot read IP mode file for STMicroelectronics.X-CUBE-AZRTOS-F7.1.1.0
2026-02-14 19:49:21,632 [ERROR] Engine:466 - C:\Users\thepd\.stm32cubemx\thirdparties\pdsc\STMicroelectronics.FP-SNS-MOTENV1.5.1.0.pdsc: PDSC version is not supported
2026-02-14 19:49:21,692 [WARN] PackLoader:240 - Cannot read IP mode file for STMicroelectronics.FP-SNS-FLIGHT1.5.0.2
2026-02-14 19:49:21,734 [INFO] WebApp:187 - Connection restablished
2026-02-14 19:49:21,853 [WARN] PackLoader:240 - Cannot read IP mode file for Infineon.AIROC-Wi-Fi-Bluetooth-STM32.1.7.0
2026-02-14 19:49:22,039 [WARN] PackLoader:240 - Cannot read IP mode file for STMicroelectronics.X-CUBE-AZRTOS-H7.3.4.0
2026-02-14 19:49:22,134 [WARN] PackLoader:240 - Cannot read IP mode file for STMicroelectronics.X-CUBE-DISPLAY.3.0.0
2026-02-14 19:49:22,218 [WARN] PackLoader:240 - Cannot read IP mode file for STMicroelectronics.X-CUBE-BLE1.7.0.0
2026-02-14 19:49:22,294 [WARN] PackLoader:240 - Cannot read IP mode file for STMicroelectronics.X-CUBE-NFC10.1.0.0
2026-02-14 19:49:22,375 [WARN] PackLoader:240 - Cannot read IP mode file for STMicroelectronics.X-CUBE-BLEMGR.4.0.0
2026-02-14 19:49:22,484 [WARN] PackLoader:240 - Cannot read IP mode file for STMicroelectronics.X-CUBE-ST60.1.1.0
2026-02-14 19:49:22,790 [WARN] PackLoader:240 - Cannot read IP mode file for emotas.I-CUBE-CANOPEN.1.3.0
2026-02-14 19:49:22,868 [WARN] PackLoader:240 - Cannot read IP mode file for STMicroelectronics.X-CUBE-GNSS1.7.1.0
2026-02-14 19:49:23,000 [WARN] PackLoader:240 - Cannot read IP mode file for STMicroelectronics.X-CUBE-AI.10.0.0
2026-02-14 19:49:23,055 [ERROR] Engine:466 - C:\Users\thepd\.stm32cubemx\thirdparties\pdsc\STMicroelectronics.FP-SNS-STBOX1.2.1.0.pdsc: PDSC version is not supported
2026-02-14 19:49:23,075 [INFO] WebApp:221 - Starting web application
2026-02-14 19:49:23,076 [INFO] WebApp:579 - Web application path used C:\ST\STM32CubeIDE_1.17.0\STM32CubeIDE\plugins\com.st.stm32cube.common.mx_6.13.0.202411220809\db\plugins\mcufinder\reactClient1\index.html
2026-02-14 19:49:23,112 [WARN] PackLoader:240 - Cannot read IP mode file for STMicroelectronics.FP-SNS-SMARTAG2.1.2.0
2026-02-14 19:49:23,167 [WARN] PackLoader:240 - Cannot read IP mode file for STMicroelectronics.FP-SNS-FLIGHT1.5.1.0
2026-02-14 19:49:23,416 [WARN] PackLoader:240 - Cannot read IP mode file for STMicroelectronics.X-CUBE-MEMS1.11.1.0
2026-02-14 19:49:23,830 [INFO] UserAuth:486 - Internet connection configuration mode: 1
2026-02-14 19:49:25,167 [INFO] LogOutputStream:77 - [STDOUT_REDIRECT] 1 : Invalid condition id : UX_CORESTACK_Condition cause : null
2026-02-14 19:49:25,176 [INFO] LogOutputStream:77 - [STDOUT_REDIRECT] 1 : Invalid condition id : UX_CORESTACK_Condition cause : null
2026-02-14 19:49:25,180 [INFO] LogOutputStream:77 - [STDOUT_REDIRECT] 1 : Invalid condition id : UX_CORESTACK_Condition cause : null
2026-02-14 19:49:25,183 [INFO] LogOutputStream:77 - [STDOUT_REDIRECT] 1 : Invalid condition id : UX_CORESTACK_Condition cause : null
2026-02-14 19:49:25,194 [INFO] LogOutputStream:77 - [STDOUT_REDIRECT] 1 : Invalid condition id : UX_CORESTACK_Condition cause : null
2026-02-14 19:49:25,202 [WARN] PackLoader:240 - Cannot read IP mode file for STMicroelectronics.X-CUBE-AZRTOS-WL.2.0.0
2026-02-14 19:49:25,257 [WARN] PackLoader:240 - Cannot read IP mode file for STMicroelectronics.FP-SNS-MOTENV1.5.0.0
2026-02-14 19:49:25,393 [WARN] PackLoader:240 - Cannot read IP mode file for STMicroelectronics.X-CUBE-AZRTOS-H7RS.1.2.0
2026-02-14 19:49:25,454 [WARN] PackLoader:240 - Cannot read IP mode file for wolfSSL.I-CUBE-wolfMQTT.1.19.0
2026-02-14 19:49:25,528 [WARN] PackLoader:240 - Cannot read IP mode file for WES.I-CUBE-Cesium.1.3.0
2026-02-14 19:49:25,585 [WARN] PackLoader:240 - Cannot read IP mode file for STMicroelectronics.X-CUBE-BLE2.3.3.0
2026-02-14 19:49:25,813 [WARN] PackLoader:240 - Cannot read IP mode file for STMicroelectronics.X-CUBE-NFC9.1.0.0
2026-02-14 19:49:25,881 [WARN] PackLoader:240 - Cannot read IP mode file for STMicroelectronics.X-CUBE-BLE1.7.1.0
2026-02-14 19:49:25,934 [ERROR] Engine:466 - C:\Users\thepd\.stm32cubemx\thirdparties\pdsc\STMicroelectronics.X-CUBE-FREERTOS.1.4.0.pdsc: PDSC version is not supported
2026-02-14 19:49:26,004 [WARN] PackLoader:240 - Cannot read IP mode file for STMicroelectronics.X-CUBE-EEPRMA1.5.2.0
2026-02-14 19:49:26,064 [ERROR] Engine:466 - C:\Users\thepd\.stm32cubemx\thirdparties\pdsc\STMicroelectronics.X-CUBE-ST67W61.1.1.0.pdsc: PDSC version is not supported
2026-02-14 19:49:26,120 [WARN] PackLoader:240 - Cannot read IP mode file for STMicroelectronics.X-CUBE-AI.10.1.0
2026-02-14 19:49:26,342 [WARN] PackLoader:240 - Cannot read IP mode file for STMicroelectronics.X-CUBE-MEMS1.12.0.0
2026-02-14 19:49:26,796 [WARN] PackLoader:240 - Cannot read IP mode file for STMicroelectronics.X-CUBE-MEMS1.11.2.0
2026-02-14 19:49:27,193 [WARN] PackLoader:240 - Cannot read IP mode file for STMicroelectronics.X-CUBE-AZRTOS-G0.1.1.0
2026-02-14 19:49:27,267 [WARN] PackLoader:240 - Cannot read IP mode file for STMicroelectronics.X-CUBE-SAFEA1.1.2.2
2026-02-14 19:49:27,334 [WARN] PackLoader:240 - Cannot read IP mode file for STMicroelectronics.X-CUBE-NFC4.3.0.0
2026-02-14 19:49:27,410 [WARN] PackLoader:240 - Cannot read IP mode file for EmbeddedOffice.I-CUBE-FS-RTOS.1.0.1
2026-02-14 19:49:27,472 [WARN] PackLoader:240 - Cannot read IP mode file for STMicroelectronics.X-CUBE-WB05N.2.0.0
2026-02-14 19:49:27,540 [WARN] PackLoader:240 - Cannot read IP mode file for STMicroelectronics.X-CUBE-TCPP.4.2.0
2026-02-14 19:49:27,612 [WARN] PackLoader:240 - Cannot read IP mode file for RealThread.X-CUBE-RT-Thread_Nano.4.1.1
2026-02-14 19:49:27,659 [WARN] PackLoader:240 - Cannot read IP mode file for STMicroelectronics.FP-ATR-SIGFOX1.3.2.0
2026-02-14 19:49:27,721 [WARN] ConditionMgr:438 - getConditionDescription Invalid condition id : Cortex-A Device cause : null
2026-02-14 19:49:27,803 [WARN] ConditionMgr:1044 - genDependencies : Invalid condition id : Cortex-A Device cause : null
2026-02-14 19:49:27,804 [WARN] ConditionMgr:1044 - genDependencies : Invalid condition id : Cortex-A Device cause : null
2026-02-14 19:49:27,805 [WARN] ConditionMgr:1044 - genDependencies : Invalid condition id : Cortex-A Device cause : null
2026-02-14 19:49:27,865 [WARN] PackLoader:240 - Cannot read IP mode file for STMicroelectronics.X-CUBE-EEPRMA1.5.1.0
2026-02-14 19:49:27,929 [WARN] PackLoader:240 - Cannot read IP mode file for wolfSSL.I-CUBE-wolfSSL.5.7.6
2026-02-14 19:49:28,013 [WARN] PackLoader:240 - Cannot read IP mode file for ITTIA_DB.I-CUBE-ITTIADB.8.9.0
2026-02-14 19:49:28,081 [WARN] PackLoader:240 - Cannot read IP mode file for STMicroelectronics.X-CUBE-NFC6.3.2.0
2026-02-14 19:49:28,165 [WARN] PackLoader:240 - Cannot read IP mode file for STMicroelectronics.X-CUBE-ST67W61.1.0.0
2026-02-14 19:49:28,224 [WARN] PackLoader:240 - Cannot read IP mode file for STMicroelectronics.X-CUBE-AI.10.2.0
2026-02-14 19:49:28,357 [WARN] PackLoader:240 - Cannot read IP mode file for SEGGER.I-CUBE-embOS.1.3.1
2026-02-14 19:49:28,502 [WARN] PackLoader:240 - Cannot read IP mode file for STMicroelectronics.X-CUBE-ALGOBUILD.1.4.0
2026-02-14 19:49:28,691 [WARN] PackLoader:240 - Cannot read IP mode file for STMicroelectronics.X-CUBE-MEMS1.11.3.0
2026-02-14 19:49:29,036 [WARN] PackLoader:240 - Cannot read IP mode file for STMicroelectronics.X-CUBE-PM33A1.1.0.0
2026-02-14 19:49:29,149 [WARN] PackLoader:240 - Cannot read IP mode file for STMicroelectronics.X-CUBE-AZRTOS-F4.1.1.0
2026-02-14 19:49:29,212 [WARN] PackLoader:240 - Cannot read IP mode file for Avnet-IotConnect.X-CUBE-IoTC-DA16k-PMOD.1.0.0
2026-02-14 19:49:29,271 [WARN] PackLoader:240 - Cannot read IP mode file for STMicroelectronics.X-CUBE-ISPU.2.1.0
2026-02-14 19:49:29,329 [ERROR] Engine:466 - C:\Users\thepd\.stm32cubemx\thirdparties\pdsc\STMicroelectronics.X-CUBE-IPS.3.2.0.pdsc: PDSC version is not supported
2026-02-14 19:49:29,388 [WARN] PackLoader:240 - Cannot read IP mode file for STMicroelectronics.X-CUBE-NFC12.1.0.0
2026-02-14 19:49:29,499 [WARN] PackLoader:240 - Cannot read IP mode file for STMicroelectronics.X-CUBE-AZRTOS-L5.2.0.0
2026-02-14 19:49:29,570 [WARN] PackLoader:240 - Cannot read IP mode file for STMicroelectronics.X-CUBE-NFC6.3.1.0
2026-02-14 19:49:29,640 [WARN] PackLoader:240 - Cannot read IP mode file for STMicroelectronics.X-CUBE-DPower.1.2.0
2026-02-14 19:49:29,703 [WARN] PackLoader:240 - Cannot read IP mode file for STMicroelectronics.X-CUBE-FREERTOS.1.3.1
2026-02-14 19:49:29,767 [WARN] PackLoader:240 - Cannot read IP mode file for STMicroelectronics.X-CUBE-FREERTOS.1.3.0
2026-02-14 19:49:29,834 [WARN] PackLoader:240 - Cannot read IP mode file for STMicroelectronics.X-CUBE-NFC7.1.0.1
2026-02-14 19:49:29,902 [WARN] PackLoader:240 - Cannot read IP mode file for STMicroelectronics.X-CUBE-TOUCHGFX.4.26.0
2026-02-14 19:49:29,967 [WARN] PackLoader:240 - Cannot read IP mode file for STMicroelectronics.FP-SNS-STAIOTCFT.1.0.0
2026-02-14 19:49:30,031 [WARN] PackLoader:240 - Cannot read IP mode file for STMicroelectronics.X-CUBE-DPower.1.3.0
2026-02-14 19:49:30,150 [WARN] ConditionMgr:438 - getConditionDescription Invalid condition id : LAN8742 Phy interface Condition cause : null
2026-02-14 19:49:30,151 [WARN] PackLoader:240 - Cannot read IP mode file for STMicroelectronics.X-CUBE-AZRTOS-L4.2.0.0
2026-02-14 19:49:30,153 [WARN] ConditionMgr:1044 - genDependencies : Invalid condition id : LAN8742 Phy interface Condition cause : null
2026-02-14 19:49:30,154 [WARN] ConditionMgr:1044 - genDependencies : Invalid condition id : LAN8742 Phy interface Condition cause : null
2026-02-14 19:49:30,156 [WARN] ConditionMgr:1044 - genDependencies : Invalid condition id : LAN8742 Phy interface Condition cause : null
2026-02-14 19:49:30,231 [WARN] PackLoader:240 - Cannot read IP mode file for STMicroelectronics.X-CUBE-SFXS2LP1.4.0.0
2026-02-14 19:49:30,293 [ERROR] Engine:466 - C:\Users\thepd\.stm32cubemx\thirdparties\pdsc\STMicroelectronics.X-CUBE-ST67W61.1.2.0.pdsc: PDSC version is not supported
2026-02-14 19:49:30,412 [WARN] PackLoader:240 - Cannot read IP mode file for STMicroelectronics.X-CUBE-AZRTOS-H7.3.3.0
2026-02-14 19:49:30,501 [WARN] PackLoader:240 - Cannot read IP mode file for STMicroelectronics.X-CUBE-BLEMGR.4.1.0
2026-02-14 19:49:30,625 [WARN] ConditionMgr:438 - getConditionDescription Invalid condition id : UX DEVICE CLASS RTOS Condition cause : null
2026-02-14 19:49:30,626 [WARN] ConditionMgr:438 - getConditionDescription Invalid condition id : UX DEVICE CLASS RTOS Condition cause : null
2026-02-14 19:49:30,633 [WARN] PackLoader:240 - Cannot read IP mode file for STMicroelectronics.X-CUBE-AZRTOS-WB.2.0.0
2026-02-14 19:49:30,635 [WARN] ConditionMgr:1044 - genDependencies : Invalid condition id : UX DEVICE CLASS RTOS Condition cause : null
2026-02-14 19:49:30,635 [WARN] ConditionMgr:1044 - genDependencies : Invalid condition id : UX DEVICE CLASS RTOS Condition cause : null
2026-02-14 19:49:30,636 [WARN] ConditionMgr:1044 - genDependencies : Invalid condition id : UX DEVICE CLASS RTOS Condition cause : null
2026-02-14 19:49:30,638 [WARN] ConditionMgr:1044 - genDependencies : Invalid condition id : UX DEVICE CLASS RTOS Condition cause : null
2026-02-14 19:49:30,639 [WARN] ConditionMgr:1044 - genDependencies : Invalid condition id : UX DEVICE CLASS RTOS Condition cause : null
2026-02-14 19:49:30,702 [WARN] PackLoader:240 - Cannot read IP mode file for STMicroelectronics.X-CUBE-GNSS1.7.0.1
2026-02-14 19:49:30,760 [WARN] PackLoader:240 - Cannot read IP mode file for STMicroelectronics.X-CUBE-TOUCHGFX.4.25.0
2026-02-14 19:49:30,835 [WARN] PackLoader:240 - Cannot read IP mode file for STMicroelectronics.FP-SNS-STBOX1.2.0.0
2026-02-14 19:49:30,913 [WARN] PackLoader:240 - Cannot read IP mode file for STMicroelectronics.X-CUBE-STSE01.2.0.0
2026-02-14 19:49:31,000 [WARN] PackLoader:240 - Cannot read IP mode file for STMicroelectronics.X-CUBE-SUBG2.5.0.0
2026-02-14 19:49:31,129 [WARN] PackLoader:240 - Cannot read IP mode file for STMicroelectronics.X-CUBE-AZRTOS-H7RS.1.1.0
2026-02-14 19:49:31,197 [WARN] PackLoader:240 - Cannot read IP mode file for Cesanta.I-CUBE-Mongoose.7.13.0
2026-02-14 19:49:31,293 [WARN] PackLoader:240 - Cannot read IP mode file for STMicroelectronics.X-CUBE-AZRTOS-G4.2.0.0
2026-02-14 19:49:31,359 [WARN] PackLoader:240 - Cannot read IP mode file for STMicroelectronics.X-CUBE-NFC7.2.0.0
2026-02-14 19:49:31,446 [WARN] PackLoader:240 - Cannot read IP mode file for STMicroelectronics.X-CUBE-IPS.3.1.0
2026-02-14 19:49:31,526 [WARN] PackLoader:240 - Cannot read IP mode file for STMicroelectronics.X-CUBE-ALS.1.0.2
2026-02-14 19:49:31,582 [WARN] PackLoader:240 - Cannot read IP mode file for STMicroelectronics.X-CUBE-TOUCHGFX.4.24.2
2026-02-14 19:49:31,645 [WARN] PackLoader:240 - Cannot read IP mode file for STMicroelectronics.X-CUBE-STSE01.1.0.0
2026-02-14 19:49:31,702 [WARN] PackLoader:240 - Cannot read IP mode file for wolfSSL.I-CUBE-wolfTPM.3.4.0
2026-02-14 19:49:31,801 [WARN] PackLoader:240 - Cannot read IP mode file for portGmbH.I-Cube-SoM-uGOAL.1.1.0
2026-02-14 19:49:31,936 [WARN] PackLoader:240 - Cannot read IP mode file for STMicroelectronics.X-CUBE-AZRTOS-H7RS.1.0.0
2026-02-14 19:49:32,112 [WARN] PackLoader:240 - Cannot read IP mode file for STMicroelectronics.X-CUBE-TOF1.3.4.2
2026-02-14 19:49:32,239 [WARN] PackLoader:240 - Cannot read IP mode file for STMicroelectronics.X-CUBE-TOF1.3.4.3
2026-02-14 19:49:32,327 [WARN] PackLoader:240 - Cannot read IP mode file for wolfSSL.I-CUBE-wolfSSH.1.4.17
2026-02-14 19:49:32,330 [INFO] ThirdParty:978 - Integrity check success = true
2026-02-14 19:49:32,330 [INFO] IntegrityCheckThread:100 - exiting critical section [integrity check]
2026-02-14 19:49:32,330 [INFO] IntegrityCheckThread:103 - End integrity checks thread
2026-02-14 20:27:22,384 [ERROR] LogOutputStream:75 - [STDERR_REDIRECT] 
