2025-10-26 09:58:43,212 [INFO] Activator:176 - 


2025-10-26 09:58:43,221 [INFO] Activator:177 - !SESSION log4j initialized
2025-10-26 09:58:50,378 [INFO] LogOutputStream:77 - [STDOUT_REDIRECT] 
2025-10-26 09:58:52,905 [INFO] ApplicationProperties:184 - Using Application install path: C:\ST\STM32CubeIDE_1.17.0\STM32CubeIDE\plugins\com.st.stm32cube.common.mx_6.13.0.202411220809
2025-10-26 09:58:52,924 [INFO] DbMcusXml:78 - Set database path to: C:\ST\STM32CubeIDE_1.17.0\STM32CubeIDE\plugins\com.st.stm32cube.common.mx_6.13.0.202411220809\\db\/mcu/
2025-10-26 09:58:52,924 [INFO] ApiDb:274 - Set plugin database path to: C:\ST\STM32CubeIDE_1.17.0\STM32CubeIDE\plugins\com.st.stm32cube.common.mx_6.13.0.202411220809\\db\/plugins/boardmanager/
2025-10-26 09:58:52,925 [WARN] ApiDb:259 - Overriding images path with different value:  => C:\ST\STM32CubeIDE_1.17.0\STM32CubeIDE\plugins\com.st.stm32cube.common.mx_6.13.0.202411220809\\db\/plugins/mcufinder/images/
2025-10-26 09:58:52,944 [INFO] ApiDb:250 - Set database path to: C:\Users\thepd\.stmcufinder\plugins\mcufinder//mcu/
2025-10-26 09:58:52,945 [INFO] DbMcusAds:125 - Set database path to: C:\Users\thepd\.stmcufinder\plugins\mcufinder//mcu/
2025-10-26 09:58:52,947 [INFO] CrossReferenceDbSqlite:203 - Set database path to: C:\Users\thepd\.stmcufinder\plugins\mcufinder//mcu/cs/
2025-10-26 09:58:53,069 [INFO] RulesReader:64 - Compatibility file has been processed (297 Rules)
2025-10-26 09:58:53,158 [INFO] DbMcusXml:78 - Set database path to: C:\ST\STM32CubeIDE_1.17.0\STM32CubeIDE\plugins\com.st.stm32cube.common.mx_6.13.0.202411220809\\db\/mcu/
2025-10-26 09:58:53,159 [INFO] ApiDb:274 - Set plugin database path to: C:\ST\STM32CubeIDE_1.17.0\STM32CubeIDE\plugins\com.st.stm32cube.common.mx_6.13.0.202411220809\\db\/plugins/boardmanager/
2025-10-26 09:58:53,159 [INFO] ApiDb:261 - Set plugin images path to: C:\ST\STM32CubeIDE_1.17.0\STM32CubeIDE\plugins\com.st.stm32cube.common.mx_6.13.0.202411220809\\db\/plugins/mcufinder/images/
2025-10-26 09:58:53,160 [WARN] DbFile:41 - Overriding database path with different value: C:\Users\thepd\.stmcufinder\plugins\mcufinder/ => C:\Users\thepd\.stmcufinder\plugins\mcufinder
2025-10-26 09:58:53,160 [INFO] ApiDb:250 - Set database path to: C:\Users\thepd\.stmcufinder\plugins\mcufinder//mcu/
2025-10-26 09:58:53,160 [WARN] DbFile:41 - Overriding database path with different value: C:\Users\thepd\.stmcufinder\plugins\mcufinder/ => C:\Users\thepd\.stmcufinder\plugins\mcufinder
2025-10-26 09:58:53,160 [INFO] DbMcusAds:125 - Set database path to: C:\Users\thepd\.stmcufinder\plugins\mcufinder//mcu/
2025-10-26 09:58:53,160 [WARN] DbFile:41 - Overriding database path with different value: C:\Users\thepd\.stmcufinder\plugins\mcufinder/ => C:\Users\thepd\.stmcufinder\plugins\mcufinder
2025-10-26 09:58:53,160 [WARN] DbFile:41 - Overriding database path with different value: C:\Users\thepd\.stmcufinder\plugins\mcufinder/ => C:\Users\thepd\.stmcufinder\plugins\mcufinder
2025-10-26 09:58:53,160 [INFO] CrossReferenceDbSqlite:203 - Set database path to: C:\Users\thepd\.stmcufinder\plugins\mcufinder//mcu/cs/
2025-10-26 09:58:53,249 [INFO] MainPanel:272 - HeapMemory: 268435456
2025-10-26 09:58:53,368 [INFO] DbMcusXml:78 - Set database path to: C:\ST\STM32CubeIDE_1.17.0\STM32CubeIDE\plugins\com.st.stm32cube.common.mx_6.13.0.202411220809\\db\/mcu/
2025-10-26 09:58:53,368 [INFO] ApiDb:274 - Set plugin database path to: C:\ST\STM32CubeIDE_1.17.0\STM32CubeIDE\plugins\com.st.stm32cube.common.mx_6.13.0.202411220809\\db\/plugins/boardmanager/
2025-10-26 09:58:53,368 [INFO] ApiDb:261 - Set plugin images path to: C:\ST\STM32CubeIDE_1.17.0\STM32CubeIDE\plugins\com.st.stm32cube.common.mx_6.13.0.202411220809\\db\/plugins/mcufinder/images/
2025-10-26 09:58:53,369 [WARN] DbFile:41 - Overriding database path with different value: C:\Users\thepd\.stmcufinder\plugins\mcufinder/ => C:\Users\thepd\.stmcufinder\plugins\mcufinder
2025-10-26 09:58:53,369 [INFO] ApiDb:250 - Set database path to: C:\Users\thepd\.stmcufinder\plugins\mcufinder//mcu/
2025-10-26 09:58:53,369 [WARN] DbFile:41 - Overriding database path with different value: C:\Users\thepd\.stmcufinder\plugins\mcufinder/ => C:\Users\thepd\.stmcufinder\plugins\mcufinder
2025-10-26 09:58:53,369 [INFO] DbMcusAds:125 - Set database path to: C:\Users\thepd\.stmcufinder\plugins\mcufinder//mcu/
2025-10-26 09:58:53,369 [WARN] DbFile:41 - Overriding database path with different value: C:\Users\thepd\.stmcufinder\plugins\mcufinder/ => C:\Users\thepd\.stmcufinder\plugins\mcufinder
2025-10-26 09:58:53,369 [WARN] DbFile:41 - Overriding database path with different value: C:\Users\thepd\.stmcufinder\plugins\mcufinder/ => C:\Users\thepd\.stmcufinder\plugins\mcufinder
2025-10-26 09:58:53,369 [INFO] CrossReferenceDbSqlite:203 - Set database path to: C:\Users\thepd\.stmcufinder\plugins\mcufinder//mcu/cs/
2025-10-26 09:58:53,390 [INFO] ApplicationProperties:184 - Using Application install path: C:\ST\STM32CubeIDE_1.17.0\STM32CubeIDE\plugins\com.st.stm32cube.common.mx_6.13.0.202411220809
2025-10-26 09:58:53,391 [INFO] PluginManage:196 - Search for loadable plugins [exclusion list=, ]
2025-10-26 09:58:53,393 [INFO] PluginManage:310 - Check plugin analytics
2025-10-26 09:58:53,605 [INFO] AnalyticsPlugin:253 - Accepted Software Licenses: STM32CubeMX.6.4.0,STM32CubeMX.6.14.0
2025-10-26 09:58:53,605 [INFO] AnalyticsPlugin:255 - Accepted CMSIS Pack Licenses: 
2025-10-26 09:58:53,606 [INFO] AnalyticsPlugin:257 - Accepted Firmware Licenses: FW.G4.1.6.0,FW.G4.1.5.0,FW.F4.1.28.0
2025-10-26 09:58:53,608 [INFO] PluginManage:359 - Loaded plugin analytics (category:tool,tabindex:-1)
2025-10-26 09:58:53,609 [INFO] PluginManage:310 - Check plugin cadmodel
2025-10-26 09:58:53,633 [INFO] CADModel:105 - Init CAD model plugin
2025-10-26 09:58:53,633 [INFO] PluginManage:359 - Loaded plugin cadmodel (category:power,tabindex:5)
2025-10-26 09:58:53,634 [INFO] PluginManage:310 - Check plugin clock
2025-10-26 09:58:53,662 [INFO] PluginManage:359 - Loaded plugin clock (category:base,tabindex:2)
2025-10-26 09:58:53,662 [INFO] PluginManage:310 - Check plugin ddr
2025-10-26 09:58:53,666 [INFO] PluginManage:359 - Loaded plugin ddr (category:tool,tabindex:6)
2025-10-26 09:58:53,666 [INFO] PluginManage:310 - Check plugin filemanager
2025-10-26 09:58:53,825 [INFO] PluginManage:359 - Loaded plugin filemanager (category:base,tabindex:10)
2025-10-26 09:58:53,826 [INFO] PluginManage:310 - Check plugin ipmanager
2025-10-26 09:58:53,834 [INFO] PluginManage:359 - Loaded plugin ipmanager (category:base,tabindex:5)
2025-10-26 09:58:53,834 [INFO] PluginManage:310 - Check plugin lpbam
2025-10-26 09:58:53,858 [INFO] PluginManage:359 - Loaded plugin lpbam (category:base,tabindex:0)
2025-10-26 09:58:53,858 [INFO] PluginManage:310 - Check plugin memorymap
2025-10-26 09:58:53,886 [INFO] PluginManage:359 - Loaded plugin memorymap (category:base,tabindex:4)
2025-10-26 09:58:53,887 [INFO] PluginManage:310 - Check plugin pinoutandconfiguration
2025-10-26 09:58:53,911 [INFO] PluginManage:359 - Loaded plugin pinoutandconfiguration (category:base,tabindex:1)
2025-10-26 09:58:53,911 [INFO] PluginManage:310 - Check plugin pinoutconfig
2025-10-26 09:58:54,021 [WARN] SupportedApi:132 - Cannot load RTOS API schema: s4s-elt-must-match.1: The content of 'definitions' must match (annotation?, (simpleType | complexType)?, (unique | key | keyref)*)). A problem was found starting at: attribute.
2025-10-26 09:58:54,171 [INFO] PluginManage:359 - Loaded plugin pinoutconfig (category:base,tabindex:0)
2025-10-26 09:58:54,171 [INFO] PluginManage:310 - Check plugin power
2025-10-26 09:58:54,201 [INFO] PluginManage:359 - Loaded plugin power (category:power,tabindex:4)
2025-10-26 09:58:54,201 [INFO] PluginManage:310 - Check plugin projectmanager
2025-10-26 09:58:54,219 [INFO] PluginManage:359 - Loaded plugin projectmanager (category:projectmanager,tabindex:4)
2025-10-26 09:58:54,219 [INFO] PluginManage:310 - Check plugin rif
2025-10-26 09:58:54,244 [INFO] PluginManage:359 - Loaded plugin rif (category:base,tabindex:3)
2025-10-26 09:58:54,244 [INFO] PluginManage:310 - Check plugin thirdparty
2025-10-26 09:58:54,614 [INFO] PluginManage:359 - Loaded plugin thirdparty (category:base,tabindex:-1)
2025-10-26 09:58:54,613 [WARN] IntegrityCheckThread:84 - waiting for thirdparty lock release [integrity check]
2025-10-26 09:58:54,614 [INFO] PluginManage:310 - Check plugin tools
2025-10-26 09:58:54,614 [INFO] IntegrityCheckThread:86 - entering critical section [integrity check]
2025-10-26 09:58:54,614 [INFO] ThirdPartyUpdaterWithRetryManager:70 - Updater plugin not ready yet. [1/15]
2025-10-26 09:58:54,667 [INFO] PluginManage:359 - Loaded plugin tools (category:base,tabindex:7)
2025-10-26 09:58:54,667 [INFO] PluginManage:310 - Check plugin tutovideos
2025-10-26 09:58:54,898 [INFO] PluginManage:359 - Loaded plugin tutovideos (category:base,tabindex:-1)
2025-10-26 09:58:54,898 [INFO] PluginManage:310 - Check plugin updater
2025-10-26 09:58:54,921 [INFO] PluginManage:359 - Loaded plugin updater (category:base,tabindex:12)
2025-10-26 09:58:54,921 [INFO] PluginManage:310 - Check plugin userauth
2025-10-26 09:58:54,927 [INFO] UserAuth:118 - Init User Auth plugin
2025-10-26 09:58:54,928 [INFO] PluginManage:359 - Loaded plugin userauth (category:base,tabindex:14)
2025-10-26 09:58:54,929 [INFO] PluginManage:283 - PluginManage : Loaded plugins [18]
2025-10-26 09:58:55,183 [INFO] PinOutPanel:1589 - setPackage(No Configuration,No Configuration)
2025-10-26 09:58:55,297 [INFO] CADModel:165 - CPN selected for project level
2025-10-26 09:58:55,297 [INFO] CADModel:114 - Register for checkConnection events
2025-10-26 09:58:55,335 [INFO] IPUIPlugin:80 - create IPUIPlugin
2025-10-26 09:58:55,336 [INFO] PluginManager:220 - loadIPPluginJar : add adc
2025-10-26 09:58:55,395 [INFO] IPUIPlugin:80 - create IPUIPlugin
2025-10-26 09:58:55,396 [INFO] PluginManager:220 - loadIPPluginJar : add aes
2025-10-26 09:58:55,452 [INFO] IPUIPlugin:80 - create IPUIPlugin
2025-10-26 09:58:55,452 [INFO] PluginManager:220 - loadIPPluginJar : add can
2025-10-26 09:58:55,488 [INFO] IPUIPlugin:80 - create IPUIPlugin
2025-10-26 09:58:55,488 [INFO] PluginManager:220 - loadIPPluginJar : add comp
2025-10-26 09:58:55,549 [INFO] IPUIPlugin:80 - create IPUIPlugin
2025-10-26 09:58:55,550 [INFO] PluginManager:220 - loadIPPluginJar : add cryp
2025-10-26 09:58:55,570 [INFO] IPUIPlugin:80 - create IPUIPlugin
2025-10-26 09:58:55,571 [INFO] PluginManager:220 - loadIPPluginJar : add ddr_ctrl_phy
2025-10-26 09:58:55,626 [INFO] IPUIPlugin:80 - create IPUIPlugin
2025-10-26 09:58:55,627 [INFO] PluginManager:220 - loadIPPluginJar : add dfsdm
2025-10-26 09:58:55,650 [INFO] IPUIPlugin:80 - create IPUIPlugin
2025-10-26 09:58:55,650 [INFO] PluginManager:220 - loadIPPluginJar : add dma
2025-10-26 09:58:55,734 [INFO] IPUIPlugin:80 - create IPUIPlugin
2025-10-26 09:58:55,734 [INFO] PluginManager:220 - loadIPPluginJar : add dma3
2025-10-26 09:58:55,807 [INFO] IPUIPlugin:80 - create IPUIPlugin
2025-10-26 09:58:55,807 [INFO] PluginManager:220 - loadIPPluginJar : add extmemmanager
2025-10-26 09:58:55,840 [INFO] IPUIPlugin:80 - create IPUIPlugin
2025-10-26 09:58:55,840 [INFO] PluginManager:220 - loadIPPluginJar : add fatfs
2025-10-26 09:58:55,922 [INFO] IPUIPlugin:80 - create IPUIPlugin
2025-10-26 09:58:55,922 [INFO] PluginManager:220 - loadIPPluginJar : add fmc
2025-10-26 09:58:55,947 [INFO] IPUIPlugin:80 - create IPUIPlugin
2025-10-26 09:58:55,947 [INFO] PluginManager:220 - loadIPPluginJar : add freertos
2025-10-26 09:58:55,984 [INFO] IPUIPlugin:80 - create IPUIPlugin
2025-10-26 09:58:55,985 [INFO] PluginManager:220 - loadIPPluginJar : add genericplugin
2025-10-26 09:58:56,144 [INFO] IPUIPlugin:80 - create IPUIPlugin
2025-10-26 09:58:56,144 [INFO] PluginManager:220 - loadIPPluginJar : add gfxmmu
2025-10-26 09:58:56,356 [INFO] IPUIPlugin:80 - create IPUIPlugin
2025-10-26 09:58:56,357 [INFO] PluginManager:220 - loadIPPluginJar : add gic
2025-10-26 09:58:56,374 [INFO] IPUIPlugin:80 - create IPUIPlugin
2025-10-26 09:58:56,374 [INFO] PluginManager:220 - loadIPPluginJar : add gpio
2025-10-26 09:58:56,506 [INFO] IPUIPlugin:80 - create IPUIPlugin
2025-10-26 09:58:56,507 [INFO] PluginManager:220 - loadIPPluginJar : add gtzc
2025-10-26 09:58:56,555 [INFO] IPUIPlugin:80 - create IPUIPlugin
2025-10-26 09:58:56,555 [INFO] PluginManager:220 - loadIPPluginJar : add hash
2025-10-26 09:58:56,633 [INFO] IPUIPlugin:80 - create IPUIPlugin
2025-10-26 09:58:56,633 [INFO] PluginManager:220 - loadIPPluginJar : add i2c
2025-10-26 09:58:56,690 [INFO] IPUIPlugin:80 - create IPUIPlugin
2025-10-26 09:58:56,690 [INFO] PluginManager:220 - loadIPPluginJar : add i2s
2025-10-26 09:58:56,750 [INFO] IPUIPlugin:80 - create IPUIPlugin
2025-10-26 09:58:56,751 [INFO] PluginManager:220 - loadIPPluginJar : add i3c
2025-10-26 09:58:56,895 [INFO] IPUIPlugin:80 - create IPUIPlugin
2025-10-26 09:58:56,896 [INFO] PluginManager:220 - loadIPPluginJar : add ipddr
2025-10-26 09:58:57,032 [INFO] IPUIPlugin:80 - create IPUIPlugin
2025-10-26 09:58:57,033 [INFO] PluginManager:220 - loadIPPluginJar : add linkedlist
2025-10-26 09:58:57,087 [INFO] IPUIPlugin:80 - create IPUIPlugin
2025-10-26 09:58:57,087 [INFO] PluginManager:220 - loadIPPluginJar : add lorawan
2025-10-26 09:58:57,143 [INFO] IPUIPlugin:80 - create IPUIPlugin
2025-10-26 09:58:57,144 [INFO] PluginManager:220 - loadIPPluginJar : add ltdc
2025-10-26 09:58:57,163 [INFO] IPUIPlugin:80 - create IPUIPlugin
2025-10-26 09:58:57,163 [INFO] PluginManager:220 - loadIPPluginJar : add mdma
2025-10-26 09:58:57,180 [INFO] IPUIPlugin:80 - create IPUIPlugin
2025-10-26 09:58:57,180 [INFO] PluginManager:220 - loadIPPluginJar : add nvic
2025-10-26 09:58:57,235 [INFO] IPUIPlugin:80 - create IPUIPlugin
2025-10-26 09:58:57,235 [INFO] PluginManager:220 - loadIPPluginJar : add opamp
2025-10-26 09:58:57,329 [INFO] IPUIPlugin:80 - create IPUIPlugin
2025-10-26 09:58:57,329 [INFO] PluginManager:220 - loadIPPluginJar : add openamp
2025-10-26 09:58:57,397 [INFO] IPUIPlugin:80 - create IPUIPlugin
2025-10-26 09:58:57,397 [INFO] PluginManager:220 - loadIPPluginJar : add pdm2pcm
2025-10-26 09:58:57,418 [INFO] IPUIPlugin:80 - create IPUIPlugin
2025-10-26 09:58:57,419 [INFO] PluginManager:220 - loadIPPluginJar : add plateformsettings
2025-10-26 09:58:57,458 [INFO] IPUIPlugin:80 - create IPUIPlugin
2025-10-26 09:58:57,459 [INFO] PluginManager:220 - loadIPPluginJar : add quadspi
2025-10-26 09:58:57,499 [INFO] IPUIPlugin:80 - create IPUIPlugin
2025-10-26 09:58:57,500 [INFO] PluginManager:220 - loadIPPluginJar : add radio
2025-10-26 09:58:57,518 [INFO] IPUIPlugin:80 - create IPUIPlugin
2025-10-26 09:58:57,518 [INFO] PluginManager:220 - loadIPPluginJar : add resmgrutility
2025-10-26 09:58:57,586 [INFO] IPUIPlugin:80 - create IPUIPlugin
2025-10-26 09:58:57,586 [INFO] PluginManager:220 - loadIPPluginJar : add sai
2025-10-26 09:58:57,617 [INFO] ThirdPartyUpdaterWithRetryManager:70 - Updater plugin not ready yet. [2/15]
2025-10-26 09:58:57,651 [INFO] IPUIPlugin:80 - create IPUIPlugin
2025-10-26 09:58:57,651 [INFO] PluginManager:220 - loadIPPluginJar : add spi
2025-10-26 09:58:57,744 [INFO] IPUIPlugin:80 - create IPUIPlugin
2025-10-26 09:58:57,744 [INFO] PluginManager:220 - loadIPPluginJar : add stm32_wpan
2025-10-26 09:58:57,779 [INFO] IPUIPlugin:80 - create IPUIPlugin
2025-10-26 09:58:57,779 [INFO] PluginManager:220 - loadIPPluginJar : add tim
2025-10-26 09:58:57,865 [INFO] IPUIPlugin:80 - create IPUIPlugin
2025-10-26 09:58:57,865 [INFO] PluginManager:220 - loadIPPluginJar : add touchsensing
2025-10-26 09:58:57,900 [INFO] IPUIPlugin:80 - create IPUIPlugin
2025-10-26 09:58:57,900 [INFO] PluginManager:220 - loadIPPluginJar : add tracer_emb
2025-10-26 09:58:57,935 [INFO] IPUIPlugin:80 - create IPUIPlugin
2025-10-26 09:58:57,935 [INFO] PluginManager:220 - loadIPPluginJar : add ts
2025-10-26 09:58:57,969 [INFO] IPUIPlugin:80 - create IPUIPlugin
2025-10-26 09:58:57,970 [INFO] PluginManager:220 - loadIPPluginJar : add tsc
2025-10-26 09:58:58,005 [INFO] IPUIPlugin:80 - create IPUIPlugin
2025-10-26 09:58:58,005 [INFO] PluginManager:220 - loadIPPluginJar : add ucpd
2025-10-26 09:58:58,068 [INFO] IPUIPlugin:80 - create IPUIPlugin
2025-10-26 09:58:58,068 [INFO] PluginManager:220 - loadIPPluginJar : add usart
2025-10-26 09:58:58,130 [INFO] IPUIPlugin:80 - create IPUIPlugin
2025-10-26 09:58:58,131 [INFO] PluginManager:220 - loadIPPluginJar : add usbx
2025-10-26 09:58:58,265 [FATAL] Updater:351 - Updater called before beeing initialized
2025-10-26 09:58:58,294 [INFO] RulesReader:64 - Compatibility file has been processed (297 Rules)
2025-10-26 09:58:58,305 [INFO] RulesReader:64 - Compatibility file has been processed (297 Rules)
2025-10-26 09:58:58,314 [INFO] CADModel:165 - CPN selected for project level
2025-10-26 09:58:58,314 [INFO] CADModel:114 - Register for checkConnection events
2025-10-26 09:58:58,314 [FATAL] Updater:351 - Updater called before beeing initialized
2025-10-26 09:58:58,314 [ERROR] CADModel:125 - Updater not yet initialized, retry later 
2025-10-26 09:58:58,480 [FATAL] Updater:351 - Updater called before beeing initialized
2025-10-26 09:58:58,483 [INFO] CADModel:165 - CPN selected for project level
2025-10-26 09:58:58,483 [INFO] CADModel:114 - Register for checkConnection events
2025-10-26 09:58:58,483 [FATAL] Updater:351 - Updater called before beeing initialized
2025-10-26 09:58:58,483 [ERROR] CADModel:125 - Updater not yet initialized, retry later 
2025-10-26 09:58:58,486 [FATAL] Updater:351 - Updater called before beeing initialized
2025-10-26 09:58:58,634 [FATAL] Updater:351 - Updater called before beeing initialized
2025-10-26 09:58:58,647 [INFO] DbMcusAds:53 - JSON generation date=Thu Mar 06 15:54:21 CET 2025 (1741272861825)
2025-10-26 09:58:58,647 [FATAL] Updater:351 - Updater called before beeing initialized
2025-10-26 09:58:58,686 [WARN] DetailPanel:346 - Failed to get advertising image, set to default
2025-10-26 09:58:58,915 [FATAL] Updater:351 - Updater called before beeing initialized
2025-10-26 09:58:58,917 [FATAL] Updater:351 - Updater called before beeing initialized
2025-10-26 09:58:58,918 [FATAL] Updater:351 - Updater called before beeing initialized
2025-10-26 09:58:58,918 [WARN] DetailPanel:346 - Failed to get advertising image, set to default
2025-10-26 09:58:58,918 [FATAL] Updater:351 - Updater called before beeing initialized
2025-10-26 09:58:58,988 [ERROR] Updater:1198 - MainUpdater not yet initialized. External WinMGr cannot be set.
2025-10-26 09:58:59,002 [INFO] Updater:1134 - Updater Version found : 6.13.0
2025-10-26 09:58:59,021 [INFO] ApplicationProperties:184 - Using Application install path: C:\ST\STM32CubeIDE_1.17.0\STM32CubeIDE\plugins\com.st.stm32cube.common.mx_6.13.0.202411220809
2025-10-26 09:58:59,407 [INFO] MainUpdater:2872 - connection check result : 10
2025-10-26 09:58:59,408 [INFO] MainUpdater:289 - Updater Check For Update Now.
2025-10-26 09:58:59,409 [INFO] MicroXplorer:498 - Change Database Version : DB.6.0.130
2025-10-26 09:58:59,430 [INFO] McuFinderGlobals:63 - Set McuFinder mode to 2 (CubeIDE integrated)
2025-10-26 09:58:59,443 [INFO] UserAuth:486 - Internet connection configuration mode: 1
2025-10-26 09:58:59,484 [INFO] JxBrowserEngine:152 - Initiate JxBrowser Engine with user profile folder
2025-10-26 09:58:59,655 [INFO] CheckServerUpdateThread:120 - End of CheckServer Thread
2025-10-26 09:59:00,434 [INFO] WebApp:168 - Instantiating new browser for Auth
2025-10-26 09:59:01,096 [WARN] PackLoader:240 - Cannot read IP mode file for STMicroelectronics.FP-SNS-MOTENVWB1.1.4.0
2025-10-26 09:59:01,128 [WARN] PackLoader:240 - Cannot read IP mode file for STMicroelectronics.FP-ATR-ASTRA1.2.0.2
2025-10-26 09:59:01,145 [WARN] PackLoader:240 - Cannot read IP mode file for STMicroelectronics.FP-ATR-ASTRA1.2.0.1
2025-10-26 09:59:01,165 [WARN] PackLoader:240 - Cannot read IP mode file for STMicroelectronics.X-CUBE-SMBUS.2.1.0
2025-10-26 09:59:01,189 [WARN] PackLoader:240 - Cannot read IP mode file for STMicroelectronics.X-CUBE-WB05N.1.1.0
2025-10-26 09:59:01,212 [WARN] PackLoader:240 - Cannot read IP mode file for STMicroelectronics.X-CUBE-ST60.1.0.0
2025-10-26 09:59:01,260 [WARN] PackLoader:240 - Cannot read IP mode file for STMicroelectronics.X-CUBE-AZRTOS-F7.1.1.0
2025-10-26 09:59:01,283 [WARN] PackLoader:240 - Cannot read IP mode file for STMicroelectronics.FP-SNS-FLIGHT1.5.0.2
2025-10-26 09:59:01,366 [WARN] PackLoader:240 - Cannot read IP mode file for Infineon.AIROC-Wi-Fi-Bluetooth-STM32.1.7.0
2025-10-26 09:59:01,472 [WARN] PackLoader:240 - Cannot read IP mode file for STMicroelectronics.X-CUBE-AZRTOS-H7.3.4.0
2025-10-26 09:59:01,511 [WARN] PackLoader:240 - Cannot read IP mode file for STMicroelectronics.X-CUBE-DISPLAY.3.0.0
2025-10-26 09:59:01,545 [WARN] PackLoader:240 - Cannot read IP mode file for STMicroelectronics.X-CUBE-BLE1.7.0.0
2025-10-26 09:59:01,572 [WARN] PackLoader:240 - Cannot read IP mode file for STMicroelectronics.X-CUBE-NFC10.1.0.0
2025-10-26 09:59:01,612 [WARN] PackLoader:240 - Cannot read IP mode file for STMicroelectronics.X-CUBE-BLEMGR.4.0.0
2025-10-26 09:59:01,630 [INFO] WebApp:449 - Apply proxy settings
2025-10-26 09:59:01,631 [INFO] WebApp:534 - Chromium requires no authentication
2025-10-26 09:59:01,646 [WARN] PackLoader:240 - Cannot read IP mode file for STMicroelectronics.X-CUBE-ST60.1.1.0
2025-10-26 09:59:01,660 [INFO] WebApp:477 - Direct internet connection detected
2025-10-26 09:59:01,680 [WARN] PackLoader:240 - Cannot read IP mode file for emotas.I-CUBE-CANOPEN.1.3.0
2025-10-26 09:59:01,710 [WARN] PackLoader:240 - Cannot read IP mode file for STMicroelectronics.X-CUBE-AI.10.0.0
2025-10-26 09:59:01,728 [INFO] WebApp:880 - Register for checkConnection events
2025-10-26 09:59:01,729 [INFO] WebApp:449 - Apply proxy settings
2025-10-26 09:59:01,729 [INFO] WebApp:534 - Chromium requires no authentication
2025-10-26 09:59:01,730 [INFO] WebApp:477 - Direct internet connection detected
2025-10-26 09:59:01,738 [ERROR] Engine:466 - C:\Users\thepd\.stm32cubemx\thirdparties\pdsc\STMicroelectronics.FP-SNS-STBOX1.2.1.0.pdsc: PDSC version is not supported
2025-10-26 09:59:01,764 [WARN] PackLoader:240 - Cannot read IP mode file for STMicroelectronics.FP-SNS-SMARTAG2.1.2.0
2025-10-26 09:59:01,784 [WARN] PackLoader:240 - Cannot read IP mode file for STMicroelectronics.FP-SNS-FLIGHT1.5.1.0
2025-10-26 09:59:01,848 [WARN] PackLoader:240 - Cannot read IP mode file for STMicroelectronics.X-CUBE-MEMS1.11.1.0
2025-10-26 09:59:01,960 [INFO] WebApp:187 - Connection restablished
2025-10-26 09:59:02,617 [INFO] LogOutputStream:77 - [STDOUT_REDIRECT] 1 : Invalid condition id : UX_CORESTACK_Condition cause : null
2025-10-26 09:59:02,619 [INFO] LogOutputStream:77 - [STDOUT_REDIRECT] 1 : Invalid condition id : UX_CORESTACK_Condition cause : null
2025-10-26 09:59:02,622 [INFO] LogOutputStream:77 - [STDOUT_REDIRECT] 1 : Invalid condition id : UX_CORESTACK_Condition cause : null
2025-10-26 09:59:02,631 [INFO] LogOutputStream:77 - [STDOUT_REDIRECT] 1 : Invalid condition id : UX_CORESTACK_Condition cause : null
2025-10-26 09:59:02,635 [INFO] LogOutputStream:77 - [STDOUT_REDIRECT] 1 : Invalid condition id : UX_CORESTACK_Condition cause : null
2025-10-26 09:59:02,639 [WARN] PackLoader:240 - Cannot read IP mode file for STMicroelectronics.X-CUBE-AZRTOS-WL.2.0.0
2025-10-26 09:59:02,678 [INFO] WebApp:221 - Starting web application
2025-10-26 09:59:02,678 [INFO] WebApp:579 - Web application path used C:\ST\STM32CubeIDE_1.17.0\STM32CubeIDE\plugins\com.st.stm32cube.common.mx_6.13.0.202411220809\db\plugins\mcufinder\reactClient1\index.html
2025-10-26 09:59:02,679 [WARN] PackLoader:240 - Cannot read IP mode file for STMicroelectronics.FP-SNS-MOTENV1.5.0.0
2025-10-26 09:59:02,717 [WARN] PackLoader:240 - Cannot read IP mode file for wolfSSL.I-CUBE-wolfMQTT.1.19.0
2025-10-26 09:59:02,754 [WARN] PackLoader:240 - Cannot read IP mode file for WES.I-CUBE-Cesium.1.3.0
2025-10-26 09:59:02,785 [WARN] PackLoader:240 - Cannot read IP mode file for STMicroelectronics.X-CUBE-BLE2.3.3.0
2025-10-26 09:59:02,816 [WARN] PackLoader:240 - Cannot read IP mode file for STMicroelectronics.X-CUBE-NFC9.1.0.0
2025-10-26 09:59:02,848 [WARN] PackLoader:240 - Cannot read IP mode file for STMicroelectronics.X-CUBE-BLE1.7.1.0
2025-10-26 09:59:02,880 [WARN] PackLoader:240 - Cannot read IP mode file for STMicroelectronics.X-CUBE-EEPRMA1.5.2.0
2025-10-26 09:59:02,903 [ERROR] Engine:466 - C:\Users\thepd\.stm32cubemx\thirdparties\pdsc\STMicroelectronics.X-CUBE-ST67W61.1.1.0.pdsc: PDSC version is not supported
2025-10-26 09:59:02,927 [WARN] PackLoader:240 - Cannot read IP mode file for STMicroelectronics.X-CUBE-AI.10.1.0
2025-10-26 09:59:02,988 [INFO] UserAuth:486 - Internet connection configuration mode: 1
2025-10-26 09:59:03,014 [WARN] PackLoader:240 - Cannot read IP mode file for STMicroelectronics.X-CUBE-MEMS1.11.2.0
2025-10-26 09:59:03,170 [WARN] PackLoader:240 - Cannot read IP mode file for STMicroelectronics.X-CUBE-AZRTOS-G0.1.1.0
2025-10-26 09:59:03,201 [WARN] PackLoader:240 - Cannot read IP mode file for STMicroelectronics.X-CUBE-SAFEA1.1.2.2
2025-10-26 09:59:03,227 [WARN] PackLoader:240 - Cannot read IP mode file for STMicroelectronics.X-CUBE-NFC4.3.0.0
2025-10-26 09:59:03,259 [WARN] PackLoader:240 - Cannot read IP mode file for EmbeddedOffice.I-CUBE-FS-RTOS.1.0.1
2025-10-26 09:59:03,285 [WARN] PackLoader:240 - Cannot read IP mode file for STMicroelectronics.X-CUBE-WB05N.2.0.0
2025-10-26 09:59:03,317 [WARN] PackLoader:240 - Cannot read IP mode file for STMicroelectronics.X-CUBE-TCPP.4.2.0
2025-10-26 09:59:03,343 [WARN] PackLoader:240 - Cannot read IP mode file for RealThread.X-CUBE-RT-Thread_Nano.4.1.1
2025-10-26 09:59:03,366 [WARN] PackLoader:240 - Cannot read IP mode file for STMicroelectronics.FP-ATR-SIGFOX1.3.2.0
2025-10-26 09:59:03,395 [WARN] ConditionMgr:438 - getConditionDescription Invalid condition id : Cortex-A Device cause : null
2025-10-26 09:59:03,428 [WARN] ConditionMgr:1044 - genDependencies : Invalid condition id : Cortex-A Device cause : null
2025-10-26 09:59:03,428 [WARN] ConditionMgr:1044 - genDependencies : Invalid condition id : Cortex-A Device cause : null
2025-10-26 09:59:03,428 [WARN] ConditionMgr:1044 - genDependencies : Invalid condition id : Cortex-A Device cause : null
2025-10-26 09:59:03,446 [WARN] PackLoader:240 - Cannot read IP mode file for STMicroelectronics.X-CUBE-EEPRMA1.5.1.0
2025-10-26 09:59:03,465 [WARN] PackLoader:240 - Cannot read IP mode file for wolfSSL.I-CUBE-wolfSSL.5.7.6
2025-10-26 09:59:03,494 [WARN] PackLoader:240 - Cannot read IP mode file for ITTIA_DB.I-CUBE-ITTIADB.8.9.0
2025-10-26 09:59:03,521 [WARN] PackLoader:240 - Cannot read IP mode file for STMicroelectronics.X-CUBE-ST67W61.1.0.0
2025-10-26 09:59:03,548 [WARN] PackLoader:240 - Cannot read IP mode file for STMicroelectronics.X-CUBE-AI.10.2.0
2025-10-26 09:59:03,590 [WARN] PackLoader:240 - Cannot read IP mode file for SEGGER.I-CUBE-embOS.1.3.1
2025-10-26 09:59:03,654 [WARN] PackLoader:240 - Cannot read IP mode file for STMicroelectronics.X-CUBE-ALGOBUILD.1.4.0
2025-10-26 09:59:03,749 [WARN] PackLoader:240 - Cannot read IP mode file for STMicroelectronics.X-CUBE-MEMS1.11.3.0
2025-10-26 09:59:03,917 [WARN] PackLoader:240 - Cannot read IP mode file for STMicroelectronics.X-CUBE-PM33A1.1.0.0
2025-10-26 09:59:03,952 [WARN] PackLoader:240 - Cannot read IP mode file for STMicroelectronics.X-CUBE-AZRTOS-F4.1.1.0
2025-10-26 09:59:03,974 [WARN] PackLoader:240 - Cannot read IP mode file for Avnet-IotConnect.X-CUBE-IoTC-DA16k-PMOD.1.0.0
2025-10-26 09:59:03,990 [WARN] PackLoader:240 - Cannot read IP mode file for STMicroelectronics.X-CUBE-ISPU.2.1.0
2025-10-26 09:59:04,010 [ERROR] Engine:466 - C:\Users\thepd\.stm32cubemx\thirdparties\pdsc\STMicroelectronics.X-CUBE-IPS.3.2.0.pdsc: PDSC version is not supported
2025-10-26 09:59:04,029 [WARN] PackLoader:240 - Cannot read IP mode file for STMicroelectronics.X-CUBE-NFC12.1.0.0
2025-10-26 09:59:04,068 [WARN] PackLoader:240 - Cannot read IP mode file for STMicroelectronics.X-CUBE-AZRTOS-L5.2.0.0
2025-10-26 09:59:04,096 [WARN] PackLoader:240 - Cannot read IP mode file for STMicroelectronics.X-CUBE-NFC6.3.1.0
2025-10-26 09:59:04,121 [WARN] PackLoader:240 - Cannot read IP mode file for STMicroelectronics.X-CUBE-DPower.1.2.0
2025-10-26 09:59:04,147 [WARN] PackLoader:240 - Cannot read IP mode file for STMicroelectronics.X-CUBE-FREERTOS.1.3.1
2025-10-26 09:59:04,167 [WARN] PackLoader:240 - Cannot read IP mode file for STMicroelectronics.X-CUBE-FREERTOS.1.3.0
2025-10-26 09:59:04,196 [WARN] PackLoader:240 - Cannot read IP mode file for STMicroelectronics.X-CUBE-NFC7.1.0.1
2025-10-26 09:59:04,219 [WARN] PackLoader:240 - Cannot read IP mode file for STMicroelectronics.X-CUBE-TOUCHGFX.4.26.0
2025-10-26 09:59:04,246 [WARN] PackLoader:240 - Cannot read IP mode file for STMicroelectronics.FP-SNS-STAIOTCFT.1.0.0
2025-10-26 09:59:04,268 [WARN] PackLoader:240 - Cannot read IP mode file for STMicroelectronics.X-CUBE-DPower.1.3.0
2025-10-26 09:59:04,310 [WARN] ConditionMgr:438 - getConditionDescription Invalid condition id : LAN8742 Phy interface Condition cause : null
2025-10-26 09:59:04,310 [WARN] PackLoader:240 - Cannot read IP mode file for STMicroelectronics.X-CUBE-AZRTOS-L4.2.0.0
2025-10-26 09:59:04,311 [WARN] ConditionMgr:1044 - genDependencies : Invalid condition id : LAN8742 Phy interface Condition cause : null
2025-10-26 09:59:04,311 [WARN] ConditionMgr:1044 - genDependencies : Invalid condition id : LAN8742 Phy interface Condition cause : null
2025-10-26 09:59:04,311 [WARN] ConditionMgr:1044 - genDependencies : Invalid condition id : LAN8742 Phy interface Condition cause : null
2025-10-26 09:59:04,331 [WARN] PackLoader:240 - Cannot read IP mode file for STMicroelectronics.X-CUBE-SFXS2LP1.4.0.0
2025-10-26 09:59:04,364 [WARN] PackLoader:240 - Cannot read IP mode file for STMicroelectronics.X-CUBE-AZRTOS-H7.3.3.0
2025-10-26 09:59:04,387 [WARN] PackLoader:240 - Cannot read IP mode file for STMicroelectronics.X-CUBE-BLEMGR.4.1.0
2025-10-26 09:59:04,417 [WARN] ConditionMgr:438 - getConditionDescription Invalid condition id : UX DEVICE CLASS RTOS Condition cause : null
2025-10-26 09:59:04,417 [WARN] ConditionMgr:438 - getConditionDescription Invalid condition id : UX DEVICE CLASS RTOS Condition cause : null
2025-10-26 09:59:04,418 [WARN] PackLoader:240 - Cannot read IP mode file for STMicroelectronics.X-CUBE-AZRTOS-WB.2.0.0
2025-10-26 09:59:04,419 [WARN] ConditionMgr:1044 - genDependencies : Invalid condition id : UX DEVICE CLASS RTOS Condition cause : null
2025-10-26 09:59:04,419 [WARN] ConditionMgr:1044 - genDependencies : Invalid condition id : UX DEVICE CLASS RTOS Condition cause : null
2025-10-26 09:59:04,419 [WARN] ConditionMgr:1044 - genDependencies : Invalid condition id : UX DEVICE CLASS RTOS Condition cause : null
2025-10-26 09:59:04,419 [WARN] ConditionMgr:1044 - genDependencies : Invalid condition id : UX DEVICE CLASS RTOS Condition cause : null
2025-10-26 09:59:04,419 [WARN] ConditionMgr:1044 - genDependencies : Invalid condition id : UX DEVICE CLASS RTOS Condition cause : null
2025-10-26 09:59:04,438 [WARN] PackLoader:240 - Cannot read IP mode file for STMicroelectronics.X-CUBE-GNSS1.7.0.1
2025-10-26 09:59:04,455 [WARN] PackLoader:240 - Cannot read IP mode file for STMicroelectronics.X-CUBE-TOUCHGFX.4.25.0
2025-10-26 09:59:04,477 [WARN] PackLoader:240 - Cannot read IP mode file for STMicroelectronics.FP-SNS-STBOX1.2.0.0
2025-10-26 09:59:04,500 [WARN] PackLoader:240 - Cannot read IP mode file for STMicroelectronics.X-CUBE-SUBG2.5.0.0
2025-10-26 09:59:04,544 [WARN] PackLoader:240 - Cannot read IP mode file for STMicroelectronics.X-CUBE-AZRTOS-H7RS.1.1.0
2025-10-26 09:59:04,563 [WARN] PackLoader:240 - Cannot read IP mode file for Cesanta.I-CUBE-Mongoose.7.13.0
2025-10-26 09:59:04,591 [WARN] PackLoader:240 - Cannot read IP mode file for STMicroelectronics.X-CUBE-AZRTOS-G4.2.0.0
2025-10-26 09:59:04,614 [WARN] PackLoader:240 - Cannot read IP mode file for STMicroelectronics.X-CUBE-NFC7.2.0.0
2025-10-26 09:59:04,649 [WARN] PackLoader:240 - Cannot read IP mode file for STMicroelectronics.X-CUBE-IPS.3.1.0
2025-10-26 09:59:04,686 [WARN] PackLoader:240 - Cannot read IP mode file for STMicroelectronics.X-CUBE-ALS.1.0.2
2025-10-26 09:59:04,715 [WARN] PackLoader:240 - Cannot read IP mode file for STMicroelectronics.X-CUBE-TOUCHGFX.4.24.2
2025-10-26 09:59:04,748 [WARN] PackLoader:240 - Cannot read IP mode file for STMicroelectronics.X-CUBE-STSE01.1.0.0
2025-10-26 09:59:04,771 [WARN] PackLoader:240 - Cannot read IP mode file for wolfSSL.I-CUBE-wolfTPM.3.4.0
2025-10-26 09:59:04,800 [WARN] PackLoader:240 - Cannot read IP mode file for portGmbH.I-Cube-SoM-uGOAL.1.1.0
2025-10-26 09:59:04,836 [WARN] PackLoader:240 - Cannot read IP mode file for STMicroelectronics.X-CUBE-AZRTOS-H7RS.1.0.0
2025-10-26 09:59:04,864 [WARN] PackLoader:240 - Cannot read IP mode file for STMicroelectronics.X-CUBE-TOF1.3.4.2
2025-10-26 09:59:04,902 [WARN] PackLoader:240 - Cannot read IP mode file for STMicroelectronics.X-CUBE-TOF1.3.4.3
2025-10-26 09:59:04,936 [WARN] PackLoader:240 - Cannot read IP mode file for wolfSSL.I-CUBE-wolfSSH.1.4.17
2025-10-26 09:59:04,937 [INFO] ThirdParty:978 - Integrity check success = true
2025-10-26 09:59:04,937 [INFO] IntegrityCheckThread:100 - exiting critical section [integrity check]
2025-10-26 09:59:04,937 [INFO] IntegrityCheckThread:103 - End integrity checks thread
2025-10-26 12:05:19,618 [ERROR] LogOutputStream:75 - [STDERR_REDIRECT] 
2025-10-26 12:08:47,663 [INFO] Activator:176 - 


2025-10-26 12:08:47,665 [INFO] Activator:177 - !SESSION log4j initialized
2025-10-26 12:08:55,979 [INFO] LogOutputStream:77 - [STDOUT_REDIRECT] 
2025-10-26 12:08:57,937 [INFO] ApplicationProperties:184 - Using Application install path: C:\ST\STM32CubeIDE_1.17.0\STM32CubeIDE\plugins\com.st.stm32cube.common.mx_6.13.0.202411220809
2025-10-26 12:08:57,986 [INFO] DbMcusXml:78 - Set database path to: C:\ST\STM32CubeIDE_1.17.0\STM32CubeIDE\plugins\com.st.stm32cube.common.mx_6.13.0.202411220809\\db\/mcu/
2025-10-26 12:08:57,987 [INFO] ApiDb:274 - Set plugin database path to: C:\ST\STM32CubeIDE_1.17.0\STM32CubeIDE\plugins\com.st.stm32cube.common.mx_6.13.0.202411220809\\db\/plugins/boardmanager/
2025-10-26 12:08:57,987 [WARN] ApiDb:259 - Overriding images path with different value:  => C:\ST\STM32CubeIDE_1.17.0\STM32CubeIDE\plugins\com.st.stm32cube.common.mx_6.13.0.202411220809\\db\/plugins/mcufinder/images/
2025-10-26 12:08:58,010 [INFO] ApiDb:250 - Set database path to: C:\Users\thepd\.stmcufinder\plugins\mcufinder//mcu/
2025-10-26 12:08:58,011 [INFO] DbMcusAds:125 - Set database path to: C:\Users\thepd\.stmcufinder\plugins\mcufinder//mcu/
2025-10-26 12:08:58,015 [INFO] CrossReferenceDbSqlite:203 - Set database path to: C:\Users\thepd\.stmcufinder\plugins\mcufinder//mcu/cs/
2025-10-26 12:08:58,245 [INFO] RulesReader:64 - Compatibility file has been processed (297 Rules)
2025-10-26 12:08:58,374 [INFO] DbMcusXml:78 - Set database path to: C:\ST\STM32CubeIDE_1.17.0\STM32CubeIDE\plugins\com.st.stm32cube.common.mx_6.13.0.202411220809\\db\/mcu/
2025-10-26 12:08:58,374 [INFO] ApiDb:274 - Set plugin database path to: C:\ST\STM32CubeIDE_1.17.0\STM32CubeIDE\plugins\com.st.stm32cube.common.mx_6.13.0.202411220809\\db\/plugins/boardmanager/
2025-10-26 12:08:58,374 [INFO] ApiDb:261 - Set plugin images path to: C:\ST\STM32CubeIDE_1.17.0\STM32CubeIDE\plugins\com.st.stm32cube.common.mx_6.13.0.202411220809\\db\/plugins/mcufinder/images/
2025-10-26 12:08:58,374 [WARN] DbFile:41 - Overriding database path with different value: C:\Users\thepd\.stmcufinder\plugins\mcufinder/ => C:\Users\thepd\.stmcufinder\plugins\mcufinder
2025-10-26 12:08:58,374 [INFO] ApiDb:250 - Set database path to: C:\Users\thepd\.stmcufinder\plugins\mcufinder//mcu/
2025-10-26 12:08:58,375 [WARN] DbFile:41 - Overriding database path with different value: C:\Users\thepd\.stmcufinder\plugins\mcufinder/ => C:\Users\thepd\.stmcufinder\plugins\mcufinder
2025-10-26 12:08:58,375 [INFO] DbMcusAds:125 - Set database path to: C:\Users\thepd\.stmcufinder\plugins\mcufinder//mcu/
2025-10-26 12:08:58,375 [WARN] DbFile:41 - Overriding database path with different value: C:\Users\thepd\.stmcufinder\plugins\mcufinder/ => C:\Users\thepd\.stmcufinder\plugins\mcufinder
2025-10-26 12:08:58,375 [WARN] DbFile:41 - Overriding database path with different value: C:\Users\thepd\.stmcufinder\plugins\mcufinder/ => C:\Users\thepd\.stmcufinder\plugins\mcufinder
2025-10-26 12:08:58,375 [INFO] CrossReferenceDbSqlite:203 - Set database path to: C:\Users\thepd\.stmcufinder\plugins\mcufinder//mcu/cs/
2025-10-26 12:08:58,473 [INFO] MainPanel:272 - HeapMemory: 268435456
2025-10-26 12:08:58,597 [INFO] DbMcusXml:78 - Set database path to: C:\ST\STM32CubeIDE_1.17.0\STM32CubeIDE\plugins\com.st.stm32cube.common.mx_6.13.0.202411220809\\db\/mcu/
2025-10-26 12:08:58,598 [INFO] ApiDb:274 - Set plugin database path to: C:\ST\STM32CubeIDE_1.17.0\STM32CubeIDE\plugins\com.st.stm32cube.common.mx_6.13.0.202411220809\\db\/plugins/boardmanager/
2025-10-26 12:08:58,598 [INFO] ApiDb:261 - Set plugin images path to: C:\ST\STM32CubeIDE_1.17.0\STM32CubeIDE\plugins\com.st.stm32cube.common.mx_6.13.0.202411220809\\db\/plugins/mcufinder/images/
2025-10-26 12:08:58,598 [WARN] DbFile:41 - Overriding database path with different value: C:\Users\thepd\.stmcufinder\plugins\mcufinder/ => C:\Users\thepd\.stmcufinder\plugins\mcufinder
2025-10-26 12:08:58,598 [INFO] ApiDb:250 - Set database path to: C:\Users\thepd\.stmcufinder\plugins\mcufinder//mcu/
2025-10-26 12:08:58,599 [WARN] DbFile:41 - Overriding database path with different value: C:\Users\thepd\.stmcufinder\plugins\mcufinder/ => C:\Users\thepd\.stmcufinder\plugins\mcufinder
2025-10-26 12:08:58,599 [INFO] DbMcusAds:125 - Set database path to: C:\Users\thepd\.stmcufinder\plugins\mcufinder//mcu/
2025-10-26 12:08:58,599 [WARN] DbFile:41 - Overriding database path with different value: C:\Users\thepd\.stmcufinder\plugins\mcufinder/ => C:\Users\thepd\.stmcufinder\plugins\mcufinder
2025-10-26 12:08:58,599 [WARN] DbFile:41 - Overriding database path with different value: C:\Users\thepd\.stmcufinder\plugins\mcufinder/ => C:\Users\thepd\.stmcufinder\plugins\mcufinder
2025-10-26 12:08:58,600 [INFO] CrossReferenceDbSqlite:203 - Set database path to: C:\Users\thepd\.stmcufinder\plugins\mcufinder//mcu/cs/
2025-10-26 12:08:58,640 [INFO] ApplicationProperties:184 - Using Application install path: C:\ST\STM32CubeIDE_1.17.0\STM32CubeIDE\plugins\com.st.stm32cube.common.mx_6.13.0.202411220809
2025-10-26 12:08:58,643 [INFO] PluginManage:196 - Search for loadable plugins [exclusion list=, ]
2025-10-26 12:08:58,644 [INFO] PluginManage:310 - Check plugin analytics
2025-10-26 12:08:58,934 [INFO] AnalyticsPlugin:253 - Accepted Software Licenses: STM32CubeMX.6.4.0,STM32CubeMX.6.14.0
2025-10-26 12:08:58,934 [INFO] AnalyticsPlugin:255 - Accepted CMSIS Pack Licenses: 
2025-10-26 12:08:58,935 [INFO] AnalyticsPlugin:257 - Accepted Firmware Licenses: FW.G4.1.6.0,FW.G4.1.5.0,FW.F4.1.28.0
2025-10-26 12:08:58,939 [INFO] PluginManage:359 - Loaded plugin analytics (category:tool,tabindex:-1)
2025-10-26 12:08:58,940 [INFO] PluginManage:310 - Check plugin cadmodel
2025-10-26 12:08:58,967 [INFO] CADModel:105 - Init CAD model plugin
2025-10-26 12:08:58,968 [INFO] PluginManage:359 - Loaded plugin cadmodel (category:power,tabindex:5)
2025-10-26 12:08:58,969 [INFO] PluginManage:310 - Check plugin clock
2025-10-26 12:08:59,019 [INFO] PluginManage:359 - Loaded plugin clock (category:base,tabindex:2)
2025-10-26 12:08:59,020 [INFO] PluginManage:310 - Check plugin ddr
2025-10-26 12:08:59,023 [INFO] PluginManage:359 - Loaded plugin ddr (category:tool,tabindex:6)
2025-10-26 12:08:59,024 [INFO] PluginManage:310 - Check plugin filemanager
2025-10-26 12:08:59,237 [INFO] PluginManage:359 - Loaded plugin filemanager (category:base,tabindex:10)
2025-10-26 12:08:59,237 [INFO] PluginManage:310 - Check plugin ipmanager
2025-10-26 12:08:59,246 [INFO] PluginManage:359 - Loaded plugin ipmanager (category:base,tabindex:5)
2025-10-26 12:08:59,246 [INFO] PluginManage:310 - Check plugin lpbam
2025-10-26 12:08:59,271 [INFO] PluginManage:359 - Loaded plugin lpbam (category:base,tabindex:0)
2025-10-26 12:08:59,271 [INFO] PluginManage:310 - Check plugin memorymap
2025-10-26 12:08:59,318 [INFO] PluginManage:359 - Loaded plugin memorymap (category:base,tabindex:4)
2025-10-26 12:08:59,319 [INFO] PluginManage:310 - Check plugin pinoutandconfiguration
2025-10-26 12:08:59,356 [INFO] PluginManage:359 - Loaded plugin pinoutandconfiguration (category:base,tabindex:1)
2025-10-26 12:08:59,356 [INFO] PluginManage:310 - Check plugin pinoutconfig
2025-10-26 12:08:59,532 [WARN] SupportedApi:132 - Cannot load RTOS API schema: s4s-elt-must-match.1: The content of 'definitions' must match (annotation?, (simpleType | complexType)?, (unique | key | keyref)*)). A problem was found starting at: attribute.
2025-10-26 12:08:59,729 [INFO] PluginManage:359 - Loaded plugin pinoutconfig (category:base,tabindex:0)
2025-10-26 12:08:59,729 [INFO] PluginManage:310 - Check plugin power
2025-10-26 12:08:59,770 [INFO] PluginManage:359 - Loaded plugin power (category:power,tabindex:4)
2025-10-26 12:08:59,781 [INFO] PluginManage:310 - Check plugin projectmanager
2025-10-26 12:08:59,808 [INFO] PluginManage:359 - Loaded plugin projectmanager (category:projectmanager,tabindex:4)
2025-10-26 12:08:59,809 [INFO] PluginManage:310 - Check plugin rif
2025-10-26 12:08:59,836 [INFO] PluginManage:359 - Loaded plugin rif (category:base,tabindex:3)
2025-10-26 12:08:59,837 [INFO] PluginManage:310 - Check plugin thirdparty
2025-10-26 12:09:00,505 [INFO] PluginManage:359 - Loaded plugin thirdparty (category:base,tabindex:-1)
2025-10-26 12:09:00,505 [WARN] IntegrityCheckThread:84 - waiting for thirdparty lock release [integrity check]
2025-10-26 12:09:00,505 [INFO] IntegrityCheckThread:86 - entering critical section [integrity check]
2025-10-26 12:09:00,505 [INFO] PluginManage:310 - Check plugin tools
2025-10-26 12:09:00,506 [INFO] ThirdPartyUpdaterWithRetryManager:70 - Updater plugin not ready yet. [1/15]
2025-10-26 12:09:00,588 [INFO] PluginManage:359 - Loaded plugin tools (category:base,tabindex:7)
2025-10-26 12:09:00,588 [INFO] PluginManage:310 - Check plugin tutovideos
2025-10-26 12:09:00,902 [INFO] PluginManage:359 - Loaded plugin tutovideos (category:base,tabindex:-1)
2025-10-26 12:09:00,903 [INFO] PluginManage:310 - Check plugin updater
2025-10-26 12:09:00,928 [INFO] PluginManage:359 - Loaded plugin updater (category:base,tabindex:12)
2025-10-26 12:09:00,928 [INFO] PluginManage:310 - Check plugin userauth
2025-10-26 12:09:00,935 [INFO] UserAuth:118 - Init User Auth plugin
2025-10-26 12:09:00,937 [INFO] PluginManage:359 - Loaded plugin userauth (category:base,tabindex:14)
2025-10-26 12:09:00,937 [INFO] PluginManage:283 - PluginManage : Loaded plugins [18]
2025-10-26 12:09:01,240 [INFO] PinOutPanel:1589 - setPackage(No Configuration,No Configuration)
2025-10-26 12:09:01,365 [INFO] CADModel:165 - CPN selected for project level
2025-10-26 12:09:01,365 [INFO] CADModel:114 - Register for checkConnection events
2025-10-26 12:09:01,401 [INFO] IPUIPlugin:80 - create IPUIPlugin
2025-10-26 12:09:01,401 [INFO] PluginManager:220 - loadIPPluginJar : add adc
2025-10-26 12:09:01,467 [INFO] IPUIPlugin:80 - create IPUIPlugin
2025-10-26 12:09:01,468 [INFO] PluginManager:220 - loadIPPluginJar : add aes
2025-10-26 12:09:01,551 [INFO] IPUIPlugin:80 - create IPUIPlugin
2025-10-26 12:09:01,553 [INFO] PluginManager:220 - loadIPPluginJar : add can
2025-10-26 12:09:01,606 [INFO] IPUIPlugin:80 - create IPUIPlugin
2025-10-26 12:09:01,607 [INFO] PluginManager:220 - loadIPPluginJar : add comp
2025-10-26 12:09:01,706 [INFO] IPUIPlugin:80 - create IPUIPlugin
2025-10-26 12:09:01,706 [INFO] PluginManager:220 - loadIPPluginJar : add cryp
2025-10-26 12:09:01,747 [INFO] IPUIPlugin:80 - create IPUIPlugin
2025-10-26 12:09:01,747 [INFO] PluginManager:220 - loadIPPluginJar : add ddr_ctrl_phy
2025-10-26 12:09:01,840 [INFO] IPUIPlugin:80 - create IPUIPlugin
2025-10-26 12:09:01,840 [INFO] PluginManager:220 - loadIPPluginJar : add dfsdm
2025-10-26 12:09:01,866 [INFO] IPUIPlugin:80 - create IPUIPlugin
2025-10-26 12:09:01,868 [INFO] PluginManager:220 - loadIPPluginJar : add dma
2025-10-26 12:09:01,979 [INFO] IPUIPlugin:80 - create IPUIPlugin
2025-10-26 12:09:01,979 [INFO] PluginManager:220 - loadIPPluginJar : add dma3
2025-10-26 12:09:02,125 [INFO] IPUIPlugin:80 - create IPUIPlugin
2025-10-26 12:09:02,126 [INFO] PluginManager:220 - loadIPPluginJar : add extmemmanager
2025-10-26 12:09:02,176 [INFO] IPUIPlugin:80 - create IPUIPlugin
2025-10-26 12:09:02,176 [INFO] PluginManager:220 - loadIPPluginJar : add fatfs
2025-10-26 12:09:02,288 [INFO] IPUIPlugin:80 - create IPUIPlugin
2025-10-26 12:09:02,288 [INFO] PluginManager:220 - loadIPPluginJar : add fmc
2025-10-26 12:09:02,322 [INFO] IPUIPlugin:80 - create IPUIPlugin
2025-10-26 12:09:02,323 [INFO] PluginManager:220 - loadIPPluginJar : add freertos
2025-10-26 12:09:02,389 [INFO] IPUIPlugin:80 - create IPUIPlugin
2025-10-26 12:09:02,389 [INFO] PluginManager:220 - loadIPPluginJar : add genericplugin
2025-10-26 12:09:02,741 [INFO] IPUIPlugin:80 - create IPUIPlugin
2025-10-26 12:09:02,742 [INFO] PluginManager:220 - loadIPPluginJar : add gfxmmu
2025-10-26 12:09:03,056 [INFO] IPUIPlugin:80 - create IPUIPlugin
2025-10-26 12:09:03,056 [INFO] PluginManager:220 - loadIPPluginJar : add gic
2025-10-26 12:09:03,084 [INFO] IPUIPlugin:80 - create IPUIPlugin
2025-10-26 12:09:03,084 [INFO] PluginManager:220 - loadIPPluginJar : add gpio
2025-10-26 12:09:03,293 [INFO] IPUIPlugin:80 - create IPUIPlugin
2025-10-26 12:09:03,293 [INFO] PluginManager:220 - loadIPPluginJar : add gtzc
2025-10-26 12:09:03,354 [INFO] IPUIPlugin:80 - create IPUIPlugin
2025-10-26 12:09:03,354 [INFO] PluginManager:220 - loadIPPluginJar : add hash
2025-10-26 12:09:03,457 [INFO] IPUIPlugin:80 - create IPUIPlugin
2025-10-26 12:09:03,458 [INFO] PluginManager:220 - loadIPPluginJar : add i2c
2025-10-26 12:09:03,506 [INFO] ThirdPartyUpdaterWithRetryManager:70 - Updater plugin not ready yet. [2/15]
2025-10-26 12:09:03,536 [INFO] IPUIPlugin:80 - create IPUIPlugin
2025-10-26 12:09:03,537 [INFO] PluginManager:220 - loadIPPluginJar : add i2s
2025-10-26 12:09:03,611 [INFO] IPUIPlugin:80 - create IPUIPlugin
2025-10-26 12:09:03,611 [INFO] PluginManager:220 - loadIPPluginJar : add i3c
2025-10-26 12:09:03,885 [INFO] IPUIPlugin:80 - create IPUIPlugin
2025-10-26 12:09:03,886 [INFO] PluginManager:220 - loadIPPluginJar : add ipddr
2025-10-26 12:09:04,120 [INFO] IPUIPlugin:80 - create IPUIPlugin
2025-10-26 12:09:04,120 [INFO] PluginManager:220 - loadIPPluginJar : add linkedlist
2025-10-26 12:09:04,235 [INFO] IPUIPlugin:80 - create IPUIPlugin
2025-10-26 12:09:04,235 [INFO] PluginManager:220 - loadIPPluginJar : add lorawan
2025-10-26 12:09:04,323 [INFO] IPUIPlugin:80 - create IPUIPlugin
2025-10-26 12:09:04,323 [INFO] PluginManager:220 - loadIPPluginJar : add ltdc
2025-10-26 12:09:04,352 [INFO] IPUIPlugin:80 - create IPUIPlugin
2025-10-26 12:09:04,352 [INFO] PluginManager:220 - loadIPPluginJar : add mdma
2025-10-26 12:09:04,374 [INFO] IPUIPlugin:80 - create IPUIPlugin
2025-10-26 12:09:04,375 [INFO] PluginManager:220 - loadIPPluginJar : add nvic
2025-10-26 12:09:04,445 [INFO] IPUIPlugin:80 - create IPUIPlugin
2025-10-26 12:09:04,446 [INFO] PluginManager:220 - loadIPPluginJar : add opamp
2025-10-26 12:09:04,560 [INFO] IPUIPlugin:80 - create IPUIPlugin
2025-10-26 12:09:04,561 [INFO] PluginManager:220 - loadIPPluginJar : add openamp
2025-10-26 12:09:04,706 [INFO] IPUIPlugin:80 - create IPUIPlugin
2025-10-26 12:09:04,706 [INFO] PluginManager:220 - loadIPPluginJar : add pdm2pcm
2025-10-26 12:09:04,748 [INFO] IPUIPlugin:80 - create IPUIPlugin
2025-10-26 12:09:04,754 [INFO] PluginManager:220 - loadIPPluginJar : add plateformsettings
2025-10-26 12:09:04,826 [INFO] IPUIPlugin:80 - create IPUIPlugin
2025-10-26 12:09:04,826 [INFO] PluginManager:220 - loadIPPluginJar : add quadspi
2025-10-26 12:09:04,896 [INFO] IPUIPlugin:80 - create IPUIPlugin
2025-10-26 12:09:04,898 [INFO] PluginManager:220 - loadIPPluginJar : add radio
2025-10-26 12:09:04,940 [INFO] IPUIPlugin:80 - create IPUIPlugin
2025-10-26 12:09:04,940 [INFO] PluginManager:220 - loadIPPluginJar : add resmgrutility
2025-10-26 12:09:05,070 [INFO] IPUIPlugin:80 - create IPUIPlugin
2025-10-26 12:09:05,070 [INFO] PluginManager:220 - loadIPPluginJar : add sai
2025-10-26 12:09:05,173 [INFO] IPUIPlugin:80 - create IPUIPlugin
2025-10-26 12:09:05,173 [INFO] PluginManager:220 - loadIPPluginJar : add spi
2025-10-26 12:09:05,352 [INFO] IPUIPlugin:80 - create IPUIPlugin
2025-10-26 12:09:05,353 [INFO] PluginManager:220 - loadIPPluginJar : add stm32_wpan
2025-10-26 12:09:05,422 [INFO] IPUIPlugin:80 - create IPUIPlugin
2025-10-26 12:09:05,422 [INFO] PluginManager:220 - loadIPPluginJar : add tim
2025-10-26 12:09:05,546 [INFO] IPUIPlugin:80 - create IPUIPlugin
2025-10-26 12:09:05,546 [INFO] PluginManager:220 - loadIPPluginJar : add touchsensing
2025-10-26 12:09:05,610 [INFO] IPUIPlugin:80 - create IPUIPlugin
2025-10-26 12:09:05,610 [INFO] PluginManager:220 - loadIPPluginJar : add tracer_emb
2025-10-26 12:09:05,659 [INFO] IPUIPlugin:80 - create IPUIPlugin
2025-10-26 12:09:05,659 [INFO] PluginManager:220 - loadIPPluginJar : add ts
2025-10-26 12:09:05,709 [INFO] IPUIPlugin:80 - create IPUIPlugin
2025-10-26 12:09:05,709 [INFO] PluginManager:220 - loadIPPluginJar : add tsc
2025-10-26 12:09:05,757 [INFO] IPUIPlugin:80 - create IPUIPlugin
2025-10-26 12:09:05,757 [INFO] PluginManager:220 - loadIPPluginJar : add ucpd
2025-10-26 12:09:05,876 [INFO] IPUIPlugin:80 - create IPUIPlugin
2025-10-26 12:09:05,876 [INFO] PluginManager:220 - loadIPPluginJar : add usart
2025-10-26 12:09:06,021 [INFO] IPUIPlugin:80 - create IPUIPlugin
2025-10-26 12:09:06,021 [INFO] PluginManager:220 - loadIPPluginJar : add usbx
2025-10-26 12:09:06,169 [FATAL] Updater:351 - Updater called before beeing initialized
2025-10-26 12:09:06,226 [INFO] RulesReader:64 - Compatibility file has been processed (297 Rules)
2025-10-26 12:09:06,246 [INFO] RulesReader:64 - Compatibility file has been processed (297 Rules)
2025-10-26 12:09:06,260 [INFO] CADModel:165 - CPN selected for project level
2025-10-26 12:09:06,260 [INFO] CADModel:114 - Register for checkConnection events
2025-10-26 12:09:06,261 [FATAL] Updater:351 - Updater called before beeing initialized
2025-10-26 12:09:06,261 [ERROR] CADModel:125 - Updater not yet initialized, retry later 
2025-10-26 12:09:06,463 [FATAL] Updater:351 - Updater called before beeing initialized
2025-10-26 12:09:06,465 [INFO] CADModel:165 - CPN selected for project level
2025-10-26 12:09:06,465 [INFO] CADModel:114 - Register for checkConnection events
2025-10-26 12:09:06,465 [FATAL] Updater:351 - Updater called before beeing initialized
2025-10-26 12:09:06,465 [ERROR] CADModel:125 - Updater not yet initialized, retry later 
2025-10-26 12:09:06,471 [FATAL] Updater:351 - Updater called before beeing initialized
2025-10-26 12:09:06,507 [INFO] ThirdPartyUpdaterWithRetryManager:70 - Updater plugin not ready yet. [3/15]
2025-10-26 12:09:06,638 [FATAL] Updater:351 - Updater called before beeing initialized
2025-10-26 12:09:06,656 [INFO] DbMcusAds:53 - JSON generation date=Thu Mar 06 15:54:21 CET 2025 (1741272861825)
2025-10-26 12:09:06,656 [FATAL] Updater:351 - Updater called before beeing initialized
2025-10-26 12:09:06,700 [WARN] DetailPanel:346 - Failed to get advertising image, set to default
2025-10-26 12:09:07,112 [FATAL] Updater:351 - Updater called before beeing initialized
2025-10-26 12:09:07,116 [FATAL] Updater:351 - Updater called before beeing initialized
2025-10-26 12:09:07,116 [FATAL] Updater:351 - Updater called before beeing initialized
2025-10-26 12:09:07,116 [WARN] DetailPanel:346 - Failed to get advertising image, set to default
2025-10-26 12:09:07,117 [FATAL] Updater:351 - Updater called before beeing initialized
2025-10-26 12:09:07,209 [ERROR] Updater:1198 - MainUpdater not yet initialized. External WinMGr cannot be set.
2025-10-26 12:09:07,225 [INFO] Updater:1134 - Updater Version found : 6.13.0
2025-10-26 12:09:07,244 [INFO] ApplicationProperties:184 - Using Application install path: C:\ST\STM32CubeIDE_1.17.0\STM32CubeIDE\plugins\com.st.stm32cube.common.mx_6.13.0.202411220809
2025-10-26 12:09:07,862 [INFO] MainUpdater:2872 - connection check result : 10
2025-10-26 12:09:07,863 [INFO] MainUpdater:289 - Updater Check For Update Now.
2025-10-26 12:09:07,864 [INFO] MicroXplorer:498 - Change Database Version : DB.6.0.130
2025-10-26 12:09:07,892 [INFO] McuFinderGlobals:63 - Set McuFinder mode to 2 (CubeIDE integrated)
2025-10-26 12:09:07,905 [INFO] UserAuth:486 - Internet connection configuration mode: 1
2025-10-26 12:09:07,953 [INFO] JxBrowserEngine:152 - Initiate JxBrowser Engine with user profile folder
2025-10-26 12:09:08,144 [INFO] CheckServerUpdateThread:120 - End of CheckServer Thread
2025-10-26 12:09:08,861 [INFO] WebApp:168 - Instantiating new browser for Auth
2025-10-26 12:09:09,968 [WARN] PackLoader:240 - Cannot read IP mode file for STMicroelectronics.FP-SNS-MOTENVWB1.1.4.0
2025-10-26 12:09:10,009 [WARN] PackLoader:240 - Cannot read IP mode file for STMicroelectronics.FP-ATR-ASTRA1.2.0.2
2025-10-26 12:09:10,042 [INFO] WebApp:449 - Apply proxy settings
2025-10-26 12:09:10,044 [INFO] WebApp:534 - Chromium requires no authentication
2025-10-26 12:09:10,044 [WARN] PackLoader:240 - Cannot read IP mode file for STMicroelectronics.FP-ATR-ASTRA1.2.0.1
2025-10-26 12:09:10,062 [INFO] WebApp:477 - Direct internet connection detected
2025-10-26 12:09:10,089 [WARN] PackLoader:240 - Cannot read IP mode file for STMicroelectronics.X-CUBE-SMBUS.2.1.0
2025-10-26 12:09:10,115 [INFO] WebApp:880 - Register for checkConnection events
2025-10-26 12:09:10,116 [INFO] WebApp:449 - Apply proxy settings
2025-10-26 12:09:10,117 [INFO] WebApp:534 - Chromium requires no authentication
2025-10-26 12:09:10,119 [INFO] WebApp:477 - Direct internet connection detected
2025-10-26 12:09:10,128 [WARN] PackLoader:240 - Cannot read IP mode file for STMicroelectronics.X-CUBE-WB05N.1.1.0
2025-10-26 12:09:10,160 [WARN] PackLoader:240 - Cannot read IP mode file for STMicroelectronics.X-CUBE-ST60.1.0.0
2025-10-26 12:09:10,225 [WARN] PackLoader:240 - Cannot read IP mode file for STMicroelectronics.X-CUBE-AZRTOS-F7.1.1.0
2025-10-26 12:09:10,251 [WARN] PackLoader:240 - Cannot read IP mode file for STMicroelectronics.FP-SNS-FLIGHT1.5.0.2
2025-10-26 12:09:10,312 [WARN] PackLoader:240 - Cannot read IP mode file for Infineon.AIROC-Wi-Fi-Bluetooth-STM32.1.7.0
2025-10-26 12:09:10,371 [INFO] WebApp:187 - Connection restablished
2025-10-26 12:09:10,392 [WARN] PackLoader:240 - Cannot read IP mode file for STMicroelectronics.X-CUBE-AZRTOS-H7.3.4.0
2025-10-26 12:09:10,437 [WARN] PackLoader:240 - Cannot read IP mode file for STMicroelectronics.X-CUBE-DISPLAY.3.0.0
2025-10-26 12:09:10,479 [WARN] PackLoader:240 - Cannot read IP mode file for STMicroelectronics.X-CUBE-BLE1.7.0.0
2025-10-26 12:09:10,516 [WARN] PackLoader:240 - Cannot read IP mode file for STMicroelectronics.X-CUBE-NFC10.1.0.0
2025-10-26 12:09:10,556 [WARN] PackLoader:240 - Cannot read IP mode file for STMicroelectronics.X-CUBE-BLEMGR.4.0.0
2025-10-26 12:09:10,640 [WARN] PackLoader:240 - Cannot read IP mode file for STMicroelectronics.X-CUBE-ST60.1.1.0
2025-10-26 12:09:10,698 [WARN] PackLoader:240 - Cannot read IP mode file for emotas.I-CUBE-CANOPEN.1.3.0
2025-10-26 12:09:10,735 [WARN] PackLoader:240 - Cannot read IP mode file for STMicroelectronics.X-CUBE-AI.10.0.0
2025-10-26 12:09:10,760 [INFO] WebApp:221 - Starting web application
2025-10-26 12:09:10,761 [INFO] WebApp:579 - Web application path used C:\ST\STM32CubeIDE_1.17.0\STM32CubeIDE\plugins\com.st.stm32cube.common.mx_6.13.0.202411220809\db\plugins\mcufinder\reactClient1\index.html
2025-10-26 12:09:10,766 [ERROR] Engine:466 - C:\Users\thepd\.stm32cubemx\thirdparties\pdsc\STMicroelectronics.FP-SNS-STBOX1.2.1.0.pdsc: PDSC version is not supported
2025-10-26 12:09:10,798 [WARN] PackLoader:240 - Cannot read IP mode file for STMicroelectronics.FP-SNS-SMARTAG2.1.2.0
2025-10-26 12:09:10,833 [WARN] PackLoader:240 - Cannot read IP mode file for STMicroelectronics.FP-SNS-FLIGHT1.5.1.0
2025-10-26 12:09:10,937 [WARN] PackLoader:240 - Cannot read IP mode file for STMicroelectronics.X-CUBE-MEMS1.11.1.0
2025-10-26 12:09:11,606 [INFO] LogOutputStream:77 - [STDOUT_REDIRECT] 1 : Invalid condition id : UX_CORESTACK_Condition cause : null
2025-10-26 12:09:11,607 [INFO] LogOutputStream:77 - [STDOUT_REDIRECT] 1 : Invalid condition id : UX_CORESTACK_Condition cause : null
2025-10-26 12:09:11,609 [INFO] LogOutputStream:77 - [STDOUT_REDIRECT] 1 : Invalid condition id : UX_CORESTACK_Condition cause : null
2025-10-26 12:09:11,610 [INFO] LogOutputStream:77 - [STDOUT_REDIRECT] 1 : Invalid condition id : UX_CORESTACK_Condition cause : null
2025-10-26 12:09:11,612 [INFO] LogOutputStream:77 - [STDOUT_REDIRECT] 1 : Invalid condition id : UX_CORESTACK_Condition cause : null
2025-10-26 12:09:11,616 [WARN] PackLoader:240 - Cannot read IP mode file for STMicroelectronics.X-CUBE-AZRTOS-WL.2.0.0
2025-10-26 12:09:11,649 [INFO] UserAuth:486 - Internet connection configuration mode: 1
2025-10-26 12:09:11,660 [WARN] PackLoader:240 - Cannot read IP mode file for STMicroelectronics.FP-SNS-MOTENV1.5.0.0
2025-10-26 12:09:11,696 [WARN] PackLoader:240 - Cannot read IP mode file for wolfSSL.I-CUBE-wolfMQTT.1.19.0
2025-10-26 12:09:11,734 [WARN] PackLoader:240 - Cannot read IP mode file for WES.I-CUBE-Cesium.1.3.0
2025-10-26 12:09:11,776 [WARN] PackLoader:240 - Cannot read IP mode file for STMicroelectronics.X-CUBE-BLE2.3.3.0
2025-10-26 12:09:11,810 [WARN] PackLoader:240 - Cannot read IP mode file for STMicroelectronics.X-CUBE-NFC9.1.0.0
2025-10-26 12:09:11,839 [WARN] PackLoader:240 - Cannot read IP mode file for STMicroelectronics.X-CUBE-BLE1.7.1.0
2025-10-26 12:09:11,873 [WARN] PackLoader:240 - Cannot read IP mode file for STMicroelectronics.X-CUBE-EEPRMA1.5.2.0
2025-10-26 12:09:11,898 [ERROR] Engine:466 - C:\Users\thepd\.stm32cubemx\thirdparties\pdsc\STMicroelectronics.X-CUBE-ST67W61.1.1.0.pdsc: PDSC version is not supported
2025-10-26 12:09:11,923 [WARN] PackLoader:240 - Cannot read IP mode file for STMicroelectronics.X-CUBE-AI.10.1.0
2025-10-26 12:09:12,013 [WARN] PackLoader:240 - Cannot read IP mode file for STMicroelectronics.X-CUBE-MEMS1.11.2.0
2025-10-26 12:09:12,169 [WARN] PackLoader:240 - Cannot read IP mode file for STMicroelectronics.X-CUBE-AZRTOS-G0.1.1.0
2025-10-26 12:09:12,200 [WARN] PackLoader:240 - Cannot read IP mode file for STMicroelectronics.X-CUBE-SAFEA1.1.2.2
2025-10-26 12:09:12,227 [WARN] PackLoader:240 - Cannot read IP mode file for STMicroelectronics.X-CUBE-NFC4.3.0.0
2025-10-26 12:09:12,275 [WARN] PackLoader:240 - Cannot read IP mode file for EmbeddedOffice.I-CUBE-FS-RTOS.1.0.1
2025-10-26 12:09:12,320 [WARN] PackLoader:240 - Cannot read IP mode file for STMicroelectronics.X-CUBE-WB05N.2.0.0
2025-10-26 12:09:12,352 [WARN] PackLoader:240 - Cannot read IP mode file for STMicroelectronics.X-CUBE-TCPP.4.2.0
2025-10-26 12:09:12,391 [WARN] PackLoader:240 - Cannot read IP mode file for RealThread.X-CUBE-RT-Thread_Nano.4.1.1
2025-10-26 12:09:12,422 [WARN] PackLoader:240 - Cannot read IP mode file for STMicroelectronics.FP-ATR-SIGFOX1.3.2.0
2025-10-26 12:09:12,454 [WARN] ConditionMgr:438 - getConditionDescription Invalid condition id : Cortex-A Device cause : null
2025-10-26 12:09:12,507 [WARN] ConditionMgr:1044 - genDependencies : Invalid condition id : Cortex-A Device cause : null
2025-10-26 12:09:12,507 [WARN] ConditionMgr:1044 - genDependencies : Invalid condition id : Cortex-A Device cause : null
2025-10-26 12:09:12,507 [WARN] ConditionMgr:1044 - genDependencies : Invalid condition id : Cortex-A Device cause : null
2025-10-26 12:09:12,537 [WARN] PackLoader:240 - Cannot read IP mode file for STMicroelectronics.X-CUBE-EEPRMA1.5.1.0
2025-10-26 12:09:12,568 [WARN] PackLoader:240 - Cannot read IP mode file for wolfSSL.I-CUBE-wolfSSL.5.7.6
2025-10-26 12:09:12,598 [WARN] PackLoader:240 - Cannot read IP mode file for ITTIA_DB.I-CUBE-ITTIADB.8.9.0
2025-10-26 12:09:12,633 [WARN] PackLoader:240 - Cannot read IP mode file for STMicroelectronics.X-CUBE-ST67W61.1.0.0
2025-10-26 12:09:12,659 [WARN] PackLoader:240 - Cannot read IP mode file for STMicroelectronics.X-CUBE-AI.10.2.0
2025-10-26 12:09:12,711 [WARN] PackLoader:240 - Cannot read IP mode file for SEGGER.I-CUBE-embOS.1.3.1
2025-10-26 12:09:12,769 [WARN] PackLoader:240 - Cannot read IP mode file for STMicroelectronics.X-CUBE-ALGOBUILD.1.4.0
2025-10-26 12:09:12,839 [WARN] PackLoader:240 - Cannot read IP mode file for STMicroelectronics.X-CUBE-MEMS1.11.3.0
2025-10-26 12:09:12,991 [WARN] PackLoader:240 - Cannot read IP mode file for STMicroelectronics.X-CUBE-PM33A1.1.0.0
2025-10-26 12:09:13,034 [WARN] PackLoader:240 - Cannot read IP mode file for STMicroelectronics.X-CUBE-AZRTOS-F4.1.1.0
2025-10-26 12:09:13,058 [WARN] PackLoader:240 - Cannot read IP mode file for Avnet-IotConnect.X-CUBE-IoTC-DA16k-PMOD.1.0.0
2025-10-26 12:09:13,084 [WARN] PackLoader:240 - Cannot read IP mode file for STMicroelectronics.X-CUBE-ISPU.2.1.0
2025-10-26 12:09:13,108 [ERROR] Engine:466 - C:\Users\thepd\.stm32cubemx\thirdparties\pdsc\STMicroelectronics.X-CUBE-IPS.3.2.0.pdsc: PDSC version is not supported
2025-10-26 12:09:13,137 [WARN] PackLoader:240 - Cannot read IP mode file for STMicroelectronics.X-CUBE-NFC12.1.0.0
2025-10-26 12:09:13,188 [WARN] PackLoader:240 - Cannot read IP mode file for STMicroelectronics.X-CUBE-AZRTOS-L5.2.0.0
2025-10-26 12:09:13,226 [WARN] PackLoader:240 - Cannot read IP mode file for STMicroelectronics.X-CUBE-NFC6.3.1.0
2025-10-26 12:09:13,263 [WARN] PackLoader:240 - Cannot read IP mode file for STMicroelectronics.X-CUBE-DPower.1.2.0
2025-10-26 12:09:13,296 [WARN] PackLoader:240 - Cannot read IP mode file for STMicroelectronics.X-CUBE-FREERTOS.1.3.1
2025-10-26 12:09:13,323 [WARN] PackLoader:240 - Cannot read IP mode file for STMicroelectronics.X-CUBE-FREERTOS.1.3.0
2025-10-26 12:09:13,350 [WARN] PackLoader:240 - Cannot read IP mode file for STMicroelectronics.X-CUBE-NFC7.1.0.1
2025-10-26 12:09:13,378 [WARN] PackLoader:240 - Cannot read IP mode file for STMicroelectronics.X-CUBE-TOUCHGFX.4.26.0
2025-10-26 12:09:13,414 [WARN] PackLoader:240 - Cannot read IP mode file for STMicroelectronics.FP-SNS-STAIOTCFT.1.0.0
2025-10-26 12:09:13,442 [WARN] PackLoader:240 - Cannot read IP mode file for STMicroelectronics.X-CUBE-DPower.1.3.0
2025-10-26 12:09:13,578 [WARN] ConditionMgr:438 - getConditionDescription Invalid condition id : LAN8742 Phy interface Condition cause : null
2025-10-26 12:09:13,579 [WARN] PackLoader:240 - Cannot read IP mode file for STMicroelectronics.X-CUBE-AZRTOS-L4.2.0.0
2025-10-26 12:09:13,580 [WARN] ConditionMgr:1044 - genDependencies : Invalid condition id : LAN8742 Phy interface Condition cause : null
2025-10-26 12:09:13,581 [WARN] ConditionMgr:1044 - genDependencies : Invalid condition id : LAN8742 Phy interface Condition cause : null
2025-10-26 12:09:13,582 [WARN] ConditionMgr:1044 - genDependencies : Invalid condition id : LAN8742 Phy interface Condition cause : null
2025-10-26 12:09:13,608 [WARN] PackLoader:240 - Cannot read IP mode file for STMicroelectronics.X-CUBE-SFXS2LP1.4.0.0
2025-10-26 12:09:13,651 [WARN] PackLoader:240 - Cannot read IP mode file for STMicroelectronics.X-CUBE-AZRTOS-H7.3.3.0
2025-10-26 12:09:13,679 [WARN] PackLoader:240 - Cannot read IP mode file for STMicroelectronics.X-CUBE-BLEMGR.4.1.0
2025-10-26 12:09:13,718 [WARN] ConditionMgr:438 - getConditionDescription Invalid condition id : UX DEVICE CLASS RTOS Condition cause : null
2025-10-26 12:09:13,718 [WARN] ConditionMgr:438 - getConditionDescription Invalid condition id : UX DEVICE CLASS RTOS Condition cause : null
2025-10-26 12:09:13,720 [WARN] PackLoader:240 - Cannot read IP mode file for STMicroelectronics.X-CUBE-AZRTOS-WB.2.0.0
2025-10-26 12:09:13,721 [WARN] ConditionMgr:1044 - genDependencies : Invalid condition id : UX DEVICE CLASS RTOS Condition cause : null
2025-10-26 12:09:13,721 [WARN] ConditionMgr:1044 - genDependencies : Invalid condition id : UX DEVICE CLASS RTOS Condition cause : null
2025-10-26 12:09:13,722 [WARN] ConditionMgr:1044 - genDependencies : Invalid condition id : UX DEVICE CLASS RTOS Condition cause : null
2025-10-26 12:09:13,722 [WARN] ConditionMgr:1044 - genDependencies : Invalid condition id : UX DEVICE CLASS RTOS Condition cause : null
2025-10-26 12:09:13,722 [WARN] ConditionMgr:1044 - genDependencies : Invalid condition id : UX DEVICE CLASS RTOS Condition cause : null
2025-10-26 12:09:13,750 [WARN] PackLoader:240 - Cannot read IP mode file for STMicroelectronics.X-CUBE-GNSS1.7.0.1
2025-10-26 12:09:13,773 [WARN] PackLoader:240 - Cannot read IP mode file for STMicroelectronics.X-CUBE-TOUCHGFX.4.25.0
2025-10-26 12:09:13,794 [WARN] PackLoader:240 - Cannot read IP mode file for STMicroelectronics.FP-SNS-STBOX1.2.0.0
2025-10-26 12:09:13,821 [WARN] PackLoader:240 - Cannot read IP mode file for STMicroelectronics.X-CUBE-SUBG2.5.0.0
2025-10-26 12:09:13,870 [WARN] PackLoader:240 - Cannot read IP mode file for STMicroelectronics.X-CUBE-AZRTOS-H7RS.1.1.0
2025-10-26 12:09:13,899 [WARN] PackLoader:240 - Cannot read IP mode file for Cesanta.I-CUBE-Mongoose.7.13.0
2025-10-26 12:09:13,938 [WARN] PackLoader:240 - Cannot read IP mode file for STMicroelectronics.X-CUBE-AZRTOS-G4.2.0.0
2025-10-26 12:09:13,961 [WARN] PackLoader:240 - Cannot read IP mode file for STMicroelectronics.X-CUBE-NFC7.2.0.0
2025-10-26 12:09:13,998 [WARN] PackLoader:240 - Cannot read IP mode file for STMicroelectronics.X-CUBE-IPS.3.1.0
2025-10-26 12:09:14,025 [WARN] PackLoader:240 - Cannot read IP mode file for STMicroelectronics.X-CUBE-ALS.1.0.2
2025-10-26 12:09:14,047 [WARN] PackLoader:240 - Cannot read IP mode file for STMicroelectronics.X-CUBE-TOUCHGFX.4.24.2
2025-10-26 12:09:14,074 [WARN] PackLoader:240 - Cannot read IP mode file for STMicroelectronics.X-CUBE-STSE01.1.0.0
2025-10-26 12:09:14,099 [WARN] PackLoader:240 - Cannot read IP mode file for wolfSSL.I-CUBE-wolfTPM.3.4.0
2025-10-26 12:09:14,130 [WARN] PackLoader:240 - Cannot read IP mode file for portGmbH.I-Cube-SoM-uGOAL.1.1.0
2025-10-26 12:09:14,185 [WARN] PackLoader:240 - Cannot read IP mode file for STMicroelectronics.X-CUBE-AZRTOS-H7RS.1.0.0
2025-10-26 12:09:14,222 [WARN] PackLoader:240 - Cannot read IP mode file for STMicroelectronics.X-CUBE-TOF1.3.4.2
2025-10-26 12:09:14,266 [WARN] PackLoader:240 - Cannot read IP mode file for STMicroelectronics.X-CUBE-TOF1.3.4.3
2025-10-26 12:09:14,309 [WARN] PackLoader:240 - Cannot read IP mode file for wolfSSL.I-CUBE-wolfSSH.1.4.17
2025-10-26 12:09:14,310 [INFO] ThirdParty:978 - Integrity check success = true
2025-10-26 12:09:14,310 [INFO] IntegrityCheckThread:100 - exiting critical section [integrity check]
2025-10-26 12:09:14,310 [INFO] IntegrityCheckThread:103 - End integrity checks thread
2025-10-26 12:09:49,239 [ERROR] LogOutputStream:75 - [STDERR_REDIRECT] 
2025-10-26 17:59:13,818 [INFO] Activator:176 - 


2025-10-26 17:59:13,821 [INFO] Activator:177 - !SESSION log4j initialized
2025-10-26 17:59:39,127 [INFO] LogOutputStream:77 - [STDOUT_REDIRECT] 
2025-10-26 17:59:47,287 [INFO] ApplicationProperties:184 - Using Application install path: C:\ST\STM32CubeIDE_1.17.0\STM32CubeIDE\plugins\com.st.stm32cube.common.mx_6.13.0.202411220809
2025-10-26 17:59:47,383 [INFO] DbMcusXml:78 - Set database path to: C:\ST\STM32CubeIDE_1.17.0\STM32CubeIDE\plugins\com.st.stm32cube.common.mx_6.13.0.202411220809\\db\/mcu/
2025-10-26 17:59:47,384 [INFO] ApiDb:274 - Set plugin database path to: C:\ST\STM32CubeIDE_1.17.0\STM32CubeIDE\plugins\com.st.stm32cube.common.mx_6.13.0.202411220809\\db\/plugins/boardmanager/
2025-10-26 17:59:47,385 [WARN] ApiDb:259 - Overriding images path with different value:  => C:\ST\STM32CubeIDE_1.17.0\STM32CubeIDE\plugins\com.st.stm32cube.common.mx_6.13.0.202411220809\\db\/plugins/mcufinder/images/
2025-10-26 17:59:47,433 [INFO] ApiDb:250 - Set database path to: C:\Users\thepd\.stmcufinder\plugins\mcufinder//mcu/
2025-10-26 17:59:47,448 [INFO] DbMcusAds:125 - Set database path to: C:\Users\thepd\.stmcufinder\plugins\mcufinder//mcu/
2025-10-26 17:59:47,455 [INFO] CrossReferenceDbSqlite:203 - Set database path to: C:\Users\thepd\.stmcufinder\plugins\mcufinder//mcu/cs/
2025-10-26 17:59:47,999 [INFO] RulesReader:64 - Compatibility file has been processed (297 Rules)
2025-10-26 17:59:48,375 [INFO] DbMcusXml:78 - Set database path to: C:\ST\STM32CubeIDE_1.17.0\STM32CubeIDE\plugins\com.st.stm32cube.common.mx_6.13.0.202411220809\\db\/mcu/
2025-10-26 17:59:48,376 [INFO] ApiDb:274 - Set plugin database path to: C:\ST\STM32CubeIDE_1.17.0\STM32CubeIDE\plugins\com.st.stm32cube.common.mx_6.13.0.202411220809\\db\/plugins/boardmanager/
2025-10-26 17:59:48,376 [INFO] ApiDb:261 - Set plugin images path to: C:\ST\STM32CubeIDE_1.17.0\STM32CubeIDE\plugins\com.st.stm32cube.common.mx_6.13.0.202411220809\\db\/plugins/mcufinder/images/
2025-10-26 17:59:48,378 [WARN] DbFile:41 - Overriding database path with different value: C:\Users\thepd\.stmcufinder\plugins\mcufinder/ => C:\Users\thepd\.stmcufinder\plugins\mcufinder
2025-10-26 17:59:48,378 [INFO] ApiDb:250 - Set database path to: C:\Users\thepd\.stmcufinder\plugins\mcufinder//mcu/
2025-10-26 17:59:48,378 [WARN] DbFile:41 - Overriding database path with different value: C:\Users\thepd\.stmcufinder\plugins\mcufinder/ => C:\Users\thepd\.stmcufinder\plugins\mcufinder
2025-10-26 17:59:48,379 [INFO] DbMcusAds:125 - Set database path to: C:\Users\thepd\.stmcufinder\plugins\mcufinder//mcu/
2025-10-26 17:59:48,379 [WARN] DbFile:41 - Overriding database path with different value: C:\Users\thepd\.stmcufinder\plugins\mcufinder/ => C:\Users\thepd\.stmcufinder\plugins\mcufinder
2025-10-26 17:59:48,379 [WARN] DbFile:41 - Overriding database path with different value: C:\Users\thepd\.stmcufinder\plugins\mcufinder/ => C:\Users\thepd\.stmcufinder\plugins\mcufinder
2025-10-26 17:59:48,379 [INFO] CrossReferenceDbSqlite:203 - Set database path to: C:\Users\thepd\.stmcufinder\plugins\mcufinder//mcu/cs/
2025-10-26 17:59:48,763 [INFO] MainPanel:272 - HeapMemory: 268435456
2025-10-26 17:59:49,265 [INFO] DbMcusXml:78 - Set database path to: C:\ST\STM32CubeIDE_1.17.0\STM32CubeIDE\plugins\com.st.stm32cube.common.mx_6.13.0.202411220809\\db\/mcu/
2025-10-26 17:59:49,265 [INFO] ApiDb:274 - Set plugin database path to: C:\ST\STM32CubeIDE_1.17.0\STM32CubeIDE\plugins\com.st.stm32cube.common.mx_6.13.0.202411220809\\db\/plugins/boardmanager/
2025-10-26 17:59:49,265 [INFO] ApiDb:261 - Set plugin images path to: C:\ST\STM32CubeIDE_1.17.0\STM32CubeIDE\plugins\com.st.stm32cube.common.mx_6.13.0.202411220809\\db\/plugins/mcufinder/images/
2025-10-26 17:59:49,266 [WARN] DbFile:41 - Overriding database path with different value: C:\Users\thepd\.stmcufinder\plugins\mcufinder/ => C:\Users\thepd\.stmcufinder\plugins\mcufinder
2025-10-26 17:59:49,267 [INFO] ApiDb:250 - Set database path to: C:\Users\thepd\.stmcufinder\plugins\mcufinder//mcu/
2025-10-26 17:59:49,267 [WARN] DbFile:41 - Overriding database path with different value: C:\Users\thepd\.stmcufinder\plugins\mcufinder/ => C:\Users\thepd\.stmcufinder\plugins\mcufinder
2025-10-26 17:59:49,267 [INFO] DbMcusAds:125 - Set database path to: C:\Users\thepd\.stmcufinder\plugins\mcufinder//mcu/
2025-10-26 17:59:49,267 [WARN] DbFile:41 - Overriding database path with different value: C:\Users\thepd\.stmcufinder\plugins\mcufinder/ => C:\Users\thepd\.stmcufinder\plugins\mcufinder
2025-10-26 17:59:49,267 [WARN] DbFile:41 - Overriding database path with different value: C:\Users\thepd\.stmcufinder\plugins\mcufinder/ => C:\Users\thepd\.stmcufinder\plugins\mcufinder
2025-10-26 17:59:49,267 [INFO] CrossReferenceDbSqlite:203 - Set database path to: C:\Users\thepd\.stmcufinder\plugins\mcufinder//mcu/cs/
2025-10-26 17:59:49,342 [INFO] ApplicationProperties:184 - Using Application install path: C:\ST\STM32CubeIDE_1.17.0\STM32CubeIDE\plugins\com.st.stm32cube.common.mx_6.13.0.202411220809
2025-10-26 17:59:49,354 [INFO] PluginManage:196 - Search for loadable plugins [exclusion list=, ]
2025-10-26 17:59:49,365 [INFO] PluginManage:310 - Check plugin analytics
2025-10-26 17:59:50,118 [INFO] AnalyticsPlugin:253 - Accepted Software Licenses: STM32CubeMX.6.4.0,STM32CubeMX.6.14.0
2025-10-26 17:59:50,119 [INFO] AnalyticsPlugin:255 - Accepted CMSIS Pack Licenses: 
2025-10-26 17:59:50,119 [INFO] AnalyticsPlugin:257 - Accepted Firmware Licenses: FW.G4.1.6.0,FW.G4.1.5.0,FW.F4.1.28.0
2025-10-26 17:59:50,124 [INFO] PluginManage:359 - Loaded plugin analytics (category:tool,tabindex:-1)
2025-10-26 17:59:50,125 [INFO] PluginManage:310 - Check plugin cadmodel
2025-10-26 17:59:50,280 [INFO] CADModel:105 - Init CAD model plugin
2025-10-26 17:59:50,284 [INFO] PluginManage:359 - Loaded plugin cadmodel (category:power,tabindex:5)
2025-10-26 17:59:50,287 [INFO] PluginManage:310 - Check plugin clock
2025-10-26 17:59:50,462 [INFO] PluginManage:359 - Loaded plugin clock (category:base,tabindex:2)
2025-10-26 17:59:50,464 [INFO] PluginManage:310 - Check plugin ddr
2025-10-26 17:59:50,471 [INFO] PluginManage:359 - Loaded plugin ddr (category:tool,tabindex:6)
2025-10-26 17:59:50,471 [INFO] PluginManage:310 - Check plugin filemanager
2025-10-26 17:59:51,202 [INFO] PluginManage:359 - Loaded plugin filemanager (category:base,tabindex:10)
2025-10-26 17:59:51,203 [INFO] PluginManage:310 - Check plugin ipmanager
2025-10-26 17:59:51,265 [INFO] PluginManage:359 - Loaded plugin ipmanager (category:base,tabindex:5)
2025-10-26 17:59:51,267 [INFO] PluginManage:310 - Check plugin lpbam
2025-10-26 17:59:51,403 [INFO] PluginManage:359 - Loaded plugin lpbam (category:base,tabindex:0)
2025-10-26 17:59:51,404 [INFO] PluginManage:310 - Check plugin memorymap
2025-10-26 17:59:51,543 [INFO] PluginManage:359 - Loaded plugin memorymap (category:base,tabindex:4)
2025-10-26 17:59:51,544 [INFO] PluginManage:310 - Check plugin pinoutandconfiguration
2025-10-26 17:59:51,642 [INFO] PluginManage:359 - Loaded plugin pinoutandconfiguration (category:base,tabindex:1)
2025-10-26 17:59:51,646 [INFO] PluginManage:310 - Check plugin pinoutconfig
2025-10-26 17:59:52,200 [WARN] SupportedApi:132 - Cannot load RTOS API schema: s4s-elt-must-match.1: The content of 'definitions' must match (annotation?, (simpleType | complexType)?, (unique | key | keyref)*)). A problem was found starting at: attribute.
2025-10-26 17:59:52,977 [INFO] PluginManage:359 - Loaded plugin pinoutconfig (category:base,tabindex:0)
2025-10-26 17:59:52,978 [INFO] PluginManage:310 - Check plugin power
2025-10-26 17:59:53,096 [INFO] PluginManage:359 - Loaded plugin power (category:power,tabindex:4)
2025-10-26 17:59:53,096 [INFO] PluginManage:310 - Check plugin projectmanager
2025-10-26 17:59:53,206 [INFO] PluginManage:359 - Loaded plugin projectmanager (category:projectmanager,tabindex:4)
2025-10-26 17:59:53,207 [INFO] PluginManage:310 - Check plugin rif
2025-10-26 17:59:53,315 [INFO] PluginManage:359 - Loaded plugin rif (category:base,tabindex:3)
2025-10-26 17:59:53,318 [INFO] PluginManage:310 - Check plugin thirdparty
2025-10-26 17:59:54,673 [WARN] IntegrityCheckThread:84 - waiting for thirdparty lock release [integrity check]
2025-10-26 17:59:54,678 [INFO] PluginManage:359 - Loaded plugin thirdparty (category:base,tabindex:-1)
2025-10-26 17:59:54,680 [INFO] PluginManage:310 - Check plugin tools
2025-10-26 17:59:54,680 [INFO] IntegrityCheckThread:86 - entering critical section [integrity check]
2025-10-26 17:59:54,682 [INFO] ThirdPartyUpdaterWithRetryManager:70 - Updater plugin not ready yet. [1/15]
2025-10-26 17:59:54,689 [INFO] PluginManage:359 - Loaded plugin tools (category:base,tabindex:7)
2025-10-26 17:59:54,691 [INFO] PluginManage:310 - Check plugin tutovideos
2025-10-26 17:59:55,635 [INFO] PluginManage:359 - Loaded plugin tutovideos (category:base,tabindex:-1)
2025-10-26 17:59:55,636 [INFO] PluginManage:310 - Check plugin updater
2025-10-26 17:59:55,742 [INFO] PluginManage:359 - Loaded plugin updater (category:base,tabindex:12)
2025-10-26 17:59:55,742 [INFO] PluginManage:310 - Check plugin userauth
2025-10-26 17:59:55,763 [INFO] UserAuth:118 - Init User Auth plugin
2025-10-26 17:59:55,774 [INFO] PluginManage:359 - Loaded plugin userauth (category:base,tabindex:14)
2025-10-26 17:59:55,775 [INFO] PluginManage:283 - PluginManage : Loaded plugins [18]
2025-10-26 17:59:56,848 [INFO] PinOutPanel:1589 - setPackage(No Configuration,No Configuration)
2025-10-26 17:59:57,224 [INFO] CADModel:165 - CPN selected for project level
2025-10-26 17:59:57,225 [INFO] CADModel:114 - Register for checkConnection events
2025-10-26 17:59:57,359 [INFO] IPUIPlugin:80 - create IPUIPlugin
2025-10-26 17:59:57,359 [INFO] PluginManager:220 - loadIPPluginJar : add adc
2025-10-26 17:59:57,669 [INFO] IPUIPlugin:80 - create IPUIPlugin
2025-10-26 17:59:57,671 [INFO] PluginManager:220 - loadIPPluginJar : add aes
2025-10-26 17:59:57,689 [INFO] ThirdPartyUpdaterWithRetryManager:70 - Updater plugin not ready yet. [2/15]
2025-10-26 17:59:57,955 [INFO] IPUIPlugin:80 - create IPUIPlugin
2025-10-26 17:59:57,957 [INFO] PluginManager:220 - loadIPPluginJar : add can
2025-10-26 17:59:58,167 [INFO] IPUIPlugin:80 - create IPUIPlugin
2025-10-26 17:59:58,168 [INFO] PluginManager:220 - loadIPPluginJar : add comp
2025-10-26 17:59:58,499 [INFO] IPUIPlugin:80 - create IPUIPlugin
2025-10-26 17:59:58,500 [INFO] PluginManager:220 - loadIPPluginJar : add cryp
2025-10-26 17:59:58,594 [INFO] IPUIPlugin:80 - create IPUIPlugin
2025-10-26 17:59:58,596 [INFO] PluginManager:220 - loadIPPluginJar : add ddr_ctrl_phy
2025-10-26 17:59:58,618 [INFO] IPUIPlugin:80 - create IPUIPlugin
2025-10-26 17:59:58,619 [INFO] PluginManager:220 - loadIPPluginJar : add dfsdm
2025-10-26 17:59:58,712 [INFO] IPUIPlugin:80 - create IPUIPlugin
2025-10-26 17:59:58,713 [INFO] PluginManager:220 - loadIPPluginJar : add dma
2025-10-26 17:59:59,032 [INFO] IPUIPlugin:80 - create IPUIPlugin
2025-10-26 17:59:59,032 [INFO] PluginManager:220 - loadIPPluginJar : add dma3
2025-10-26 17:59:59,415 [INFO] IPUIPlugin:80 - create IPUIPlugin
2025-10-26 17:59:59,415 [INFO] PluginManager:220 - loadIPPluginJar : add extmemmanager
2025-10-26 17:59:59,441 [INFO] IPUIPlugin:80 - create IPUIPlugin
2025-10-26 17:59:59,442 [INFO] PluginManager:220 - loadIPPluginJar : add fatfs
2025-10-26 17:59:59,814 [INFO] IPUIPlugin:80 - create IPUIPlugin
2025-10-26 17:59:59,818 [INFO] PluginManager:220 - loadIPPluginJar : add fmc
2025-10-26 17:59:59,910 [INFO] IPUIPlugin:80 - create IPUIPlugin
2025-10-26 17:59:59,911 [INFO] PluginManager:220 - loadIPPluginJar : add freertos
2025-10-26 17:59:59,926 [INFO] IPUIPlugin:80 - create IPUIPlugin
2025-10-26 17:59:59,927 [INFO] PluginManager:220 - loadIPPluginJar : add genericplugin
2025-10-26 18:00:00,542 [INFO] IPUIPlugin:80 - create IPUIPlugin
2025-10-26 18:00:00,542 [INFO] PluginManager:220 - loadIPPluginJar : add gfxmmu
2025-10-26 18:00:00,693 [INFO] ThirdPartyUpdaterWithRetryManager:70 - Updater plugin not ready yet. [3/15]
2025-10-26 18:00:01,594 [INFO] IPUIPlugin:80 - create IPUIPlugin
2025-10-26 18:00:01,595 [INFO] PluginManager:220 - loadIPPluginJar : add gic
2025-10-26 18:00:01,734 [INFO] IPUIPlugin:80 - create IPUIPlugin
2025-10-26 18:00:01,736 [INFO] PluginManager:220 - loadIPPluginJar : add gpio
2025-10-26 18:00:02,593 [INFO] IPUIPlugin:80 - create IPUIPlugin
2025-10-26 18:00:02,593 [INFO] PluginManager:220 - loadIPPluginJar : add gtzc
2025-10-26 18:00:02,883 [INFO] IPUIPlugin:80 - create IPUIPlugin
2025-10-26 18:00:02,885 [INFO] PluginManager:220 - loadIPPluginJar : add hash
2025-10-26 18:00:03,240 [INFO] IPUIPlugin:80 - create IPUIPlugin
2025-10-26 18:00:03,241 [INFO] PluginManager:220 - loadIPPluginJar : add i2c
2025-10-26 18:00:03,514 [INFO] IPUIPlugin:80 - create IPUIPlugin
2025-10-26 18:00:03,515 [INFO] PluginManager:220 - loadIPPluginJar : add i2s
2025-10-26 18:00:03,704 [INFO] ThirdPartyUpdaterWithRetryManager:70 - Updater plugin not ready yet. [4/15]
2025-10-26 18:00:03,725 [INFO] IPUIPlugin:80 - create IPUIPlugin
2025-10-26 18:00:03,725 [INFO] PluginManager:220 - loadIPPluginJar : add i3c
2025-10-26 18:00:04,270 [INFO] IPUIPlugin:80 - create IPUIPlugin
2025-10-26 18:00:04,271 [INFO] PluginManager:220 - loadIPPluginJar : add ipddr
2025-10-26 18:00:05,640 [INFO] IPUIPlugin:80 - create IPUIPlugin
2025-10-26 18:00:05,641 [INFO] PluginManager:220 - loadIPPluginJar : add linkedlist
2025-10-26 18:00:06,126 [INFO] IPUIPlugin:80 - create IPUIPlugin
2025-10-26 18:00:06,127 [INFO] PluginManager:220 - loadIPPluginJar : add lorawan
2025-10-26 18:00:06,568 [INFO] IPUIPlugin:80 - create IPUIPlugin
2025-10-26 18:00:06,568 [INFO] PluginManager:220 - loadIPPluginJar : add ltdc
2025-10-26 18:00:06,699 [INFO] IPUIPlugin:80 - create IPUIPlugin
2025-10-26 18:00:06,700 [INFO] PluginManager:220 - loadIPPluginJar : add mdma
2025-10-26 18:00:06,724 [INFO] ThirdPartyUpdaterWithRetryManager:70 - Updater plugin not ready yet. [5/15]
2025-10-26 18:00:06,822 [INFO] IPUIPlugin:80 - create IPUIPlugin
2025-10-26 18:00:06,827 [INFO] PluginManager:220 - loadIPPluginJar : add nvic
2025-10-26 18:00:07,157 [INFO] IPUIPlugin:80 - create IPUIPlugin
2025-10-26 18:00:07,158 [INFO] PluginManager:220 - loadIPPluginJar : add opamp
2025-10-26 18:00:07,618 [INFO] IPUIPlugin:80 - create IPUIPlugin
2025-10-26 18:00:07,619 [INFO] PluginManager:220 - loadIPPluginJar : add openamp
2025-10-26 18:00:07,922 [INFO] IPUIPlugin:80 - create IPUIPlugin
2025-10-26 18:00:07,923 [INFO] PluginManager:220 - loadIPPluginJar : add pdm2pcm
2025-10-26 18:00:08,009 [INFO] IPUIPlugin:80 - create IPUIPlugin
2025-10-26 18:00:08,015 [INFO] PluginManager:220 - loadIPPluginJar : add plateformsettings
2025-10-26 18:00:08,020 [INFO] IPUIPlugin:80 - create IPUIPlugin
2025-10-26 18:00:08,021 [INFO] PluginManager:220 - loadIPPluginJar : add quadspi
2025-10-26 18:00:08,025 [INFO] IPUIPlugin:80 - create IPUIPlugin
2025-10-26 18:00:08,026 [INFO] PluginManager:220 - loadIPPluginJar : add radio
2025-10-26 18:00:08,096 [INFO] IPUIPlugin:80 - create IPUIPlugin
2025-10-26 18:00:08,098 [INFO] PluginManager:220 - loadIPPluginJar : add resmgrutility
2025-10-26 18:00:08,417 [INFO] IPUIPlugin:80 - create IPUIPlugin
2025-10-26 18:00:08,418 [INFO] PluginManager:220 - loadIPPluginJar : add sai
2025-10-26 18:00:08,718 [INFO] IPUIPlugin:80 - create IPUIPlugin
2025-10-26 18:00:08,719 [INFO] PluginManager:220 - loadIPPluginJar : add spi
2025-10-26 18:00:09,237 [INFO] IPUIPlugin:80 - create IPUIPlugin
2025-10-26 18:00:09,237 [INFO] PluginManager:220 - loadIPPluginJar : add stm32_wpan
2025-10-26 18:00:09,267 [INFO] IPUIPlugin:80 - create IPUIPlugin
2025-10-26 18:00:09,268 [INFO] PluginManager:220 - loadIPPluginJar : add tim
2025-10-26 18:00:09,728 [INFO] ThirdPartyUpdaterWithRetryManager:70 - Updater plugin not ready yet. [6/15]
2025-10-26 18:00:09,963 [INFO] IPUIPlugin:80 - create IPUIPlugin
2025-10-26 18:00:09,966 [INFO] PluginManager:220 - loadIPPluginJar : add touchsensing
2025-10-26 18:00:10,192 [INFO] IPUIPlugin:80 - create IPUIPlugin
2025-10-26 18:00:10,195 [INFO] PluginManager:220 - loadIPPluginJar : add tracer_emb
2025-10-26 18:00:10,207 [INFO] IPUIPlugin:80 - create IPUIPlugin
2025-10-26 18:00:10,209 [INFO] PluginManager:220 - loadIPPluginJar : add ts
2025-10-26 18:00:10,438 [INFO] IPUIPlugin:80 - create IPUIPlugin
2025-10-26 18:00:10,438 [INFO] PluginManager:220 - loadIPPluginJar : add tsc
2025-10-26 18:00:10,629 [INFO] IPUIPlugin:80 - create IPUIPlugin
2025-10-26 18:00:10,635 [INFO] PluginManager:220 - loadIPPluginJar : add ucpd
2025-10-26 18:00:11,008 [INFO] IPUIPlugin:80 - create IPUIPlugin
2025-10-26 18:00:11,008 [INFO] PluginManager:220 - loadIPPluginJar : add usart
2025-10-26 18:00:11,495 [INFO] IPUIPlugin:80 - create IPUIPlugin
2025-10-26 18:00:11,496 [INFO] PluginManager:220 - loadIPPluginJar : add usbx
2025-10-26 18:00:12,206 [FATAL] Updater:351 - Updater called before beeing initialized
2025-10-26 18:00:12,550 [INFO] RulesReader:64 - Compatibility file has been processed (297 Rules)
2025-10-26 18:00:12,679 [INFO] RulesReader:64 - Compatibility file has been processed (297 Rules)
2025-10-26 18:00:12,742 [INFO] ThirdPartyUpdaterWithRetryManager:70 - Updater plugin not ready yet. [7/15]
2025-10-26 18:00:12,781 [INFO] CADModel:165 - CPN selected for project level
2025-10-26 18:00:12,781 [INFO] CADModel:114 - Register for checkConnection events
2025-10-26 18:00:12,781 [FATAL] Updater:351 - Updater called before beeing initialized
2025-10-26 18:00:12,782 [ERROR] CADModel:125 - Updater not yet initialized, retry later 
2025-10-26 18:00:13,621 [FATAL] Updater:351 - Updater called before beeing initialized
2025-10-26 18:00:13,627 [INFO] CADModel:165 - CPN selected for project level
2025-10-26 18:00:13,628 [INFO] CADModel:114 - Register for checkConnection events
2025-10-26 18:00:13,628 [FATAL] Updater:351 - Updater called before beeing initialized
2025-10-26 18:00:13,629 [ERROR] CADModel:125 - Updater not yet initialized, retry later 
2025-10-26 18:00:13,658 [FATAL] Updater:351 - Updater called before beeing initialized
2025-10-26 18:00:14,337 [FATAL] Updater:351 - Updater called before beeing initialized
2025-10-26 18:00:14,363 [INFO] DbMcusAds:53 - JSON generation date=Thu Mar 06 15:54:21 CET 2025 (1741272861825)
2025-10-26 18:00:14,366 [FATAL] Updater:351 - Updater called before beeing initialized
2025-10-26 18:00:14,588 [WARN] DetailPanel:346 - Failed to get advertising image, set to default
2025-10-26 18:00:15,532 [FATAL] Updater:351 - Updater called before beeing initialized
2025-10-26 18:00:15,546 [FATAL] Updater:351 - Updater called before beeing initialized
2025-10-26 18:00:15,547 [FATAL] Updater:351 - Updater called before beeing initialized
2025-10-26 18:00:15,550 [WARN] DetailPanel:346 - Failed to get advertising image, set to default
2025-10-26 18:00:15,559 [FATAL] Updater:351 - Updater called before beeing initialized
2025-10-26 18:00:15,752 [FATAL] Updater:351 - Updater called before beeing initialized
2025-10-26 18:00:15,756 [ERROR] IntegrityCheckThread:130 - Cannot retrieve database content from updater: error 21
2025-10-26 18:00:15,758 [INFO] ThirdParty:978 - Integrity check success = false
2025-10-26 18:00:15,761 [INFO] IntegrityCheckThread:100 - exiting critical section [integrity check]
2025-10-26 18:00:15,765 [INFO] IntegrityCheckThread:103 - End integrity checks thread
2025-10-26 18:00:15,950 [ERROR] Updater:1198 - MainUpdater not yet initialized. External WinMGr cannot be set.
2025-10-26 18:00:16,022 [INFO] Updater:1134 - Updater Version found : 6.13.0
2025-10-26 18:00:16,102 [INFO] ApplicationProperties:184 - Using Application install path: C:\ST\STM32CubeIDE_1.17.0\STM32CubeIDE\plugins\com.st.stm32cube.common.mx_6.13.0.202411220809
2025-10-26 18:00:17,819 [INFO] MainUpdater:2872 - connection check result : 10
2025-10-26 18:00:17,820 [INFO] MainUpdater:289 - Updater Check For Update Now.
2025-10-26 18:00:17,821 [INFO] MicroXplorer:498 - Change Database Version : DB.6.0.130
2025-10-26 18:00:17,904 [INFO] McuFinderGlobals:63 - Set McuFinder mode to 2 (CubeIDE integrated)
2025-10-26 18:00:17,982 [INFO] UserAuth:486 - Internet connection configuration mode: 1
2025-10-26 18:00:18,210 [INFO] JxBrowserEngine:152 - Initiate JxBrowser Engine with user profile folder
2025-10-26 18:00:18,667 [INFO] CheckServerUpdateThread:120 - End of CheckServer Thread
2025-10-26 18:00:22,338 [INFO] WebApp:168 - Instantiating new browser for Auth
2025-10-26 18:00:27,447 [INFO] WebApp:449 - Apply proxy settings
2025-10-26 18:00:27,449 [INFO] WebApp:534 - Chromium requires no authentication
2025-10-26 18:00:27,506 [INFO] WebApp:477 - Direct internet connection detected
2025-10-26 18:00:27,637 [INFO] WebApp:880 - Register for checkConnection events
2025-10-26 18:00:27,637 [INFO] WebApp:449 - Apply proxy settings
2025-10-26 18:00:27,637 [INFO] WebApp:534 - Chromium requires no authentication
2025-10-26 18:00:27,638 [INFO] WebApp:477 - Direct internet connection detected
2025-10-26 18:00:28,322 [INFO] WebApp:187 - Connection restablished
2025-10-26 18:00:28,668 [INFO] WebApp:221 - Starting web application
2025-10-26 18:00:28,669 [INFO] WebApp:579 - Web application path used C:\ST\STM32CubeIDE_1.17.0\STM32CubeIDE\plugins\com.st.stm32cube.common.mx_6.13.0.202411220809\db\plugins\mcufinder\reactClient1\index.html
2025-10-26 18:00:32,703 [INFO] UserAuth:486 - Internet connection configuration mode: 1
2025-10-26 19:40:09,417 [INFO] WebApp:190 - Connection lost
2025-10-26 19:40:09,792 [INFO] WebApp:187 - Connection restablished
2025-10-26 19:42:07,800 [ERROR] LogOutputStream:75 - [STDERR_REDIRECT] 
