2025-09-19 17:41:50,737 [INFO] Activator:176 - 


2025-09-19 17:41:50,744 [INFO] Activator:177 - !SESSION log4j initialized
2025-09-19 17:41:58,142 [INFO] LogOutputStream:77 - [STDOUT_REDIRECT] 
2025-09-19 17:42:00,625 [INFO] ApplicationProperties:184 - Using Application install path: C:\ST\STM32CubeIDE_1.17.0\STM32CubeIDE\plugins\com.st.stm32cube.common.mx_6.13.0.202411220809
2025-09-19 17:42:00,643 [INFO] DbMcusXml:78 - Set database path to: C:\ST\STM32CubeIDE_1.17.0\STM32CubeIDE\plugins\com.st.stm32cube.common.mx_6.13.0.202411220809\\db\/mcu/
2025-09-19 17:42:00,643 [INFO] ApiDb:274 - Set plugin database path to: C:\ST\STM32CubeIDE_1.17.0\STM32CubeIDE\plugins\com.st.stm32cube.common.mx_6.13.0.202411220809\\db\/plugins/boardmanager/
2025-09-19 17:42:00,644 [WARN] ApiDb:259 - Overriding images path with different value:  => C:\ST\STM32CubeIDE_1.17.0\STM32CubeIDE\plugins\com.st.stm32cube.common.mx_6.13.0.202411220809\\db\/plugins/mcufinder/images/
2025-09-19 17:42:00,661 [INFO] ApiDb:250 - Set database path to: C:\Users\thepd\.stmcufinder\plugins\mcufinder//mcu/
2025-09-19 17:42:00,662 [INFO] DbMcusAds:125 - Set database path to: C:\Users\thepd\.stmcufinder\plugins\mcufinder//mcu/
2025-09-19 17:42:00,665 [INFO] CrossReferenceDbSqlite:203 - Set database path to: C:\Users\thepd\.stmcufinder\plugins\mcufinder//mcu/cs/
2025-09-19 17:42:00,793 [INFO] RulesReader:64 - Compatibility file has been processed (297 Rules)
2025-09-19 17:42:00,882 [INFO] DbMcusXml:78 - Set database path to: C:\ST\STM32CubeIDE_1.17.0\STM32CubeIDE\plugins\com.st.stm32cube.common.mx_6.13.0.202411220809\\db\/mcu/
2025-09-19 17:42:00,883 [INFO] ApiDb:274 - Set plugin database path to: C:\ST\STM32CubeIDE_1.17.0\STM32CubeIDE\plugins\com.st.stm32cube.common.mx_6.13.0.202411220809\\db\/plugins/boardmanager/
2025-09-19 17:42:00,883 [INFO] ApiDb:261 - Set plugin images path to: C:\ST\STM32CubeIDE_1.17.0\STM32CubeIDE\plugins\com.st.stm32cube.common.mx_6.13.0.202411220809\\db\/plugins/mcufinder/images/
2025-09-19 17:42:00,883 [WARN] DbFile:41 - Overriding database path with different value: C:\Users\thepd\.stmcufinder\plugins\mcufinder/ => C:\Users\thepd\.stmcufinder\plugins\mcufinder
2025-09-19 17:42:00,883 [INFO] ApiDb:250 - Set database path to: C:\Users\thepd\.stmcufinder\plugins\mcufinder//mcu/
2025-09-19 17:42:00,883 [WARN] DbFile:41 - Overriding database path with different value: C:\Users\thepd\.stmcufinder\plugins\mcufinder/ => C:\Users\thepd\.stmcufinder\plugins\mcufinder
2025-09-19 17:42:00,884 [INFO] DbMcusAds:125 - Set database path to: C:\Users\thepd\.stmcufinder\plugins\mcufinder//mcu/
2025-09-19 17:42:00,884 [WARN] DbFile:41 - Overriding database path with different value: C:\Users\thepd\.stmcufinder\plugins\mcufinder/ => C:\Users\thepd\.stmcufinder\plugins\mcufinder
2025-09-19 17:42:00,884 [WARN] DbFile:41 - Overriding database path with different value: C:\Users\thepd\.stmcufinder\plugins\mcufinder/ => C:\Users\thepd\.stmcufinder\plugins\mcufinder
2025-09-19 17:42:00,884 [INFO] CrossReferenceDbSqlite:203 - Set database path to: C:\Users\thepd\.stmcufinder\plugins\mcufinder//mcu/cs/
2025-09-19 17:42:00,974 [INFO] MainPanel:272 - HeapMemory: 268435456
2025-09-19 17:42:01,089 [INFO] DbMcusXml:78 - Set database path to: C:\ST\STM32CubeIDE_1.17.0\STM32CubeIDE\plugins\com.st.stm32cube.common.mx_6.13.0.202411220809\\db\/mcu/
2025-09-19 17:42:01,089 [INFO] ApiDb:274 - Set plugin database path to: C:\ST\STM32CubeIDE_1.17.0\STM32CubeIDE\plugins\com.st.stm32cube.common.mx_6.13.0.202411220809\\db\/plugins/boardmanager/
2025-09-19 17:42:01,089 [INFO] ApiDb:261 - Set plugin images path to: C:\ST\STM32CubeIDE_1.17.0\STM32CubeIDE\plugins\com.st.stm32cube.common.mx_6.13.0.202411220809\\db\/plugins/mcufinder/images/
2025-09-19 17:42:01,089 [WARN] DbFile:41 - Overriding database path with different value: C:\Users\thepd\.stmcufinder\plugins\mcufinder/ => C:\Users\thepd\.stmcufinder\plugins\mcufinder
2025-09-19 17:42:01,089 [INFO] ApiDb:250 - Set database path to: C:\Users\thepd\.stmcufinder\plugins\mcufinder//mcu/
2025-09-19 17:42:01,090 [WARN] DbFile:41 - Overriding database path with different value: C:\Users\thepd\.stmcufinder\plugins\mcufinder/ => C:\Users\thepd\.stmcufinder\plugins\mcufinder
2025-09-19 17:42:01,090 [INFO] DbMcusAds:125 - Set database path to: C:\Users\thepd\.stmcufinder\plugins\mcufinder//mcu/
2025-09-19 17:42:01,090 [WARN] DbFile:41 - Overriding database path with different value: C:\Users\thepd\.stmcufinder\plugins\mcufinder/ => C:\Users\thepd\.stmcufinder\plugins\mcufinder
2025-09-19 17:42:01,090 [WARN] DbFile:41 - Overriding database path with different value: C:\Users\thepd\.stmcufinder\plugins\mcufinder/ => C:\Users\thepd\.stmcufinder\plugins\mcufinder
2025-09-19 17:42:01,090 [INFO] CrossReferenceDbSqlite:203 - Set database path to: C:\Users\thepd\.stmcufinder\plugins\mcufinder//mcu/cs/
2025-09-19 17:42:01,109 [INFO] ApplicationProperties:184 - Using Application install path: C:\ST\STM32CubeIDE_1.17.0\STM32CubeIDE\plugins\com.st.stm32cube.common.mx_6.13.0.202411220809
2025-09-19 17:42:01,111 [INFO] PluginManage:196 - Search for loadable plugins [exclusion list=, ]
2025-09-19 17:42:01,112 [INFO] PluginManage:310 - Check plugin analytics
2025-09-19 17:42:01,333 [INFO] AnalyticsPlugin:253 - Accepted Software Licenses: STM32CubeMX.6.4.0,STM32CubeMX.6.14.0
2025-09-19 17:42:01,333 [INFO] AnalyticsPlugin:255 - Accepted CMSIS Pack Licenses: 
2025-09-19 17:42:01,333 [INFO] AnalyticsPlugin:257 - Accepted Firmware Licenses: FW.G4.1.6.0,FW.G4.1.5.0,FW.F4.1.28.0
2025-09-19 17:42:01,336 [INFO] PluginManage:359 - Loaded plugin analytics (category:tool,tabindex:-1)
2025-09-19 17:42:01,337 [INFO] PluginManage:310 - Check plugin cadmodel
2025-09-19 17:42:01,364 [INFO] CADModel:105 - Init CAD model plugin
2025-09-19 17:42:01,364 [INFO] PluginManage:359 - Loaded plugin cadmodel (category:power,tabindex:5)
2025-09-19 17:42:01,364 [INFO] PluginManage:310 - Check plugin clock
2025-09-19 17:42:01,390 [INFO] PluginManage:359 - Loaded plugin clock (category:base,tabindex:2)
2025-09-19 17:42:01,390 [INFO] PluginManage:310 - Check plugin ddr
2025-09-19 17:42:01,393 [INFO] PluginManage:359 - Loaded plugin ddr (category:tool,tabindex:6)
2025-09-19 17:42:01,393 [INFO] PluginManage:310 - Check plugin filemanager
2025-09-19 17:42:01,550 [INFO] PluginManage:359 - Loaded plugin filemanager (category:base,tabindex:10)
2025-09-19 17:42:01,550 [INFO] PluginManage:310 - Check plugin ipmanager
2025-09-19 17:42:01,558 [INFO] PluginManage:359 - Loaded plugin ipmanager (category:base,tabindex:5)
2025-09-19 17:42:01,558 [INFO] PluginManage:310 - Check plugin lpbam
2025-09-19 17:42:01,579 [INFO] PluginManage:359 - Loaded plugin lpbam (category:base,tabindex:0)
2025-09-19 17:42:01,580 [INFO] PluginManage:310 - Check plugin memorymap
2025-09-19 17:42:01,610 [INFO] PluginManage:359 - Loaded plugin memorymap (category:base,tabindex:4)
2025-09-19 17:42:01,611 [INFO] PluginManage:310 - Check plugin pinoutandconfiguration
2025-09-19 17:42:01,634 [INFO] PluginManage:359 - Loaded plugin pinoutandconfiguration (category:base,tabindex:1)
2025-09-19 17:42:01,634 [INFO] PluginManage:310 - Check plugin pinoutconfig
2025-09-19 17:42:01,742 [WARN] SupportedApi:132 - Cannot load RTOS API schema: s4s-elt-must-match.1: The content of 'definitions' must match (annotation?, (simpleType | complexType)?, (unique | key | keyref)*)). A problem was found starting at: attribute.
2025-09-19 17:42:01,886 [INFO] PluginManage:359 - Loaded plugin pinoutconfig (category:base,tabindex:0)
2025-09-19 17:42:01,887 [INFO] PluginManage:310 - Check plugin power
2025-09-19 17:42:01,916 [INFO] PluginManage:359 - Loaded plugin power (category:power,tabindex:4)
2025-09-19 17:42:01,917 [INFO] PluginManage:310 - Check plugin projectmanager
2025-09-19 17:42:01,936 [INFO] PluginManage:359 - Loaded plugin projectmanager (category:projectmanager,tabindex:4)
2025-09-19 17:42:01,937 [INFO] PluginManage:310 - Check plugin rif
2025-09-19 17:42:01,962 [INFO] PluginManage:359 - Loaded plugin rif (category:base,tabindex:3)
2025-09-19 17:42:01,962 [INFO] PluginManage:310 - Check plugin thirdparty
2025-09-19 17:42:02,365 [INFO] PluginManage:359 - Loaded plugin thirdparty (category:base,tabindex:-1)
2025-09-19 17:42:02,365 [WARN] IntegrityCheckThread:84 - waiting for thirdparty lock release [integrity check]
2025-09-19 17:42:02,365 [INFO] IntegrityCheckThread:86 - entering critical section [integrity check]
2025-09-19 17:42:02,365 [INFO] PluginManage:310 - Check plugin tools
2025-09-19 17:42:02,365 [INFO] ThirdPartyUpdaterWithRetryManager:70 - Updater plugin not ready yet. [1/15]
2025-09-19 17:42:02,413 [INFO] PluginManage:359 - Loaded plugin tools (category:base,tabindex:7)
2025-09-19 17:42:02,414 [INFO] PluginManage:310 - Check plugin tutovideos
2025-09-19 17:42:02,610 [INFO] PluginManage:359 - Loaded plugin tutovideos (category:base,tabindex:-1)
2025-09-19 17:42:02,610 [INFO] PluginManage:310 - Check plugin updater
2025-09-19 17:42:02,640 [INFO] PluginManage:359 - Loaded plugin updater (category:base,tabindex:12)
2025-09-19 17:42:02,641 [INFO] PluginManage:310 - Check plugin userauth
2025-09-19 17:42:02,645 [INFO] UserAuth:118 - Init User Auth plugin
2025-09-19 17:42:02,647 [INFO] PluginManage:359 - Loaded plugin userauth (category:base,tabindex:14)
2025-09-19 17:42:02,649 [INFO] PluginManage:283 - PluginManage : Loaded plugins [18]
2025-09-19 17:42:02,894 [INFO] PinOutPanel:1589 - setPackage(No Configuration,No Configuration)
2025-09-19 17:42:02,989 [INFO] CADModel:165 - CPN selected for project level
2025-09-19 17:42:02,989 [INFO] CADModel:114 - Register for checkConnection events
2025-09-19 17:42:03,023 [INFO] IPUIPlugin:80 - create IPUIPlugin
2025-09-19 17:42:03,023 [INFO] PluginManager:220 - loadIPPluginJar : add adc
2025-09-19 17:42:03,076 [INFO] IPUIPlugin:80 - create IPUIPlugin
2025-09-19 17:42:03,076 [INFO] PluginManager:220 - loadIPPluginJar : add aes
2025-09-19 17:42:03,130 [INFO] IPUIPlugin:80 - create IPUIPlugin
2025-09-19 17:42:03,130 [INFO] PluginManager:220 - loadIPPluginJar : add can
2025-09-19 17:42:03,163 [INFO] IPUIPlugin:80 - create IPUIPlugin
2025-09-19 17:42:03,163 [INFO] PluginManager:220 - loadIPPluginJar : add comp
2025-09-19 17:42:03,206 [INFO] IPUIPlugin:80 - create IPUIPlugin
2025-09-19 17:42:03,207 [INFO] PluginManager:220 - loadIPPluginJar : add cryp
2025-09-19 17:42:03,223 [INFO] IPUIPlugin:80 - create IPUIPlugin
2025-09-19 17:42:03,223 [INFO] PluginManager:220 - loadIPPluginJar : add ddr_ctrl_phy
2025-09-19 17:42:03,263 [INFO] IPUIPlugin:80 - create IPUIPlugin
2025-09-19 17:42:03,263 [INFO] PluginManager:220 - loadIPPluginJar : add dfsdm
2025-09-19 17:42:03,280 [INFO] IPUIPlugin:80 - create IPUIPlugin
2025-09-19 17:42:03,280 [INFO] PluginManager:220 - loadIPPluginJar : add dma
2025-09-19 17:42:03,334 [INFO] IPUIPlugin:80 - create IPUIPlugin
2025-09-19 17:42:03,334 [INFO] PluginManager:220 - loadIPPluginJar : add dma3
2025-09-19 17:42:03,392 [INFO] IPUIPlugin:80 - create IPUIPlugin
2025-09-19 17:42:03,393 [INFO] PluginManager:220 - loadIPPluginJar : add extmemmanager
2025-09-19 17:42:03,421 [INFO] IPUIPlugin:80 - create IPUIPlugin
2025-09-19 17:42:03,421 [INFO] PluginManager:220 - loadIPPluginJar : add fatfs
2025-09-19 17:42:03,482 [INFO] IPUIPlugin:80 - create IPUIPlugin
2025-09-19 17:42:03,482 [INFO] PluginManager:220 - loadIPPluginJar : add fmc
2025-09-19 17:42:03,501 [INFO] IPUIPlugin:80 - create IPUIPlugin
2025-09-19 17:42:03,501 [INFO] PluginManager:220 - loadIPPluginJar : add freertos
2025-09-19 17:42:03,530 [INFO] IPUIPlugin:80 - create IPUIPlugin
2025-09-19 17:42:03,530 [INFO] PluginManager:220 - loadIPPluginJar : add genericplugin
2025-09-19 17:42:03,659 [INFO] IPUIPlugin:80 - create IPUIPlugin
2025-09-19 17:42:03,659 [INFO] PluginManager:220 - loadIPPluginJar : add gfxmmu
2025-09-19 17:42:03,832 [INFO] IPUIPlugin:80 - create IPUIPlugin
2025-09-19 17:42:03,832 [INFO] PluginManager:220 - loadIPPluginJar : add gic
2025-09-19 17:42:03,849 [INFO] IPUIPlugin:80 - create IPUIPlugin
2025-09-19 17:42:03,849 [INFO] PluginManager:220 - loadIPPluginJar : add gpio
2025-09-19 17:42:03,967 [INFO] IPUIPlugin:80 - create IPUIPlugin
2025-09-19 17:42:03,968 [INFO] PluginManager:220 - loadIPPluginJar : add gtzc
2025-09-19 17:42:04,010 [INFO] IPUIPlugin:80 - create IPUIPlugin
2025-09-19 17:42:04,011 [INFO] PluginManager:220 - loadIPPluginJar : add hash
2025-09-19 17:42:04,081 [INFO] IPUIPlugin:80 - create IPUIPlugin
2025-09-19 17:42:04,081 [INFO] PluginManager:220 - loadIPPluginJar : add i2c
2025-09-19 17:42:04,132 [INFO] IPUIPlugin:80 - create IPUIPlugin
2025-09-19 17:42:04,133 [INFO] PluginManager:220 - loadIPPluginJar : add i2s
2025-09-19 17:42:04,187 [INFO] IPUIPlugin:80 - create IPUIPlugin
2025-09-19 17:42:04,187 [INFO] PluginManager:220 - loadIPPluginJar : add i3c
2025-09-19 17:42:04,312 [INFO] IPUIPlugin:80 - create IPUIPlugin
2025-09-19 17:42:04,313 [INFO] PluginManager:220 - loadIPPluginJar : add ipddr
2025-09-19 17:42:04,434 [INFO] IPUIPlugin:80 - create IPUIPlugin
2025-09-19 17:42:04,434 [INFO] PluginManager:220 - loadIPPluginJar : add linkedlist
2025-09-19 17:42:04,484 [INFO] IPUIPlugin:80 - create IPUIPlugin
2025-09-19 17:42:04,484 [INFO] PluginManager:220 - loadIPPluginJar : add lorawan
2025-09-19 17:42:04,533 [INFO] IPUIPlugin:80 - create IPUIPlugin
2025-09-19 17:42:04,533 [INFO] PluginManager:220 - loadIPPluginJar : add ltdc
2025-09-19 17:42:04,552 [INFO] IPUIPlugin:80 - create IPUIPlugin
2025-09-19 17:42:04,552 [INFO] PluginManager:220 - loadIPPluginJar : add mdma
2025-09-19 17:42:04,567 [INFO] IPUIPlugin:80 - create IPUIPlugin
2025-09-19 17:42:04,567 [INFO] PluginManager:220 - loadIPPluginJar : add nvic
2025-09-19 17:42:04,617 [INFO] IPUIPlugin:80 - create IPUIPlugin
2025-09-19 17:42:04,617 [INFO] PluginManager:220 - loadIPPluginJar : add opamp
2025-09-19 17:42:04,699 [INFO] IPUIPlugin:80 - create IPUIPlugin
2025-09-19 17:42:04,700 [INFO] PluginManager:220 - loadIPPluginJar : add openamp
2025-09-19 17:42:04,758 [INFO] IPUIPlugin:80 - create IPUIPlugin
2025-09-19 17:42:04,758 [INFO] PluginManager:220 - loadIPPluginJar : add pdm2pcm
2025-09-19 17:42:04,776 [INFO] IPUIPlugin:80 - create IPUIPlugin
2025-09-19 17:42:04,778 [INFO] PluginManager:220 - loadIPPluginJar : add plateformsettings
2025-09-19 17:42:04,810 [INFO] IPUIPlugin:80 - create IPUIPlugin
2025-09-19 17:42:04,810 [INFO] PluginManager:220 - loadIPPluginJar : add quadspi
2025-09-19 17:42:04,848 [INFO] IPUIPlugin:80 - create IPUIPlugin
2025-09-19 17:42:04,849 [INFO] PluginManager:220 - loadIPPluginJar : add radio
2025-09-19 17:42:04,865 [INFO] IPUIPlugin:80 - create IPUIPlugin
2025-09-19 17:42:04,865 [INFO] PluginManager:220 - loadIPPluginJar : add resmgrutility
2025-09-19 17:42:04,928 [INFO] IPUIPlugin:80 - create IPUIPlugin
2025-09-19 17:42:04,928 [INFO] PluginManager:220 - loadIPPluginJar : add sai
2025-09-19 17:42:04,977 [INFO] IPUIPlugin:80 - create IPUIPlugin
2025-09-19 17:42:04,977 [INFO] PluginManager:220 - loadIPPluginJar : add spi
2025-09-19 17:42:05,064 [INFO] IPUIPlugin:80 - create IPUIPlugin
2025-09-19 17:42:05,064 [INFO] PluginManager:220 - loadIPPluginJar : add stm32_wpan
2025-09-19 17:42:05,096 [INFO] IPUIPlugin:80 - create IPUIPlugin
2025-09-19 17:42:05,096 [INFO] PluginManager:220 - loadIPPluginJar : add tim
2025-09-19 17:42:05,174 [INFO] IPUIPlugin:80 - create IPUIPlugin
2025-09-19 17:42:05,174 [INFO] PluginManager:220 - loadIPPluginJar : add touchsensing
2025-09-19 17:42:05,204 [INFO] IPUIPlugin:80 - create IPUIPlugin
2025-09-19 17:42:05,205 [INFO] PluginManager:220 - loadIPPluginJar : add tracer_emb
2025-09-19 17:42:05,239 [INFO] IPUIPlugin:80 - create IPUIPlugin
2025-09-19 17:42:05,239 [INFO] PluginManager:220 - loadIPPluginJar : add ts
2025-09-19 17:42:05,271 [INFO] IPUIPlugin:80 - create IPUIPlugin
2025-09-19 17:42:05,271 [INFO] PluginManager:220 - loadIPPluginJar : add tsc
2025-09-19 17:42:05,302 [INFO] IPUIPlugin:80 - create IPUIPlugin
2025-09-19 17:42:05,302 [INFO] PluginManager:220 - loadIPPluginJar : add ucpd
2025-09-19 17:42:05,359 [INFO] IPUIPlugin:80 - create IPUIPlugin
2025-09-19 17:42:05,359 [INFO] PluginManager:220 - loadIPPluginJar : add usart
2025-09-19 17:42:05,367 [INFO] ThirdPartyUpdaterWithRetryManager:70 - Updater plugin not ready yet. [2/15]
2025-09-19 17:42:05,417 [INFO] IPUIPlugin:80 - create IPUIPlugin
2025-09-19 17:42:05,417 [INFO] PluginManager:220 - loadIPPluginJar : add usbx
2025-09-19 17:42:05,545 [FATAL] Updater:351 - Updater called before beeing initialized
2025-09-19 17:42:05,571 [INFO] RulesReader:64 - Compatibility file has been processed (297 Rules)
2025-09-19 17:42:05,583 [INFO] RulesReader:64 - Compatibility file has been processed (297 Rules)
2025-09-19 17:42:05,593 [INFO] CADModel:165 - CPN selected for project level
2025-09-19 17:42:05,593 [INFO] CADModel:114 - Register for checkConnection events
2025-09-19 17:42:05,593 [FATAL] Updater:351 - Updater called before beeing initialized
2025-09-19 17:42:05,593 [ERROR] CADModel:125 - Updater not yet initialized, retry later 
2025-09-19 17:42:05,772 [FATAL] Updater:351 - Updater called before beeing initialized
2025-09-19 17:42:05,775 [INFO] CADModel:165 - CPN selected for project level
2025-09-19 17:42:05,775 [INFO] CADModel:114 - Register for checkConnection events
2025-09-19 17:42:05,776 [FATAL] Updater:351 - Updater called before beeing initialized
2025-09-19 17:42:05,776 [ERROR] CADModel:125 - Updater not yet initialized, retry later 
2025-09-19 17:42:05,780 [FATAL] Updater:351 - Updater called before beeing initialized
2025-09-19 17:42:05,933 [FATAL] Updater:351 - Updater called before beeing initialized
2025-09-19 17:42:05,946 [INFO] DbMcusAds:53 - JSON generation date=Thu Mar 06 15:54:21 CET 2025 (1741272861825)
2025-09-19 17:42:05,946 [FATAL] Updater:351 - Updater called before beeing initialized
2025-09-19 17:42:05,988 [WARN] DetailPanel:346 - Failed to get advertising image, set to default
2025-09-19 17:42:06,203 [FATAL] Updater:351 - Updater called before beeing initialized
2025-09-19 17:42:06,205 [FATAL] Updater:351 - Updater called before beeing initialized
2025-09-19 17:42:06,205 [FATAL] Updater:351 - Updater called before beeing initialized
2025-09-19 17:42:06,206 [WARN] DetailPanel:346 - Failed to get advertising image, set to default
2025-09-19 17:42:06,206 [FATAL] Updater:351 - Updater called before beeing initialized
2025-09-19 17:42:06,273 [ERROR] Updater:1198 - MainUpdater not yet initialized. External WinMGr cannot be set.
2025-09-19 17:42:06,286 [INFO] Updater:1134 - Updater Version found : 6.13.0
2025-09-19 17:42:06,304 [INFO] ApplicationProperties:184 - Using Application install path: C:\ST\STM32CubeIDE_1.17.0\STM32CubeIDE\plugins\com.st.stm32cube.common.mx_6.13.0.202411220809
2025-09-19 17:42:06,684 [INFO] MainUpdater:2872 - connection check result : 10
2025-09-19 17:42:06,684 [INFO] MainUpdater:3566 - Updater definition file requires update
2025-09-19 17:42:06,685 [INFO] MainUpdater:289 - Updater Check For Update Now.
2025-09-19 17:42:06,686 [INFO] MicroXplorer:498 - Change Database Version : DB.6.0.130
2025-09-19 17:42:06,706 [INFO] McuFinderGlobals:63 - Set McuFinder mode to 2 (CubeIDE integrated)
2025-09-19 17:42:06,714 [INFO] UserAuth:486 - Internet connection configuration mode: 1
2025-09-19 17:42:06,740 [INFO] ServerAccessManage:473 - Download File updaters.zip
2025-09-19 17:42:06,742 [INFO] JxBrowserEngine:152 - Initiate JxBrowser Engine with user profile folder
2025-09-19 17:42:06,847 [INFO] FileExtend:240 - Unzip File : updaters.zip
2025-09-19 17:42:06,847 [INFO] FileExtend:255 - Standard Zip Deflate
2025-09-19 17:42:08,040 [INFO] ServerAccessManage:473 - Download File PacksControlFlags.xml
2025-09-19 17:42:08,185 [INFO] ServerAccessManage:473 - Download File cubemx.pidx
2025-09-19 17:42:08,367 [WARN] MainUpdater:1193 - Updater busy. Cannot search thirdparties
2025-09-19 17:42:08,368 [INFO] ThirdPartyUpdaterWithRetryManager:96 - Updater plugin is busy. [1/15]
2025-09-19 17:42:09,068 [INFO] WebApp:168 - Instantiating new browser for Auth
2025-09-19 17:42:10,338 [INFO] WebApp:449 - Apply proxy settings
2025-09-19 17:42:10,339 [INFO] WebApp:534 - Chromium requires no authentication
2025-09-19 17:42:10,360 [INFO] WebApp:477 - Direct internet connection detected
2025-09-19 17:42:10,406 [INFO] WebApp:880 - Register for checkConnection events
2025-09-19 17:42:10,407 [INFO] WebApp:449 - Apply proxy settings
2025-09-19 17:42:10,407 [INFO] WebApp:534 - Chromium requires no authentication
2025-09-19 17:42:10,409 [INFO] WebApp:477 - Direct internet connection detected
2025-09-19 17:42:10,575 [INFO] WebApp:187 - Connection restablished
2025-09-19 17:42:10,758 [INFO] WebApp:221 - Starting web application
2025-09-19 17:42:10,758 [INFO] WebApp:579 - Web application path used C:\ST\STM32CubeIDE_1.17.0\STM32CubeIDE\plugins\com.st.stm32cube.common.mx_6.13.0.202411220809\db\plugins\mcufinder\reactClient1\index.html
2025-09-19 17:42:11,027 [INFO] UserAuth:486 - Internet connection configuration mode: 1
2025-09-19 17:42:11,095 [INFO] LoadServerUpdatesThread:375 - End of LoadServerUpdate Thread
2025-09-19 17:42:11,324 [INFO] CheckServerUpdateThread:120 - End of CheckServer Thread
2025-09-19 17:42:11,741 [WARN] PackLoader:240 - Cannot read IP mode file for STMicroelectronics.FP-SNS-MOTENVWB1.1.4.0
2025-09-19 17:42:11,752 [WARN] PackLoader:240 - Cannot read IP mode file for STMicroelectronics.FP-ATR-ASTRA1.2.0.2
2025-09-19 17:42:11,770 [WARN] PackLoader:240 - Cannot read IP mode file for STMicroelectronics.FP-ATR-ASTRA1.2.0.1
2025-09-19 17:42:11,792 [WARN] PackLoader:240 - Cannot read IP mode file for STMicroelectronics.X-CUBE-SMBUS.2.1.0
2025-09-19 17:42:11,811 [WARN] PackLoader:240 - Cannot read IP mode file for STMicroelectronics.X-CUBE-WB05N.1.1.0
2025-09-19 17:42:11,827 [WARN] PackLoader:240 - Cannot read IP mode file for STMicroelectronics.X-CUBE-ST60.1.0.0
2025-09-19 17:42:11,871 [WARN] PackLoader:240 - Cannot read IP mode file for STMicroelectronics.X-CUBE-AZRTOS-F7.1.1.0
2025-09-19 17:42:11,899 [WARN] PackLoader:240 - Cannot read IP mode file for STMicroelectronics.FP-SNS-FLIGHT1.5.0.2
2025-09-19 17:42:11,937 [WARN] PackLoader:240 - Cannot read IP mode file for Infineon.AIROC-Wi-Fi-Bluetooth-STM32.1.7.0
2025-09-19 17:42:11,979 [WARN] PackLoader:240 - Cannot read IP mode file for STMicroelectronics.X-CUBE-AZRTOS-H7.3.4.0
2025-09-19 17:42:12,002 [WARN] PackLoader:240 - Cannot read IP mode file for STMicroelectronics.X-CUBE-DISPLAY.3.0.0
2025-09-19 17:42:12,023 [WARN] PackLoader:240 - Cannot read IP mode file for STMicroelectronics.X-CUBE-BLE1.7.0.0
2025-09-19 17:42:12,040 [WARN] PackLoader:240 - Cannot read IP mode file for STMicroelectronics.X-CUBE-NFC10.1.0.0
2025-09-19 17:42:12,067 [WARN] PackLoader:240 - Cannot read IP mode file for STMicroelectronics.X-CUBE-BLEMGR.4.0.0
2025-09-19 17:42:12,093 [WARN] PackLoader:240 - Cannot read IP mode file for emotas.I-CUBE-CANOPEN.1.3.0
2025-09-19 17:42:12,110 [WARN] PackLoader:240 - Cannot read IP mode file for STMicroelectronics.X-CUBE-AI.10.0.0
2025-09-19 17:42:12,126 [ERROR] Engine:466 - C:\Users\thepd\.stm32cubemx\thirdparties\pdsc\STMicroelectronics.FP-SNS-STBOX1.2.1.0.pdsc: PDSC version is not supported
2025-09-19 17:42:12,142 [WARN] PackLoader:240 - Cannot read IP mode file for STMicroelectronics.FP-SNS-SMARTAG2.1.2.0
2025-09-19 17:42:12,147 [WARN] PackLoader:240 - Cannot read IP mode file for STMicroelectronics.FP-SNS-FLIGHT1.5.1.0
2025-09-19 17:42:12,215 [WARN] PackLoader:240 - Cannot read IP mode file for STMicroelectronics.X-CUBE-MEMS1.11.1.0
2025-09-19 17:42:12,571 [INFO] LogOutputStream:77 - [STDOUT_REDIRECT] 1 : Invalid condition id : UX_CORESTACK_Condition cause : null
2025-09-19 17:42:12,571 [INFO] LogOutputStream:77 - [STDOUT_REDIRECT] 1 : Invalid condition id : UX_CORESTACK_Condition cause : null
2025-09-19 17:42:12,573 [INFO] LogOutputStream:77 - [STDOUT_REDIRECT] 1 : Invalid condition id : UX_CORESTACK_Condition cause : null
2025-09-19 17:42:12,574 [INFO] LogOutputStream:77 - [STDOUT_REDIRECT] 1 : Invalid condition id : UX_CORESTACK_Condition cause : null
2025-09-19 17:42:12,575 [INFO] LogOutputStream:77 - [STDOUT_REDIRECT] 1 : Invalid condition id : UX_CORESTACK_Condition cause : null
2025-09-19 17:42:12,578 [WARN] PackLoader:240 - Cannot read IP mode file for STMicroelectronics.X-CUBE-AZRTOS-WL.2.0.0
2025-09-19 17:42:12,598 [WARN] PackLoader:240 - Cannot read IP mode file for STMicroelectronics.FP-SNS-MOTENV1.5.0.0
2025-09-19 17:42:12,604 [WARN] PackLoader:240 - Cannot read IP mode file for wolfSSL.I-CUBE-wolfMQTT.1.19.0
2025-09-19 17:42:12,627 [WARN] PackLoader:240 - Cannot read IP mode file for WES.I-CUBE-Cesium.1.3.0
2025-09-19 17:42:12,646 [WARN] PackLoader:240 - Cannot read IP mode file for STMicroelectronics.X-CUBE-BLE2.3.3.0
2025-09-19 17:42:12,664 [WARN] PackLoader:240 - Cannot read IP mode file for STMicroelectronics.X-CUBE-NFC9.1.0.0
2025-09-19 17:42:12,681 [WARN] PackLoader:240 - Cannot read IP mode file for STMicroelectronics.X-CUBE-BLE1.7.1.0
2025-09-19 17:42:12,697 [WARN] PackLoader:240 - Cannot read IP mode file for STMicroelectronics.X-CUBE-EEPRMA1.5.2.0
2025-09-19 17:42:12,712 [WARN] PackLoader:240 - Cannot read IP mode file for STMicroelectronics.X-CUBE-AI.10.1.0
2025-09-19 17:42:12,755 [WARN] PackLoader:240 - Cannot read IP mode file for STMicroelectronics.X-CUBE-MEMS1.11.2.0
2025-09-19 17:42:12,860 [WARN] PackLoader:240 - Cannot read IP mode file for STMicroelectronics.X-CUBE-AZRTOS-G0.1.1.0
2025-09-19 17:42:12,879 [WARN] PackLoader:240 - Cannot read IP mode file for STMicroelectronics.X-CUBE-SAFEA1.1.2.2
2025-09-19 17:42:12,899 [WARN] PackLoader:240 - Cannot read IP mode file for STMicroelectronics.X-CUBE-NFC4.3.0.0
2025-09-19 17:42:12,928 [WARN] PackLoader:240 - Cannot read IP mode file for EmbeddedOffice.I-CUBE-FS-RTOS.1.0.1
2025-09-19 17:42:12,952 [WARN] PackLoader:240 - Cannot read IP mode file for STMicroelectronics.X-CUBE-WB05N.2.0.0
2025-09-19 17:42:12,979 [WARN] PackLoader:240 - Cannot read IP mode file for STMicroelectronics.X-CUBE-TCPP.4.2.0
2025-09-19 17:42:13,003 [WARN] PackLoader:240 - Cannot read IP mode file for RealThread.X-CUBE-RT-Thread_Nano.4.1.1
2025-09-19 17:42:13,010 [WARN] PackLoader:240 - Cannot read IP mode file for STMicroelectronics.FP-ATR-SIGFOX1.3.2.0
2025-09-19 17:42:13,018 [WARN] ConditionMgr:438 - getConditionDescription Invalid condition id : Cortex-A Device cause : null
2025-09-19 17:42:13,047 [WARN] ConditionMgr:1044 - genDependencies : Invalid condition id : Cortex-A Device cause : null
2025-09-19 17:42:13,047 [WARN] ConditionMgr:1044 - genDependencies : Invalid condition id : Cortex-A Device cause : null
2025-09-19 17:42:13,047 [WARN] ConditionMgr:1044 - genDependencies : Invalid condition id : Cortex-A Device cause : null
2025-09-19 17:42:13,070 [WARN] PackLoader:240 - Cannot read IP mode file for STMicroelectronics.X-CUBE-EEPRMA1.5.1.0
2025-09-19 17:42:13,092 [WARN] PackLoader:240 - Cannot read IP mode file for wolfSSL.I-CUBE-wolfSSL.5.7.6
2025-09-19 17:42:13,118 [WARN] PackLoader:240 - Cannot read IP mode file for ITTIA_DB.I-CUBE-ITTIADB.8.9.0
2025-09-19 17:42:13,142 [WARN] PackLoader:240 - Cannot read IP mode file for STMicroelectronics.X-CUBE-ST67W61.1.0.0
2025-09-19 17:42:13,164 [WARN] PackLoader:240 - Cannot read IP mode file for STMicroelectronics.X-CUBE-AI.10.2.0
2025-09-19 17:42:13,208 [WARN] PackLoader:240 - Cannot read IP mode file for SEGGER.I-CUBE-embOS.1.3.1
2025-09-19 17:42:13,253 [WARN] PackLoader:240 - Cannot read IP mode file for STMicroelectronics.X-CUBE-ALGOBUILD.1.4.0
2025-09-19 17:42:13,298 [WARN] PackLoader:240 - Cannot read IP mode file for STMicroelectronics.X-CUBE-MEMS1.11.3.0
2025-09-19 17:42:13,414 [WARN] PackLoader:240 - Cannot read IP mode file for STMicroelectronics.X-CUBE-PM33A1.1.0.0
2025-09-19 17:42:13,444 [WARN] PackLoader:240 - Cannot read IP mode file for STMicroelectronics.X-CUBE-AZRTOS-F4.1.1.0
2025-09-19 17:42:13,451 [WARN] PackLoader:240 - Cannot read IP mode file for Avnet-IotConnect.X-CUBE-IoTC-DA16k-PMOD.1.0.0
2025-09-19 17:42:13,468 [WARN] PackLoader:240 - Cannot read IP mode file for STMicroelectronics.X-CUBE-ISPU.2.1.0
2025-09-19 17:42:13,488 [WARN] PackLoader:240 - Cannot read IP mode file for STMicroelectronics.X-CUBE-NFC12.1.0.0
2025-09-19 17:42:13,524 [WARN] PackLoader:240 - Cannot read IP mode file for STMicroelectronics.X-CUBE-AZRTOS-L5.2.0.0
2025-09-19 17:42:13,546 [WARN] PackLoader:240 - Cannot read IP mode file for STMicroelectronics.X-CUBE-NFC6.3.1.0
2025-09-19 17:42:13,568 [WARN] PackLoader:240 - Cannot read IP mode file for STMicroelectronics.X-CUBE-DPower.1.2.0
2025-09-19 17:42:13,584 [WARN] PackLoader:240 - Cannot read IP mode file for STMicroelectronics.X-CUBE-FREERTOS.1.3.1
2025-09-19 17:42:13,598 [WARN] PackLoader:240 - Cannot read IP mode file for STMicroelectronics.X-CUBE-FREERTOS.1.3.0
2025-09-19 17:42:13,612 [WARN] PackLoader:240 - Cannot read IP mode file for STMicroelectronics.X-CUBE-NFC7.1.0.1
2025-09-19 17:42:13,629 [WARN] PackLoader:240 - Cannot read IP mode file for STMicroelectronics.FP-SNS-STAIOTCFT.1.0.0
2025-09-19 17:42:13,644 [WARN] PackLoader:240 - Cannot read IP mode file for STMicroelectronics.X-CUBE-DPower.1.3.0
2025-09-19 17:42:13,679 [WARN] ConditionMgr:438 - getConditionDescription Invalid condition id : LAN8742 Phy interface Condition cause : null
2025-09-19 17:42:13,680 [WARN] PackLoader:240 - Cannot read IP mode file for STMicroelectronics.X-CUBE-AZRTOS-L4.2.0.0
2025-09-19 17:42:13,681 [WARN] ConditionMgr:1044 - genDependencies : Invalid condition id : LAN8742 Phy interface Condition cause : null
2025-09-19 17:42:13,681 [WARN] ConditionMgr:1044 - genDependencies : Invalid condition id : LAN8742 Phy interface Condition cause : null
2025-09-19 17:42:13,682 [WARN] ConditionMgr:1044 - genDependencies : Invalid condition id : LAN8742 Phy interface Condition cause : null
2025-09-19 17:42:13,703 [WARN] PackLoader:240 - Cannot read IP mode file for STMicroelectronics.X-CUBE-SFXS2LP1.4.0.0
2025-09-19 17:42:13,740 [WARN] PackLoader:240 - Cannot read IP mode file for STMicroelectronics.X-CUBE-AZRTOS-H7.3.3.0
2025-09-19 17:42:13,766 [WARN] PackLoader:240 - Cannot read IP mode file for STMicroelectronics.X-CUBE-BLEMGR.4.1.0
2025-09-19 17:42:13,797 [WARN] ConditionMgr:438 - getConditionDescription Invalid condition id : UX DEVICE CLASS RTOS Condition cause : null
2025-09-19 17:42:13,797 [WARN] ConditionMgr:438 - getConditionDescription Invalid condition id : UX DEVICE CLASS RTOS Condition cause : null
2025-09-19 17:42:13,799 [WARN] PackLoader:240 - Cannot read IP mode file for STMicroelectronics.X-CUBE-AZRTOS-WB.2.0.0
2025-09-19 17:42:13,799 [WARN] ConditionMgr:1044 - genDependencies : Invalid condition id : UX DEVICE CLASS RTOS Condition cause : null
2025-09-19 17:42:13,799 [WARN] ConditionMgr:1044 - genDependencies : Invalid condition id : UX DEVICE CLASS RTOS Condition cause : null
2025-09-19 17:42:13,799 [WARN] ConditionMgr:1044 - genDependencies : Invalid condition id : UX DEVICE CLASS RTOS Condition cause : null
2025-09-19 17:42:13,800 [WARN] ConditionMgr:1044 - genDependencies : Invalid condition id : UX DEVICE CLASS RTOS Condition cause : null
2025-09-19 17:42:13,800 [WARN] ConditionMgr:1044 - genDependencies : Invalid condition id : UX DEVICE CLASS RTOS Condition cause : null
2025-09-19 17:42:13,818 [WARN] PackLoader:240 - Cannot read IP mode file for STMicroelectronics.X-CUBE-GNSS1.7.0.1
2025-09-19 17:42:13,839 [WARN] PackLoader:240 - Cannot read IP mode file for STMicroelectronics.X-CUBE-TOUCHGFX.4.25.0
2025-09-19 17:42:13,865 [WARN] PackLoader:240 - Cannot read IP mode file for STMicroelectronics.FP-SNS-STBOX1.2.0.0
2025-09-19 17:42:13,892 [WARN] PackLoader:240 - Cannot read IP mode file for STMicroelectronics.X-CUBE-SUBG2.5.0.0
2025-09-19 17:42:13,937 [WARN] PackLoader:240 - Cannot read IP mode file for STMicroelectronics.X-CUBE-AZRTOS-H7RS.1.1.0
2025-09-19 17:42:13,946 [WARN] PackLoader:240 - Cannot read IP mode file for Cesanta.I-CUBE-Mongoose.7.13.0
2025-09-19 17:42:13,984 [WARN] PackLoader:240 - Cannot read IP mode file for STMicroelectronics.X-CUBE-AZRTOS-G4.2.0.0
2025-09-19 17:42:14,011 [WARN] PackLoader:240 - Cannot read IP mode file for STMicroelectronics.X-CUBE-NFC7.2.0.0
2025-09-19 17:42:14,042 [WARN] PackLoader:240 - Cannot read IP mode file for STMicroelectronics.X-CUBE-IPS.3.1.0
2025-09-19 17:42:14,067 [WARN] PackLoader:240 - Cannot read IP mode file for STMicroelectronics.X-CUBE-ALS.1.0.2
2025-09-19 17:42:14,112 [WARN] PackLoader:240 - Cannot read IP mode file for STMicroelectronics.X-CUBE-TOUCHGFX.4.24.2
2025-09-19 17:42:14,135 [WARN] PackLoader:240 - Cannot read IP mode file for STMicroelectronics.X-CUBE-STSE01.1.0.0
2025-09-19 17:42:14,144 [WARN] PackLoader:240 - Cannot read IP mode file for wolfSSL.I-CUBE-wolfTPM.3.4.0
2025-09-19 17:42:14,168 [WARN] PackLoader:240 - Cannot read IP mode file for portGmbH.I-Cube-SoM-uGOAL.1.1.0
2025-09-19 17:42:14,201 [WARN] PackLoader:240 - Cannot read IP mode file for STMicroelectronics.X-CUBE-AZRTOS-H7RS.1.0.0
2025-09-19 17:42:14,224 [WARN] PackLoader:240 - Cannot read IP mode file for STMicroelectronics.X-CUBE-TOF1.3.4.2
2025-09-19 17:42:14,254 [WARN] PackLoader:240 - Cannot read IP mode file for STMicroelectronics.X-CUBE-TOF1.3.4.3
2025-09-19 17:42:14,266 [WARN] PackLoader:240 - Cannot read IP mode file for wolfSSL.I-CUBE-wolfSSH.1.4.17
2025-09-19 17:42:14,267 [INFO] ThirdParty:978 - Integrity check success = true
2025-09-19 17:42:14,267 [INFO] IntegrityCheckThread:100 - exiting critical section [integrity check]
2025-09-19 17:42:14,267 [INFO] IntegrityCheckThread:103 - End integrity checks thread
2025-09-19 20:02:56,195 [ERROR] LogOutputStream:75 - [STDERR_REDIRECT] 
