../Core/Src/main.c:124:6:imu_write_register	1
../Core/Src/main.c:129:6:imu_read_registers	1
../Core/Src/main.c:134:6:imu_init	2
../Core/Src/main.c:147:6:imu_read_accel	1
../Core/Src/main.c:156:6:imu_read_gyro	1
../Core/Src/main.c:169:6:parseMessage	16
../Core/Src/main.c:258:16:calculateCurrentVelocity	3
../Core/Src/main.c:288:6:PIcontroller	5
../Core/Src/main.c:317:6:runMotor	3
../Core/Src/main.c:338:6:Steer	3
../Core/Src/main.c:381:5:main	5
../Core/Src/main.c:510:6:SystemClock_Config	3
../Core/Src/main.c:553:6:HAL_UART_RxCpltCallback	6
../Core/Src/main.c:576:6:HAL_GPIO_EXTI_Callback	2
../Core/Src/main.c:590:6:BSP_PB_Callback	2
../Core/Src/main.c:602:6:Error_Handler	1
