../Core/Src/main.c:118:6:imu_write_register	1
../Core/Src/main.c:123:6:imu_read_registers	1
../Core/Src/main.c:128:6:imu_init	2
../Core/Src/main.c:141:6:imu_read_accel	1
../Core/Src/main.c:150:6:imu_read_gyro	1
../Core/Src/main.c:163:6:parseMessage	16
../Core/Src/main.c:252:6:runMotor	3
../Core/Src/main.c:278:6:Steer	3
../Core/Src/main.c:311:6:regulator	1
../Core/Src/main.c:329:5:main	4
../Core/Src/main.c:489:6:SystemClock_Config	3
../Core/Src/main.c:532:6:HAL_UART_RxCpltCallback	6
../Core/Src/main.c:555:6:HAL_GPIO_EXTI_Callback	2
../Core/Src/main.c:567:6:BSP_PB_Callback	2
../Core/Src/main.c:579:6:Error_Handler	1
