../Core/Src/main.c:145:6:imu_write_register	32	static
../Core/Src/main.c:150:6:imu_read_registers	32	static
../Core/Src/main.c:155:6:imu_init	16	static
../Core/Src/main.c:168:6:imu_read_accel	24	static
../Core/Src/main.c:177:6:imu_read_gyro	24	static
../Core/Src/main.c:185:9:readGyroZ	24	static
../Core/Src/main.c:214:6:parseMessage	48	static
../Core/Src/main.c:335:6:sendDataToPlot	168	static
../Core/Src/main.c:374:6:PIcontroller	40	static
../Core/Src/main.c:405:6:runMotor	8	static
../Core/Src/main.c:450:6:Steer	16	static
../Core/Src/main.c:483:6:Lift	8	static
../Core/Src/main.c:542:5:main	72	static
../Core/Src/main.c:729:6:SystemClock_Config	88	static
../Core/Src/main.c:772:6:HAL_UART_RxCpltCallback	16	static
../Core/Src/main.c:795:6:HAL_GPIO_EXTI_Callback	16	static
../Core/Src/main.c:809:6:BSP_PB_Callback	16	static
../Core/Src/main.c:821:6:Error_Handler	4	static,ignoring_inline_asm
