17:24:37 **** Incremental Build of configuration Debug for project test ****
make -j8 all 
arm-none-eabi-size  test.elf 
   text	   data	    bss	    dec	    hex	filename
  38244	    148	   2836	  41228	   a10c	test.elf
Finished building: default.size.stdout
 
17:25:00 **** Incremental Build of configuration Debug for project test ****
make -j8 all 
arm-none-eabi-size  test.elf 
   text	   data	    bss	    dec	    hex	filename
  38244	    148	   2836	  41228	   a10c	test.elf
Finished building: default.size.stdout
 
17:25:36 **** Incremental Build of configuration Debug for project test ****
make -j8 all 
arm-none-eabi-size  test.elf 
   text	   data	    bss	    dec	    hex	filename
  38244	    148	   2836	  41228	   a10c	test.elf
Finished building: default.size.stdout
 
17:31:10 **** Incremental Build of configuration Debug for project test ****
make -j8 all 
arm-none-eabi-size  test.elf 
   text	   data	    bss	    dec	    hex	filename
  38244	    148	   2836	  41228	   a10c	test.elf
Finished building: default.size.stdout
 
